Archive member included because of file (symbol)

/cygdrive/d/work/projects/ST863EEASE/soft/build/sl_app/app/lib/libapp_release.a(sl_app_init.o)
                              (SL_Entry)
/cygdrive/d/work/projects/ST863EEASE/soft/build/sl_app/app/lib/libapp_release.a(FiFoData.o)
                              /cygdrive/d/work/projects/ST863EEASE/soft/build/sl_app/app/lib/libapp_release.a(sl_app_init.o) (LoadSendQueue)
/cygdrive/d/work/projects/ST863EEASE/soft/build/sl_app/app/lib/libapp_release.a(Gprs.o)
                              /cygdrive/d/work/projects/ST863EEASE/soft/build/sl_app/app/lib/libapp_release.a(sl_app_init.o) (InitTcpIp)
/cygdrive/d/work/projects/ST863EEASE/soft/build/sl_app/app/lib/libapp_release.a(Led.o)
                              /cygdrive/d/work/projects/ST863EEASE/soft/build/sl_app/app/lib/libapp_release.a(sl_app_init.o) (Init_Led)
/cygdrive/d/work/projects/ST863EEASE/soft/build/sl_app/app/lib/libapp_release.a(ProData.o)
                              /cygdrive/d/work/projects/ST863EEASE/soft/build/sl_app/app/lib/libapp_release.a(FiFoData.o) (CalcCrc8)
/cygdrive/d/work/projects/ST863EEASE/soft/build/sl_app/app/lib/libapp_release.a(Rtc.o)
                              /cygdrive/d/work/projects/ST863EEASE/soft/build/sl_app/app/lib/libapp_release.a(Gprs.o) (CalendarToUnix)
/cygdrive/d/work/projects/ST863EEASE/soft/build/sl_app/app/lib/libapp_release.a(SysFile.o)
                              /cygdrive/d/work/projects/ST863EEASE/soft/build/sl_app/app/lib/libapp_release.a(Gprs.o) (GetSysCfgSpace)
/cygdrive/d/work/projects/ST863EEASE/soft/build/sl_app/app/lib/libapp_release.a(SysProcess.o)
                              /cygdrive/d/work/projects/ST863EEASE/soft/build/sl_app/app/lib/libapp_release.a(Rtc.o) (GetSysRunDataSpace)
/cygdrive/d/work/projects/ST863EEASE/soft/build/sl_app/app/lib/libapp_release.a(SysTickTime.o)
                              /cygdrive/d/work/projects/ST863EEASE/soft/build/sl_app/app/lib/libapp_release.a(Led.o) (init_stopwatch16)
/cygdrive/d/work/projects/ST863EEASE/soft/build/sl_app/app/lib/libapp_release.a(Terminal.o)
                              /cygdrive/d/work/projects/ST863EEASE/soft/build/sl_app/app/lib/libapp_release.a(SysProcess.o) (ReadAccState)
/cygdrive/d/work/projects/ST863EEASE/soft/build/sl_app/app/lib/libapp_release.a(UART.o)
                              /cygdrive/d/work/projects/ST863EEASE/soft/build/sl_app/app/lib/libapp_release.a(sl_app_init.o) (UART1_Init)
/cygdrive/d/work/projects/ST863EEASE/soft/build/sl_app/app/lib/libapp_release.a(VersionNum.o)
                              /cygdrive/d/work/projects/ST863EEASE/soft/build/sl_app/app/lib/libapp_release.a(Terminal.o) (GetVerNum)
/cygdrive/d/work/projects/ST863EEASE/soft/build/sl_app/app/lib/libapp_release.a(sl_app.o)
                              /cygdrive/d/work/projects/ST863EEASE/soft/build/sl_app/app/lib/libapp_release.a(sl_app_init.o) (AA)
/cygdrive/d/work/projects/ST863EEASE/soft/build/sl_app/app/lib/libapp_release.a(BuildDataPacket.o)
                              /cygdrive/d/work/projects/ST863EEASE/soft/build/sl_app/app/lib/libapp_release.a(Gprs.o) (BuildCompletePacket)
/cygdrive/d/work/projects/ST863EEASE/soft/build/sl_app/app/lib/libapp_release.a(GNSS.o)
                              /cygdrive/d/work/projects/ST863EEASE/soft/build/sl_app/app/lib/libapp_release.a(Gprs.o) (GetComma)
/crosscompiler/bin/../lib/gcc/mips-elf/4.4.2/libgcc.a(_fixunssfsi.o)
                              /cygdrive/d/work/projects/ST863EEASE/soft/build/sl_app/app/lib/libapp_release.a(Terminal.o) (__fixunssfsi)
/crosscompiler/bin/../lib/gcc/mips-elf/4.4.2/libgcc.a(_fixunsdfsi.o)
                              /cygdrive/d/work/projects/ST863EEASE/soft/build/sl_app/app/lib/libapp_release.a(Gprs.o) (__fixunsdfsi)
/crosscompiler/bin/../lib/gcc/mips-elf/4.4.2/libgcc.a(_addsub_sf.o)
                              /crosscompiler/bin/../lib/gcc/mips-elf/4.4.2/libgcc.a(_fixunssfsi.o) (__subsf3)
/crosscompiler/bin/../lib/gcc/mips-elf/4.4.2/libgcc.a(_mul_sf.o)
                              /cygdrive/d/work/projects/ST863EEASE/soft/build/sl_app/app/lib/libapp_release.a(Terminal.o) (__mulsf3)
/crosscompiler/bin/../lib/gcc/mips-elf/4.4.2/libgcc.a(_ge_sf.o)
                              /crosscompiler/bin/../lib/gcc/mips-elf/4.4.2/libgcc.a(_fixunssfsi.o) (__gesf2)
/crosscompiler/bin/../lib/gcc/mips-elf/4.4.2/libgcc.a(_lt_sf.o)
                              /cygdrive/d/work/projects/ST863EEASE/soft/build/sl_app/app/lib/libapp_release.a(SysProcess.o) (__ltsf2)
/crosscompiler/bin/../lib/gcc/mips-elf/4.4.2/libgcc.a(_sf_to_si.o)
                              /crosscompiler/bin/../lib/gcc/mips-elf/4.4.2/libgcc.a(_fixunssfsi.o) (__fixsfsi)
/crosscompiler/bin/../lib/gcc/mips-elf/4.4.2/libgcc.a(_sf_to_df.o)
                              /cygdrive/d/work/projects/ST863EEASE/soft/build/sl_app/app/lib/libapp_release.a(GNSS.o) (__extendsfdf2)
/crosscompiler/bin/../lib/gcc/mips-elf/4.4.2/libgcc.a(_thenan_sf.o)
[...]
Memory Configuration

Name             Origin             Length             Attributes
*default*        0x0000000000000000 0xffffffffffffffff

Linker script and memory map

LOAD /cygdrive/d/work/projects/ST863EEASE/soft/lib/mem_bridge_rom_CHIP.elf
                0xffffffff82500000                . = 0xffffffff82500000
                0xffffffff82500000                _ram_start = .
                0xffffffff82500000                _ram_functab_start = 0xffffffff82500000

.functab        0xffffffff82500000      0x520
 *(.functab)
 .functab       0xffffffff82500000      0x518 /cygdrive/d/work/projects/ST863EEASE/soft/build/sl_app/app/lib/libapp_release.a(sl_app.o)
                0xffffffff82500000                AA
                0xffffffff82500520                . = ALIGN (0x10)
 *fill*         0xffffffff82500518        0x8 00
                0xffffffff82500520                _ram_functab_end = .
                0x0000000000000520                _ram_functab_size = (_ram_functab_end - _ram_functab_start)
                0x0000000000000001                ASSERT ((0xffffffff82500800 > ABSOLUTE (_ram_functab_end)), Functab on External RAM overflow !)
                0xffffffff82500800                . = 0xffffffff82500800

.rotext         0xffffffff82500800      0x260
 *(.app_entry)
 .app_entry     0xffffffff82500800      0x260 /cygdrive/d/work/projects/ST863EEASE/soft/build/sl_app/app/lib/libapp_release.a(sl_app_init.o)
                0xffffffff82500801                SL_Entry
 *(.rotext)
                0xffffffff82500a60                . = ALIGN (0x10)
                0xffffffff82500a60                . = ALIGN (0x20)

.rodata         0xffffffff82500a60        0x0
 *(.rodata)
                0xffffffff82500a60                . = ALIGN (0x20)

.ram            0xffffffff82500a60        0x0
                0xffffffff82500a60                _ram_special_cached_start = .
                0xffffffff82500a60                _ram_txt_start = .
 *(.ram)
                0xffffffff82500a60                . = ALIGN (0x10)
                0xffffffff82500a60                _ram_special_cached_end = .
                0x0000000000000000                _ram_special_cached_size = (_ram_special_cached_end - _ram_special_cached_start)

.ramtext        0xffffffff82500a60      0xa60
                0xffffffff82500a60                _ram_cached_txt_start = .
 *(.text .text.* .stub .gnu.linkonce.t.*)
 .text.ProcessTest
                0xffffffff82500a60       0x70 /cygdrive/d/work/projects/ST863EEASE/soft/build/sl_app/app/lib/libapp_release.a(sl_app_init.o)
                0xffffffff82500a61                ProcessTest
 .text.SL_AppSendMsg
                0xffffffff82500ad0       0x40 /cygdrive/d/work/projects/ST863EEASE/soft/build/sl_app/app/lib/libapp_release.a(sl_app_init.o)
                0xffffffff82500ad1                SL_AppSendMsg
 .text.LoadSendQueue
                0xffffffff82500b10       0xa0 /cygdrive/d/work/projects/ST863EEASE/soft/build/sl_app/app/lib/libapp_release.a(FiFoData.o)
                0xffffffff82500b11                LoadSendQueue
 .text.SaveSendQueue
                0xffffffff82500bb0       0xb4 /cygdrive/d/work/projects/ST863EEASE/soft/build/sl_app/app/lib/libapp_release.a(FiFoData.o)
                0xffffffff82500bb1                SaveSendQueue
 .text.AppGprsNetActRsp
                0xffffffff82500c64       0x54 /cygdrive/d/work/projects/ST863EEASE/soft/build/sl_app/app/lib/libapp_release.a(Gprs.o)
                0xffffffff82500c65                AppGprsNetActRsp
 .text.AppGprsNetDeactRsp
                0xffffffff82500cb8       0x3c /cygdrive/d/work/projects/ST863EEASE/soft/build/sl_app/app/lib/libapp_release.a(Gprs.o)
                0xffffffff82500cb9                AppGprsNetDeactRsp
 .text.AppTcpipConnRsp
                0xffffffff82500cf4       0x1c /cygdrive/d/work/projects/ST863EEASE/soft/build/sl_app/app/lib/libapp_release.a(Gprs.o)
                0xffffffff82500cf5                AppTcpipConnRsp
 .text.AppTcpipSendRsp
                0xffffffff82500d10       0x4c /cygdrive/d/work/projects/ST863EEASE/soft/build/sl_app/app/lib/libapp_release.a(Gprs.o)
                0xffffffff82500d11                AppTcpipSendRsp
 .text.AppTcpipCloseRsp
                0xffffffff82500d5c       0x48 /cygdrive/d/work/projects/ST863EEASE/soft/build/sl_app/app/lib/libapp_release.a(Gprs.o)
                0xffffffff82500d5d                AppTcpipCloseRsp
 .text.InitTcpIp
                0xffffffff82500da4       0x60 /cygdrive/d/work/projects/ST863EEASE/soft/build/sl_app/app/lib/libapp_release.a(Gprs.o)
                0xffffffff82500da5                InitTcpIp
 .text.ReadIpAddrBack
                0xffffffff82500e04       0x38 /cygdrive/d/work/projects/ST863EEASE/soft/build/sl_app/app/lib/libapp_release.a(Gprs.o)
                0xffffffff82500e05                ReadIpAddrBack
 .text.AppTcpipRcvRsp
                0xffffffff82500e3c       0x6c /cygdrive/d/work/projects/ST863EEASE/soft/build/sl_app/app/lib/libapp_release.a(Gprs.o)
                0xffffffff82500e3d                AppTcpipRcvRsp
 .text.Init_Led
                0xffffffff82500ea8       0x48 /cygdrive/d/work/projects/ST863EEASE/soft/build/sl_app/app/lib/libapp_release.a(Led.o)
                0xffffffff82500ea9                Init_Led
 .text.ProcessGsmLed
                0xffffffff82500ef0       0x88 /cygdrive/d/work/projects/ST863EEASE/soft/build/sl_app/app/lib/libapp_release.a(Led.o)
                0xffffffff82500ef1                ProcessGsmLed
 .text.CalcCrc8
                0xffffffff82500f78       0x54 /cygdrive/d/work/projects/ST863EEASE/soft/build/sl_app/app/lib/libapp_release.a(ProData.o)
                0xffffffff82500f79                CalcCrc8
 .text.BccVerify
                0xffffffff82500fcc       0x1c /cygdrive/d/work/projects/ST863EEASE/soft/build/sl_app/app/lib/libapp_release.a(ProData.o)
                0xffffffff82500fcd                BccVerify
 .text.FileCheckOrGreate
                0xffffffff82500fe8       0xc4 /cygdrive/d/work/projects/ST863EEASE/soft/build/sl_app/app/lib/libapp_release.a(SysFile.o)
                0xffffffff82500fe9                FileCheckOrGreate
 .text.ReadSysCfg
                0xffffffff825010ac       0x38 /cygdrive/d/work/projects/ST863EEASE/soft/build/sl_app/app/lib/libapp_release.a(SysFile.o)
                0xffffffff825010ad                ReadSysCfg
 .text.InitSysTimer
                0xffffffff825010e4       0x58 /cygdrive/d/work/projects/ST863EEASE/soft/build/sl_app/app/lib/libapp_release.a(SysFile.o)
                0xffffffff825010e5                InitSysTimer
 .text.InitSysConfig
                0xffffffff8250113c       0xc4 /cygdrive/d/work/projects/ST863EEASE/soft/build/sl_app/app/lib/libapp_release.a(SysFile.o)
                0xffffffff8250113d                InitSysConfig
 .text.ReadSysRunData
                0xffffffff82501200       0xdc /cygdrive/d/work/projects/ST863EEASE/soft/build/sl_app/app/lib/libapp_release.a(SysProcess.o)
                0xffffffff82501201                ReadSysRunData
 .text.init_stopwatch16
                0xffffffff825012dc        0xc /cygdrive/d/work/projects/ST863EEASE/soft/build/sl_app/app/lib/libapp_release.a(SysTickTime.o)
                0xffffffff825012dd                init_stopwatch16
 .text.read_stopwatch16_value
                0xffffffff825012e8       0x14 /cygdrive/d/work/projects/ST863EEASE/soft/build/sl_app/app/lib/libapp_release.a(SysTickTime.o)
                0xffffffff825012e9                read_stopwatch16_value
 .text.TickAdd  0xffffffff825012fc       0x10 /cygdrive/d/work/projects/ST863EEASE/soft/build/sl_app/app/lib/libapp_release.a(SysTickTime.o)
                0xffffffff825012fd                TickAdd
 .text.UART1_Init
                0xffffffff8250130c       0x40 /cygdrive/d/work/projects/ST863EEASE/soft/build/sl_app/app/lib/libapp_release.a(UART.o)
                0xffffffff8250130d                UART1_Init
 .text.UART2_Init
                0xffffffff8250134c       0x44 /cygdrive/d/work/projects/ST863EEASE/soft/build/sl_app/app/lib/libapp_release.a(UART.o)
                0xffffffff8250134d                UART2_Init
 .text.UART1_Recv_Data
                0xffffffff82501390       0x8c /cygdrive/d/work/projects/ST863EEASE/soft/build/sl_app/app/lib/libapp_release.a(UART.o)
                0xffffffff82501391                UART1_Recv_Data
 .text.UART2_Recv_Data
                0xffffffff8250141c       0x8c /cygdrive/d/work/projects/ST863EEASE/soft/build/sl_app/app/lib/libapp_release.a(UART.o)
                0xffffffff8250141d                UART2_Recv_Data
 .text.GetGnssDataSpace
                0xffffffff825014a8        0xc /cygdrive/d/work/projects/ST863EEASE/soft/build/sl_app/app/lib/libapp_release.a(GNSS.o)
                0xffffffff825014a9                GetGnssDataSpace
                0xffffffff825014c0                . = ALIGN (0x10)
 *fill*         0xffffffff825014b4        0xc 00000000
                0xffffffff825014c0                _ram_cached_txt_end = .
                0x0000000000000a60                ram_cached_txt_size = (_ram_cached_txt_end - _ram_cached_txt_start)
                0xffffffff825014c0                _ram_txt_end = .
                0xffffffffa25014c0                . = (. + 0x20000000)

.ucdata         0xffffffffa25014c0        0x0
                0xffffffffa25014c0                _ram_uncached_data_start = .
 *(.ucdata)
 *(*.globalvars.uc)
                0xffffffffa25014c0                . = ALIGN (0x10)
                0xffffffffa25014c0                _ram_uncached_data_end = .
                0x0000000000000000                _ram_uncached_data_size = (_ram_uncached_data_end - _ram_uncached_data_start)
                0xffffffff825014c0                . = (. - 0x20000000)

.data           0xffffffff825014c0      0x8c0
                0xffffffff825014c0                _ram_cached_data_start = .
 *(.rdata)
 *(.rodata .rodata.* .gnu.linkonce.r.*)
 .rodata.str1.4
                0xffffffff825014c0      0x179 /cygdrive/d/work/projects/ST863EEASE/soft/build/sl_app/app/lib/libapp_release.a(sl_app_init.o)
                                        0x17c (size before relaxing)
 *fill*         0xffffffff82501639        0x3 00
 .rodata.str1.4
                0xffffffff8250163c       0xeb /cygdrive/d/work/projects/ST863EEASE/soft/build/sl_app/app/lib/libapp_release.a(FiFoData.o)
                                         0xec (size before relaxing)
 *fill*         0xffffffff82501727        0x1 00
 .rodata.str1.4
                0xffffffff82501728      0x52f /cygdrive/d/work/projects/ST863EEASE/soft/build/sl_app/app/lib/libapp_release.a(Gprs.o)
                                        0x534 (size before relaxing)
 *fill*         0xffffffff82501c57        0x1 00
 .rodata.str1.4
                0xffffffff82501c58       0x8a /cygdrive/d/work/projects/ST863EEASE/soft/build/sl_app/app/lib/libapp_release.a(SysFile.o)
                                         0xa0 (size before relaxing)
 *fill*         0xffffffff82501ce2        0x2 00
 .rodata.str1.4
                0xffffffff82501ce4       0x80 /cygdrive/d/work/projects/ST863EEASE/soft/build/sl_app/app/lib/libapp_release.a(SysProcess.o)
 *(.rodata1)
 *(.ctors)
                0xffffffff82501d70                . = ALIGN (0x10)
 *fill*         0xffffffff82501d64        0xc 00
 *(*.globalvars.c *.globalvars.c.*)
 *(EXCLUDE_FILE(*.oo gcj_*.o) .data)
 *(EXCLUDE_FILE(*.oo gcj_*.o) .data.*)
 .data.rear_com2_recv_buf
                0xffffffff82501d70        0x4 /cygdrive/d/work/projects/ST863EEASE/soft/build/sl_app/app/lib/libapp_release.a(UART.o)
 .data.front_com2_recv_buf
                0xffffffff82501d74        0x4 /cygdrive/d/work/projects/ST863EEASE/soft/build/sl_app/app/lib/libapp_release.a(UART.o)
 .data.rear_com1_recv_buf
                0xffffffff82501d78        0x4 /cygdrive/d/work/projects/ST863EEASE/soft/build/sl_app/app/lib/libapp_release.a(UART.o)
 .data.front_com1_recv_buf
                0xffffffff82501d7c        0x4 /cygdrive/d/work/projects/ST863EEASE/soft/build/sl_app/app/lib/libapp_release.a(UART.o)
 *(EXCLUDE_FILE(*.oo gcj_*.o) .gnu.linkonce.d.*)
 *(.data1)
                0xffffffff82509d70                _gp = (ALIGN (0x10) + 0x7ff0)
 *(.sdata .sdata.* .gnu.linkonce.s.*)
 *(.sdata2 .sdata2.* .gnu.linkonce.s2.*)
 *(.lit8)
 *(.lit4)
                0xffffffff82501d80                . = ALIGN (0x4)
                0xffffffff82501d80                . = ALIGN (0x10)
                0xffffffff82501d80                _ram_cached_data_end = .
                0x00000000000008c0                _ram_cached_data_size = (_ram_cached_data_end - _ram_cached_data_start)
                0xffffffff82501d80                _ram_end = .
                0x0000000000001d80                _ram_size = (_ram_end - _ram_start)

.backup         0xffffffff82501d80        0x0
 *(.backup)
                0xffffffff82501d80                . = ALIGN (0x10)
                0xffffffff82501d80                _ram_bss_start = .
                0xffffffffa2501d80                . = (. + 0x20000000)

.ucbss          0xffffffffa2501d80        0x0
 *(.ucbss)
 *(.ramucbss)
                0xffffffffa2501d80                . = ALIGN (0x10)
                0xffffffff82501d80                . = (. - 0x20000000)

.bss            0xffffffff82501d80    0x1f7c0
 *(.sbss .sbss.* .gnu.linkonce.sb.*)
 *(.sbss2 .sbss2.* .gnu.linkonce.sb2.*)
 *(.scommon)
 .scommon       0xffffffff82501d80        0x4 /cygdrive/d/work/projects/ST863EEASE/soft/build/sl_app/app/lib/libapp_release.a(sl_app_init.o)
                0xffffffff82501d80                SysAppEnterTask
 .scommon       0xffffffff82501d84        0x4 /cygdrive/d/work/projects/ST863EEASE/soft/build/sl_app/app/lib/libapp_release.a(Terminal.o)
                0xffffffff82501d84                pUpgradeST86File
 *(.dynbss)
 *(.bss .bss.* .gnu.linkonce.b.*)
 .bss.counter.4452
                0xffffffff82501d88        0x2 /cygdrive/d/work/projects/ST863EEASE/soft/build/sl_app/app/lib/libapp_release.a(sl_app_init.o)
 .bss.step.4451
                0xffffffff82501d8a        0x1 /cygdrive/d/work/projects/ST863EEASE/soft/build/sl_app/app/lib/libapp_release.a(sl_app_init.o)
 *fill*         0xffffffff82501d8b        0x1 00
 .bss.SendQueue
                0xffffffff82501d8c    0x1ec38 /cygdrive/d/work/projects/ST863EEASE/soft/build/sl_app/app/lib/libapp_release.a(FiFoData.o)
 .bss.TcpIpSocket
                0xffffffff825209c4       0xf4 /cygdrive/d/work/projects/ST863EEASE/soft/build/sl_app/app/lib/libapp_release.a(Gprs.o)
 .bss.IpAddrBack
                0xffffffff82520ab8       0x34 /cygdrive/d/work/projects/ST863EEASE/soft/build/sl_app/app/lib/libapp_release.a(Gprs.o)
 .bss.GprsRecvBuf
                0xffffffff82520aec      0x100 /cygdrive/d/work/projects/ST863EEASE/soft/build/sl_app/app/lib/libapp_release.a(Gprs.o)
 .bss.GprsRecvLen
                0xffffffff82520bec        0x2 /cygdrive/d/work/projects/ST863EEASE/soft/build/sl_app/app/lib/libapp_release.a(Gprs.o)
 *fill*         0xffffffff82520bee        0x2 00
 .bss.sw.4472   0xffffffff82520bf0        0x4 /cygdrive/d/work/projects/ST863EEASE/soft/build/sl_app/app/lib/libapp_release.a(Led.o)
 .bss.step.4471
                0xffffffff82520bf4        0x1 /cygdrive/d/work/projects/ST863EEASE/soft/build/sl_app/app/lib/libapp_release.a(Led.o)
 *fill*         0xffffffff82520bf5        0x3 00
 .bss.SysCfg    0xffffffff82520bf8       0xc0 /cygdrive/d/work/projects/ST863EEASE/soft/build/sl_app/app/lib/libapp_release.a(SysFile.o)
 .bss.SysRunData
                0xffffffff82520cb8       0x44 /cygdrive/d/work/projects/ST863EEASE/soft/build/sl_app/app/lib/libapp_release.a(SysProcess.o)
 .bss.ticks     0xffffffff82520cfc        0x4 /cygdrive/d/work/projects/ST863EEASE/soft/build/sl_app/app/lib/libapp_release.a(SysTickTime.o)
                0xffffffff82520cfc                ticks
 .bss.com1_new_data
                0xffffffff82520d00        0x1 /cygdrive/d/work/projects/ST863EEASE/soft/build/sl_app/app/lib/libapp_release.a(UART.o)
 *fill*         0xffffffff82520d01        0x3 00
 .bss.com1_recv_size
                0xffffffff82520d04        0x4 /cygdrive/d/work/projects/ST863EEASE/soft/build/sl_app/app/lib/libapp_release.a(UART.o)
 .bss.com1_recv_buf
                0xffffffff82520d08      0x400 /cygdrive/d/work/projects/ST863EEASE/soft/build/sl_app/app/lib/libapp_release.a(UART.o)
 .bss.com2_new_data
                0xffffffff82521108        0x1 /cygdrive/d/work/projects/ST863EEASE/soft/build/sl_app/app/lib/libapp_release.a(UART.o)
 *fill*         0xffffffff82521109        0x3 00
 .bss.com2_recv_size
                0xffffffff8252110c        0x4 /cygdrive/d/work/projects/ST863EEASE/soft/build/sl_app/app/lib/libapp_release.a(UART.o)
 .bss.com2_recv_buf
                0xffffffff82521110      0x400 /cygdrive/d/work/projects/ST863EEASE/soft/build/sl_app/app/lib/libapp_release.a(UART.o)
 .bss.GnssData  0xffffffff82521510       0x30 /cygdrive/d/work/projects/ST863EEASE/soft/build/sl_app/app/lib/libapp_release.a(GNSS.o)
 *(COMMON)
 *(.rambss)
                0xffffffff82521540                . = ALIGN (0x10)
                0xffffffff82521540                _ram_bss_end = .
                0x000000000001f7c0                _ram_bss_size = (_ram_bss_end - _ram_bss_start)
                0xffffffff825a0800                _ram_top = 0xffffffff825a0800
                0x000000000007f2c0                _heap_size = (_ram_top - _ram_bss_end)
                0xffffffff82521540                _heap_start = _ram_bss_end
                0xffffffff825a0800                _heap_end = (_ram_bss_end + _heap_size)
                0x0000000000000001                ASSERT ((ABSOLUTE (_ram_top) > ABSOLUTE (_ram_bss_end)), APP External RAM overflow !)
START GROUP
LOAD /cygdrive/d/work/projects/ST863EEASE/soft/build/sl_app/app/lib/libapp_release.a
END GROUP
LOAD /crosscompiler/bin/../lib/gcc/mips-elf/4.4.2/libgcc.a
OUTPUT(/cygdrive/d/work/projects/ST863EEASE/soft/build/sl_app/8809/sl_app_S80_20191222_release.elf elf32-littlemips)

.reginfo        0x0000000000000000       0x18
 .reginfo       0x0000000000000000       0x18 /cygdrive/d/work/projects/ST863EEASE/soft/build/sl_app/app/lib/libapp_release.a(sl_app_init.o)

.mdebug.abi32   0x0000000000000000        0x0
 .mdebug.abi32  0x0000000000000000        0x0 /cygdrive/d/work/projects/ST863EEASE/soft/build/sl_app/app/lib/libapp_release.a(sl_app_init.o)
 .mdebug.abi32  0x0000000000000000        0x0 /cygdrive/d/work/projects/ST863EEASE/soft/build/sl_app/app/lib/libapp_release.a(FiFoData.o)
 .mdebug.abi32  0x0000000000000000        0x0 /cygdrive/d/work/projects/ST863EEASE/soft/build/sl_app/app/lib/libapp_release.a(Gprs.o)
 .mdebug.abi32  0x0000000000000000        0x0 /cygdrive/d/work/projects/ST863EEASE/soft/build/sl_app/app/lib/libapp_release.a(Led.o)
 .mdebug.abi32  0x0000000000000000        0x0 /cygdrive/d/work/projects/ST863EEASE/soft/build/sl_app/app/lib/libapp_release.a(ProData.o)
 .mdebug.abi32  0x0000000000000000        0x0 /cygdrive/d/work/projects/ST863EEASE/soft/build/sl_app/app/lib/libapp_release.a(Rtc.o)
 .mdebug.abi32  0x0000000000000000        0x0 /cygdrive/d/work/projects/ST863EEASE/soft/build/sl_app/app/lib/libapp_release.a(SysFile.o)
 .mdebug.abi32  0x0000000000000000        0x0 /cygdrive/d/work/projects/ST863EEASE/soft/build/sl_app/app/lib/libapp_release.a(SysProcess.o)
 .mdebug.abi32  0x0000000000000000        0x0 /cygdrive/d/work/projects/ST863EEASE/soft/build/sl_app/app/lib/libapp_release.a(SysTickTime.o)
 .mdebug.abi32  0x0000000000000000        0x0 /cygdrive/d/work/projects/ST863EEASE/soft/build/sl_app/app/lib/libapp_release.a(Terminal.o)
 .mdebug.abi32  0x0000000000000000        0x0 /cygdrive/d/work/projects/ST863EEASE/soft/build/sl_app/app/lib/libapp_release.a(UART.o)
 .mdebug.abi32  0x0000000000000000        0x0 /cygdrive/d/work/projects/ST863EEASE/soft/build/sl_app/app/lib/libapp_release.a(VersionNum.o)
 .mdebug.abi32  0x0000000000000000        0x0 /cygdrive/d/work/projects/ST863EEASE/soft/build/sl_app/app/lib/libapp_release.a(sl_app.o)
 .mdebug.abi32  0x0000000000000000        0x0 /cygdrive/d/work/projects/ST863EEASE/soft/build/sl_app/app/lib/libapp_release.a(BuildDataPacket.o)
 .mdebug.abi32  0x0000000000000000        0x0 /cygdrive/d/work/projects/ST863EEASE/soft/build/sl_app/app/lib/libapp_release.a(GNSS.o)
 .mdebug.abi32  0x0000000000000000        0x0 /crosscompiler/bin/../lib/gcc/mips-elf/4.4.2/libgcc.a(_fixunssfsi.o)
 .mdebug.abi32  0x0000000000000000        0x0 /crosscompiler/bin/../lib/gcc/mips-elf/4.4.2/libgcc.a(_fixunsdfsi.o)
 .mdebug.abi32  0x0000000000000000        0x0 /crosscompiler/bin/../lib/gcc/mips-elf/4.4.2/libgcc.a(_addsub_sf.o)
 .mdebug.abi32  0x0000000000000000        0x0 /crosscompiler/bin/../lib/gcc/mips-elf/4.4.2/libgcc.a(_mul_sf.o)
 .mdebug.abi32  0x0000000000000000        0x0 /crosscompiler/bin/../lib/gcc/mips-elf/4.4.2/libgcc.a(_ge_sf.o)
 .mdebug.abi32  0x0000000000000000        0x0 /crosscompiler/bin/../lib/gcc/mips-elf/4.4.2/libgcc.a(_lt_sf.o)
 .mdebug.abi32  0x0000000000000000        0x0 /crosscompiler/bin/../lib/gcc/mips-elf/4.4.2/libgcc.a(_sf_to_si.o)
 .mdebug.abi32  0x0000000000000000        0x0 /crosscompiler/bin/../lib/gcc/mips-elf/4.4.2/libgcc.a(_sf_to_df.o)
 .mdebug.abi32  0x0000000000000000        0x0 /crosscompiler/bin/../lib/gcc/mips-elf/4.4.2/libgcc.a(_thenan_sf.o)
 .mdebug.abi32  0x0000000000000000        0x0 /crosscompiler/bin/../lib/gcc/mips-elf/4.4.2/libgcc.a(_addsub_df.o)
 .mdebug.abi32  0x0000000000000000        0x0 /crosscompiler/bin/../lib/gcc/mips-elf/4.4.2/libgcc.a(_mul_df.o)
 .mdebug.abi32  0x0000000000000000        0x0 /crosscompiler/bin/../lib/gcc/mips-elf/4.4.2/libgcc.a(_div_df.o)
 .mdebug.abi32  0x0000000000000000        0x0 /crosscompiler/bin/../lib/gcc/mips-elf/4.4.2/libgcc.a(_eq_df.o)
 .mdebug.abi32  0x0000000000000000        0x0 /crosscompiler/bin/../lib/gcc/mips-elf/4.4.2/libgcc.a(_gt_df.o)
 .mdebug.abi32  0x0000000000000000        0x0 /crosscompiler/bin/../lib/gcc/mips-elf/4.4.2/libgcc.a(_ge_df.o)
 .mdebug.abi32  0x0000000000000000        0x0 /crosscompiler/bin/../lib/gcc/mips-elf/4.4.2/libgcc.a(_si_to_df.o)
 .mdebug.abi32  0x0000000000000000        0x0 /crosscompiler/bin/../lib/gcc/mips-elf/4.4.2/libgcc.a(_df_to_si.o)
 .mdebug.abi32  0x0000000000000000        0x0 /crosscompiler/bin/../lib/gcc/mips-elf/4.4.2/libgcc.a(_make_df.o)
 .mdebug.abi32  0x0000000000000000        0x0 /crosscompiler/bin/../lib/gcc/mips-elf/4.4.2/libgcc.a(_df_to_sf.o)
 .mdebug.abi32  0x0000000000000000        0x0 /crosscompiler/bin/../lib/gcc/mips-elf/4.4.2/libgcc.a(_thenan_df.o)
 .mdebug.abi32  0x0000000000000000        0x0 /crosscompiler/bin/../lib/gcc/mips-elf/4.4.2/libgcc.a(_usi_to_df.o)
 .mdebug.abi32  0x0000000000000000        0x0 /crosscompiler/bin/../lib/gcc/mips-elf/4.4.2/libgcc.a(_lshrdi3.o)
 .mdebug.abi32  0x0000000000000000        0x0 /crosscompiler/bin/../lib/gcc/mips-elf/4.4.2/libgcc.a(_ashldi3.o)
 .mdebug.abi32  0x0000000000000000        0x0 /crosscompiler/bin/../lib/gcc/mips-elf/4.4.2/libgcc.a(_ucmpdi2.o)
 .mdebug.abi32  0x0000000000000000        0x0 /crosscompiler/bin/../lib/gcc/mips-elf/4.4.2/libgcc.a(_clzsi2.o)
 .mdebug.abi32  0x0000000000000000        0x0 /crosscompiler/bin/../lib/gcc/mips-elf/4.4.2/libgcc.a(_pack_sf.o)
 .mdebug.abi32  0x0000000000000000        0x0 /crosscompiler/bin/../lib/gcc/mips-elf/4.4.2/libgcc.a(_unpack_sf.o)
 .mdebug.abi32  0x0000000000000000        0x0 /crosscompiler/bin/../lib/gcc/mips-elf/4.4.2/libgcc.a(_fpcmp_parts_sf.o)
 .mdebug.abi32  0x0000000000000000        0x0 /crosscompiler/bin/../lib/gcc/mips-elf/4.4.2/libgcc.a(_make_sf.o)
 .mdebug.abi32  0x0000000000000000        0x0 /crosscompiler/bin/../lib/gcc/mips-elf/4.4.2/libgcc.a(_pack_df.o)
 .mdebug.abi32  0x0000000000000000        0x0 /crosscompiler/bin/../lib/gcc/mips-elf/4.4.2/libgcc.a(_unpack_df.o)
 .mdebug.abi32  0x0000000000000000        0x0 /crosscompiler/bin/../lib/gcc/mips-elf/4.4.2/libgcc.a(_fpcmp_parts_df.o)
 .mdebug.abi32  0x0000000000000000        0x0 /crosscompiler/bin/../lib/gcc/mips-elf/4.4.2/libgcc.a(_clz.o)

.comment        0x0000000000000000       0x31
 .comment       0x0000000000000000       0x31 /cygdrive/d/work/projects/ST863EEASE/soft/build/sl_app/app/lib/libapp_release.a(sl_app_init.o)
                                         0x32 (size before relaxing)
 .comment       0x0000000000000000       0x32 /cygdrive/d/work/projects/ST863EEASE/soft/build/sl_app/app/lib/libapp_release.a(FiFoData.o)
 .comment       0x0000000000000000       0x32 /cygdrive/d/work/projects/ST863EEASE/soft/build/sl_app/app/lib/libapp_release.a(Gprs.o)
 .comment       0x0000000000000000       0x32 /cygdrive/d/work/projects/ST863EEASE/soft/build/sl_app/app/lib/libapp_release.a(Led.o)
 .comment       0x0000000000000000       0x32 /cygdrive/d/work/projects/ST863EEASE/soft/build/sl_app/app/lib/libapp_release.a(ProData.o)
 .comment       0x0000000000000000       0x32 /cygdrive/d/work/projects/ST863EEASE/soft/build/sl_app/app/lib/libapp_release.a(Rtc.o)
 .comment       0x0000000000000000       0x32 /cygdrive/d/work/projects/ST863EEASE/soft/build/sl_app/app/lib/libapp_release.a(SysFile.o)
 .comment       0x0000000000000000       0x32 /cygdrive/d/work/projects/ST863EEASE/soft/build/sl_app/app/lib/libapp_release.a(SysProcess.o)
 .comment       0x0000000000000000       0x32 /cygdrive/d/work/projects/ST863EEASE/soft/build/sl_app/app/lib/libapp_release.a(SysTickTime.o)
 .comment       0x0000000000000000       0x32 /cygdrive/d/work/projects/ST863EEASE/soft/build/sl_app/app/lib/libapp_release.a(Terminal.o)
 .comment       0x0000000000000000       0x32 /cygdrive/d/work/projects/ST863EEASE/soft/build/sl_app/app/lib/libapp_release.a(UART.o)
 .comment       0x0000000000000000       0x32 /cygdrive/d/work/projects/ST863EEASE/soft/build/sl_app/app/lib/libapp_release.a(VersionNum.o)
 .comment       0x0000000000000000       0x32 /cygdrive/d/work/projects/ST863EEASE/soft/build/sl_app/app/lib/libapp_release.a(sl_app.o)
 .comment       0x0000000000000000       0x32 /cygdrive/d/work/projects/ST863EEASE/soft/build/sl_app/app/lib/libapp_release.a(BuildDataPacket.o)
 .comment       0x0000000000000000       0x32 /cygdrive/d/work/projects/ST863EEASE/soft/build/sl_app/app/lib/libapp_release.a(GNSS.o)
 .comment       0x0000000000000000       0x32 /crosscompiler/bin/../lib/gcc/mips-elf/4.4.2/libgcc.a(_fixunssfsi.o)
 .comment       0x0000000000000000       0x32 /crosscompiler/bin/../lib/gcc/mips-elf/4.4.2/libgcc.a(_fixunsdfsi.o)
 .comment       0x0000000000000000       0x32 /crosscompiler/bin/../lib/gcc/mips-elf/4.4.2/libgcc.a(_addsub_sf.o)
 .comment       0x0000000000000000       0x32 /crosscompiler/bin/../lib/gcc/mips-elf/4.4.2/libgcc.a(_mul_sf.o)
 .comment       0x0000000000000000       0x32 /crosscompiler/bin/../lib/gcc/mips-elf/4.4.2/libgcc.a(_ge_sf.o)
 .comment       0x0000000000000000       0x32 /crosscompiler/bin/../lib/gcc/mips-elf/4.4.2/libgcc.a(_lt_sf.o)
 .comment       0x0000000000000000       0x32 /crosscompiler/bin/../lib/gcc/mips-elf/4.4.2/libgcc.a(_sf_to_si.o)
 .comment       0x0000000000000000       0x32 /crosscompiler/bin/../lib/gcc/mips-elf/4.4.2/libgcc.a(_sf_to_df.o)
 .comment       0x0000000000000000       0x32 /crosscompiler/bin/../lib/gcc/mips-elf/4.4.2/libgcc.a(_thenan_sf.o)
 .comment       0x0000000000000000       0x32 /crosscompiler/bin/../lib/gcc/mips-elf/4.4.2/libgcc.a(_addsub_df.o)
 .comment       0x0000000000000000       0x32 /crosscompiler/bin/../lib/gcc/mips-elf/4.4.2/libgcc.a(_mul_df.o)
 .comment       0x0000000000000000       0x32 /crosscompiler/bin/../lib/gcc/mips-elf/4.4.2/libgcc.a(_div_df.o)
 .comment       0x0000000000000000       0x32 /crosscompiler/bin/../lib/gcc/mips-elf/4.4.2/libgcc.a(_eq_df.o)
 .comment       0x0000000000000000       0x32 /crosscompiler/bin/../lib/gcc/mips-elf/4.4.2/libgcc.a(_gt_df.o)
 .comment       0x0000000000000000       0x32 /crosscompiler/bin/../lib/gcc/mips-elf/4.4.2/libgcc.a(_ge_df.o)
 .comment       0x0000000000000000       0x32 /crosscompiler/bin/../lib/gcc/mips-elf/4.4.2/libgcc.a(_si_to_df.o)
 .comment       0x0000000000000000       0x32 /crosscompiler/bin/../lib/gcc/mips-elf/4.4.2/libgcc.a(_df_to_si.o)
 .comment       0x0000000000000000       0x32 /crosscompiler/bin/../lib/gcc/mips-elf/4.4.2/libgcc.a(_make_df.o)
 .comment       0x0000000000000000       0x32 /crosscompiler/bin/../lib/gcc/mips-elf/4.4.2/libgcc.a(_df_to_sf.o)
 .comment       0x0000000000000000       0x32 /crosscompiler/bin/../lib/gcc/mips-elf/4.4.2/libgcc.a(_thenan_df.o)
 .comment       0x0000000000000000       0x32 /crosscompiler/bin/../lib/gcc/mips-elf/4.4.2/libgcc.a(_usi_to_df.o)
 .comment       0x0000000000000000       0x32 /crosscompiler/bin/../lib/gcc/mips-elf/4.4.2/libgcc.a(_lshrdi3.o)
 .comment       0x0000000000000000       0x32 /crosscompiler/bin/../lib/gcc/mips-elf/4.4.2/libgcc.a(_ashldi3.o)
 .comment       0x0000000000000000       0x32 /crosscompiler/bin/../lib/gcc/mips-elf/4.4.2/libgcc.a(_ucmpdi2.o)
 .comment       0x0000000000000000       0x32 /crosscompiler/bin/../lib/gcc/mips-elf/4.4.2/libgcc.a(_clzsi2.o)
 .comment       0x0000000000000000       0x32 /crosscompiler/bin/../lib/gcc/mips-elf/4.4.2/libgcc.a(_pack_sf.o)
 .comment       0x0000000000000000       0x32 /crosscompiler/bin/../lib/gcc/mips-elf/4.4.2/libgcc.a(_unpack_sf.o)
 .comment       0x0000000000000000       0x32 /crosscompiler/bin/../lib/gcc/mips-elf/4.4.2/libgcc.a(_fpcmp_parts_sf.o)
 .comment       0x0000000000000000       0x32 /crosscompiler/bin/../lib/gcc/mips-elf/4.4.2/libgcc.a(_make_sf.o)
 .comment       0x0000000000000000       0x32 /crosscompiler/bin/../lib/gcc/mips-elf/4.4.2/libgcc.a(_pack_df.o)
 .comment       0x0000000000000000       0x32 /crosscompiler/bin/../lib/gcc/mips-elf/4.4.2/libgcc.a(_unpack_df.o)
 .comment       0x0000000000000000       0x32 /crosscompiler/bin/../lib/gcc/mips-elf/4.4.2/libgcc.a(_fpcmp_parts_df.o)
 .comment       0x0000000000000000       0x32 /crosscompiler/bin/../lib/gcc/mips-elf/4.4.2/libgcc.a(_clz.o)

.gnu.attributes
                0x0000000000000000       0x10
 .gnu.attributes
                0x0000000000000000       0x10 /cygdrive/d/work/projects/ST863EEASE/soft/build/sl_app/app/lib/libapp_release.a(sl_app_init.o)
 .gnu.attributes
                0x0000000000000010       0x10 /cygdrive/d/work/projects/ST863EEASE/soft/build/sl_app/app/lib/libapp_release.a(FiFoData.o)
 .gnu.attributes
                0x0000000000000020       0x10 /cygdrive/d/work/projects/ST863EEASE/soft/build/sl_app/app/lib/libapp_release.a(Gprs.o)
 .gnu.attributes
                0x0000000000000030       0x10 /cygdrive/d/work/projects/ST863EEASE/soft/build/sl_app/app/lib/libapp_release.a(Led.o)
 .gnu.attributes
                0x0000000000000040       0x10 /cygdrive/d/work/projects/ST863EEASE/soft/build/sl_app/app/lib/libapp_release.a(ProData.o)
 .gnu.attributes
                0x0000000000000050       0x10 /cygdrive/d/work/projects/ST863EEASE/soft/build/sl_app/app/lib/libapp_release.a(Rtc.o)
 .gnu.attributes
                0x0000000000000060       0x10 /cygdrive/d/work/projects/ST863EEASE/soft/build/sl_app/app/lib/libapp_release.a(SysFile.o)
 .gnu.attributes
                0x0000000000000070       0x10 /cygdrive/d/work/projects/ST863EEASE/soft/build/sl_app/app/lib/libapp_release.a(SysProcess.o)
 .gnu.attributes
                0x0000000000000080       0x10 /cygdrive/d/work/projects/ST863EEASE/soft/build/sl_app/app/lib/libapp_release.a(SysTickTime.o)
 .gnu.attributes
                0x0000000000000090       0x10 /cygdrive/d/work/projects/ST863EEASE/soft/build/sl_app/app/lib/libapp_release.a(Terminal.o)
 .gnu.attributes
                0x00000000000000a0       0x10 /cygdrive/d/work/projects/ST863EEASE/soft/build/sl_app/app/lib/libapp_release.a(UART.o)
 .gnu.attributes
                0x00000000000000b0       0x10 /cygdrive/d/work/projects/ST863EEASE/soft/build/sl_app/app/lib/libapp_release.a(VersionNum.o)
 .gnu.attributes
                0x00000000000000c0       0x10 /cygdrive/d/work/projects/ST863EEASE/soft/build/sl_app/app/lib/libapp_release.a(sl_app.o)
 .gnu.attributes
                0x00000000000000d0       0x10 /cygdrive/d/work/projects/ST863EEASE/soft/build/sl_app/app/lib/libapp_release.a(BuildDataPacket.o)
 .gnu.attributes
                0x00000000000000e0       0x10 /cygdrive/d/work/projects/ST863EEASE/soft/build/sl_app/app/lib/libapp_release.a(GNSS.o)
 .gnu.attributes
                0x00000000000000f0       0x10 /crosscompiler/bin/../lib/gcc/mips-elf/4.4.2/libgcc.a(_fixunssfsi.o)
 .gnu.attributes
                0x0000000000000100       0x10 /crosscompiler/bin/../lib/gcc/mips-elf/4.4.2/libgcc.a(_fixunsdfsi.o)
 .gnu.attributes
                0x0000000000000110       0x10 /crosscompiler/bin/../lib/gcc/mips-elf/4.4.2/libgcc.a(_addsub_sf.o)
 .gnu.attributes
                0x0000000000000120       0x10 /crosscompiler/bin/../lib/gcc/mips-elf/4.4.2/libgcc.a(_mul_sf.o)
 .gnu.attributes
                0x0000000000000130       0x10 /crosscompiler/bin/../lib/gcc/mips-elf/4.4.2/libgcc.a(_ge_sf.o)
 .gnu.attributes
                0x0000000000000140       0x10 /crosscompiler/bin/../lib/gcc/mips-elf/4.4.2/libgcc.a(_lt_sf.o)
 .gnu.attributes
                0x0000000000000150       0x10 /crosscompiler/bin/../lib/gcc/mips-elf/4.4.2/libgcc.a(_sf_to_si.o)
 .gnu.attributes
                0x0000000000000160       0x10 /crosscompiler/bin/../lib/gcc/mips-elf/4.4.2/libgcc.a(_sf_to_df.o)
 .gnu.attributes
                0x0000000000000170       0x10 /crosscompiler/bin/../lib/gcc/mips-elf/4.4.2/libgcc.a(_thenan_sf.o)
 .gnu.attributes
                0x0000000000000180       0x10 /crosscompiler/bin/../lib/gcc/mips-elf/4.4.2/libgcc.a(_addsub_df.o)
 .gnu.attributes
                0x0000000000000190       0x10 /crosscompiler/bin/../lib/gcc/mips-elf/4.4.2/libgcc.a(_mul_df.o)
 .gnu.attributes
                0x00000000000001a0       0x10 /crosscompiler/bin/../lib/gcc/mips-elf/4.4.2/libgcc.a(_div_df.o)
 .gnu.attributes
                0x00000000000001b0       0x10 /crosscompiler/bin/../lib/gcc/mips-elf/4.4.2/libgcc.a(_eq_df.o)
 .gnu.attributes
                0x00000000000001c0       0x10 /crosscompiler/bin/../lib/gcc/mips-elf/4.4.2/libgcc.a(_gt_df.o)
 .gnu.attributes
                0x00000000000001d0       0x10 /crosscompiler/bin/../lib/gcc/mips-elf/4.4.2/libgcc.a(_ge_df.o)
 .gnu.attributes
                0x00000000000001e0       0x10 /crosscompiler/bin/../lib/gcc/mips-elf/4.4.2/libgcc.a(_si_to_df.o)
 .gnu.attributes
                0x00000000000001f0       0x10 /crosscompiler/bin/../lib/gcc/mips-elf/4.4.2/libgcc.a(_df_to_si.o)
 .gnu.attributes
                0x0000000000000200       0x10 /crosscompiler/bin/../lib/gcc/mips-elf/4.4.2/libgcc.a(_make_df.o)
 .gnu.attributes
                0x0000000000000210       0x10 /crosscompiler/bin/../lib/gcc/mips-elf/4.4.2/libgcc.a(_df_to_sf.o)
 .gnu.attributes
                0x0000000000000220       0x10 /crosscompiler/bin/../lib/gcc/mips-elf/4.4.2/libgcc.a(_thenan_df.o)
 .gnu.attributes
                0x0000000000000230       0x10 /crosscompiler/bin/../lib/gcc/mips-elf/4.4.2/libgcc.a(_usi_to_df.o)
 .gnu.attributes
                0x0000000000000240       0x10 /crosscompiler/bin/../lib/gcc/mips-elf/4.4.2/libgcc.a(_lshrdi3.o)
 .gnu.attributes
                0x0000000000000250       0x10 /crosscompiler/bin/../lib/gcc/mips-elf/4.4.2/libgcc.a(_ashldi3.o)
 .gnu.attributes
                0x0000000000000260       0x10 /crosscompiler/bin/../lib/gcc/mips-elf/4.4.2/libgcc.a(_ucmpdi2.o)
 .gnu.attributes
                0x0000000000000270       0x10 /crosscompiler/bin/../lib/gcc/mips-elf/4.4.2/libgcc.a(_clzsi2.o)
 .gnu.attributes
                0x0000000000000280       0x10 /crosscompiler/bin/../lib/gcc/mips-elf/4.4.2/libgcc.a(_pack_sf.o)
 .gnu.attributes
                0x0000000000000290       0x10 /crosscompiler/bin/../lib/gcc/mips-elf/4.4.2/libgcc.a(_unpack_sf.o)
 .gnu.attributes
                0x00000000000002a0       0x10 /crosscompiler/bin/../lib/gcc/mips-elf/4.4.2/libgcc.a(_fpcmp_parts_sf.o)
 .gnu.attributes
                0x00000000000002b0       0x10 /crosscompiler/bin/../lib/gcc/mips-elf/4.4.2/libgcc.a(_make_sf.o)
 .gnu.attributes
                0x00000000000002c0       0x10 /crosscompiler/bin/../lib/gcc/mips-elf/4.4.2/libgcc.a(_pack_df.o)
 .gnu.attributes
                0x00000000000002d0       0x10 /crosscompiler/bin/../lib/gcc/mips-elf/4.4.2/libgcc.a(_unpack_df.o)
 .gnu.attributes
                0x00000000000002e0       0x10 /crosscompiler/bin/../lib/gcc/mips-elf/4.4.2/libgcc.a(_fpcmp_parts_df.o)
 .gnu.attributes
                0x00000000000002f0       0x10 /crosscompiler/bin/../lib/gcc/mips-elf/4.4.2/libgcc.a(_clz.o)

.pdr            0x0000000000000000        0x0
 .pdr           0x0000000000000000        0x0 /cygdrive/d/work/projects/ST863EEASE/soft/build/sl_app/app/lib/libapp_release.a(sl_app.o)
 .pdr           0x0000000000000000        0x0 /crosscompiler/bin/../lib/gcc/mips-elf/4.4.2/libgcc.a(_thenan_sf.o)
 .pdr           0x0000000000000000        0x0 /crosscompiler/bin/../lib/gcc/mips-elf/4.4.2/libgcc.a(_thenan_df.o)
 .pdr           0x0000000000000000        0x0 /crosscompiler/bin/../lib/gcc/mips-elf/4.4.2/libgcc.a(_clz.o)

.debug_abbrev   0x0000000000000000     0x4be8
 .debug_abbrev  0x0000000000000000      0x212 /cygdrive/d/work/projects/ST863EEASE/soft/build/sl_app/app/lib/libapp_release.a(sl_app_init.o)
 .debug_abbrev  0x0000000000000212      0x288 /cygdrive/d/work/projects/ST863EEASE/soft/build/sl_app/app/lib/libapp_release.a(FiFoData.o)
 .debug_abbrev  0x000000000000049a      0x341 /cygdrive/d/work/projects/ST863EEASE/soft/build/sl_app/app/lib/libapp_release.a(Gprs.o)
 .debug_abbrev  0x00000000000007db      0x222 /cygdrive/d/work/projects/ST863EEASE/soft/build/sl_app/app/lib/libapp_release.a(Led.o)
 .debug_abbrev  0x00000000000009fd      0x348 /cygdrive/d/work/projects/ST863EEASE/soft/build/sl_app/app/lib/libapp_release.a(ProData.o)
 .debug_abbrev  0x0000000000000d45      0x2e4 /cygdrive/d/work/projects/ST863EEASE/soft/build/sl_app/app/lib/libapp_release.a(Rtc.o)
 .debug_abbrev  0x0000000000001029      0x232 /cygdrive/d/work/projects/ST863EEASE/soft/build/sl_app/app/lib/libapp_release.a(SysFile.o)
 .debug_abbrev  0x000000000000125b      0x28a /cygdrive/d/work/projects/ST863EEASE/soft/build/sl_app/app/lib/libapp_release.a(SysProcess.o)
 .debug_abbrev  0x00000000000014e5       0xce /cygdrive/d/work/projects/ST863EEASE/soft/build/sl_app/app/lib/libapp_release.a(SysTickTime.o)
 .debug_abbrev  0x00000000000015b3      0x346 /cygdrive/d/work/projects/ST863EEASE/soft/build/sl_app/app/lib/libapp_release.a(Terminal.o)
 .debug_abbrev  0x00000000000018f9      0x2a9 /cygdrive/d/work/projects/ST863EEASE/soft/build/sl_app/app/lib/libapp_release.a(UART.o)
 .debug_abbrev  0x0000000000001ba2       0x59 /cygdrive/d/work/projects/ST863EEASE/soft/build/sl_app/app/lib/libapp_release.a(VersionNum.o)
 .debug_abbrev  0x0000000000001bfb      0x18b /cygdrive/d/work/projects/ST863EEASE/soft/build/sl_app/app/lib/libapp_release.a(sl_app.o)
 .debug_abbrev  0x0000000000001d86      0x248 /cygdrive/d/work/projects/ST863EEASE/soft/build/sl_app/app/lib/libapp_release.a(BuildDataPacket.o)
 .debug_abbrev  0x0000000000001fce      0x279 /cygdrive/d/work/projects/ST863EEASE/soft/build/sl_app/app/lib/libapp_release.a(GNSS.o)
 .debug_abbrev  0x0000000000002247       0x66 /crosscompiler/bin/../lib/gcc/mips-elf/4.4.2/libgcc.a(_fixunssfsi.o)
 .debug_abbrev  0x00000000000022ad       0x66 /crosscompiler/bin/../lib/gcc/mips-elf/4.4.2/libgcc.a(_fixunsdfsi.o)
 .debug_abbrev  0x0000000000002313      0x1db /crosscompiler/bin/../lib/gcc/mips-elf/4.4.2/libgcc.a(_addsub_sf.o)
 .debug_abbrev  0x00000000000024ee      0x1f9 /crosscompiler/bin/../lib/gcc/mips-elf/4.4.2/libgcc.a(_mul_sf.o)
 .debug_abbrev  0x00000000000026e7      0x15a /crosscompiler/bin/../lib/gcc/mips-elf/4.4.2/libgcc.a(_ge_sf.o)
 .debug_abbrev  0x0000000000002841      0x15a /crosscompiler/bin/../lib/gcc/mips-elf/4.4.2/libgcc.a(_lt_sf.o)
 .debug_abbrev  0x000000000000299b      0x17f /crosscompiler/bin/../lib/gcc/mips-elf/4.4.2/libgcc.a(_sf_to_si.o)
 .debug_abbrev  0x0000000000002b1a      0x131 /crosscompiler/bin/../lib/gcc/mips-elf/4.4.2/libgcc.a(_sf_to_df.o)
 .debug_abbrev  0x0000000000002c4b       0xc3 /crosscompiler/bin/../lib/gcc/mips-elf/4.4.2/libgcc.a(_thenan_sf.o)
 .debug_abbrev  0x0000000000002d0e      0x1ea /crosscompiler/bin/../lib/gcc/mips-elf/4.4.2/libgcc.a(_addsub_df.o)
 .debug_abbrev  0x0000000000002ef8      0x200 /crosscompiler/bin/../lib/gcc/mips-elf/4.4.2/libgcc.a(_mul_df.o)
 .debug_abbrev  0x00000000000030f8      0x1dc /crosscompiler/bin/../lib/gcc/mips-elf/4.4.2/libgcc.a(_div_df.o)
 .debug_abbrev  0x00000000000032d4      0x15a /crosscompiler/bin/../lib/gcc/mips-elf/4.4.2/libgcc.a(_eq_df.o)
 .debug_abbrev  0x000000000000342e      0x15a /crosscompiler/bin/../lib/gcc/mips-elf/4.4.2/libgcc.a(_gt_df.o)
 .debug_abbrev  0x0000000000003588      0x15a /crosscompiler/bin/../lib/gcc/mips-elf/4.4.2/libgcc.a(_ge_df.o)
 .debug_abbrev  0x00000000000036e2      0x148 /crosscompiler/bin/../lib/gcc/mips-elf/4.4.2/libgcc.a(_si_to_df.o)
 .debug_abbrev  0x000000000000382a      0x17f /crosscompiler/bin/../lib/gcc/mips-elf/4.4.2/libgcc.a(_df_to_si.o)
 .debug_abbrev  0x00000000000039a9      0x109 /crosscompiler/bin/../lib/gcc/mips-elf/4.4.2/libgcc.a(_make_df.o)
 .debug_abbrev  0x0000000000003ab2      0x140 /crosscompiler/bin/../lib/gcc/mips-elf/4.4.2/libgcc.a(_df_to_sf.o)
 .debug_abbrev  0x0000000000003bf2       0xc3 /crosscompiler/bin/../lib/gcc/mips-elf/4.4.2/libgcc.a(_thenan_df.o)
 .debug_abbrev  0x0000000000003cb5      0x157 /crosscompiler/bin/../lib/gcc/mips-elf/4.4.2/libgcc.a(_usi_to_df.o)
 .debug_abbrev  0x0000000000003e0c      0x104 /crosscompiler/bin/../lib/gcc/mips-elf/4.4.2/libgcc.a(_lshrdi3.o)
 .debug_abbrev  0x0000000000003f10       0xf7 /crosscompiler/bin/../lib/gcc/mips-elf/4.4.2/libgcc.a(_ashldi3.o)
 .debug_abbrev  0x0000000000004007       0xd0 /crosscompiler/bin/../lib/gcc/mips-elf/4.4.2/libgcc.a(_ucmpdi2.o)
 .debug_abbrev  0x00000000000040d7       0xc4 /crosscompiler/bin/../lib/gcc/mips-elf/4.4.2/libgcc.a(_clzsi2.o)
 .debug_abbrev  0x000000000000419b      0x1c0 /crosscompiler/bin/../lib/gcc/mips-elf/4.4.2/libgcc.a(_pack_sf.o)
 .debug_abbrev  0x000000000000435b      0x163 /crosscompiler/bin/../lib/gcc/mips-elf/4.4.2/libgcc.a(_unpack_sf.o)
 .debug_abbrev  0x00000000000044be      0x14a /crosscompiler/bin/../lib/gcc/mips-elf/4.4.2/libgcc.a(_fpcmp_parts_sf.o)
 .debug_abbrev  0x0000000000004608      0x109 /crosscompiler/bin/../lib/gcc/mips-elf/4.4.2/libgcc.a(_make_sf.o)
 .debug_abbrev  0x0000000000004711      0x1c0 /crosscompiler/bin/../lib/gcc/mips-elf/4.4.2/libgcc.a(_pack_df.o)
 .debug_abbrev  0x00000000000048d1      0x163 /crosscompiler/bin/../lib/gcc/mips-elf/4.4.2/libgcc.a(_unpack_df.o)
 .debug_abbrev  0x0000000000004a34      0x14a /crosscompiler/bin/../lib/gcc/mips-elf/4.4.2/libgcc.a(_fpcmp_parts_df.o)
 .debug_abbrev  0x0000000000004b7e       0x6a /crosscompiler/bin/../lib/gcc/mips-elf/4.4.2/libgcc.a(_clz.o)

.debug_info     0x0000000000000000    0x41482
 .debug_info    0x0000000000000000     0x4b20 /cygdrive/d/work/projects/ST863EEASE/soft/build/sl_app/app/lib/libapp_release.a(sl_app_init.o)
 .debug_info    0x0000000000004b20     0x461c /cygdrive/d/work/projects/ST863EEASE/soft/build/sl_app/app/lib/libapp_release.a(FiFoData.o)
 .debug_info    0x000000000000913c     0x557e /cygdrive/d/work/projects/ST863EEASE/soft/build/sl_app/app/lib/libapp_release.a(Gprs.o)
 .debug_info    0x000000000000e6ba     0x4769 /cygdrive/d/work/projects/ST863EEASE/soft/build/sl_app/app/lib/libapp_release.a(Led.o)
 .debug_info    0x0000000000012e23     0x4938 /cygdrive/d/work/projects/ST863EEASE/soft/build/sl_app/app/lib/libapp_release.a(ProData.o)
 .debug_info    0x000000000001775b     0x4897 /cygdrive/d/work/projects/ST863EEASE/soft/build/sl_app/app/lib/libapp_release.a(Rtc.o)
 .debug_info    0x000000000001bff2     0x4597 /cygdrive/d/work/projects/ST863EEASE/soft/build/sl_app/app/lib/libapp_release.a(SysFile.o)
 .debug_info    0x0000000000020589     0x4bb5 /cygdrive/d/work/projects/ST863EEASE/soft/build/sl_app/app/lib/libapp_release.a(SysProcess.o)
 .debug_info    0x000000000002513e      0x19b /cygdrive/d/work/projects/ST863EEASE/soft/build/sl_app/app/lib/libapp_release.a(SysTickTime.o)
 .debug_info    0x00000000000252d9     0x5178 /cygdrive/d/work/projects/ST863EEASE/soft/build/sl_app/app/lib/libapp_release.a(Terminal.o)
 .debug_info    0x000000000002a451     0x45d0 /cygdrive/d/work/projects/ST863EEASE/soft/build/sl_app/app/lib/libapp_release.a(UART.o)
 .debug_info    0x000000000002ea21       0xaa /cygdrive/d/work/projects/ST863EEASE/soft/build/sl_app/app/lib/libapp_release.a(VersionNum.o)
 .debug_info    0x000000000002eacb     0x42b4 /cygdrive/d/work/projects/ST863EEASE/soft/build/sl_app/app/lib/libapp_release.a(sl_app.o)
 .debug_info    0x0000000000032d7f     0x50f2 /cygdrive/d/work/projects/ST863EEASE/soft/build/sl_app/app/lib/libapp_release.a(BuildDataPacket.o)
 .debug_info    0x0000000000037e71     0x486e /cygdrive/d/work/projects/ST863EEASE/soft/build/sl_app/app/lib/libapp_release.a(GNSS.o)
 .debug_info    0x000000000003c6df       0xd1 /crosscompiler/bin/../lib/gcc/mips-elf/4.4.2/libgcc.a(_fixunssfsi.o)
 .debug_info    0x000000000003c7b0       0xd1 /crosscompiler/bin/../lib/gcc/mips-elf/4.4.2/libgcc.a(_fixunsdfsi.o)
 .debug_info    0x000000000003c881      0x483 /crosscompiler/bin/../lib/gcc/mips-elf/4.4.2/libgcc.a(_addsub_sf.o)
 .debug_info    0x000000000003cd04      0x3cc /crosscompiler/bin/../lib/gcc/mips-elf/4.4.2/libgcc.a(_mul_sf.o)
 .debug_info    0x000000000003d0d0      0x28c /crosscompiler/bin/../lib/gcc/mips-elf/4.4.2/libgcc.a(_ge_sf.o)
 .debug_info    0x000000000003d35c      0x28c /crosscompiler/bin/../lib/gcc/mips-elf/4.4.2/libgcc.a(_lt_sf.o)
 .debug_info    0x000000000003d5e8      0x2bd /crosscompiler/bin/../lib/gcc/mips-elf/4.4.2/libgcc.a(_sf_to_si.o)
 .debug_info    0x000000000003d8a5      0x241 /crosscompiler/bin/../lib/gcc/mips-elf/4.4.2/libgcc.a(_sf_to_df.o)
 .debug_info    0x000000000003dae6      0x160 /crosscompiler/bin/../lib/gcc/mips-elf/4.4.2/libgcc.a(_thenan_sf.o)
 .debug_info    0x000000000003dc46      0x48e /crosscompiler/bin/../lib/gcc/mips-elf/4.4.2/libgcc.a(_addsub_df.o)
 .debug_info    0x000000000003e0d4      0x47e /crosscompiler/bin/../lib/gcc/mips-elf/4.4.2/libgcc.a(_mul_df.o)
 .debug_info    0x000000000003e552      0x39e /crosscompiler/bin/../lib/gcc/mips-elf/4.4.2/libgcc.a(_div_df.o)
 .debug_info    0x000000000003e8f0      0x29a /crosscompiler/bin/../lib/gcc/mips-elf/4.4.2/libgcc.a(_eq_df.o)
 .debug_info    0x000000000003eb8a      0x29a /crosscompiler/bin/../lib/gcc/mips-elf/4.4.2/libgcc.a(_gt_df.o)
 .debug_info    0x000000000003ee24      0x29a /crosscompiler/bin/../lib/gcc/mips-elf/4.4.2/libgcc.a(_ge_df.o)
 .debug_info    0x000000000003f0be      0x214 /crosscompiler/bin/../lib/gcc/mips-elf/4.4.2/libgcc.a(_si_to_df.o)
 .debug_info    0x000000000003f2d2      0x2c9 /crosscompiler/bin/../lib/gcc/mips-elf/4.4.2/libgcc.a(_df_to_si.o)
 .debug_info    0x000000000003f59b      0x1d3 /crosscompiler/bin/../lib/gcc/mips-elf/4.4.2/libgcc.a(_make_df.o)
 .debug_info    0x000000000003f76e      0x25d /crosscompiler/bin/../lib/gcc/mips-elf/4.4.2/libgcc.a(_df_to_sf.o)
 .debug_info    0x000000000003f9cb      0x160 /crosscompiler/bin/../lib/gcc/mips-elf/4.4.2/libgcc.a(_thenan_df.o)
 .debug_info    0x000000000003fb2b      0x213 /crosscompiler/bin/../lib/gcc/mips-elf/4.4.2/libgcc.a(_usi_to_df.o)
 .debug_info    0x000000000003fd3e      0x19b /crosscompiler/bin/../lib/gcc/mips-elf/4.4.2/libgcc.a(_lshrdi3.o)
 .debug_info    0x000000000003fed9      0x19f /crosscompiler/bin/../lib/gcc/mips-elf/4.4.2/libgcc.a(_ashldi3.o)
 .debug_info    0x0000000000040078      0x160 /crosscompiler/bin/../lib/gcc/mips-elf/4.4.2/libgcc.a(_ucmpdi2.o)
 .debug_info    0x00000000000401d8      0x132 /crosscompiler/bin/../lib/gcc/mips-elf/4.4.2/libgcc.a(_clzsi2.o)
 .debug_info    0x000000000004030a      0x2ea /crosscompiler/bin/../lib/gcc/mips-elf/4.4.2/libgcc.a(_pack_sf.o)
 .debug_info    0x00000000000405f4      0x25a /crosscompiler/bin/../lib/gcc/mips-elf/4.4.2/libgcc.a(_unpack_sf.o)
 .debug_info    0x000000000004084e      0x21f /crosscompiler/bin/../lib/gcc/mips-elf/4.4.2/libgcc.a(_fpcmp_parts_sf.o)
 .debug_info    0x0000000000040a6d      0x1d3 /crosscompiler/bin/../lib/gcc/mips-elf/4.4.2/libgcc.a(_make_sf.o)
 .debug_info    0x0000000000040c40      0x2f8 /crosscompiler/bin/../lib/gcc/mips-elf/4.4.2/libgcc.a(_pack_df.o)
 .debug_info    0x0000000000040f38      0x266 /crosscompiler/bin/../lib/gcc/mips-elf/4.4.2/libgcc.a(_unpack_df.o)
 .debug_info    0x000000000004119e      0x21f /crosscompiler/bin/../lib/gcc/mips-elf/4.4.2/libgcc.a(_fpcmp_parts_df.o)
 .debug_info    0x00000000000413bd       0xc5 /crosscompiler/bin/../lib/gcc/mips-elf/4.4.2/libgcc.a(_clz.o)

.debug_line     0x0000000000000000     0x423e
 .debug_line    0x0000000000000000      0x262 /cygdrive/d/work/projects/ST863EEASE/soft/build/sl_app/app/lib/libapp_release.a(sl_app_init.o)
 .debug_line    0x0000000000000262      0x305 /cygdrive/d/work/projects/ST863EEASE/soft/build/sl_app/app/lib/libapp_release.a(FiFoData.o)
 .debug_line    0x0000000000000567      0x66d /cygdrive/d/work/projects/ST863EEASE/soft/build/sl_app/app/lib/libapp_release.a(Gprs.o)
 .debug_line    0x0000000000000bd4      0x28a /cygdrive/d/work/projects/ST863EEASE/soft/build/sl_app/app/lib/libapp_release.a(Led.o)
 .debug_line    0x0000000000000e5e      0x41b /cygdrive/d/work/projects/ST863EEASE/soft/build/sl_app/app/lib/libapp_release.a(ProData.o)
 .debug_line    0x0000000000001279      0x39f /cygdrive/d/work/projects/ST863EEASE/soft/build/sl_app/app/lib/libapp_release.a(Rtc.o)
 .debug_line    0x0000000000001618      0x27e /cygdrive/d/work/projects/ST863EEASE/soft/build/sl_app/app/lib/libapp_release.a(SysFile.o)
 .debug_line    0x0000000000001896      0x313 /cygdrive/d/work/projects/ST863EEASE/soft/build/sl_app/app/lib/libapp_release.a(SysProcess.o)
 .debug_line    0x0000000000001ba9       0x9a /cygdrive/d/work/projects/ST863EEASE/soft/build/sl_app/app/lib/libapp_release.a(SysTickTime.o)
 .debug_line    0x0000000000001c43      0x704 /cygdrive/d/work/projects/ST863EEASE/soft/build/sl_app/app/lib/libapp_release.a(Terminal.o)
 .debug_line    0x0000000000002347      0x2f5 /cygdrive/d/work/projects/ST863EEASE/soft/build/sl_app/app/lib/libapp_release.a(UART.o)
 .debug_line    0x000000000000263c       0x41 /cygdrive/d/work/projects/ST863EEASE/soft/build/sl_app/app/lib/libapp_release.a(VersionNum.o)
 .debug_line    0x000000000000267d      0x1bc /cygdrive/d/work/projects/ST863EEASE/soft/build/sl_app/app/lib/libapp_release.a(sl_app.o)
 .debug_line    0x0000000000002839      0x3f6 /cygdrive/d/work/projects/ST863EEASE/soft/build/sl_app/app/lib/libapp_release.a(BuildDataPacket.o)
 .debug_line    0x0000000000002c2f      0x3a7 /cygdrive/d/work/projects/ST863EEASE/soft/build/sl_app/app/lib/libapp_release.a(GNSS.o)
 .debug_line    0x0000000000002fd6       0x65 /crosscompiler/bin/../lib/gcc/mips-elf/4.4.2/libgcc.a(_fixunssfsi.o)
 .debug_line    0x000000000000303b       0x66 /crosscompiler/bin/../lib/gcc/mips-elf/4.4.2/libgcc.a(_fixunsdfsi.o)
 .debug_line    0x00000000000030a1       0xfa /crosscompiler/bin/../lib/gcc/mips-elf/4.4.2/libgcc.a(_addsub_sf.o)
 .debug_line    0x000000000000319b       0xd2 /crosscompiler/bin/../lib/gcc/mips-elf/4.4.2/libgcc.a(_mul_sf.o)
 .debug_line    0x000000000000326d       0x7e /crosscompiler/bin/../lib/gcc/mips-elf/4.4.2/libgcc.a(_ge_sf.o)
 .debug_line    0x00000000000032eb       0x7e /crosscompiler/bin/../lib/gcc/mips-elf/4.4.2/libgcc.a(_lt_sf.o)
 .debug_line    0x0000000000003369       0x86 /crosscompiler/bin/../lib/gcc/mips-elf/4.4.2/libgcc.a(_sf_to_si.o)
 .debug_line    0x00000000000033ef       0x76 /crosscompiler/bin/../lib/gcc/mips-elf/4.4.2/libgcc.a(_sf_to_df.o)
 .debug_line    0x0000000000003465       0x5f /crosscompiler/bin/../lib/gcc/mips-elf/4.4.2/libgcc.a(_thenan_sf.o)
 .debug_line    0x00000000000034c4      0x111 /crosscompiler/bin/../lib/gcc/mips-elf/4.4.2/libgcc.a(_addsub_df.o)
 .debug_line    0x00000000000035d5       0xe0 /crosscompiler/bin/../lib/gcc/mips-elf/4.4.2/libgcc.a(_mul_df.o)
 .debug_line    0x00000000000036b5       0xca /crosscompiler/bin/../lib/gcc/mips-elf/4.4.2/libgcc.a(_div_df.o)
 .debug_line    0x000000000000377f       0x7f /crosscompiler/bin/../lib/gcc/mips-elf/4.4.2/libgcc.a(_eq_df.o)
 .debug_line    0x00000000000037fe       0x7f /crosscompiler/bin/../lib/gcc/mips-elf/4.4.2/libgcc.a(_gt_df.o)
 .debug_line    0x000000000000387d       0x7f /crosscompiler/bin/../lib/gcc/mips-elf/4.4.2/libgcc.a(_ge_df.o)
 .debug_line    0x00000000000038fc       0x9b /crosscompiler/bin/../lib/gcc/mips-elf/4.4.2/libgcc.a(_si_to_df.o)
 .debug_line    0x0000000000003997       0x85 /crosscompiler/bin/../lib/gcc/mips-elf/4.4.2/libgcc.a(_df_to_si.o)
 .debug_line    0x0000000000003a1c       0x7a /crosscompiler/bin/../lib/gcc/mips-elf/4.4.2/libgcc.a(_make_df.o)
 .debug_line    0x0000000000003a96       0x7e /crosscompiler/bin/../lib/gcc/mips-elf/4.4.2/libgcc.a(_df_to_sf.o)
 .debug_line    0x0000000000003b14       0x5f /crosscompiler/bin/../lib/gcc/mips-elf/4.4.2/libgcc.a(_thenan_df.o)
 .debug_line    0x0000000000003b73       0x97 /crosscompiler/bin/../lib/gcc/mips-elf/4.4.2/libgcc.a(_usi_to_df.o)
 .debug_line    0x0000000000003c0a       0x6d /crosscompiler/bin/../lib/gcc/mips-elf/4.4.2/libgcc.a(_lshrdi3.o)
 .debug_line    0x0000000000003c77       0x6f /crosscompiler/bin/../lib/gcc/mips-elf/4.4.2/libgcc.a(_ashldi3.o)
 .debug_line    0x0000000000003ce6       0x65 /crosscompiler/bin/../lib/gcc/mips-elf/4.4.2/libgcc.a(_ucmpdi2.o)
 .debug_line    0x0000000000003d4b       0x6f /crosscompiler/bin/../lib/gcc/mips-elf/4.4.2/libgcc.a(_clzsi2.o)
 .debug_line    0x0000000000003dba       0xb0 /crosscompiler/bin/../lib/gcc/mips-elf/4.4.2/libgcc.a(_pack_sf.o)
 .debug_line    0x0000000000003e6a       0xa1 /crosscompiler/bin/../lib/gcc/mips-elf/4.4.2/libgcc.a(_unpack_sf.o)
 .debug_line    0x0000000000003f0b       0x8f /crosscompiler/bin/../lib/gcc/mips-elf/4.4.2/libgcc.a(_fpcmp_parts_sf.o)
 .debug_line    0x0000000000003f9a       0x78 /crosscompiler/bin/../lib/gcc/mips-elf/4.4.2/libgcc.a(_make_sf.o)
 .debug_line    0x0000000000004012       0xb5 /crosscompiler/bin/../lib/gcc/mips-elf/4.4.2/libgcc.a(_pack_df.o)
 .debug_line    0x00000000000040c7       0x99 /crosscompiler/bin/../lib/gcc/mips-elf/4.4.2/libgcc.a(_unpack_df.o)
 .debug_line    0x0000000000004160       0x90 /crosscompiler/bin/../lib/gcc/mips-elf/4.4.2/libgcc.a(_fpcmp_parts_df.o)
 .debug_line    0x00000000000041f0       0x4e /crosscompiler/bin/../lib/gcc/mips-elf/4.4.2/libgcc.a(_clz.o)

.debug_frame    0x0000000000000000     0x11d4
 .debug_frame   0x0000000000000000       0x6c /cygdrive/d/work/projects/ST863EEASE/soft/build/sl_app/app/lib/libapp_release.a(sl_app_init.o)
 .debug_frame   0x000000000000006c      0x10c /cygdrive/d/work/projects/ST863EEASE/soft/build/sl_app/app/lib/libapp_release.a(FiFoData.o)
 .debug_frame   0x0000000000000178      0x240 /cygdrive/d/work/projects/ST863EEASE/soft/build/sl_app/app/lib/libapp_release.a(Gprs.o)
 .debug_frame   0x00000000000003b8       0xa0 /cygdrive/d/work/projects/ST863EEASE/soft/build/sl_app/app/lib/libapp_release.a(Led.o)
 .debug_frame   0x0000000000000458      0x198 /cygdrive/d/work/projects/ST863EEASE/soft/build/sl_app/app/lib/libapp_release.a(ProData.o)
 .debug_frame   0x00000000000005f0      0x104 /cygdrive/d/work/projects/ST863EEASE/soft/build/sl_app/app/lib/libapp_release.a(Rtc.o)
 .debug_frame   0x00000000000006f4       0xb0 /cygdrive/d/work/projects/ST863EEASE/soft/build/sl_app/app/lib/libapp_release.a(SysFile.o)
 .debug_frame   0x00000000000007a4       0xc8 /cygdrive/d/work/projects/ST863EEASE/soft/build/sl_app/app/lib/libapp_release.a(SysProcess.o)
 .debug_frame   0x000000000000086c       0x60 /cygdrive/d/work/projects/ST863EEASE/soft/build/sl_app/app/lib/libapp_release.a(SysTickTime.o)
 .debug_frame   0x00000000000008cc      0x178 /cygdrive/d/work/projects/ST863EEASE/soft/build/sl_app/app/lib/libapp_release.a(Terminal.o)
 .debug_frame   0x0000000000000a44       0xd8 /cygdrive/d/work/projects/ST863EEASE/soft/build/sl_app/app/lib/libapp_release.a(UART.o)
 .debug_frame   0x0000000000000b1c       0x20 /cygdrive/d/work/projects/ST863EEASE/soft/build/sl_app/app/lib/libapp_release.a(VersionNum.o)
 .debug_frame   0x0000000000000b3c       0x50 /cygdrive/d/work/projects/ST863EEASE/soft/build/sl_app/app/lib/libapp_release.a(BuildDataPacket.o)
 .debug_frame   0x0000000000000b8c       0xcc /cygdrive/d/work/projects/ST863EEASE/soft/build/sl_app/app/lib/libapp_release.a(GNSS.o)
 .debug_frame   0x0000000000000c58       0x2c /crosscompiler/bin/../lib/gcc/mips-elf/4.4.2/libgcc.a(_fixunssfsi.o)
 .debug_frame   0x0000000000000c84       0x30 /crosscompiler/bin/../lib/gcc/mips-elf/4.4.2/libgcc.a(_fixunsdfsi.o)
 .debug_frame   0x0000000000000cb4       0x70 /crosscompiler/bin/../lib/gcc/mips-elf/4.4.2/libgcc.a(_addsub_sf.o)
 .debug_frame   0x0000000000000d24       0x28 /crosscompiler/bin/../lib/gcc/mips-elf/4.4.2/libgcc.a(_mul_sf.o)
 .debug_frame   0x0000000000000d4c       0x30 /crosscompiler/bin/../lib/gcc/mips-elf/4.4.2/libgcc.a(_ge_sf.o)
 .debug_frame   0x0000000000000d7c       0x30 /crosscompiler/bin/../lib/gcc/mips-elf/4.4.2/libgcc.a(_lt_sf.o)
 .debug_frame   0x0000000000000dac       0x28 /crosscompiler/bin/../lib/gcc/mips-elf/4.4.2/libgcc.a(_sf_to_si.o)
 .debug_frame   0x0000000000000dd4       0x28 /crosscompiler/bin/../lib/gcc/mips-elf/4.4.2/libgcc.a(_sf_to_df.o)
 .debug_frame   0x0000000000000dfc       0x70 /crosscompiler/bin/../lib/gcc/mips-elf/4.4.2/libgcc.a(_addsub_df.o)
 .debug_frame   0x0000000000000e6c       0x30 /crosscompiler/bin/../lib/gcc/mips-elf/4.4.2/libgcc.a(_mul_df.o)
 .debug_frame   0x0000000000000e9c       0x30 /crosscompiler/bin/../lib/gcc/mips-elf/4.4.2/libgcc.a(_div_df.o)
 .debug_frame   0x0000000000000ecc       0x30 /crosscompiler/bin/../lib/gcc/mips-elf/4.4.2/libgcc.a(_eq_df.o)
 .debug_frame   0x0000000000000efc       0x30 /crosscompiler/bin/../lib/gcc/mips-elf/4.4.2/libgcc.a(_gt_df.o)
 .debug_frame   0x0000000000000f2c       0x30 /crosscompiler/bin/../lib/gcc/mips-elf/4.4.2/libgcc.a(_ge_df.o)
 .debug_frame   0x0000000000000f5c       0x30 /crosscompiler/bin/../lib/gcc/mips-elf/4.4.2/libgcc.a(_si_to_df.o)
 .debug_frame   0x0000000000000f8c       0x2c /crosscompiler/bin/../lib/gcc/mips-elf/4.4.2/libgcc.a(_df_to_si.o)
 .debug_frame   0x0000000000000fb8       0x28 /crosscompiler/bin/../lib/gcc/mips-elf/4.4.2/libgcc.a(_make_df.o)
 .debug_frame   0x0000000000000fe0       0x28 /crosscompiler/bin/../lib/gcc/mips-elf/4.4.2/libgcc.a(_df_to_sf.o)
 .debug_frame   0x0000000000001008       0x30 /crosscompiler/bin/../lib/gcc/mips-elf/4.4.2/libgcc.a(_usi_to_df.o)
 .debug_frame   0x0000000000001038       0x2c /crosscompiler/bin/../lib/gcc/mips-elf/4.4.2/libgcc.a(_lshrdi3.o)
 .debug_frame   0x0000000000001064       0x2c /crosscompiler/bin/../lib/gcc/mips-elf/4.4.2/libgcc.a(_ashldi3.o)
 .debug_frame   0x0000000000001090       0x2c /crosscompiler/bin/../lib/gcc/mips-elf/4.4.2/libgcc.a(_ucmpdi2.o)
 .debug_frame   0x00000000000010bc       0x20 /crosscompiler/bin/../lib/gcc/mips-elf/4.4.2/libgcc.a(_clzsi2.o)
 .debug_frame   0x00000000000010dc       0x20 /crosscompiler/bin/../lib/gcc/mips-elf/4.4.2/libgcc.a(_pack_sf.o)
 .debug_frame   0x00000000000010fc       0x20 /crosscompiler/bin/../lib/gcc/mips-elf/4.4.2/libgcc.a(_unpack_sf.o)
 .debug_frame   0x000000000000111c       0x20 /crosscompiler/bin/../lib/gcc/mips-elf/4.4.2/libgcc.a(_fpcmp_parts_sf.o)
 .debug_frame   0x000000000000113c       0x28 /crosscompiler/bin/../lib/gcc/mips-elf/4.4.2/libgcc.a(_make_sf.o)
 .debug_frame   0x0000000000001164       0x30 /crosscompiler/bin/../lib/gcc/mips-elf/4.4.2/libgcc.a(_pack_df.o)
 .debug_frame   0x0000000000001194       0x20 /crosscompiler/bin/../lib/gcc/mips-elf/4.4.2/libgcc.a(_unpack_df.o)
 .debug_frame   0x00000000000011b4       0x20 /crosscompiler/bin/../lib/gcc/mips-elf/4.4.2/libgcc.a(_fpcmp_parts_df.o)

.debug_loc      0x0000000000000000     0x3e50
 .debug_loc     0x0000000000000000      0x145 /cygdrive/d/work/projects/ST863EEASE/soft/build/sl_app/app/lib/libapp_release.a(sl_app_init.o)
 .debug_loc     0x0000000000000145      0x27b /cygdrive/d/work/projects/ST863EEASE/soft/build/sl_app/app/lib/libapp_release.a(FiFoData.o)
 .debug_loc     0x00000000000003c0      0x87d /cygdrive/d/work/projects/ST863EEASE/soft/build/sl_app/app/lib/libapp_release.a(Gprs.o)
 .debug_loc     0x0000000000000c3d      0x103 /cygdrive/d/work/projects/ST863EEASE/soft/build/sl_app/app/lib/libapp_release.a(Led.o)
 .debug_loc     0x0000000000000d40      0x774 /cygdrive/d/work/projects/ST863EEASE/soft/build/sl_app/app/lib/libapp_release.a(ProData.o)
 .debug_loc     0x00000000000014b4      0x23b /cygdrive/d/work/projects/ST863EEASE/soft/build/sl_app/app/lib/libapp_release.a(Rtc.o)
 .debug_loc     0x00000000000016ef      0x1c2 /cygdrive/d/work/projects/ST863EEASE/soft/build/sl_app/app/lib/libapp_release.a(SysFile.o)
 .debug_loc     0x00000000000018b1      0x204 /cygdrive/d/work/projects/ST863EEASE/soft/build/sl_app/app/lib/libapp_release.a(SysProcess.o)
 .debug_loc     0x0000000000001ab5      0x636 /cygdrive/d/work/projects/ST863EEASE/soft/build/sl_app/app/lib/libapp_release.a(Terminal.o)
 .debug_loc     0x00000000000020eb      0x2d9 /cygdrive/d/work/projects/ST863EEASE/soft/build/sl_app/app/lib/libapp_release.a(UART.o)
 .debug_loc     0x00000000000023c4      0x23f /cygdrive/d/work/projects/ST863EEASE/soft/build/sl_app/app/lib/libapp_release.a(BuildDataPacket.o)
 .debug_loc     0x0000000000002603      0x378 /cygdrive/d/work/projects/ST863EEASE/soft/build/sl_app/app/lib/libapp_release.a(GNSS.o)
 .debug_loc     0x000000000000297b       0x3d /crosscompiler/bin/../lib/gcc/mips-elf/4.4.2/libgcc.a(_fixunssfsi.o)
 .debug_loc     0x00000000000029b8       0x57 /crosscompiler/bin/../lib/gcc/mips-elf/4.4.2/libgcc.a(_fixunsdfsi.o)
 .debug_loc     0x0000000000002a0f      0x2ab /crosscompiler/bin/../lib/gcc/mips-elf/4.4.2/libgcc.a(_addsub_sf.o)
 .debug_loc     0x0000000000002cba       0xcf /crosscompiler/bin/../lib/gcc/mips-elf/4.4.2/libgcc.a(_mul_sf.o)
 .debug_loc     0x0000000000002d89       0x46 /crosscompiler/bin/../lib/gcc/mips-elf/4.4.2/libgcc.a(_ge_sf.o)
 .debug_loc     0x0000000000002dcf       0x46 /crosscompiler/bin/../lib/gcc/mips-elf/4.4.2/libgcc.a(_lt_sf.o)
 .debug_loc     0x0000000000002e15       0x66 /crosscompiler/bin/../lib/gcc/mips-elf/4.4.2/libgcc.a(_sf_to_si.o)
 .debug_loc     0x0000000000002e7b       0x32 /crosscompiler/bin/../lib/gcc/mips-elf/4.4.2/libgcc.a(_sf_to_df.o)
 .debug_loc     0x0000000000002ead      0x261 /crosscompiler/bin/../lib/gcc/mips-elf/4.4.2/libgcc.a(_addsub_df.o)
 .debug_loc     0x000000000000310e      0x167 /crosscompiler/bin/../lib/gcc/mips-elf/4.4.2/libgcc.a(_mul_df.o)
 .debug_loc     0x0000000000003275      0x164 /crosscompiler/bin/../lib/gcc/mips-elf/4.4.2/libgcc.a(_div_df.o)
 .debug_loc     0x00000000000033d9       0x50 /crosscompiler/bin/../lib/gcc/mips-elf/4.4.2/libgcc.a(_eq_df.o)
 .debug_loc     0x0000000000003429       0x50 /crosscompiler/bin/../lib/gcc/mips-elf/4.4.2/libgcc.a(_gt_df.o)
 .debug_loc     0x0000000000003479       0x50 /crosscompiler/bin/../lib/gcc/mips-elf/4.4.2/libgcc.a(_ge_df.o)
 .debug_loc     0x00000000000034c9       0x90 /crosscompiler/bin/../lib/gcc/mips-elf/4.4.2/libgcc.a(_si_to_df.o)
 .debug_loc     0x0000000000003559       0x6b /crosscompiler/bin/../lib/gcc/mips-elf/4.4.2/libgcc.a(_df_to_si.o)
 .debug_loc     0x00000000000035c4       0x7d /crosscompiler/bin/../lib/gcc/mips-elf/4.4.2/libgcc.a(_make_df.o)
 .debug_loc     0x0000000000003641       0x60 /crosscompiler/bin/../lib/gcc/mips-elf/4.4.2/libgcc.a(_df_to_sf.o)
 .debug_loc     0x00000000000036a1       0x72 /crosscompiler/bin/../lib/gcc/mips-elf/4.4.2/libgcc.a(_usi_to_df.o)
 .debug_loc     0x0000000000003713       0xbd /crosscompiler/bin/../lib/gcc/mips-elf/4.4.2/libgcc.a(_lshrdi3.o)
 .debug_loc     0x00000000000037d0       0xe5 /crosscompiler/bin/../lib/gcc/mips-elf/4.4.2/libgcc.a(_ashldi3.o)
 .debug_loc     0x00000000000038b5       0x6f /crosscompiler/bin/../lib/gcc/mips-elf/4.4.2/libgcc.a(_ucmpdi2.o)
 .debug_loc     0x0000000000003924       0x31 /crosscompiler/bin/../lib/gcc/mips-elf/4.4.2/libgcc.a(_clzsi2.o)
 .debug_loc     0x0000000000003955       0xd0 /crosscompiler/bin/../lib/gcc/mips-elf/4.4.2/libgcc.a(_pack_sf.o)
 .debug_loc     0x0000000000003a25       0x7b /crosscompiler/bin/../lib/gcc/mips-elf/4.4.2/libgcc.a(_unpack_sf.o)
 .debug_loc     0x0000000000003aa0       0x29 /crosscompiler/bin/../lib/gcc/mips-elf/4.4.2/libgcc.a(_fpcmp_parts_sf.o)
 .debug_loc     0x0000000000003ac9       0x6b /crosscompiler/bin/../lib/gcc/mips-elf/4.4.2/libgcc.a(_make_sf.o)
 .debug_loc     0x0000000000003b34      0x204 /crosscompiler/bin/../lib/gcc/mips-elf/4.4.2/libgcc.a(_pack_df.o)
 .debug_loc     0x0000000000003d38       0xef /crosscompiler/bin/../lib/gcc/mips-elf/4.4.2/libgcc.a(_unpack_df.o)
 .debug_loc     0x0000000000003e27       0x29 /crosscompiler/bin/../lib/gcc/mips-elf/4.4.2/libgcc.a(_fpcmp_parts_df.o)

.debug_pubnames
                0x0000000000000000      0xe02
 .debug_pubnames
                0x0000000000000000       0x55 /cygdrive/d/work/projects/ST863EEASE/soft/build/sl_app/app/lib/libapp_release.a(sl_app_init.o)
 .debug_pubnames
                0x0000000000000055       0xce /cygdrive/d/work/projects/ST863EEASE/soft/build/sl_app/app/lib/libapp_release.a(FiFoData.o)
 .debug_pubnames
                0x0000000000000123      0x1a5 /cygdrive/d/work/projects/ST863EEASE/soft/build/sl_app/app/lib/libapp_release.a(Gprs.o)
 .debug_pubnames
                0x00000000000002c8       0x61 /cygdrive/d/work/projects/ST863EEASE/soft/build/sl_app/app/lib/libapp_release.a(Led.o)
 .debug_pubnames
                0x0000000000000329      0x119 /cygdrive/d/work/projects/ST863EEASE/soft/build/sl_app/app/lib/libapp_release.a(ProData.o)
 .debug_pubnames
                0x0000000000000442       0xe4 /cygdrive/d/work/projects/ST863EEASE/soft/build/sl_app/app/lib/libapp_release.a(Rtc.o)
 .debug_pubnames
                0x0000000000000526       0x7c /cygdrive/d/work/projects/ST863EEASE/soft/build/sl_app/app/lib/libapp_release.a(SysFile.o)
 .debug_pubnames
                0x00000000000005a2       0x96 /cygdrive/d/work/projects/ST863EEASE/soft/build/sl_app/app/lib/libapp_release.a(SysProcess.o)
 .debug_pubnames
                0x0000000000000638       0x88 /cygdrive/d/work/projects/ST863EEASE/soft/build/sl_app/app/lib/libapp_release.a(SysTickTime.o)
 .debug_pubnames
                0x00000000000006c0      0x167 /cygdrive/d/work/projects/ST863EEASE/soft/build/sl_app/app/lib/libapp_release.a(Terminal.o)
 .debug_pubnames
                0x0000000000000827       0xae /cygdrive/d/work/projects/ST863EEASE/soft/build/sl_app/app/lib/libapp_release.a(UART.o)
 .debug_pubnames
                0x00000000000008d5       0x20 /cygdrive/d/work/projects/ST863EEASE/soft/build/sl_app/app/lib/libapp_release.a(VersionNum.o)
 .debug_pubnames
                0x00000000000008f5       0x19 /cygdrive/d/work/projects/ST863EEASE/soft/build/sl_app/app/lib/libapp_release.a(sl_app.o)
 .debug_pubnames
                0x000000000000090e       0x42 /cygdrive/d/work/projects/ST863EEASE/soft/build/sl_app/app/lib/libapp_release.a(BuildDataPacket.o)
 .debug_pubnames
                0x0000000000000950       0x65 /cygdrive/d/work/projects/ST863EEASE/soft/build/sl_app/app/lib/libapp_release.a(GNSS.o)
 .debug_pubnames
                0x00000000000009b5       0x23 /crosscompiler/bin/../lib/gcc/mips-elf/4.4.2/libgcc.a(_fixunssfsi.o)
 .debug_pubnames
                0x00000000000009d8       0x23 /crosscompiler/bin/../lib/gcc/mips-elf/4.4.2/libgcc.a(_fixunsdfsi.o)
 .debug_pubnames
                0x00000000000009fb       0x2c /crosscompiler/bin/../lib/gcc/mips-elf/4.4.2/libgcc.a(_addsub_sf.o)
 .debug_pubnames
                0x0000000000000a27       0x1f /crosscompiler/bin/../lib/gcc/mips-elf/4.4.2/libgcc.a(_mul_sf.o)
 .debug_pubnames
                0x0000000000000a46       0x1e /crosscompiler/bin/../lib/gcc/mips-elf/4.4.2/libgcc.a(_ge_sf.o)
 .debug_pubnames
                0x0000000000000a64       0x1e /crosscompiler/bin/../lib/gcc/mips-elf/4.4.2/libgcc.a(_lt_sf.o)
 .debug_pubnames
                0x0000000000000a82       0x20 /crosscompiler/bin/../lib/gcc/mips-elf/4.4.2/libgcc.a(_sf_to_si.o)
 .debug_pubnames
                0x0000000000000aa2       0x24 /crosscompiler/bin/../lib/gcc/mips-elf/4.4.2/libgcc.a(_sf_to_df.o)
 .debug_pubnames
                0x0000000000000ac6       0x22 /crosscompiler/bin/../lib/gcc/mips-elf/4.4.2/libgcc.a(_thenan_sf.o)
 .debug_pubnames
                0x0000000000000ae8       0x2c /crosscompiler/bin/../lib/gcc/mips-elf/4.4.2/libgcc.a(_addsub_df.o)
 .debug_pubnames
                0x0000000000000b14       0x1f /crosscompiler/bin/../lib/gcc/mips-elf/4.4.2/libgcc.a(_mul_df.o)
 .debug_pubnames
                0x0000000000000b33       0x1f /crosscompiler/bin/../lib/gcc/mips-elf/4.4.2/libgcc.a(_div_df.o)
 .debug_pubnames
                0x0000000000000b52       0x1e /crosscompiler/bin/../lib/gcc/mips-elf/4.4.2/libgcc.a(_eq_df.o)
 .debug_pubnames
                0x0000000000000b70       0x1e /crosscompiler/bin/../lib/gcc/mips-elf/4.4.2/libgcc.a(_gt_df.o)
 .debug_pubnames
                0x0000000000000b8e       0x1e /crosscompiler/bin/../lib/gcc/mips-elf/4.4.2/libgcc.a(_ge_df.o)
 .debug_pubnames
                0x0000000000000bac       0x22 /crosscompiler/bin/../lib/gcc/mips-elf/4.4.2/libgcc.a(_si_to_df.o)
 .debug_pubnames
                0x0000000000000bce       0x20 /crosscompiler/bin/../lib/gcc/mips-elf/4.4.2/libgcc.a(_df_to_si.o)
 .debug_pubnames
                0x0000000000000bee       0x20 /crosscompiler/bin/../lib/gcc/mips-elf/4.4.2/libgcc.a(_make_df.o)
 .debug_pubnames
                0x0000000000000c0e       0x23 /crosscompiler/bin/../lib/gcc/mips-elf/4.4.2/libgcc.a(_df_to_sf.o)
 .debug_pubnames
                0x0000000000000c31       0x22 /crosscompiler/bin/../lib/gcc/mips-elf/4.4.2/libgcc.a(_thenan_df.o)
 .debug_pubnames
                0x0000000000000c53       0x24 /crosscompiler/bin/../lib/gcc/mips-elf/4.4.2/libgcc.a(_usi_to_df.o)
 .debug_pubnames
                0x0000000000000c77       0x20 /crosscompiler/bin/../lib/gcc/mips-elf/4.4.2/libgcc.a(_lshrdi3.o)
 .debug_pubnames
                0x0000000000000c97       0x20 /crosscompiler/bin/../lib/gcc/mips-elf/4.4.2/libgcc.a(_ashldi3.o)
 .debug_pubnames
                0x0000000000000cb7       0x20 /crosscompiler/bin/../lib/gcc/mips-elf/4.4.2/libgcc.a(_ucmpdi2.o)
 .debug_pubnames
                0x0000000000000cd7       0x1f /crosscompiler/bin/../lib/gcc/mips-elf/4.4.2/libgcc.a(_clzsi2.o)
 .debug_pubnames
                0x0000000000000cf6       0x1f /crosscompiler/bin/../lib/gcc/mips-elf/4.4.2/libgcc.a(_pack_sf.o)
 .debug_pubnames
                0x0000000000000d15       0x21 /crosscompiler/bin/../lib/gcc/mips-elf/4.4.2/libgcc.a(_unpack_sf.o)
 .debug_pubnames
                0x0000000000000d36       0x26 /crosscompiler/bin/../lib/gcc/mips-elf/4.4.2/libgcc.a(_fpcmp_parts_sf.o)
 .debug_pubnames
                0x0000000000000d5c       0x20 /crosscompiler/bin/../lib/gcc/mips-elf/4.4.2/libgcc.a(_make_sf.o)
 .debug_pubnames
                0x0000000000000d7c       0x1f /crosscompiler/bin/../lib/gcc/mips-elf/4.4.2/libgcc.a(_pack_df.o)
 .debug_pubnames
                0x0000000000000d9b       0x21 /crosscompiler/bin/../lib/gcc/mips-elf/4.4.2/libgcc.a(_unpack_df.o)
 .debug_pubnames
                0x0000000000000dbc       0x26 /crosscompiler/bin/../lib/gcc/mips-elf/4.4.2/libgcc.a(_fpcmp_parts_df.o)
 .debug_pubnames
                0x0000000000000de2       0x20 /crosscompiler/bin/../lib/gcc/mips-elf/4.4.2/libgcc.a(_clz.o)

.debug_aranges  0x0000000000000000      0x8e0
 .debug_aranges
                0x0000000000000000       0x30 /cygdrive/d/work/projects/ST863EEASE/soft/build/sl_app/app/lib/libapp_release.a(sl_app_init.o)
 .debug_aranges
                0x0000000000000030       0x68 /cygdrive/d/work/projects/ST863EEASE/soft/build/sl_app/app/lib/libapp_release.a(FiFoData.o)
 .debug_aranges
                0x0000000000000098       0xc0 /cygdrive/d/work/projects/ST863EEASE/soft/build/sl_app/app/lib/libapp_release.a(Gprs.o)
 .debug_aranges
                0x0000000000000158       0x40 /cygdrive/d/work/projects/ST863EEASE/soft/build/sl_app/app/lib/libapp_release.a(Led.o)
 .debug_aranges
                0x0000000000000198       0xb0 /cygdrive/d/work/projects/ST863EEASE/soft/build/sl_app/app/lib/libapp_release.a(ProData.o)
 .debug_aranges
                0x0000000000000248       0x70 /cygdrive/d/work/projects/ST863EEASE/soft/build/sl_app/app/lib/libapp_release.a(Rtc.o)
 .debug_aranges
                0x00000000000002b8       0x48 /cygdrive/d/work/projects/ST863EEASE/soft/build/sl_app/app/lib/libapp_release.a(SysFile.o)
 .debug_aranges
                0x0000000000000300       0x50 /cygdrive/d/work/projects/ST863EEASE/soft/build/sl_app/app/lib/libapp_release.a(SysProcess.o)
 .debug_aranges
                0x0000000000000350       0x40 /cygdrive/d/work/projects/ST863EEASE/soft/build/sl_app/app/lib/libapp_release.a(SysTickTime.o)
 .debug_aranges
                0x0000000000000390       0x98 /cygdrive/d/work/projects/ST863EEASE/soft/build/sl_app/app/lib/libapp_release.a(Terminal.o)
 .debug_aranges
                0x0000000000000428       0x60 /cygdrive/d/work/projects/ST863EEASE/soft/build/sl_app/app/lib/libapp_release.a(UART.o)
 .debug_aranges
                0x0000000000000488       0x20 /cygdrive/d/work/projects/ST863EEASE/soft/build/sl_app/app/lib/libapp_release.a(VersionNum.o)
 .debug_aranges
                0x00000000000004a8       0x28 /cygdrive/d/work/projects/ST863EEASE/soft/build/sl_app/app/lib/libapp_release.a(BuildDataPacket.o)
 .debug_aranges
                0x00000000000004d0       0x50 /cygdrive/d/work/projects/ST863EEASE/soft/build/sl_app/app/lib/libapp_release.a(GNSS.o)
 .debug_aranges
                0x0000000000000520       0x20 /crosscompiler/bin/../lib/gcc/mips-elf/4.4.2/libgcc.a(_fixunssfsi.o)
 .debug_aranges
                0x0000000000000540       0x20 /crosscompiler/bin/../lib/gcc/mips-elf/4.4.2/libgcc.a(_fixunsdfsi.o)
 .debug_aranges
                0x0000000000000560       0x20 /crosscompiler/bin/../lib/gcc/mips-elf/4.4.2/libgcc.a(_addsub_sf.o)
 .debug_aranges
                0x0000000000000580       0x20 /crosscompiler/bin/../lib/gcc/mips-elf/4.4.2/libgcc.a(_mul_sf.o)
 .debug_aranges
                0x00000000000005a0       0x20 /crosscompiler/bin/../lib/gcc/mips-elf/4.4.2/libgcc.a(_ge_sf.o)
 .debug_aranges
                0x00000000000005c0       0x20 /crosscompiler/bin/../lib/gcc/mips-elf/4.4.2/libgcc.a(_lt_sf.o)
 .debug_aranges
                0x00000000000005e0       0x20 /crosscompiler/bin/../lib/gcc/mips-elf/4.4.2/libgcc.a(_sf_to_si.o)
 .debug_aranges
                0x0000000000000600       0x20 /crosscompiler/bin/../lib/gcc/mips-elf/4.4.2/libgcc.a(_sf_to_df.o)
 .debug_aranges
                0x0000000000000620       0x20 /crosscompiler/bin/../lib/gcc/mips-elf/4.4.2/libgcc.a(_addsub_df.o)
 .debug_aranges
                0x0000000000000640       0x20 /crosscompiler/bin/../lib/gcc/mips-elf/4.4.2/libgcc.a(_mul_df.o)
 .debug_aranges
                0x0000000000000660       0x20 /crosscompiler/bin/../lib/gcc/mips-elf/4.4.2/libgcc.a(_div_df.o)
 .debug_aranges
                0x0000000000000680       0x20 /crosscompiler/bin/../lib/gcc/mips-elf/4.4.2/libgcc.a(_eq_df.o)
 .debug_aranges
                0x00000000000006a0       0x20 /crosscompiler/bin/../lib/gcc/mips-elf/4.4.2/libgcc.a(_gt_df.o)
 .debug_aranges
                0x00000000000006c0       0x20 /crosscompiler/bin/../lib/gcc/mips-elf/4.4.2/libgcc.a(_ge_df.o)
 .debug_aranges
                0x00000000000006e0       0x20 /crosscompiler/bin/../lib/gcc/mips-elf/4.4.2/libgcc.a(_si_to_df.o)
 .debug_aranges
                0x0000000000000700       0x20 /crosscompiler/bin/../lib/gcc/mips-elf/4.4.2/libgcc.a(_df_to_si.o)
 .debug_aranges
                0x0000000000000720       0x20 /crosscompiler/bin/../lib/gcc/mips-elf/4.4.2/libgcc.a(_make_df.o)
 .debug_aranges
                0x0000000000000740       0x20 /crosscompiler/bin/../lib/gcc/mips-elf/4.4.2/libgcc.a(_df_to_sf.o)
 .debug_aranges
                0x0000000000000760       0x20 /crosscompiler/bin/../lib/gcc/mips-elf/4.4.2/libgcc.a(_usi_to_df.o)
 .debug_aranges
                0x0000000000000780       0x20 /crosscompiler/bin/../lib/gcc/mips-elf/4.4.2/libgcc.a(_lshrdi3.o)
 .debug_aranges
                0x00000000000007a0       0x20 /crosscompiler/bin/../lib/gcc/mips-elf/4.4.2/libgcc.a(_ashldi3.o)
 .debug_aranges
                0x00000000000007c0       0x20 /crosscompiler/bin/../lib/gcc/mips-elf/4.4.2/libgcc.a(_ucmpdi2.o)
 .debug_aranges
                0x00000000000007e0       0x20 /crosscompiler/bin/../lib/gcc/mips-elf/4.4.2/libgcc.a(_clzsi2.o)
 .debug_aranges
                0x0000000000000800       0x20 /crosscompiler/bin/../lib/gcc/mips-elf/4.4.2/libgcc.a(_pack_sf.o)
 .debug_aranges
                0x0000000000000820       0x20 /crosscompiler/bin/../lib/gcc/mips-elf/4.4.2/libgcc.a(_unpack_sf.o)
 .debug_aranges
                0x0000000000000840       0x20 /crosscompiler/bin/../lib/gcc/mips-elf/4.4.2/libgcc.a(_fpcmp_parts_sf.o)
 .debug_aranges
                0x0000000000000860       0x20 /crosscompiler/bin/../lib/gcc/mips-elf/4.4.2/libgcc.a(_make_sf.o)
 .debug_aranges
                0x0000000000000880       0x20 /crosscompiler/bin/../lib/gcc/mips-elf/4.4.2/libgcc.a(_pack_df.o)
 .debug_aranges
                0x00000000000008a0       0x20 /crosscompiler/bin/../lib/gcc/mips-elf/4.4.2/libgcc.a(_unpack_df.o)
 .debug_aranges
                0x00000000000008c0       0x20 /crosscompiler/bin/../lib/gcc/mips-elf/4.4.2/libgcc.a(_fpcmp_parts_df.o)

.debug_ranges   0x0000000000000000      0x548
 .debug_ranges  0x0000000000000000       0x28 /cygdrive/d/work/projects/ST863EEASE/soft/build/sl_app/app/lib/libapp_release.a(sl_app_init.o)
 .debug_ranges  0x0000000000000028       0x60 /cygdrive/d/work/projects/ST863EEASE/soft/build/sl_app/app/lib/libapp_release.a(FiFoData.o)
 .debug_ranges  0x0000000000000088       0xb8 /cygdrive/d/work/projects/ST863EEASE/soft/build/sl_app/app/lib/libapp_release.a(Gprs.o)
 .debug_ranges  0x0000000000000140       0x58 /cygdrive/d/work/projects/ST863EEASE/soft/build/sl_app/app/lib/libapp_release.a(Led.o)
 .debug_ranges  0x0000000000000198       0xa8 /cygdrive/d/work/projects/ST863EEASE/soft/build/sl_app/app/lib/libapp_release.a(ProData.o)
 .debug_ranges  0x0000000000000240       0x68 /cygdrive/d/work/projects/ST863EEASE/soft/build/sl_app/app/lib/libapp_release.a(Rtc.o)
 .debug_ranges  0x00000000000002a8       0x40 /cygdrive/d/work/projects/ST863EEASE/soft/build/sl_app/app/lib/libapp_release.a(SysFile.o)
 .debug_ranges  0x00000000000002e8       0x48 /cygdrive/d/work/projects/ST863EEASE/soft/build/sl_app/app/lib/libapp_release.a(SysProcess.o)
 .debug_ranges  0x0000000000000330       0x38 /cygdrive/d/work/projects/ST863EEASE/soft/build/sl_app/app/lib/libapp_release.a(SysTickTime.o)
 .debug_ranges  0x0000000000000368       0x90 /cygdrive/d/work/projects/ST863EEASE/soft/build/sl_app/app/lib/libapp_release.a(Terminal.o)
 .debug_ranges  0x00000000000003f8       0x58 /cygdrive/d/work/projects/ST863EEASE/soft/build/sl_app/app/lib/libapp_release.a(UART.o)
 .debug_ranges  0x0000000000000450       0x18 /cygdrive/d/work/projects/ST863EEASE/soft/build/sl_app/app/lib/libapp_release.a(VersionNum.o)
 .debug_ranges  0x0000000000000468       0x20 /cygdrive/d/work/projects/ST863EEASE/soft/build/sl_app/app/lib/libapp_release.a(BuildDataPacket.o)
 .debug_ranges  0x0000000000000488       0x48 /cygdrive/d/work/projects/ST863EEASE/soft/build/sl_app/app/lib/libapp_release.a(GNSS.o)
 .debug_ranges  0x00000000000004d0       0x28 /crosscompiler/bin/../lib/gcc/mips-elf/4.4.2/libgcc.a(_mul_sf.o)
 .debug_ranges  0x00000000000004f8       0x20 /crosscompiler/bin/../lib/gcc/mips-elf/4.4.2/libgcc.a(_mul_df.o)
 .debug_ranges  0x0000000000000518       0x18 /crosscompiler/bin/../lib/gcc/mips-elf/4.4.2/libgcc.a(_si_to_df.o)
 .debug_ranges  0x0000000000000530       0x18 /crosscompiler/bin/../lib/gcc/mips-elf/4.4.2/libgcc.a(_usi_to_df.o)

.debug_str      0x0000000000000000     0x68ee
 .debug_str     0x0000000000000000     0x4e12 /cygdrive/d/work/projects/ST863EEASE/soft/build/sl_app/app/lib/libapp_release.a(sl_app_init.o)
                                       0x4ed7 (size before relaxing)
 .debug_str     0x0000000000004e12      0x147 /cygdrive/d/work/projects/ST863EEASE/soft/build/sl_app/app/lib/libapp_release.a(FiFoData.o)
                                       0x3c00 (size before relaxing)
 .debug_str     0x0000000000004f59      0x612 /cygdrive/d/work/projects/ST863EEASE/soft/build/sl_app/app/lib/libapp_release.a(Gprs.o)
                                       0x5415 (size before relaxing)
 .debug_str     0x000000000000556b       0xd0 /cygdrive/d/work/projects/ST863EEASE/soft/build/sl_app/app/lib/libapp_release.a(Led.o)
                                       0x3db5 (size before relaxing)
 .debug_str     0x000000000000563b      0x153 /cygdrive/d/work/projects/ST863EEASE/soft/build/sl_app/app/lib/libapp_release.a(ProData.o)
                                       0x3bf5 (size before relaxing)
 .debug_str     0x000000000000578e       0xfb /cygdrive/d/work/projects/ST863EEASE/soft/build/sl_app/app/lib/libapp_release.a(Rtc.o)
                                       0x3ccf (size before relaxing)
 .debug_str     0x0000000000005889       0x86 /cygdrive/d/work/projects/ST863EEASE/soft/build/sl_app/app/lib/libapp_release.a(SysFile.o)
                                       0x3c45 (size before relaxing)
 .debug_str     0x000000000000590f      0x185 /cygdrive/d/work/projects/ST863EEASE/soft/build/sl_app/app/lib/libapp_release.a(SysProcess.o)
                                       0x3f25 (size before relaxing)
 .debug_str     0x0000000000005a94       0x70 /cygdrive/d/work/projects/ST863EEASE/soft/build/sl_app/app/lib/libapp_release.a(SysTickTime.o)
                                        0x187 (size before relaxing)
 .debug_str     0x0000000000005b04      0x27d /cygdrive/d/work/projects/ST863EEASE/soft/build/sl_app/app/lib/libapp_release.a(Terminal.o)
                                       0x41fb (size before relaxing)
 .debug_str     0x0000000000005d81      0x127 /cygdrive/d/work/projects/ST863EEASE/soft/build/sl_app/app/lib/libapp_release.a(UART.o)
                                       0x3c0f (size before relaxing)
 .debug_str     0x0000000000005ea8       0x1b /cygdrive/d/work/projects/ST863EEASE/soft/build/sl_app/app/lib/libapp_release.a(VersionNum.o)
                                        0x10f (size before relaxing)
 .debug_str     0x0000000000005ec3        0xd /cygdrive/d/work/projects/ST863EEASE/soft/build/sl_app/app/lib/libapp_release.a(sl_app.o)
                                       0x3a9f (size before relaxing)
 .debug_str     0x0000000000005ed0      0x4f5 /cygdrive/d/work/projects/ST863EEASE/soft/build/sl_app/app/lib/libapp_release.a(BuildDataPacket.o)
                                       0x434e (size before relaxing)
 .debug_str     0x00000000000063c5       0xf3 /cygdrive/d/work/projects/ST863EEASE/soft/build/sl_app/app/lib/libapp_release.a(GNSS.o)
                                       0x3d82 (size before relaxing)
 .debug_str     0x00000000000064b8       0x94 /crosscompiler/bin/../lib/gcc/mips-elf/4.4.2/libgcc.a(_fixunssfsi.o)
                                        0x156 (size before relaxing)
 .debug_str     0x000000000000654c       0x14 /crosscompiler/bin/../lib/gcc/mips-elf/4.4.2/libgcc.a(_fixunsdfsi.o)
                                        0x156 (size before relaxing)
 .debug_str     0x0000000000006560      0x150 /crosscompiler/bin/../lib/gcc/mips-elf/4.4.2/libgcc.a(_addsub_sf.o)
                                        0x255 (size before relaxing)
 .debug_str     0x00000000000066b0       0x2a /crosscompiler/bin/../lib/gcc/mips-elf/4.4.2/libgcc.a(_mul_sf.o)
                                        0x20c (size before relaxing)
 .debug_str     0x00000000000066da       0x10 /crosscompiler/bin/../lib/gcc/mips-elf/4.4.2/libgcc.a(_ge_sf.o)
                                        0x1dd (size before relaxing)
 .debug_str     0x00000000000066ea        0x8 /crosscompiler/bin/../lib/gcc/mips-elf/4.4.2/libgcc.a(_lt_sf.o)
                                        0x1dd (size before relaxing)
 .debug_str     0x00000000000066f2        0xa /crosscompiler/bin/../lib/gcc/mips-elf/4.4.2/libgcc.a(_sf_to_si.o)
                                        0x1e5 (size before relaxing)
 .debug_str     0x00000000000066fc        0xe /crosscompiler/bin/../lib/gcc/mips-elf/4.4.2/libgcc.a(_sf_to_df.o)
                                        0x1d6 (size before relaxing)
 .debug_str     0x0000000000000000      0x187 /crosscompiler/bin/../lib/gcc/mips-elf/4.4.2/libgcc.a(_thenan_sf.o)
 .debug_str     0x000000000000670a       0x39 /crosscompiler/bin/../lib/gcc/mips-elf/4.4.2/libgcc.a(_addsub_df.o)
                                        0x25b (size before relaxing)
 .debug_str     0x0000000000006743       0x33 /crosscompiler/bin/../lib/gcc/mips-elf/4.4.2/libgcc.a(_mul_df.o)
                                        0x22d (size before relaxing)
 .debug_str     0x0000000000006776       0x35 /crosscompiler/bin/../lib/gcc/mips-elf/4.4.2/libgcc.a(_div_df.o)
                                        0x21d (size before relaxing)
 .debug_str     0x00000000000067ab        0x8 /crosscompiler/bin/../lib/gcc/mips-elf/4.4.2/libgcc.a(_eq_df.o)
                                        0x1e3 (size before relaxing)
 .debug_str     0x00000000000067b3        0x8 /crosscompiler/bin/../lib/gcc/mips-elf/4.4.2/libgcc.a(_gt_df.o)
                                        0x1e3 (size before relaxing)
 .debug_str     0x00000000000067bb        0x8 /crosscompiler/bin/../lib/gcc/mips-elf/4.4.2/libgcc.a(_ge_df.o)
                                        0x1e3 (size before relaxing)
 .debug_str     0x00000000000067c3       0x1e /crosscompiler/bin/../lib/gcc/mips-elf/4.4.2/libgcc.a(_si_to_df.o)
                                        0x1c2 (size before relaxing)
 .debug_str     0x00000000000067e1        0xa /crosscompiler/bin/../lib/gcc/mips-elf/4.4.2/libgcc.a(_df_to_si.o)
                                        0x1eb (size before relaxing)
 .debug_str     0x00000000000067eb        0xa /crosscompiler/bin/../lib/gcc/mips-elf/4.4.2/libgcc.a(_make_df.o)
                                        0x19d (size before relaxing)
 .debug_str     0x00000000000067f5       0x14 /crosscompiler/bin/../lib/gcc/mips-elf/4.4.2/libgcc.a(_df_to_sf.o)
                                        0x1e2 (size before relaxing)
 .debug_str     0x0000000000000000      0x187 /crosscompiler/bin/../lib/gcc/mips-elf/4.4.2/libgcc.a(_thenan_df.o)
 .debug_str     0x0000000000006809       0x14 /crosscompiler/bin/../lib/gcc/mips-elf/4.4.2/libgcc.a(_usi_to_df.o)
                                        0x1be (size before relaxing)
 .debug_str     0x000000000000681d       0x34 /crosscompiler/bin/../lib/gcc/mips-elf/4.4.2/libgcc.a(_lshrdi3.o)
                                        0x189 (size before relaxing)
 .debug_str     0x0000000000006851        0xa /crosscompiler/bin/../lib/gcc/mips-elf/4.4.2/libgcc.a(_ashldi3.o)
                                        0x189 (size before relaxing)
 .debug_str     0x000000000000685b       0x1a /crosscompiler/bin/../lib/gcc/mips-elf/4.4.2/libgcc.a(_ucmpdi2.o)
                                        0x178 (size before relaxing)
 .debug_str     0x0000000000006875       0x20 /crosscompiler/bin/../lib/gcc/mips-elf/4.4.2/libgcc.a(_clzsi2.o)
                                        0x169 (size before relaxing)
 .debug_str     0x0000000000006895       0x10 /crosscompiler/bin/../lib/gcc/mips-elf/4.4.2/libgcc.a(_pack_sf.o)
                                        0x1e4 (size before relaxing)
 .debug_str     0x00000000000068a5        0xb /crosscompiler/bin/../lib/gcc/mips-elf/4.4.2/libgcc.a(_unpack_sf.o)
                                        0x1c6 (size before relaxing)
 .debug_str     0x00000000000068b0       0x10 /crosscompiler/bin/../lib/gcc/mips-elf/4.4.2/libgcc.a(_fpcmp_parts_sf.o)
                                        0x1aa (size before relaxing)
 .debug_str     0x00000000000068c0        0xa /crosscompiler/bin/../lib/gcc/mips-elf/4.4.2/libgcc.a(_make_sf.o)
                                        0x19d (size before relaxing)
 .debug_str     0x00000000000068ca        0x9 /crosscompiler/bin/../lib/gcc/mips-elf/4.4.2/libgcc.a(_pack_df.o)
                                        0x1ea (size before relaxing)
 .debug_str     0x00000000000068d3        0xb /crosscompiler/bin/../lib/gcc/mips-elf/4.4.2/libgcc.a(_unpack_df.o)
                                        0x1cc (size before relaxing)
 .debug_str     0x00000000000068de       0x10 /crosscompiler/bin/../lib/gcc/mips-elf/4.4.2/libgcc.a(_fpcmp_parts_df.o)
                                        0x1aa (size before relaxing)
 .debug_str     0x0000000000000000      0x14c /crosscompiler/bin/../lib/gcc/mips-elf/4.4.2/libgcc.a(_clz.o)
