Archive member included because of file (symbol)

/cygdrive/c/projects/ST86YXZG/soft/build/sl_app/app/lib/libapp_release.a(sl_app_init.o)
                              (SL_Entry)
/cygdrive/c/projects/ST86YXZG/soft/build/sl_app/app/lib/libapp_release.a(FiFoData.o)
                              /cygdrive/c/projects/ST86YXZG/soft/build/sl_app/app/lib/libapp_release.a(sl_app_init.o) (LoadSendQueue)
/cygdrive/c/projects/ST86YXZG/soft/build/sl_app/app/lib/libapp_release.a(GNSS.o)
                              /cygdrive/c/projects/ST86YXZG/soft/build/sl_app/app/lib/libapp_release.a(sl_app_init.o) (GnssDataParse)
/cygdrive/c/projects/ST86YXZG/soft/build/sl_app/app/lib/libapp_release.a(Gprs.o)
                              /cygdrive/c/projects/ST86YXZG/soft/build/sl_app/app/lib/libapp_release.a(sl_app_init.o) (InitTcpIp)
/cygdrive/c/projects/ST86YXZG/soft/build/sl_app/app/lib/libapp_release.a(Led.o)
                              /cygdrive/c/projects/ST86YXZG/soft/build/sl_app/app/lib/libapp_release.a(sl_app_init.o) (Init_Led)
/cygdrive/c/projects/ST86YXZG/soft/build/sl_app/app/lib/libapp_release.a(ProData.o)
                              /cygdrive/c/projects/ST86YXZG/soft/build/sl_app/app/lib/libapp_release.a(GNSS.o) (LookForStr)
/cygdrive/c/projects/ST86YXZG/soft/build/sl_app/app/lib/libapp_release.a(Rtc.o)
                              /cygdrive/c/projects/ST86YXZG/soft/build/sl_app/app/lib/libapp_release.a(GNSS.o) (CalendarToUnix)
/cygdrive/c/projects/ST86YXZG/soft/build/sl_app/app/lib/libapp_release.a(SysFile.o)
                              /cygdrive/c/projects/ST86YXZG/soft/build/sl_app/app/lib/libapp_release.a(Gprs.o) (GetLocalLogFileSpace)
/cygdrive/c/projects/ST86YXZG/soft/build/sl_app/app/lib/libapp_release.a(SysProcess.o)
                              /cygdrive/c/projects/ST86YXZG/soft/build/sl_app/app/lib/libapp_release.a(GNSS.o) (ResetNextTime)
/cygdrive/c/projects/ST86YXZG/soft/build/sl_app/app/lib/libapp_release.a(SysTickTime.o)
                              /cygdrive/c/projects/ST86YXZG/soft/build/sl_app/app/lib/libapp_release.a(GNSS.o) (init_stopwatch16)
/cygdrive/c/projects/ST86YXZG/soft/build/sl_app/app/lib/libapp_release.a(TcpIPUpload.o)
                              /cygdrive/c/projects/ST86YXZG/soft/build/sl_app/app/lib/libapp_release.a(sl_app_init.o) (ProcessTcpIpUpLoad)
/cygdrive/c/projects/ST86YXZG/soft/build/sl_app/app/lib/libapp_release.a(Terminal.o)
                              /cygdrive/c/projects/ST86YXZG/soft/build/sl_app/app/lib/libapp_release.a(SysProcess.o) (GetCanDataSpace)
/cygdrive/c/projects/ST86YXZG/soft/build/sl_app/app/lib/libapp_release.a(UART.o)
                              /cygdrive/c/projects/ST86YXZG/soft/build/sl_app/app/lib/libapp_release.a(sl_app_init.o) (UART1_Init)
/cygdrive/c/projects/ST86YXZG/soft/build/sl_app/app/lib/libapp_release.a(VersionNum.o)
                              /cygdrive/c/projects/ST86YXZG/soft/build/sl_app/app/lib/libapp_release.a(Terminal.o) (GetVerNum)
/cygdrive/c/projects/ST86YXZG/soft/build/sl_app/app/lib/libapp_release.a(sl_app.o)
                              /cygdrive/c/projects/ST86YXZG/soft/build/sl_app/app/lib/libapp_release.a(sl_app_init.o) (AA)
/cygdrive/c/projects/ST86YXZG/soft/build/sl_app/app/lib/libapp_release.a(BuildDataPacket.o)
                              /cygdrive/c/projects/ST86YXZG/soft/build/sl_app/app/lib/libapp_release.a(Gprs.o) (ResetTerMsgBig)
/crosscompiler/bin/../lib/gcc/mips-elf/4.4.2/libgcc.a(_fixunssfsi.o)
                              /cygdrive/c/projects/ST86YXZG/soft/build/sl_app/app/lib/libapp_release.a(BuildDataPacket.o) (__fixunssfsi)
/crosscompiler/bin/../lib/gcc/mips-elf/4.4.2/libgcc.a(_fixunsdfsi.o)
                              /cygdrive/c/projects/ST86YXZG/soft/build/sl_app/app/lib/libapp_release.a(GNSS.o) (__fixunsdfsi)
/crosscompiler/bin/../lib/gcc/mips-elf/4.4.2/libgcc.a(_addsub_sf.o)
                              /crosscompiler/bin/../lib/gcc/mips-elf/4.4.2/libgcc.a(_fixunssfsi.o) (__subsf3)
/crosscompiler/bin/../lib/gcc/mips-elf/4.4.2/libgcc.a(_ge_sf.o)
                              /crosscompiler/bin/../lib/gcc/mips-elf/4.4.2/libgcc.a(_fixunssfsi.o) (__gesf2)
/crosscompiler/bin/../lib/gcc/mips-elf/4.4.2/libgcc.a(_lt_sf.o)
                              /cygdrive/c/projects/ST86YXZG/soft/build/sl_app/app/lib/libapp_release.a(SysProcess.o) (__ltsf2)
/crosscompiler/bin/../lib/gcc/mips-elf/4.4.2/libgcc.a(_sf_to_si.o)
                              /crosscompiler/bin/../lib/gcc/mips-elf/4.4.2/libgcc.a(_fixunssfsi.o) (__fixsfsi)
/crosscompiler/bin/../lib/gcc/mips-elf/4.4.2/libgcc.a(_sf_to_df.o)
                              /cygdrive/c/projects/ST86YXZG/soft/build/sl_app/app/lib/libapp_release.a(GNSS.o) (__extendsfdf2)
/crosscompiler/bin/../lib/gcc/mips-elf/4.4.2/libgcc.a(_thenan_sf.o)
                              /crosscompiler/bin/../lib/gcc/mips-elf/4.4.2/libgcc.a(_addsub_sf.o) (__thenan_sf)
/crosscompiler/bin/../lib/gcc/mips-elf/4.4.2/libgcc.a(_addsub_df.o)
[...]
Memory Configuration

Name             Origin             Length             Attributes
*default*        0x0000000000000000 0xffffffffffffffff

Linker script and memory map

LOAD /cygdrive/c/projects/ST86YXZG/soft/lib/mem_bridge_rom_CHIP.elf
                0xffffffff82500000                . = 0xffffffff82500000
                0xffffffff82500000                _ram_start = .
                0xffffffff82500000                _ram_functab_start = 0xffffffff82500000

.functab        0xffffffff82500000      0x520
 *(.functab)
 .functab       0xffffffff82500000      0x518 /cygdrive/c/projects/ST86YXZG/soft/build/sl_app/app/lib/libapp_release.a(sl_app.o)
                0xffffffff82500000                AA
                0xffffffff82500520                . = ALIGN (0x10)
 *fill*         0xffffffff82500518        0x8 00
                0xffffffff82500520                _ram_functab_end = .
                0x0000000000000520                _ram_functab_size = (_ram_functab_end - _ram_functab_start)
                0x0000000000000001                ASSERT ((0xffffffff82500800 > ABSOLUTE (_ram_functab_end)), Functab on External RAM overflow !)
                0xffffffff82500800                . = 0xffffffff82500800

.rotext         0xffffffff82500800      0x310
 *(.app_entry)
 .app_entry     0xffffffff82500800      0x310 /cygdrive/c/projects/ST86YXZG/soft/build/sl_app/app/lib/libapp_release.a(sl_app_init.o)
                0xffffffff82500801                SL_Entry
 *(.rotext)
                0xffffffff82500b10                . = ALIGN (0x10)
                0xffffffff82500b20                . = ALIGN (0x20)

.rodata         0xffffffff82500b20      0x140
 *(.rodata)
 .rodata        0xffffffff82500b20       0x10 /crosscompiler/bin/../lib/gcc/mips-elf/4.4.2/libgcc.a(_thenan_sf.o)
                0xffffffff82500b20                __thenan_sf
 .rodata        0xffffffff82500b30       0x18 /crosscompiler/bin/../lib/gcc/mips-elf/4.4.2/libgcc.a(_thenan_df.o)
                0xffffffff82500b30                __thenan_df
 .rodata        0xffffffff82500b48      0x100 /crosscompiler/bin/../lib/gcc/mips-elf/4.4.2/libgcc.a(_clz.o)
                0xffffffff82500b48                __clz_tab
                0xffffffff82500c60                . = ALIGN (0x20)
 *fill*         0xffffffff82500c48       0x18 00

.ram            0xffffffff82500c60        0x0
                0xffffffff82500c60                _ram_special_cached_start = .
                0xffffffff82500c60                _ram_txt_start = .
 *(.ram)
                0xffffffff82500c60                . = ALIGN (0x10)
                0xffffffff82500c60                _ram_special_cached_end = .
                0x0000000000000000                _ram_special_cached_size = (_ram_special_cached_end - _ram_special_cached_start)

.ramtext        0xffffffff82500c60     0x8210
                0xffffffff82500c60                _ram_cached_txt_start = .
 *(.text .text.* .stub .gnu.linkonce.t.*)
 .text.SL_AppSendMsg
                0xffffffff82500c60       0x40 /cygdrive/c/projects/ST86YXZG/soft/build/sl_app/app/lib/libapp_release.a(sl_app_init.o)
                0xffffffff82500c61                SL_AppSendMsg
 .text.GetSendQueueSpace
                0xffffffff82500ca0        0xc /cygdrive/c/projects/ST86YXZG/soft/build/sl_app/app/lib/libapp_release.a(FiFoData.o)
                0xffffffff82500ca1                GetSendQueueSpace
 .text.WriteSendQueue
                0xffffffff82500cac       0xfc /cygdrive/c/projects/ST86YXZG/soft/build/sl_app/app/lib/libapp_release.a(FiFoData.o)
                0xffffffff82500cad                WriteSendQueue
 .text.ClearSendQueue
                0xffffffff82500da8       0x38 /cygdrive/c/projects/ST86YXZG/soft/build/sl_app/app/lib/libapp_release.a(FiFoData.o)
                0xffffffff82500da9                ClearSendQueue
 .text.WriteCmdDataBuf
                0xffffffff82500de0       0x38 /cygdrive/c/projects/ST86YXZG/soft/build/sl_app/app/lib/libapp_release.a(FiFoData.o)
                0xffffffff82500de1                WriteCmdDataBuf
 .text.ReadCmdDataBuf
                0xffffffff82500e18       0x30 /cygdrive/c/projects/ST86YXZG/soft/build/sl_app/app/lib/libapp_release.a(FiFoData.o)
                0xffffffff82500e19                ReadCmdDataBuf
 .text.ClearCmdData
                0xffffffff82500e48       0x10 /cygdrive/c/projects/ST86YXZG/soft/build/sl_app/app/lib/libapp_release.a(FiFoData.o)
                0xffffffff82500e49                ClearCmdData
 .text.LoadSendQueue
                0xffffffff82500e58       0xc4 /cygdrive/c/projects/ST86YXZG/soft/build/sl_app/app/lib/libapp_release.a(FiFoData.o)
                0xffffffff82500e59                LoadSendQueue
 .text.SaveSendQueue
                0xffffffff82500f1c       0xb0 /cygdrive/c/projects/ST86YXZG/soft/build/sl_app/app/lib/libapp_release.a(FiFoData.o)
                0xffffffff82500f1d                SaveSendQueue
 .text.ReadSendQueue
                0xffffffff82500fcc       0xdc /cygdrive/c/projects/ST86YXZG/soft/build/sl_app/app/lib/libapp_release.a(FiFoData.o)
                0xffffffff82500fcd                ReadSendQueue
 .text.GetComma
                0xffffffff825010a8       0x34 /cygdrive/c/projects/ST86YXZG/soft/build/sl_app/app/lib/libapp_release.a(GNSS.o)
                0xffffffff825010a9                GetComma
 *fill*         0xffffffff825010dc        0x4 00000000
 .text.StrToDouble
                0xffffffff825010e0      0x180 /cygdrive/c/projects/ST86YXZG/soft/build/sl_app/app/lib/libapp_release.a(GNSS.o)
                0xffffffff825010e1                StrToDouble
 .text.GetDataStr
                0xffffffff82501260       0x68 /cygdrive/c/projects/ST86YXZG/soft/build/sl_app/app/lib/libapp_release.a(GNSS.o)
                0xffffffff82501261                GetDataStr
 .text.GetGnssDataSpace
                0xffffffff825012c8        0xc /cygdrive/c/projects/ST86YXZG/soft/build/sl_app/app/lib/libapp_release.a(GNSS.o)
                0xffffffff825012c9                GetGnssDataSpace
 .text.GnssDataVerfy
                0xffffffff825012d4       0x58 /cygdrive/c/projects/ST86YXZG/soft/build/sl_app/app/lib/libapp_release.a(GNSS.o)
 *fill*         0xffffffff8250132c        0x4 00000000
 .text.GnssDataFilter
                0xffffffff82501330       0x78 /cygdrive/c/projects/ST86YXZG/soft/build/sl_app/app/lib/libapp_release.a(GNSS.o)
 .text.GnssDataParse
                0xffffffff825013a8      0x700 /cygdrive/c/projects/ST86YXZG/soft/build/sl_app/app/lib/libapp_release.a(GNSS.o)
                0xffffffff825013a9                GnssDataParse
 .text.GetTcpIpSocketSpce
                0xffffffff82501aa8        0xc /cygdrive/c/projects/ST86YXZG/soft/build/sl_app/app/lib/libapp_release.a(Gprs.o)
                0xffffffff82501aa9                GetTcpIpSocketSpce
 .text.AppGprsNetActRsp
                0xffffffff82501ab4       0x54 /cygdrive/c/projects/ST86YXZG/soft/build/sl_app/app/lib/libapp_release.a(Gprs.o)
                0xffffffff82501ab5                AppGprsNetActRsp
 .text.AppGprsNetDeactRsp
                0xffffffff82501b08       0x40 /cygdrive/c/projects/ST86YXZG/soft/build/sl_app/app/lib/libapp_release.a(Gprs.o)
                0xffffffff82501b09                AppGprsNetDeactRsp
 .text.AppTcpipConnRsp
                0xffffffff82501b48       0x1c /cygdrive/c/projects/ST86YXZG/soft/build/sl_app/app/lib/libapp_release.a(Gprs.o)
                0xffffffff82501b49                AppTcpipConnRsp
 .text.AppTcpipSendRsp
                0xffffffff82501b64       0x4c /cygdrive/c/projects/ST86YXZG/soft/build/sl_app/app/lib/libapp_release.a(Gprs.o)
                0xffffffff82501b65                AppTcpipSendRsp
 .text.AppTcpipCloseRsp
                0xffffffff82501bb0       0x50 /cygdrive/c/projects/ST86YXZG/soft/build/sl_app/app/lib/libapp_release.a(Gprs.o)
                0xffffffff82501bb1                AppTcpipCloseRsp
 .text.InitTcpIp
                0xffffffff82501c00       0x60 /cygdrive/c/projects/ST86YXZG/soft/build/sl_app/app/lib/libapp_release.a(Gprs.o)
                0xffffffff82501c01                InitTcpIp
 .text.AppFtpOpenCB
                0xffffffff82501c60       0x34 /cygdrive/c/projects/ST86YXZG/soft/build/sl_app/app/lib/libapp_release.a(Gprs.o)
                0xffffffff82501c61                AppFtpOpenCB
 .text.AppFtpDownloadCB
                0xffffffff82501c94       0x5c /cygdrive/c/projects/ST86YXZG/soft/build/sl_app/app/lib/libapp_release.a(Gprs.o)
                0xffffffff82501c95                AppFtpDownloadCB
 .text.AppFtpOpen
                0xffffffff82501cf0       0x64 /cygdrive/c/projects/ST86YXZG/soft/build/sl_app/app/lib/libapp_release.a(Gprs.o)
 .text.AppSendTcpIpSocket
                0xffffffff82501d54       0x44 /cygdrive/c/projects/ST86YXZG/soft/build/sl_app/app/lib/libapp_release.a(Gprs.o)
                0xffffffff82501d55                AppSendTcpIpSocket
 .text.ReadSendState
                0xffffffff82501d98       0x28 /cygdrive/c/projects/ST86YXZG/soft/build/sl_app/app/lib/libapp_release.a(Gprs.o)
                0xffffffff82501d99                ReadSendState
 .text.AppGetICCId
                0xffffffff82501dc0       0x4c /cygdrive/c/projects/ST86YXZG/soft/build/sl_app/app/lib/libapp_release.a(Gprs.o)
                0xffffffff82501dc1                AppGetICCId
 .text.AppGetHostIpByNameCb
                0xffffffff82501e0c       0x70 /cygdrive/c/projects/ST86YXZG/soft/build/sl_app/app/lib/libapp_release.a(Gprs.o)
                0xffffffff82501e0d                AppGetHostIpByNameCb
 .text.AppSmsFullCb
                0xffffffff82501e7c       0x1c /cygdrive/c/projects/ST86YXZG/soft/build/sl_app/app/lib/libapp_release.a(Gprs.o)
                0xffffffff82501e7d                AppSmsFullCb
 .text.InitSms  0xffffffff82501e98       0x4c /cygdrive/c/projects/ST86YXZG/soft/build/sl_app/app/lib/libapp_release.a(Gprs.o)
                0xffffffff82501e99                InitSms
 .text.ProcessSMSRecv
                0xffffffff82501ee4      0x420 /cygdrive/c/projects/ST86YXZG/soft/build/sl_app/app/lib/libapp_release.a(Gprs.o)
                0xffffffff82501ee5                ProcessSMSRecv
 .text.AppSmsRcvCb
                0xffffffff82502304       0x9c /cygdrive/c/projects/ST86YXZG/soft/build/sl_app/app/lib/libapp_release.a(Gprs.o)
                0xffffffff82502305                AppSmsRcvCb
 .text.AppTcpipRcvRsp
                0xffffffff825023a0       0x6c /cygdrive/c/projects/ST86YXZG/soft/build/sl_app/app/lib/libapp_release.a(Gprs.o)
                0xffffffff825023a1                AppTcpipRcvRsp
 .text.ProcessCmd
                0xffffffff8250240c      0x37c /cygdrive/c/projects/ST86YXZG/soft/build/sl_app/app/lib/libapp_release.a(Gprs.o)
                0xffffffff8250240d                ProcessCmd
 .text.ProcessGprsRecv
                0xffffffff82502788      0x700 /cygdrive/c/projects/ST86YXZG/soft/build/sl_app/app/lib/libapp_release.a(Gprs.o)
                0xffffffff82502789                ProcessGprsRecv
 .text.SaveIpAddrBack
                0xffffffff82502e88       0x38 /cygdrive/c/projects/ST86YXZG/soft/build/sl_app/app/lib/libapp_release.a(Gprs.o)
                0xffffffff82502e89                SaveIpAddrBack
 .text.ProcessSocketClient
                0xffffffff82502ec0      0x95c /cygdrive/c/projects/ST86YXZG/soft/build/sl_app/app/lib/libapp_release.a(Gprs.o)
                0xffffffff82502ec1                ProcessSocketClient
 .text.ReadIpAddrBack
                0xffffffff8250381c       0x38 /cygdrive/c/projects/ST86YXZG/soft/build/sl_app/app/lib/libapp_release.a(Gprs.o)
                0xffffffff8250381d                ReadIpAddrBack
 .text.AppFtpCloseCB
                0xffffffff82503854       0x84 /cygdrive/c/projects/ST86YXZG/soft/build/sl_app/app/lib/libapp_release.a(Gprs.o)
                0xffffffff82503855                AppFtpCloseCB
 .text.Init_Led
                0xffffffff825038d8       0x48 /cygdrive/c/projects/ST86YXZG/soft/build/sl_app/app/lib/libapp_release.a(Led.o)
                0xffffffff825038d9                Init_Led
 .text.GnssLedOn
                0xffffffff82503920       0x1c /cygdrive/c/projects/ST86YXZG/soft/build/sl_app/app/lib/libapp_release.a(Led.o)
                0xffffffff82503921                GnssLedOn
 .text.GnssLedOff
                0xffffffff8250393c       0x1c /cygdrive/c/projects/ST86YXZG/soft/build/sl_app/app/lib/libapp_release.a(Led.o)
                0xffffffff8250393d                GnssLedOff
 .text.GsmLedOn
                0xffffffff82503958       0x1c /cygdrive/c/projects/ST86YXZG/soft/build/sl_app/app/lib/libapp_release.a(Led.o)
                0xffffffff82503959                GsmLedOn
 .text.GsmLedOff
                0xffffffff82503974       0x1c /cygdrive/c/projects/ST86YXZG/soft/build/sl_app/app/lib/libapp_release.a(Led.o)
                0xffffffff82503975                GsmLedOff
 .text.ProcessGnssLed
                0xffffffff82503990      0x100 /cygdrive/c/projects/ST86YXZG/soft/build/sl_app/app/lib/libapp_release.a(Led.o)
                0xffffffff82503991                ProcessGnssLed
 .text.ProcessGsmLed
                0xffffffff82503a90       0xd0 /cygdrive/c/projects/ST86YXZG/soft/build/sl_app/app/lib/libapp_release.a(Led.o)
                0xffffffff82503a91                ProcessGsmLed
 .text.LookForStr
                0xffffffff82503b60       0x4c /cygdrive/c/projects/ST86YXZG/soft/build/sl_app/app/lib/libapp_release.a(ProData.o)
                0xffffffff82503b61                LookForStr
 .text.CalcCrc8
                0xffffffff82503bac       0x54 /cygdrive/c/projects/ST86YXZG/soft/build/sl_app/app/lib/libapp_release.a(ProData.o)
                0xffffffff82503bad                CalcCrc8
 .text.BccVerify
                0xffffffff82503c00       0x1c /cygdrive/c/projects/ST86YXZG/soft/build/sl_app/app/lib/libapp_release.a(ProData.o)
                0xffffffff82503c01                BccVerify
 .text.CheckSum16
                0xffffffff82503c1c       0x20 /cygdrive/c/projects/ST86YXZG/soft/build/sl_app/app/lib/libapp_release.a(ProData.o)
                0xffffffff82503c1d                CheckSum16
 .text.AsciiToHex
                0xffffffff82503c3c       0x68 /cygdrive/c/projects/ST86YXZG/soft/build/sl_app/app/lib/libapp_release.a(ProData.o)
                0xffffffff82503c3d                AsciiToHex
 *fill*         0xffffffff82503ca4        0x4 00000000
 .text.Rad      0xffffffff82503ca8       0x30 /cygdrive/c/projects/ST86YXZG/soft/build/sl_app/app/lib/libapp_release.a(ProData.o)
                0xffffffff82503ca9                Rad
 .text.PowTow   0xffffffff82503cd8       0x14 /cygdrive/c/projects/ST86YXZG/soft/build/sl_app/app/lib/libapp_release.a(ProData.o)
                0xffffffff82503cd9                PowTow
 *fill*         0xffffffff82503cec        0x4 00000000
 .text.ComputeDistance
                0xffffffff82503cf0      0x128 /cygdrive/c/projects/ST86YXZG/soft/build/sl_app/app/lib/libapp_release.a(ProData.o)
                0xffffffff82503cf1                ComputeDistance
 .text.CharToStr
                0xffffffff82503e18       0x28 /cygdrive/c/projects/ST86YXZG/soft/build/sl_app/app/lib/libapp_release.a(ProData.o)
                0xffffffff82503e19                CharToStr
 .text.UInt32ToStr
                0xffffffff82503e40       0x54 /cygdrive/c/projects/ST86YXZG/soft/build/sl_app/app/lib/libapp_release.a(ProData.o)
                0xffffffff82503e41                UInt32ToStr
 .text.CheckServerAddr
                0xffffffff82503e94      0x1c4 /cygdrive/c/projects/ST86YXZG/soft/build/sl_app/app/lib/libapp_release.a(ProData.o)
                0xffffffff82503e95                CheckServerAddr
 .text.StrCompare
                0xffffffff82504058       0x2c /cygdrive/c/projects/ST86YXZG/soft/build/sl_app/app/lib/libapp_release.a(ProData.o)
                0xffffffff82504059                StrCompare
 .text.GetWarningValue
                0xffffffff82504084        0xc /cygdrive/c/projects/ST86YXZG/soft/build/sl_app/app/lib/libapp_release.a(Rtc.o)
                0xffffffff82504085                GetWarningValue
 .text.WriteDeviceAlram
                0xffffffff82504090       0x2c /cygdrive/c/projects/ST86YXZG/soft/build/sl_app/app/lib/libapp_release.a(Rtc.o)
                0xffffffff82504091                WriteDeviceAlram
 .text.UnixToCalendar
                0xffffffff825040bc      0x14c /cygdrive/c/projects/ST86YXZG/soft/build/sl_app/app/lib/libapp_release.a(Rtc.o)
                0xffffffff825040bd                UnixToCalendar
 .text.CalendarToUnix
                0xffffffff82504208      0x128 /cygdrive/c/projects/ST86YXZG/soft/build/sl_app/app/lib/libapp_release.a(Rtc.o)
                0xffffffff82504209                CalendarToUnix
 .text.GetSysTimeSpace
                0xffffffff82504330        0xc /cygdrive/c/projects/ST86YXZG/soft/build/sl_app/app/lib/libapp_release.a(Rtc.o)
                0xffffffff82504331                GetSysTimeSpace
 .text.GetSysRtcString
                0xffffffff8250433c       0xb8 /cygdrive/c/projects/ST86YXZG/soft/build/sl_app/app/lib/libapp_release.a(Rtc.o)
                0xffffffff8250433d                GetSysRtcString
 .text.GetSetTimeSpace
                0xffffffff825043f4        0xc /cygdrive/c/projects/ST86YXZG/soft/build/sl_app/app/lib/libapp_release.a(Rtc.o)
                0xffffffff825043f5                GetSetTimeSpace
 .text.WriteSleepStatus
                0xffffffff82504400        0xc /cygdrive/c/projects/ST86YXZG/soft/build/sl_app/app/lib/libapp_release.a(Rtc.o)
                0xffffffff82504401                WriteSleepStatus
 .text.ProcessRtc
                0xffffffff8250440c      0x268 /cygdrive/c/projects/ST86YXZG/soft/build/sl_app/app/lib/libapp_release.a(Rtc.o)
                0xffffffff8250440d                ProcessRtc
 .text.ProcessSysSleep
                0xffffffff82504674      0x1b4 /cygdrive/c/projects/ST86YXZG/soft/build/sl_app/app/lib/libapp_release.a(Rtc.o)
                0xffffffff82504675                ProcessSysSleep
 .text.GetLocalLogFileSpace
                0xffffffff82504828        0xc /cygdrive/c/projects/ST86YXZG/soft/build/sl_app/app/lib/libapp_release.a(SysFile.o)
                0xffffffff82504829                GetLocalLogFileSpace
 .text.GetSysCfgSpace
                0xffffffff82504834        0xc /cygdrive/c/projects/ST86YXZG/soft/build/sl_app/app/lib/libapp_release.a(SysFile.o)
                0xffffffff82504835                GetSysCfgSpace
 .text.FileCheckOrGreate
                0xffffffff82504840       0xc4 /cygdrive/c/projects/ST86YXZG/soft/build/sl_app/app/lib/libapp_release.a(SysFile.o)
                0xffffffff82504841                FileCheckOrGreate
 .text.ReadLocalLogFile
                0xffffffff82504904       0x3c /cygdrive/c/projects/ST86YXZG/soft/build/sl_app/app/lib/libapp_release.a(SysFile.o)
                0xffffffff82504905                ReadLocalLogFile
 .text.SaveLocalLogFile
                0xffffffff82504940       0x3c /cygdrive/c/projects/ST86YXZG/soft/build/sl_app/app/lib/libapp_release.a(SysFile.o)
                0xffffffff82504941                SaveLocalLogFile
 .text.ReadSysCfg
                0xffffffff8250497c       0x38 /cygdrive/c/projects/ST86YXZG/soft/build/sl_app/app/lib/libapp_release.a(SysFile.o)
                0xffffffff8250497d                ReadSysCfg
 .text.SaveSysCfg
                0xffffffff825049b4       0x38 /cygdrive/c/projects/ST86YXZG/soft/build/sl_app/app/lib/libapp_release.a(SysFile.o)
                0xffffffff825049b5                SaveSysCfg
 .text.InitSysTimer
                0xffffffff825049ec       0x58 /cygdrive/c/projects/ST86YXZG/soft/build/sl_app/app/lib/libapp_release.a(SysFile.o)
                0xffffffff825049ed                InitSysTimer
 .text.InitSysConfig
                0xffffffff82504a44       0xd8 /cygdrive/c/projects/ST86YXZG/soft/build/sl_app/app/lib/libapp_release.a(SysFile.o)
                0xffffffff82504a45                InitSysConfig
 .text.InsertLogInfo
                0xffffffff82504b1c       0xc8 /cygdrive/c/projects/ST86YXZG/soft/build/sl_app/app/lib/libapp_release.a(SysFile.o)
                0xffffffff82504b1d                InsertLogInfo
 .text.ResetNextTime
                0xffffffff82504be4       0x14 /cygdrive/c/projects/ST86YXZG/soft/build/sl_app/app/lib/libapp_release.a(SysProcess.o)
                0xffffffff82504be5                ResetNextTime
 .text.GetSysRunDataSpace
                0xffffffff82504bf8        0xc /cygdrive/c/projects/ST86YXZG/soft/build/sl_app/app/lib/libapp_release.a(SysProcess.o)
                0xffffffff82504bf9                GetSysRunDataSpace
 .text.SysProcess
                0xffffffff82504c04      0x2c4 /cygdrive/c/projects/ST86YXZG/soft/build/sl_app/app/lib/libapp_release.a(SysProcess.o)
                0xffffffff82504c05                SysProcess
 .text.ReadSysRunData
                0xffffffff82504ec8       0xfc /cygdrive/c/projects/ST86YXZG/soft/build/sl_app/app/lib/libapp_release.a(SysProcess.o)
                0xffffffff82504ec9                ReadSysRunData
 .text.SaveSysRunData
                0xffffffff82504fc4      0x12c /cygdrive/c/projects/ST86YXZG/soft/build/sl_app/app/lib/libapp_release.a(SysProcess.o)
                0xffffffff82504fc5                SaveSysRunData
 .text.ProcessRunData
                0xffffffff825050f0      0x108 /cygdrive/c/projects/ST86YXZG/soft/build/sl_app/app/lib/libapp_release.a(SysProcess.o)
                0xffffffff825050f1                ProcessRunData
 .text.init_stopwatch16
                0xffffffff825051f8        0xc /cygdrive/c/projects/ST86YXZG/soft/build/sl_app/app/lib/libapp_release.a(SysTickTime.o)
                0xffffffff825051f9                init_stopwatch16
 .text.read_stopwatch16_value
                0xffffffff82505204       0x14 /cygdrive/c/projects/ST86YXZG/soft/build/sl_app/app/lib/libapp_release.a(SysTickTime.o)
                0xffffffff82505205                read_stopwatch16_value
 .text.TickAdd  0xffffffff82505218       0x10 /cygdrive/c/projects/ST86YXZG/soft/build/sl_app/app/lib/libapp_release.a(SysTickTime.o)
                0xffffffff82505219                TickAdd
 .text.ProcessTcpIpUpLoad
                0xffffffff82505228      0x150 /cygdrive/c/projects/ST86YXZG/soft/build/sl_app/app/lib/libapp_release.a(TcpIPUpload.o)
                0xffffffff82505229                ProcessTcpIpUpLoad
 .text.GetCanDataSpace
                0xffffffff82505378        0xc /cygdrive/c/projects/ST86YXZG/soft/build/sl_app/app/lib/libapp_release.a(Terminal.o)
                0xffffffff82505379                GetCanDataSpace
 .text.GetTerStateDataSpace
                0xffffffff82505384        0xc /cygdrive/c/projects/ST86YXZG/soft/build/sl_app/app/lib/libapp_release.a(Terminal.o)
                0xffffffff82505385                GetTerStateDataSpace
 .text.GetCurrentFaultCodeSpace
                0xffffffff82505390        0xc /cygdrive/c/projects/ST86YXZG/soft/build/sl_app/app/lib/libapp_release.a(Terminal.o)
                0xffffffff82505391                GetCurrentFaultCodeSpace
 .text.GetTerTimeSpace
                0xffffffff8250539c        0xc /cygdrive/c/projects/ST86YXZG/soft/build/sl_app/app/lib/libapp_release.a(Terminal.o)
                0xffffffff8250539d                GetTerTimeSpace
 .text.GetLockCarSpace
                0xffffffff825053a8        0xc /cygdrive/c/projects/ST86YXZG/soft/build/sl_app/app/lib/libapp_release.a(Terminal.o)
                0xffffffff825053a9                GetLockCarSpace
 .text.GetUpgradeDataSpace
                0xffffffff825053b4        0xc /cygdrive/c/projects/ST86YXZG/soft/build/sl_app/app/lib/libapp_release.a(Terminal.o)
                0xffffffff825053b5                GetUpgradeDataSpace
 .text.ReadRunMode
                0xffffffff825053c0        0xc /cygdrive/c/projects/ST86YXZG/soft/build/sl_app/app/lib/libapp_release.a(Terminal.o)
                0xffffffff825053c1                ReadRunMode
 .text.WriteRunMode
                0xffffffff825053cc       0x18 /cygdrive/c/projects/ST86YXZG/soft/build/sl_app/app/lib/libapp_release.a(Terminal.o)
                0xffffffff825053cd                WriteRunMode
 .text.GetBinFile
                0xffffffff825053e4       0x64 /cygdrive/c/projects/ST86YXZG/soft/build/sl_app/app/lib/libapp_release.a(Terminal.o)
                0xffffffff825053e5                GetBinFile
 .text.SetTerCanProNum
                0xffffffff82505448       0xb4 /cygdrive/c/projects/ST86YXZG/soft/build/sl_app/app/lib/libapp_release.a(Terminal.o)
                0xffffffff82505449                SetTerCanProNum
 .text.SendVerifyTimeCmd
                0xffffffff825054fc       0x70 /cygdrive/c/projects/ST86YXZG/soft/build/sl_app/app/lib/libapp_release.a(Terminal.o)
                0xffffffff825054fd                SendVerifyTimeCmd
 *fill*         0xffffffff8250556c        0x4 00000000
 .text.SendTerminalInfo
                0xffffffff82505570      0x848 /cygdrive/c/projects/ST86YXZG/soft/build/sl_app/app/lib/libapp_release.a(Terminal.o)
                0xffffffff82505571                SendTerminalInfo
 .text.ReadAccState
                0xffffffff82505db8       0x2c /cygdrive/c/projects/ST86YXZG/soft/build/sl_app/app/lib/libapp_release.a(Terminal.o)
                0xffffffff82505db9                ReadAccState
 .text.T.57     0xffffffff82505de4      0x290 /cygdrive/c/projects/ST86YXZG/soft/build/sl_app/app/lib/libapp_release.a(Terminal.o)
 .text.ProTermRecvData
                0xffffffff82506074      0x7b0 /cygdrive/c/projects/ST86YXZG/soft/build/sl_app/app/lib/libapp_release.a(Terminal.o)
                0xffffffff82506075                ProTermRecvData
 .text.ProTerminalData
                0xffffffff82506824      0xa70 /cygdrive/c/projects/ST86YXZG/soft/build/sl_app/app/lib/libapp_release.a(Terminal.o)
                0xffffffff82506825                ProTerminalData
 .text.UART1_Init
                0xffffffff82507294       0x44 /cygdrive/c/projects/ST86YXZG/soft/build/sl_app/app/lib/libapp_release.a(UART.o)
                0xffffffff82507295                UART1_Init
 .text.UART2_Init
                0xffffffff825072d8       0x40 /cygdrive/c/projects/ST86YXZG/soft/build/sl_app/app/lib/libapp_release.a(UART.o)
                0xffffffff825072d9                UART2_Init
 .text.clear_com
                0xffffffff82507318       0x48 /cygdrive/c/projects/ST86YXZG/soft/build/sl_app/app/lib/libapp_release.a(UART.o)
                0xffffffff82507319                clear_com
 .text.new_data_in_com
                0xffffffff82507360       0x34 /cygdrive/c/projects/ST86YXZG/soft/build/sl_app/app/lib/libapp_release.a(UART.o)
                0xffffffff82507361                new_data_in_com
 .text.datasize_in_com
                0xffffffff82507394       0x28 /cygdrive/c/projects/ST86YXZG/soft/build/sl_app/app/lib/libapp_release.a(UART.o)
                0xffffffff82507395                datasize_in_com
 .text.read_com_buf
                0xffffffff825073bc       0xac /cygdrive/c/projects/ST86YXZG/soft/build/sl_app/app/lib/libapp_release.a(UART.o)
                0xffffffff825073bd                read_com_buf
 .text.UART1_Recv_Data
                0xffffffff82507468       0x8c /cygdrive/c/projects/ST86YXZG/soft/build/sl_app/app/lib/libapp_release.a(UART.o)
                0xffffffff82507469                UART1_Recv_Data
 .text.UART2_Recv_Data
                0xffffffff825074f4       0x8c /cygdrive/c/projects/ST86YXZG/soft/build/sl_app/app/lib/libapp_release.a(UART.o)
                0xffffffff825074f5                UART2_Recv_Data
 .text.ReadComPkt
                0xffffffff82507580       0xb4 /cygdrive/c/projects/ST86YXZG/soft/build/sl_app/app/lib/libapp_release.a(UART.o)
                0xffffffff82507581                ReadComPkt
 .text.GetVerNum
                0xffffffff82507634        0x4 /cygdrive/c/projects/ST86YXZG/soft/build/sl_app/app/lib/libapp_release.a(VersionNum.o)
                0xffffffff82507635                GetVerNum
 .text.ResetTerMsgBig
                0xffffffff82507638        0xc /cygdrive/c/projects/ST86YXZG/soft/build/sl_app/app/lib/libapp_release.a(BuildDataPacket.o)
                0xffffffff82507639                ResetTerMsgBig
 *fill*         0xffffffff82507644        0x4 00000000
 .text.BuildCompletePacket
                0xffffffff82507648      0x6d8 /cygdrive/c/projects/ST86YXZG/soft/build/sl_app/app/lib/libapp_release.a(BuildDataPacket.o)
                0xffffffff82507649                BuildCompletePacket
 .text          0xffffffff82507d20       0x3c /crosscompiler/bin/../lib/gcc/mips-elf/4.4.2/libgcc.a(_fixunssfsi.o)
                0xffffffff82507d21                __fixunssfsi
 *fill*         0xffffffff82507d5c        0x4 00000000
 .text          0xffffffff82507d60       0x50 /crosscompiler/bin/../lib/gcc/mips-elf/4.4.2/libgcc.a(_fixunsdfsi.o)
                0xffffffff82507d61                __fixunsdfsi
 .text          0xffffffff82507db0      0x1c0 /crosscompiler/bin/../lib/gcc/mips-elf/4.4.2/libgcc.a(_addsub_sf.o)
                0xffffffff82507ef1                __subsf3
                0xffffffff82507f35                __addsf3
 .text          0xffffffff82507f70       0x44 /crosscompiler/bin/../lib/gcc/mips-elf/4.4.2/libgcc.a(_ge_sf.o)
                0xffffffff82507f71                __gesf2
 .text          0xffffffff82507fb4       0x44 /crosscompiler/bin/../lib/gcc/mips-elf/4.4.2/libgcc.a(_lt_sf.o)
                0xffffffff82507fb5                __ltsf2
 .text          0xffffffff82507ff8       0x58 /crosscompiler/bin/../lib/gcc/mips-elf/4.4.2/libgcc.a(_sf_to_si.o)
                0xffffffff82507ff9                __fixsfsi
 .text          0xffffffff82508050       0x2c /crosscompiler/bin/../lib/gcc/mips-elf/4.4.2/libgcc.a(_sf_to_df.o)
                0xffffffff82508051                __extendsfdf2
 .text          0xffffffff8250807c      0x2f0 /crosscompiler/bin/../lib/gcc/mips-elf/4.4.2/libgcc.a(_addsub_df.o)
                0xffffffff825082e5                __subdf3
                0xffffffff8250832d                __adddf3
 *fill*         0xffffffff8250836c        0x4 00000000
 .text          0xffffffff82508370      0x1b8 /crosscompiler/bin/../lib/gcc/mips-elf/4.4.2/libgcc.a(_mul_df.o)
                0xffffffff82508371                __muldf3
 .text          0xffffffff82508528      0x138 /crosscompiler/bin/../lib/gcc/mips-elf/4.4.2/libgcc.a(_div_df.o)
                0xffffffff82508529                __divdf3
 .text          0xffffffff82508660       0x48 /crosscompiler/bin/../lib/gcc/mips-elf/4.4.2/libgcc.a(_eq_df.o)
                0xffffffff82508661                __eqdf2
 .text          0xffffffff825086a8       0x48 /crosscompiler/bin/../lib/gcc/mips-elf/4.4.2/libgcc.a(_gt_df.o)
                0xffffffff825086a9                __gtdf2
 .text          0xffffffff825086f0       0x48 /crosscompiler/bin/../lib/gcc/mips-elf/4.4.2/libgcc.a(_ge_df.o)
                0xffffffff825086f1                __gedf2
 .text          0xffffffff82508738       0x78 /crosscompiler/bin/../lib/gcc/mips-elf/4.4.2/libgcc.a(_si_to_df.o)
                0xffffffff82508739                __floatsidf
 .text          0xffffffff825087b0       0x64 /crosscompiler/bin/../lib/gcc/mips-elf/4.4.2/libgcc.a(_df_to_si.o)
                0xffffffff825087b1                __fixdfsi
 .text          0xffffffff82508814       0x20 /crosscompiler/bin/../lib/gcc/mips-elf/4.4.2/libgcc.a(_make_df.o)
                0xffffffff82508815                __make_dp
 .text          0xffffffff82508834       0x3c /crosscompiler/bin/../lib/gcc/mips-elf/4.4.2/libgcc.a(_df_to_sf.o)
                0xffffffff82508835                __truncdfsf2
 .text          0xffffffff82508870       0x98 /crosscompiler/bin/../lib/gcc/mips-elf/4.4.2/libgcc.a(_usi_to_df.o)
                0xffffffff82508871                __floatunsidf
 .text          0xffffffff82508908       0x3c /crosscompiler/bin/../lib/gcc/mips-elf/4.4.2/libgcc.a(_lshrdi3.o)
                0xffffffff82508909                __lshrdi3
 .text          0xffffffff82508944       0x3c /crosscompiler/bin/../lib/gcc/mips-elf/4.4.2/libgcc.a(_ashldi3.o)
                0xffffffff82508945                __ashldi3
 .text          0xffffffff82508980       0x28 /crosscompiler/bin/../lib/gcc/mips-elf/4.4.2/libgcc.a(_ucmpdi2.o)
                0xffffffff82508981                __ucmpdi2
 .text          0xffffffff825089a8       0x3c /crosscompiler/bin/../lib/gcc/mips-elf/4.4.2/libgcc.a(_clzsi2.o)
                0xffffffff825089a9                __clzsi2
 .text          0xffffffff825089e4       0xc4 /crosscompiler/bin/../lib/gcc/mips-elf/4.4.2/libgcc.a(_pack_sf.o)
                0xffffffff825089e5                __pack_f
 .text          0xffffffff82508aa8       0x7c /crosscompiler/bin/../lib/gcc/mips-elf/4.4.2/libgcc.a(_unpack_sf.o)
                0xffffffff82508aa9                __unpack_f
 .text          0xffffffff82508b24       0x64 /crosscompiler/bin/../lib/gcc/mips-elf/4.4.2/libgcc.a(_fpcmp_parts_sf.o)
                0xffffffff82508b25                __fpcmp_parts_f
 .text          0xffffffff82508b88       0x18 /crosscompiler/bin/../lib/gcc/mips-elf/4.4.2/libgcc.a(_make_sf.o)
                0xffffffff82508b89                __make_fp
 .text          0xffffffff82508ba0      0x1a4 /crosscompiler/bin/../lib/gcc/mips-elf/4.4.2/libgcc.a(_pack_df.o)
                0xffffffff82508ba1                __pack_d
 .text          0xffffffff82508d44       0xac /crosscompiler/bin/../lib/gcc/mips-elf/4.4.2/libgcc.a(_unpack_df.o)
                0xffffffff82508d45                __unpack_d
 .text          0xffffffff82508df0       0x78 /crosscompiler/bin/../lib/gcc/mips-elf/4.4.2/libgcc.a(_fpcmp_parts_df.o)
                0xffffffff82508df1                __fpcmp_parts_d
                0xffffffff82508e70                . = ALIGN (0x10)
 *fill*         0xffffffff82508e68        0x8 00000000
                0xffffffff82508e70                _ram_cached_txt_end = .
                0x0000000000008210                ram_cached_txt_size = (_ram_cached_txt_end - _ram_cached_txt_start)
                0xffffffff82508e70                _ram_txt_end = .
                0xffffffffa2508e70                . = (. + 0x20000000)

.ucdata         0xffffffffa2508e70        0x0
                0xffffffffa2508e70                _ram_uncached_data_start = .
 *(.ucdata)
 *(*.globalvars.uc)
                0xffffffffa2508e70                . = ALIGN (0x10)
                0xffffffffa2508e70                _ram_uncached_data_end = .
                0x0000000000000000                _ram_uncached_data_size = (_ram_uncached_data_end - _ram_uncached_data_start)
                0xffffffff82508e70                . = (. - 0x20000000)

.data           0xffffffff82508e70      0xd60
                0xffffffff82508e70                _ram_cached_data_start = .
 *(.rdata)
 *(.rodata .rodata.* .gnu.linkonce.r.*)
 .rodata.str1.4
                0xffffffff82508e70      0x146 /cygdrive/c/projects/ST86YXZG/soft/build/sl_app/app/lib/libapp_release.a(sl_app_init.o)
                                        0x148 (size before relaxing)
 *fill*         0xffffffff82508fb6        0x2 00
 .rodata.str1.4
                0xffffffff82508fb8      0x11c /cygdrive/c/projects/ST86YXZG/soft/build/sl_app/app/lib/libapp_release.a(FiFoData.o)
 .rodata.str1.4
                0xffffffff825090d4       0x52 /cygdrive/c/projects/ST86YXZG/soft/build/sl_app/app/lib/libapp_release.a(GNSS.o)
                                         0x54 (size before relaxing)
 *fill*         0xffffffff82509126        0x2 00
 .rodata.str1.4
                0xffffffff82509128      0x63d /cygdrive/c/projects/ST86YXZG/soft/build/sl_app/app/lib/libapp_release.a(Gprs.o)
                                        0x644 (size before relaxing)
 *fill*         0xffffffff82509765        0x3 00
 .rodata.str1.4
                0xffffffff82509768       0x91 /cygdrive/c/projects/ST86YXZG/soft/build/sl_app/app/lib/libapp_release.a(Rtc.o)
                                         0x94 (size before relaxing)
 *fill*         0xffffffff825097f9        0x3 00
 .rodata.str1.4
                0xffffffff825097fc       0xda /cygdrive/c/projects/ST86YXZG/soft/build/sl_app/app/lib/libapp_release.a(SysFile.o)
                                         0xe4 (size before relaxing)
 *fill*         0xffffffff825098d6        0x2 00
 .rodata.str1.4
                0xffffffff825098d8       0xae /cygdrive/c/projects/ST86YXZG/soft/build/sl_app/app/lib/libapp_release.a(SysProcess.o)
                                         0xb0 (size before relaxing)
 *fill*         0xffffffff82509986        0x2 00
 .rodata.str1.4
                0xffffffff82509988       0x8b /cygdrive/c/projects/ST86YXZG/soft/build/sl_app/app/lib/libapp_release.a(TcpIPUpload.o)
                                         0x8c (size before relaxing)
 *fill*         0xffffffff82509a13        0x1 00
 .rodata.str1.4
                0xffffffff82509a14      0x125 /cygdrive/c/projects/ST86YXZG/soft/build/sl_app/app/lib/libapp_release.a(Terminal.o)
                                        0x1cc (size before relaxing)
 *fill*         0xffffffff82509b39        0x3 00
 .rodata.str1.4
                0xffffffff82509b3c       0x58 /cygdrive/c/projects/ST86YXZG/soft/build/sl_app/app/lib/libapp_release.a(BuildDataPacket.o)
 *(.rodata1)
 *(.ctors)
                0xffffffff82509ba0                . = ALIGN (0x10)
 *fill*         0xffffffff82509b94        0xc 00
 *(*.globalvars.c *.globalvars.c.*)
 *(EXCLUDE_FILE(*.oo gcj_*.o) .data)
 *(EXCLUDE_FILE(*.oo gcj_*.o) .data.*)
 .data.GnssStatusBack
                0xffffffff82509ba0        0x1 /cygdrive/c/projects/ST86YXZG/soft/build/sl_app/app/lib/libapp_release.a(GNSS.o)
 *fill*         0xffffffff82509ba1        0x1 00
 .data.CyclOff.4247
                0xffffffff82509ba2        0x2 /cygdrive/c/projects/ST86YXZG/soft/build/sl_app/app/lib/libapp_release.a(Led.o)
 .data.CyclOn.4246
                0xffffffff82509ba4        0x2 /cygdrive/c/projects/ST86YXZG/soft/build/sl_app/app/lib/libapp_release.a(Led.o)
 *fill*         0xffffffff82509ba6        0x2 00
 .data.HeartBeat
                0xffffffff82509ba8        0x4 /cygdrive/c/projects/ST86YXZG/soft/build/sl_app/app/lib/libapp_release.a(TcpIPUpload.o)
 .data.GetStatus
                0xffffffff82509bac        0xc /cygdrive/c/projects/ST86YXZG/soft/build/sl_app/app/lib/libapp_release.a(Terminal.o)
                0xffffffff82509bac                GetStatus
 .data.rear_com2_recv_buf
                0xffffffff82509bb8        0x4 /cygdrive/c/projects/ST86YXZG/soft/build/sl_app/app/lib/libapp_release.a(UART.o)
 .data.front_com2_recv_buf
                0xffffffff82509bbc        0x4 /cygdrive/c/projects/ST86YXZG/soft/build/sl_app/app/lib/libapp_release.a(UART.o)
 .data.rear_com1_recv_buf
                0xffffffff82509bc0        0x4 /cygdrive/c/projects/ST86YXZG/soft/build/sl_app/app/lib/libapp_release.a(UART.o)
 .data.front_com1_recv_buf
                0xffffffff82509bc4        0x4 /cygdrive/c/projects/ST86YXZG/soft/build/sl_app/app/lib/libapp_release.a(UART.o)
 *(EXCLUDE_FILE(*.oo gcj_*.o) .gnu.linkonce.d.*)
 *(.data1)
                0xffffffff82511bc0                _gp = (ALIGN (0x10) + 0x7ff0)
 *(.sdata .sdata.* .gnu.linkonce.s.*)
 *(.sdata2 .sdata2.* .gnu.linkonce.s2.*)
 *(.lit8)
 *(.lit4)
                0xffffffff82509bc8                . = ALIGN (0x4)
                0xffffffff82509bd0                . = ALIGN (0x10)
 *fill*         0xffffffff82509bc8        0x8 00
                0xffffffff82509bd0                _ram_cached_data_end = .
                0x0000000000000d60                _ram_cached_data_size = (_ram_cached_data_end - _ram_cached_data_start)
                0xffffffff82509bd0                _ram_end = .
                0x0000000000009bd0                _ram_size = (_ram_end - _ram_start)

.internal_rom   0xffffffff82509c00     0x4a30
 .internal_rom  0xffffffff82509c00     0x4a30 /cygdrive/c/projects/ST86YXZG/soft/lib/mem_bridge_rom_CHIP.elf
                0xffffffff82509c00                __xcpu_start
                0xffffffff82509d80                _boot_IrqHandler
                0xffffffff82509ec0                boot_HstMonitorX
                0xffffffff82509f20                boot_DbgExlTrigFunction0
                0xffffffff8250a07c                monitor_entry
                0xffffffff8250a080                initial_stack_top_var
                0xffffffff8250a084                boot_FlushCache
                0xffffffff8250a0a8                boot_DisableInterrupt
                0xffffffff8250a101                boot_MonitorDoMonitoring
                0xffffffff8250a241                boot_Monitor
                0xffffffff8250a281                boot_UartMonitorGetBaudRate
                0xffffffff8250a295                boot_UartMonitorSend
                0xffffffff8250a2f9                boot_UartMonitorGet
                0xffffffff8250a35d                boot_UartMonitorOpen
                0xffffffff8250a395                boot_UartMonitorClose
                0xffffffff8250a3a5                boot_UartMonitorAck
                0xffffffff8250a431                boot_UartMonitorTimeOut
                0xffffffff8250a459                boot_UartMonitorWriteProcess
                0xffffffff8250a5a1                boot_UartMonitorRpcProcess
                0xffffffff8250a6e9                boot_UartMonitorReadProcess
                0xffffffff8250a8a9                boot_UartMonitorExitProcess
                0xffffffff8250a8fd                boot_UartMonitorProcess
                0xffffffff8250a9a5                boot_UartMonitor
                0xffffffff8250abfc                g_BootHostUsbFixPtr
                0xffffffff8250ac01                boot_IrqDispatch
                0xffffffff8250ac31                mon_Event
                0xffffffff8250ac69                boot_HstCmdBasicHandler
                0xffffffff8250acc9                boot_HstMonitor
                0xffffffff8250ad35                boot_IspiGetRomedCfg
                0xffffffff8250adc1                boot_IspiOpen
                0xffffffff8250aea9                boot_IspiFlushFifos
                0xffffffff8250aeb9                boot_IspiClearRxDmaDone
                0xffffffff8250aec9                boot_IspiClearTxDmaDone
                0xffffffff8250aed9                boot_IspiClose
                0xffffffff8250af1d                boot_IspiRxIfcChannelRelease
                0xffffffff8250af35                boot_IspiTxIfcChannelRelease
                0xffffffff8250af4d                boot_IspiSendData
                0xffffffff8250afa9                boot_IspiSendDataBuffer
                0xffffffff8250b015                boot_IspiTxFifoAvail
                0xffffffff8250b031                boot_IspiTxDmaDone
                0xffffffff8250b061                boot_IspiTxFinished
                0xffffffff8250b08d                boot_IspiGetData
                0xffffffff8250b0bd                boot_IspiGetDataBuffer
                0xffffffff8250b129                boot_IspiRxFifoLevel
                0xffffffff8250b141                boot_IspiRxDmaDone
                0xffffffff8250b171                boot_IspiForcePin
                0xffffffff8250b205                boot_IspiGetRxIfcTc
                0xffffffff8250b21c                g_bootIspiRomedCfg
                0xffffffff8250b281                boot_UsbResetTransfert
                0xffffffff8250b2a9                boot_UsbStartTransfert
                0xffffffff8250b3a9                boot_UsbCancelTransfert
                0xffffffff8250b3d1                boot_UsbContinueTransfert
                0xffffffff8250b939                boot_UsbInitVar
                0xffffffff8250b961                boot_UsbOpen
                0xffffffff8250b981                boot_UsbEpStall
                0xffffffff8250ba09                boot_UsbRecv
                0xffffffff8250ba51                boot_UsbSend
                0xffffffff8250bad5                boot_UsbCompletedCommand
                0xffffffff8250bb1d                boot_UsbEpEnableInterrupt
                0xffffffff8250bb6d                boot_UsbEpRxTransferedSize
                0xffffffff8250bb89                boot_UsbEpTransfertDone
                0xffffffff8250bc45                boot_UsbClose
                0xffffffff8250bc81                boot_UsbReset
                0xffffffff8250c409                boot_UsbIrqHandler
                0xffffffff8250c6d5                boot_HostUsbDeviceCallback
                0xffffffff8250c6e1                boot_HostUsbClockEnable
                0xffffffff8250c719                boot_HostUsbClose
                0xffffffff8250c729                boot_HostUsbSend
                0xffffffff8250c885                boot_HostUsbEvent
                0xffffffff8250cd15                boot_HostUsbRecv
                0xffffffff8250cdad                boot_HostUsbInit
                0xffffffff8250ce25                boot_HostUsbOpen
                0xffffffff8250ce94                boot_HostUsbInterface
                0xffffffff8250cf14                boot_romCsString
                0xffffffff8250cf44                boot_romDT
                0xffffffff8250cf54                MutedFrame_AMR
                0xffffffff8250cf5c                MutedFrame_HR
                0xffffffff8250cf6c                MutedFrame_EFR
                0xffffffff8250cf8c                MutedFrame_FR
                0xffffffff8250cfb1                atoi
                0xffffffff8250cff1                bsearch
                0xffffffff8250d050                _ctype
                0xffffffff8250d151                memchr
                0xffffffff8250d191                memcmp
                0xffffffff8250d1c1                memcpy
                0xffffffff8250d391                memmove
                0xffffffff8250d4d1                memscan
                0xffffffff8250d4f1                memset
                0xffffffff8250d831                qsort
                0xffffffff8250d861                strcat
                0xffffffff8250d881                strchr
                0xffffffff8250d8b1                strrchr
                0xffffffff8250d8d1                strcmp
                0xffffffff8250d911                strcpy
                0xffffffff8250d931                strcspn
                0xffffffff8250d971                strlen
                0xffffffff8250d991                strnlen
                0xffffffff8250d9f1                strncmp
                0xffffffff8250da31                strncpy
                0xffffffff8250da71                strnicmp
                0xffffffff8250daf1                strsep
                0xffffffff8250db31                strspn
                0xffffffff8250db61                strstr
                0xffffffff8250dbc1                strtok_r
                0xffffffff8250dc41                strtok
                0xffffffff8250dc61                strtol
                0xffffffff8250de21                strtoul
                0xffffffff8250e181                vsnprintf
                0xffffffff8250e5b1                vsprintf
                0xffffffff8250e5d1                snprintf
                0xffffffff8250e5f1                sprintf

.backup         0xffffffff8250e630        0x0
 *(.backup)
                0xffffffff8250e630                . = ALIGN (0x10)
                0xffffffff8250e630                _ram_bss_start = .
                0xffffffffa250e630                . = (. + 0x20000000)

.ucbss          0xffffffffa250e630        0x0
 *(.ucbss)
 *(.ramucbss)
                0xffffffffa250e630                . = ALIGN (0x10)
                0xffffffff8250e630                . = (. - 0x20000000)

.bss            0xffffffff8250e630    0x1b000
 *(.sbss .sbss.* .gnu.linkonce.sb.*)
 *(.sbss2 .sbss2.* .gnu.linkonce.sb2.*)
 *(.scommon)
 .scommon       0xffffffff8250e630        0x5 /cygdrive/c/projects/ST86YXZG/soft/build/sl_app/app/lib/libapp_release.a(sl_app_init.o)
                0xffffffff8250e630                SysAppEnterTask
                0xffffffff8250e634                SysTask
 *fill*         0xffffffff8250e635        0x3 00
 .scommon       0xffffffff8250e638        0x4 /cygdrive/c/projects/ST86YXZG/soft/build/sl_app/app/lib/libapp_release.a(Terminal.o)
                0xffffffff8250e638                pUpgradeST86File
 *(.dynbss)
 *(.bss .bss.* .gnu.linkonce.b.*)
 .bss.SendQueue
                0xffffffff8250e63c    0x16768 /cygdrive/c/projects/ST86YXZG/soft/build/sl_app/app/lib/libapp_release.a(FiFoData.o)
 .bss.CmdData   0xffffffff82524da4       0xb8 /cygdrive/c/projects/ST86YXZG/soft/build/sl_app/app/lib/libapp_release.a(FiFoData.o)
 .bss.step1.4356
                0xffffffff82524e5c        0x1 /cygdrive/c/projects/ST86YXZG/soft/build/sl_app/app/lib/libapp_release.a(GNSS.o)
 *fill*         0xffffffff82524e5d        0x3 00
 .bss.sw.4355   0xffffffff82524e60        0x4 /cygdrive/c/projects/ST86YXZG/soft/build/sl_app/app/lib/libapp_release.a(GNSS.o)
 .bss.counter.4354
                0xffffffff82524e64        0x1 /cygdrive/c/projects/ST86YXZG/soft/build/sl_app/app/lib/libapp_release.a(GNSS.o)
 .bss.step.4353
                0xffffffff82524e65        0x1 /cygdrive/c/projects/ST86YXZG/soft/build/sl_app/app/lib/libapp_release.a(GNSS.o)
 *fill*         0xffffffff82524e66        0x2 00
 .bss.GnssDataBuf
                0xffffffff82524e68      0x3e8 /cygdrive/c/projects/ST86YXZG/soft/build/sl_app/app/lib/libapp_release.a(GNSS.o)
 .bss.GnssData  0xffffffff82525250       0x30 /cygdrive/c/projects/ST86YXZG/soft/build/sl_app/app/lib/libapp_release.a(GNSS.o)
 .bss.GnssDataErro
                0xffffffff82525280        0x1 /cygdrive/c/projects/ST86YXZG/soft/build/sl_app/app/lib/libapp_release.a(GNSS.o)
 *fill*         0xffffffff82525281        0x7 00
 .bss.TempLatitude
                0xffffffff82525288        0x8 /cygdrive/c/projects/ST86YXZG/soft/build/sl_app/app/lib/libapp_release.a(GNSS.o)
 .bss.TempLongitude
                0xffffffff82525290        0x8 /cygdrive/c/projects/ST86YXZG/soft/build/sl_app/app/lib/libapp_release.a(GNSS.o)
 .bss.TempGnssData
                0xffffffff82525298       0x30 /cygdrive/c/projects/ST86YXZG/soft/build/sl_app/app/lib/libapp_release.a(GNSS.o)
 .bss.TempBuf   0xffffffff825252c8       0x14 /cygdrive/c/projects/ST86YXZG/soft/build/sl_app/app/lib/libapp_release.a(GNSS.o)
 .bss.Counter.4931
                0xffffffff825252dc        0x1 /cygdrive/c/projects/ST86YXZG/soft/build/sl_app/app/lib/libapp_release.a(Gprs.o)
 .bss.SendCounter.4443
                0xffffffff825252dd        0x1 /cygdrive/c/projects/ST86YXZG/soft/build/sl_app/app/lib/libapp_release.a(Gprs.o)
 .bss.erro_code.4442
                0xffffffff825252de        0x1 /cygdrive/c/projects/ST86YXZG/soft/build/sl_app/app/lib/libapp_release.a(Gprs.o)
 *fill*         0xffffffff825252df        0x1 00
 .bss.counter.4441
                0xffffffff825252e0        0x4 /cygdrive/c/projects/ST86YXZG/soft/build/sl_app/app/lib/libapp_release.a(Gprs.o)
 .bss.step.4440
                0xffffffff825252e4        0x1 /cygdrive/c/projects/ST86YXZG/soft/build/sl_app/app/lib/libapp_release.a(Gprs.o)
 *fill*         0xffffffff825252e5        0x3 00
 .bss.TcpIpSocket
                0xffffffff825252e8       0xfc /cygdrive/c/projects/ST86YXZG/soft/build/sl_app/app/lib/libapp_release.a(Gprs.o)
 .bss.IpAddrBack
                0xffffffff825253e4       0x34 /cygdrive/c/projects/ST86YXZG/soft/build/sl_app/app/lib/libapp_release.a(Gprs.o)
 .bss.GprsRecvBuf
                0xffffffff82525418       0x64 /cygdrive/c/projects/ST86YXZG/soft/build/sl_app/app/lib/libapp_release.a(Gprs.o)
 .bss.SMSRecvBuf
                0xffffffff8252547c       0xc8 /cygdrive/c/projects/ST86YXZG/soft/build/sl_app/app/lib/libapp_release.a(Gprs.o)
 .bss.SMSRecvNum
                0xffffffff82525544       0x14 /cygdrive/c/projects/ST86YXZG/soft/build/sl_app/app/lib/libapp_release.a(Gprs.o)
 .bss.GprsRecvLen
                0xffffffff82525558        0x2 /cygdrive/c/projects/ST86YXZG/soft/build/sl_app/app/lib/libapp_release.a(Gprs.o)
 .bss.SMSRecvLen
                0xffffffff8252555a        0x2 /cygdrive/c/projects/ST86YXZG/soft/build/sl_app/app/lib/libapp_release.a(Gprs.o)
 .bss.ComCmdRes
                0xffffffff8252555c       0x1c /cygdrive/c/projects/ST86YXZG/soft/build/sl_app/app/lib/libapp_release.a(Gprs.o)
 .bss.CmdID     0xffffffff82525578        0x2 /cygdrive/c/projects/ST86YXZG/soft/build/sl_app/app/lib/libapp_release.a(Gprs.o)
 .bss.Off.4283  0xffffffff8252557a        0x1 /cygdrive/c/projects/ST86YXZG/soft/build/sl_app/app/lib/libapp_release.a(Led.o)
 .bss.On.4282   0xffffffff8252557b        0x1 /cygdrive/c/projects/ST86YXZG/soft/build/sl_app/app/lib/libapp_release.a(Led.o)
 .bss.sw.4281   0xffffffff8252557c        0x4 /cygdrive/c/projects/ST86YXZG/soft/build/sl_app/app/lib/libapp_release.a(Led.o)
 .bss.step.4280
                0xffffffff82525580        0x1 /cygdrive/c/projects/ST86YXZG/soft/build/sl_app/app/lib/libapp_release.a(Led.o)
 *fill*         0xffffffff82525581        0x3 00
 .bss.sw.4245   0xffffffff82525584        0x4 /cygdrive/c/projects/ST86YXZG/soft/build/sl_app/app/lib/libapp_release.a(Led.o)
 .bss.step.4244
                0xffffffff82525588        0x1 /cygdrive/c/projects/ST86YXZG/soft/build/sl_app/app/lib/libapp_release.a(Led.o)
 .bss.counter.4447
                0xffffffff82525589        0x1 /cygdrive/c/projects/ST86YXZG/soft/build/sl_app/app/lib/libapp_release.a(Rtc.o)
 *fill*         0xffffffff8252558a        0x2 00
 .bss.sw.4446   0xffffffff8252558c        0x4 /cygdrive/c/projects/ST86YXZG/soft/build/sl_app/app/lib/libapp_release.a(Rtc.o)
 .bss.step.4445
                0xffffffff82525590        0x1 /cygdrive/c/projects/ST86YXZG/soft/build/sl_app/app/lib/libapp_release.a(Rtc.o)
 *fill*         0xffffffff82525591        0x3 00
 .bss.WakeUpTime.4387
                0xffffffff82525594        0x4 /cygdrive/c/projects/ST86YXZG/soft/build/sl_app/app/lib/libapp_release.a(Rtc.o)
 .bss.counter.4386
                0xffffffff82525598        0x4 /cygdrive/c/projects/ST86YXZG/soft/build/sl_app/app/lib/libapp_release.a(Rtc.o)
 .bss.step.4385
                0xffffffff8252559c        0x1 /cygdrive/c/projects/ST86YXZG/soft/build/sl_app/app/lib/libapp_release.a(Rtc.o)
 *fill*         0xffffffff8252559d        0x3 00
 .bss.SysTime   0xffffffff825255a0       0x10 /cygdrive/c/projects/ST86YXZG/soft/build/sl_app/app/lib/libapp_release.a(Rtc.o)
 .bss.SetTime   0xffffffff825255b0       0x10 /cygdrive/c/projects/ST86YXZG/soft/build/sl_app/app/lib/libapp_release.a(Rtc.o)
 .bss.SleepStatus
                0xffffffff825255c0        0x1 /cygdrive/c/projects/ST86YXZG/soft/build/sl_app/app/lib/libapp_release.a(Rtc.o)
 *fill*         0xffffffff825255c1        0x3 00
 .bss.WarningValue
                0xffffffff825255c4        0x4 /cygdrive/c/projects/ST86YXZG/soft/build/sl_app/app/lib/libapp_release.a(Rtc.o)
 .bss.SysCfg    0xffffffff825255c8       0xd8 /cygdrive/c/projects/ST86YXZG/soft/build/sl_app/app/lib/libapp_release.a(SysFile.o)
 .bss.LocalLogFile
                0xffffffff825256a0     0x2804 /cygdrive/c/projects/ST86YXZG/soft/build/sl_app/app/lib/libapp_release.a(SysFile.o)
 .bss.step2.4476
                0xffffffff82527ea4        0x1 /cygdrive/c/projects/ST86YXZG/soft/build/sl_app/app/lib/libapp_release.a(SysProcess.o)
 *fill*         0xffffffff82527ea5        0x3 00
 .bss.NextTime  0xffffffff82527ea8        0x4 /cygdrive/c/projects/ST86YXZG/soft/build/sl_app/app/lib/libapp_release.a(SysProcess.o)
 .bss.NextTime1
                0xffffffff82527eac        0x4 /cygdrive/c/projects/ST86YXZG/soft/build/sl_app/app/lib/libapp_release.a(SysProcess.o)
 .bss.AccStateBack
                0xffffffff82527eb0        0x1 /cygdrive/c/projects/ST86YXZG/soft/build/sl_app/app/lib/libapp_release.a(SysProcess.o)
 .bss.ShellStateBack
                0xffffffff82527eb1        0x1 /cygdrive/c/projects/ST86YXZG/soft/build/sl_app/app/lib/libapp_release.a(SysProcess.o)
 *fill*         0xffffffff82527eb2        0x2 00
 .bss.sw3.4329  0xffffffff82527eb4        0x4 /cygdrive/c/projects/ST86YXZG/soft/build/sl_app/app/lib/libapp_release.a(SysProcess.o)
 .bss.sw1.4328  0xffffffff82527eb8        0x4 /cygdrive/c/projects/ST86YXZG/soft/build/sl_app/app/lib/libapp_release.a(SysProcess.o)
 .bss.sw.4327   0xffffffff82527ebc        0x4 /cygdrive/c/projects/ST86YXZG/soft/build/sl_app/app/lib/libapp_release.a(SysProcess.o)
 .bss.step3.4326
                0xffffffff82527ec0        0x1 /cygdrive/c/projects/ST86YXZG/soft/build/sl_app/app/lib/libapp_release.a(SysProcess.o)
 .bss.step2.4325
                0xffffffff82527ec1        0x1 /cygdrive/c/projects/ST86YXZG/soft/build/sl_app/app/lib/libapp_release.a(SysProcess.o)
 .bss.step1.4324
                0xffffffff82527ec2        0x1 /cygdrive/c/projects/ST86YXZG/soft/build/sl_app/app/lib/libapp_release.a(SysProcess.o)
 .bss.step.4323
                0xffffffff82527ec3        0x1 /cygdrive/c/projects/ST86YXZG/soft/build/sl_app/app/lib/libapp_release.a(SysProcess.o)
 .bss.counter.4242
                0xffffffff82527ec4        0x2 /cygdrive/c/projects/ST86YXZG/soft/build/sl_app/app/lib/libapp_release.a(SysProcess.o)
 *fill*         0xffffffff82527ec6        0x2 00
 .bss.DataPacketBuf
                0xffffffff82527ec8      0x200 /cygdrive/c/projects/ST86YXZG/soft/build/sl_app/app/lib/libapp_release.a(SysProcess.o)
 .bss.SysRunData
                0xffffffff825280c8       0x50 /cygdrive/c/projects/ST86YXZG/soft/build/sl_app/app/lib/libapp_release.a(SysProcess.o)
 .bss.DistancePro
                0xffffffff82528118       0x30 /cygdrive/c/projects/ST86YXZG/soft/build/sl_app/app/lib/libapp_release.a(SysProcess.o)
 .bss.cmd_unmon_back
                0xffffffff82528148        0x1 /cygdrive/c/projects/ST86YXZG/soft/build/sl_app/app/lib/libapp_release.a(SysProcess.o)
 .bss.cmd_mon_back
                0xffffffff82528149        0x1 /cygdrive/c/projects/ST86YXZG/soft/build/sl_app/app/lib/libapp_release.a(SysProcess.o)
 .bss.cmd_hand_back
                0xffffffff8252814a        0x1 /cygdrive/c/projects/ST86YXZG/soft/build/sl_app/app/lib/libapp_release.a(SysProcess.o)
 .bss.cmd_lock_back
                0xffffffff8252814b        0x1 /cygdrive/c/projects/ST86YXZG/soft/build/sl_app/app/lib/libapp_release.a(SysProcess.o)
 .bss.cmd_unlock_back
                0xffffffff8252814c        0x1 /cygdrive/c/projects/ST86YXZG/soft/build/sl_app/app/lib/libapp_release.a(SysProcess.o)
 *fill*         0xffffffff8252814d        0x3 00
 .bss.ticks     0xffffffff82528150        0x4 /cygdrive/c/projects/ST86YXZG/soft/build/sl_app/app/lib/libapp_release.a(SysTickTime.o)
                0xffffffff82528150                ticks
 .bss.step1.4231
                0xffffffff82528154        0x1 /cygdrive/c/projects/ST86YXZG/soft/build/sl_app/app/lib/libapp_release.a(TcpIPUpload.o)
 .bss.step.4230
                0xffffffff82528155        0x1 /cygdrive/c/projects/ST86YXZG/soft/build/sl_app/app/lib/libapp_release.a(TcpIPUpload.o)
 *fill*         0xffffffff82528156        0x2 00
 .bss.UpLoadBuf
                0xffffffff82528158      0x200 /cygdrive/c/projects/ST86YXZG/soft/build/sl_app/app/lib/libapp_release.a(TcpIPUpload.o)
 .bss.DataBig   0xffffffff82528358        0x1 /cygdrive/c/projects/ST86YXZG/soft/build/sl_app/app/lib/libapp_release.a(TcpIPUpload.o)
 *fill*         0xffffffff82528359        0x3 00
 .bss.HeatSw    0xffffffff8252835c        0x4 /cygdrive/c/projects/ST86YXZG/soft/build/sl_app/app/lib/libapp_release.a(TcpIPUpload.o)
 .bss.CanProNumSendBig
                0xffffffff82528360        0x1 /cygdrive/c/projects/ST86YXZG/soft/build/sl_app/app/lib/libapp_release.a(Terminal.o)
 .bss.GetStatusBig
                0xffffffff82528361        0x1 /cygdrive/c/projects/ST86YXZG/soft/build/sl_app/app/lib/libapp_release.a(Terminal.o)
 *fill*         0xffffffff82528362        0x2 00
 .bss.sw1.4889  0xffffffff82528364        0x4 /cygdrive/c/projects/ST86YXZG/soft/build/sl_app/app/lib/libapp_release.a(Terminal.o)
 .bss.sw.4888   0xffffffff82528368        0x4 /cygdrive/c/projects/ST86YXZG/soft/build/sl_app/app/lib/libapp_release.a(Terminal.o)
 .bss.step2.4887
                0xffffffff8252836c        0x1 /cygdrive/c/projects/ST86YXZG/soft/build/sl_app/app/lib/libapp_release.a(Terminal.o)
 .bss.step1.4886
                0xffffffff8252836d        0x1 /cygdrive/c/projects/ST86YXZG/soft/build/sl_app/app/lib/libapp_release.a(Terminal.o)
 .bss.step.4885
                0xffffffff8252836e        0x1 /cygdrive/c/projects/ST86YXZG/soft/build/sl_app/app/lib/libapp_release.a(Terminal.o)
 .bss.CurrentLockCarState
                0xffffffff8252836f        0x1 /cygdrive/c/projects/ST86YXZG/soft/build/sl_app/app/lib/libapp_release.a(Terminal.o)
 .bss.sw.4480   0xffffffff82528370        0x4 /cygdrive/c/projects/ST86YXZG/soft/build/sl_app/app/lib/libapp_release.a(Terminal.o)
 .bss.step.4479
                0xffffffff82528374        0x1 /cygdrive/c/projects/ST86YXZG/soft/build/sl_app/app/lib/libapp_release.a(Terminal.o)
 *fill*         0xffffffff82528375        0x3 00
 .bss.UpgradeStatus
                0xffffffff82528378        0x4 /cygdrive/c/projects/ST86YXZG/soft/build/sl_app/app/lib/libapp_release.a(Terminal.o)
 .bss.UpgradeData
                0xffffffff8252837c        0x4 /cygdrive/c/projects/ST86YXZG/soft/build/sl_app/app/lib/libapp_release.a(Terminal.o)
 .bss.pUpgradeST86
                0xffffffff82528380        0x4 /cygdrive/c/projects/ST86YXZG/soft/build/sl_app/app/lib/libapp_release.a(Terminal.o)
 .bss.TerRecvBuf
                0xffffffff82528384      0x400 /cygdrive/c/projects/ST86YXZG/soft/build/sl_app/app/lib/libapp_release.a(Terminal.o)
 .bss.TerSendBuf
                0xffffffff82528784      0x4b0 /cygdrive/c/projects/ST86YXZG/soft/build/sl_app/app/lib/libapp_release.a(Terminal.o)
 .bss.RunMode   0xffffffff82528c34        0x1 /cygdrive/c/projects/ST86YXZG/soft/build/sl_app/app/lib/libapp_release.a(Terminal.o)
 .bss.McuStatus
                0xffffffff82528c35        0x1 /cygdrive/c/projects/ST86YXZG/soft/build/sl_app/app/lib/libapp_release.a(Terminal.o)
 .bss.ConfigFlag
                0xffffffff82528c36        0x1 /cygdrive/c/projects/ST86YXZG/soft/build/sl_app/app/lib/libapp_release.a(Terminal.o)
 *fill*         0xffffffff82528c37        0x1 00
 .bss.CanData   0xffffffff82528c38       0x44 /cygdrive/c/projects/ST86YXZG/soft/build/sl_app/app/lib/libapp_release.a(Terminal.o)
 .bss.TerStateData
                0xffffffff82528c7c       0x18 /cygdrive/c/projects/ST86YXZG/soft/build/sl_app/app/lib/libapp_release.a(Terminal.o)
 .bss.TerTime   0xffffffff82528c94       0x10 /cygdrive/c/projects/ST86YXZG/soft/build/sl_app/app/lib/libapp_release.a(Terminal.o)
 .bss.LockCar   0xffffffff82528ca4        0x8 /cygdrive/c/projects/ST86YXZG/soft/build/sl_app/app/lib/libapp_release.a(Terminal.o)
 .bss.CurrentFaultCode
                0xffffffff82528cac       0xa4 /cygdrive/c/projects/ST86YXZG/soft/build/sl_app/app/lib/libapp_release.a(Terminal.o)
 .bss.MonstateTmp
                0xffffffff82528d50        0x1 /cygdrive/c/projects/ST86YXZG/soft/build/sl_app/app/lib/libapp_release.a(Terminal.o)
 *fill*         0xffffffff82528d51        0x3 00
 .bss.stopwatch.4324
                0xffffffff82528d54        0x4 /cygdrive/c/projects/ST86YXZG/soft/build/sl_app/app/lib/libapp_release.a(UART.o)
 .bss.step.4322
                0xffffffff82528d58        0x4 /cygdrive/c/projects/ST86YXZG/soft/build/sl_app/app/lib/libapp_release.a(UART.o)
 .bss.com1_new_data
                0xffffffff82528d5c        0x1 /cygdrive/c/projects/ST86YXZG/soft/build/sl_app/app/lib/libapp_release.a(UART.o)
 *fill*         0xffffffff82528d5d        0x3 00
 .bss.com1_recv_size
                0xffffffff82528d60        0x4 /cygdrive/c/projects/ST86YXZG/soft/build/sl_app/app/lib/libapp_release.a(UART.o)
 .bss.com1_recv_buf
                0xffffffff82528d64      0x400 /cygdrive/c/projects/ST86YXZG/soft/build/sl_app/app/lib/libapp_release.a(UART.o)
 .bss.com2_new_data
                0xffffffff82529164        0x1 /cygdrive/c/projects/ST86YXZG/soft/build/sl_app/app/lib/libapp_release.a(UART.o)
 *fill*         0xffffffff82529165        0x3 00
 .bss.com2_recv_size
                0xffffffff82529168        0x4 /cygdrive/c/projects/ST86YXZG/soft/build/sl_app/app/lib/libapp_release.a(UART.o)
 .bss.com2_recv_buf
                0xffffffff8252916c      0x400 /cygdrive/c/projects/ST86YXZG/soft/build/sl_app/app/lib/libapp_release.a(UART.o)
 .bss.TerMsgBig
                0xffffffff8252956c        0x1 /cygdrive/c/projects/ST86YXZG/soft/build/sl_app/app/lib/libapp_release.a(BuildDataPacket.o)
 *fill*         0xffffffff8252956d        0x1 00
 .bss.DataLen.4232
                0xffffffff8252956e        0x2 /cygdrive/c/projects/ST86YXZG/soft/build/sl_app/app/lib/libapp_release.a(BuildDataPacket.o)
 .bss.TmpBuf    0xffffffff82529570       0xb4 /cygdrive/c/projects/ST86YXZG/soft/build/sl_app/app/lib/libapp_release.a(BuildDataPacket.o)
 .bss.MsgLine   0xffffffff82529624        0x1 /cygdrive/c/projects/ST86YXZG/soft/build/sl_app/app/lib/libapp_release.a(BuildDataPacket.o)
 .bss.MsgNum    0xffffffff82529625        0x1 /cygdrive/c/projects/ST86YXZG/soft/build/sl_app/app/lib/libapp_release.a(BuildDataPacket.o)
 .bss.MsgSerial
                0xffffffff82529626        0x2 /cygdrive/c/projects/ST86YXZG/soft/build/sl_app/app/lib/libapp_release.a(BuildDataPacket.o)
 *(COMMON)
 *(.rambss)
                0xffffffff82529630                . = ALIGN (0x10)
 *fill*         0xffffffff82529628        0x8 00
                0xffffffff82529630                _ram_bss_end = .
                0x000000000001b000                _ram_bss_size = (_ram_bss_end - _ram_bss_start)
                0xffffffff825a0800                _ram_top = 0xffffffff825a0800
                0x00000000000771d0                _heap_size = (_ram_top - _ram_bss_end)
                0xffffffff82529630                _heap_start = _ram_bss_end
                0xffffffff825a0800                _heap_end = (_ram_bss_end + _heap_size)
                0x0000000000000001                ASSERT ((ABSOLUTE (_ram_top) > ABSOLUTE (_ram_bss_end)), APP External RAM overflow !)
START GROUP
LOAD /cygdrive/c/projects/ST86YXZG/soft/build/sl_app/app/lib/libapp_release.a
END GROUP
LOAD /crosscompiler/bin/../lib/gcc/mips-elf/4.4.2/libgcc.a
OUTPUT(/cygdrive/c/projects/ST86YXZG/soft/build/sl_app/8809/sl_app_S80_20200608_release.elf elf32-littlemips)

.reginfo        0x0000000000000000       0x18
 .reginfo       0x0000000000000000       0x18 /cygdrive/c/projects/ST86YXZG/soft/build/sl_app/app/lib/libapp_release.a(sl_app_init.o)

.mdebug.abi32   0x0000000000000000        0x0
 .mdebug.abi32  0x0000000000000000        0x0 /cygdrive/c/projects/ST86YXZG/soft/build/sl_app/app/lib/libapp_release.a(sl_app_init.o)
 .mdebug.abi32  0x0000000000000000        0x0 /cygdrive/c/projects/ST86YXZG/soft/build/sl_app/app/lib/libapp_release.a(FiFoData.o)
 .mdebug.abi32  0x0000000000000000        0x0 /cygdrive/c/projects/ST86YXZG/soft/build/sl_app/app/lib/libapp_release.a(GNSS.o)
 .mdebug.abi32  0x0000000000000000        0x0 /cygdrive/c/projects/ST86YXZG/soft/build/sl_app/app/lib/libapp_release.a(Gprs.o)
 .mdebug.abi32  0x0000000000000000        0x0 /cygdrive/c/projects/ST86YXZG/soft/build/sl_app/app/lib/libapp_release.a(Led.o)
 .mdebug.abi32  0x0000000000000000        0x0 /cygdrive/c/projects/ST86YXZG/soft/build/sl_app/app/lib/libapp_release.a(ProData.o)
 .mdebug.abi32  0x0000000000000000        0x0 /cygdrive/c/projects/ST86YXZG/soft/build/sl_app/app/lib/libapp_release.a(Rtc.o)
 .mdebug.abi32  0x0000000000000000        0x0 /cygdrive/c/projects/ST86YXZG/soft/build/sl_app/app/lib/libapp_release.a(SysFile.o)
 .mdebug.abi32  0x0000000000000000        0x0 /cygdrive/c/projects/ST86YXZG/soft/build/sl_app/app/lib/libapp_release.a(SysProcess.o)
 .mdebug.abi32  0x0000000000000000        0x0 /cygdrive/c/projects/ST86YXZG/soft/build/sl_app/app/lib/libapp_release.a(SysTickTime.o)
 .mdebug.abi32  0x0000000000000000        0x0 /cygdrive/c/projects/ST86YXZG/soft/build/sl_app/app/lib/libapp_release.a(TcpIPUpload.o)
 .mdebug.abi32  0x0000000000000000        0x0 /cygdrive/c/projects/ST86YXZG/soft/build/sl_app/app/lib/libapp_release.a(Terminal.o)
 .mdebug.abi32  0x0000000000000000        0x0 /cygdrive/c/projects/ST86YXZG/soft/build/sl_app/app/lib/libapp_release.a(UART.o)
 .mdebug.abi32  0x0000000000000000        0x0 /cygdrive/c/projects/ST86YXZG/soft/build/sl_app/app/lib/libapp_release.a(VersionNum.o)
 .mdebug.abi32  0x0000000000000000        0x0 /cygdrive/c/projects/ST86YXZG/soft/build/sl_app/app/lib/libapp_release.a(sl_app.o)
 .mdebug.abi32  0x0000000000000000        0x0 /cygdrive/c/projects/ST86YXZG/soft/build/sl_app/app/lib/libapp_release.a(BuildDataPacket.o)
 .mdebug.abi32  0x0000000000000000        0x0 /crosscompiler/bin/../lib/gcc/mips-elf/4.4.2/libgcc.a(_fixunssfsi.o)
 .mdebug.abi32  0x0000000000000000        0x0 /crosscompiler/bin/../lib/gcc/mips-elf/4.4.2/libgcc.a(_fixunsdfsi.o)
 .mdebug.abi32  0x0000000000000000        0x0 /crosscompiler/bin/../lib/gcc/mips-elf/4.4.2/libgcc.a(_addsub_sf.o)
 .mdebug.abi32  0x0000000000000000        0x0 /crosscompiler/bin/../lib/gcc/mips-elf/4.4.2/libgcc.a(_ge_sf.o)
 .mdebug.abi32  0x0000000000000000        0x0 /crosscompiler/bin/../lib/gcc/mips-elf/4.4.2/libgcc.a(_lt_sf.o)
 .mdebug.abi32  0x0000000000000000        0x0 /crosscompiler/bin/../lib/gcc/mips-elf/4.4.2/libgcc.a(_sf_to_si.o)
 .mdebug.abi32  0x0000000000000000        0x0 /crosscompiler/bin/../lib/gcc/mips-elf/4.4.2/libgcc.a(_sf_to_df.o)
 .mdebug.abi32  0x0000000000000000        0x0 /crosscompiler/bin/../lib/gcc/mips-elf/4.4.2/libgcc.a(_thenan_sf.o)
 .mdebug.abi32  0x0000000000000000        0x0 /crosscompiler/bin/../lib/gcc/mips-elf/4.4.2/libgcc.a(_addsub_df.o)
 .mdebug.abi32  0x0000000000000000        0x0 /crosscompiler/bin/../lib/gcc/mips-elf/4.4.2/libgcc.a(_mul_df.o)
 .mdebug.abi32  0x0000000000000000        0x0 /crosscompiler/bin/../lib/gcc/mips-elf/4.4.2/libgcc.a(_div_df.o)
 .mdebug.abi32  0x0000000000000000        0x0 /crosscompiler/bin/../lib/gcc/mips-elf/4.4.2/libgcc.a(_eq_df.o)
 .mdebug.abi32  0x0000000000000000        0x0 /crosscompiler/bin/../lib/gcc/mips-elf/4.4.2/libgcc.a(_gt_df.o)
 .mdebug.abi32  0x0000000000000000        0x0 /crosscompiler/bin/../lib/gcc/mips-elf/4.4.2/libgcc.a(_ge_df.o)
 .mdebug.abi32  0x0000000000000000        0x0 /crosscompiler/bin/../lib/gcc/mips-elf/4.4.2/libgcc.a(_si_to_df.o)
 .mdebug.abi32  0x0000000000000000        0x0 /crosscompiler/bin/../lib/gcc/mips-elf/4.4.2/libgcc.a(_df_to_si.o)
 .mdebug.abi32  0x0000000000000000        0x0 /crosscompiler/bin/../lib/gcc/mips-elf/4.4.2/libgcc.a(_make_df.o)
 .mdebug.abi32  0x0000000000000000        0x0 /crosscompiler/bin/../lib/gcc/mips-elf/4.4.2/libgcc.a(_df_to_sf.o)
 .mdebug.abi32  0x0000000000000000        0x0 /crosscompiler/bin/../lib/gcc/mips-elf/4.4.2/libgcc.a(_thenan_df.o)
 .mdebug.abi32  0x0000000000000000        0x0 /crosscompiler/bin/../lib/gcc/mips-elf/4.4.2/libgcc.a(_usi_to_df.o)
 .mdebug.abi32  0x0000000000000000        0x0 /crosscompiler/bin/../lib/gcc/mips-elf/4.4.2/libgcc.a(_lshrdi3.o)
 .mdebug.abi32  0x0000000000000000        0x0 /crosscompiler/bin/../lib/gcc/mips-elf/4.4.2/libgcc.a(_ashldi3.o)
 .mdebug.abi32  0x0000000000000000        0x0 /crosscompiler/bin/../lib/gcc/mips-elf/4.4.2/libgcc.a(_ucmpdi2.o)
 .mdebug.abi32  0x0000000000000000        0x0 /crosscompiler/bin/../lib/gcc/mips-elf/4.4.2/libgcc.a(_clzsi2.o)
 .mdebug.abi32  0x0000000000000000        0x0 /crosscompiler/bin/../lib/gcc/mips-elf/4.4.2/libgcc.a(_pack_sf.o)
 .mdebug.abi32  0x0000000000000000        0x0 /crosscompiler/bin/../lib/gcc/mips-elf/4.4.2/libgcc.a(_unpack_sf.o)
 .mdebug.abi32  0x0000000000000000        0x0 /crosscompiler/bin/../lib/gcc/mips-elf/4.4.2/libgcc.a(_fpcmp_parts_sf.o)
 .mdebug.abi32  0x0000000000000000        0x0 /crosscompiler/bin/../lib/gcc/mips-elf/4.4.2/libgcc.a(_make_sf.o)
 .mdebug.abi32  0x0000000000000000        0x0 /crosscompiler/bin/../lib/gcc/mips-elf/4.4.2/libgcc.a(_pack_df.o)
 .mdebug.abi32  0x0000000000000000        0x0 /crosscompiler/bin/../lib/gcc/mips-elf/4.4.2/libgcc.a(_unpack_df.o)
 .mdebug.abi32  0x0000000000000000        0x0 /crosscompiler/bin/../lib/gcc/mips-elf/4.4.2/libgcc.a(_fpcmp_parts_df.o)
 .mdebug.abi32  0x0000000000000000        0x0 /crosscompiler/bin/../lib/gcc/mips-elf/4.4.2/libgcc.a(_clz.o)

.comment        0x0000000000000000       0x31
 .comment       0x0000000000000000       0x31 /cygdrive/c/projects/ST86YXZG/soft/build/sl_app/app/lib/libapp_release.a(sl_app_init.o)
                                         0x32 (size before relaxing)
 .comment       0x0000000000000000       0x32 /cygdrive/c/projects/ST86YXZG/soft/build/sl_app/app/lib/libapp_release.a(FiFoData.o)
 .comment       0x0000000000000000       0x32 /cygdrive/c/projects/ST86YXZG/soft/build/sl_app/app/lib/libapp_release.a(GNSS.o)
 .comment       0x0000000000000000       0x32 /cygdrive/c/projects/ST86YXZG/soft/build/sl_app/app/lib/libapp_release.a(Gprs.o)
 .comment       0x0000000000000000       0x32 /cygdrive/c/projects/ST86YXZG/soft/build/sl_app/app/lib/libapp_release.a(Led.o)
 .comment       0x0000000000000000       0x32 /cygdrive/c/projects/ST86YXZG/soft/build/sl_app/app/lib/libapp_release.a(ProData.o)
 .comment       0x0000000000000000       0x32 /cygdrive/c/projects/ST86YXZG/soft/build/sl_app/app/lib/libapp_release.a(Rtc.o)
 .comment       0x0000000000000000       0x32 /cygdrive/c/projects/ST86YXZG/soft/build/sl_app/app/lib/libapp_release.a(SysFile.o)
 .comment       0x0000000000000000       0x32 /cygdrive/c/projects/ST86YXZG/soft/build/sl_app/app/lib/libapp_release.a(SysProcess.o)
 .comment       0x0000000000000000       0x32 /cygdrive/c/projects/ST86YXZG/soft/build/sl_app/app/lib/libapp_release.a(SysTickTime.o)
 .comment       0x0000000000000000       0x32 /cygdrive/c/projects/ST86YXZG/soft/build/sl_app/app/lib/libapp_release.a(TcpIPUpload.o)
 .comment       0x0000000000000000       0x32 /cygdrive/c/projects/ST86YXZG/soft/build/sl_app/app/lib/libapp_release.a(Terminal.o)
 .comment       0x0000000000000000       0x32 /cygdrive/c/projects/ST86YXZG/soft/build/sl_app/app/lib/libapp_release.a(UART.o)
 .comment       0x0000000000000000       0x32 /cygdrive/c/projects/ST86YXZG/soft/build/sl_app/app/lib/libapp_release.a(VersionNum.o)
 .comment       0x0000000000000000       0x32 /cygdrive/c/projects/ST86YXZG/soft/build/sl_app/app/lib/libapp_release.a(sl_app.o)
 .comment       0x0000000000000000       0x32 /cygdrive/c/projects/ST86YXZG/soft/build/sl_app/app/lib/libapp_release.a(BuildDataPacket.o)
 .comment       0x0000000000000000       0x32 /crosscompiler/bin/../lib/gcc/mips-elf/4.4.2/libgcc.a(_fixunssfsi.o)
 .comment       0x0000000000000000       0x32 /crosscompiler/bin/../lib/gcc/mips-elf/4.4.2/libgcc.a(_fixunsdfsi.o)
 .comment       0x0000000000000000       0x32 /crosscompiler/bin/../lib/gcc/mips-elf/4.4.2/libgcc.a(_addsub_sf.o)
 .comment       0x0000000000000000       0x32 /crosscompiler/bin/../lib/gcc/mips-elf/4.4.2/libgcc.a(_ge_sf.o)
 .comment       0x0000000000000000       0x32 /crosscompiler/bin/../lib/gcc/mips-elf/4.4.2/libgcc.a(_lt_sf.o)
 .comment       0x0000000000000000       0x32 /crosscompiler/bin/../lib/gcc/mips-elf/4.4.2/libgcc.a(_sf_to_si.o)
 .comment       0x0000000000000000       0x32 /crosscompiler/bin/../lib/gcc/mips-elf/4.4.2/libgcc.a(_sf_to_df.o)
 .comment       0x0000000000000000       0x32 /crosscompiler/bin/../lib/gcc/mips-elf/4.4.2/libgcc.a(_thenan_sf.o)
 .comment       0x0000000000000000       0x32 /crosscompiler/bin/../lib/gcc/mips-elf/4.4.2/libgcc.a(_addsub_df.o)
 .comment       0x0000000000000000       0x32 /crosscompiler/bin/../lib/gcc/mips-elf/4.4.2/libgcc.a(_mul_df.o)
 .comment       0x0000000000000000       0x32 /crosscompiler/bin/../lib/gcc/mips-elf/4.4.2/libgcc.a(_div_df.o)
 .comment       0x0000000000000000       0x32 /crosscompiler/bin/../lib/gcc/mips-elf/4.4.2/libgcc.a(_eq_df.o)
 .comment       0x0000000000000000       0x32 /crosscompiler/bin/../lib/gcc/mips-elf/4.4.2/libgcc.a(_gt_df.o)
 .comment       0x0000000000000000       0x32 /crosscompiler/bin/../lib/gcc/mips-elf/4.4.2/libgcc.a(_ge_df.o)
 .comment       0x0000000000000000       0x32 /crosscompiler/bin/../lib/gcc/mips-elf/4.4.2/libgcc.a(_si_to_df.o)
 .comment       0x0000000000000000       0x32 /crosscompiler/bin/../lib/gcc/mips-elf/4.4.2/libgcc.a(_df_to_si.o)
 .comment       0x0000000000000000       0x32 /crosscompiler/bin/../lib/gcc/mips-elf/4.4.2/libgcc.a(_make_df.o)
 .comment       0x0000000000000000       0x32 /crosscompiler/bin/../lib/gcc/mips-elf/4.4.2/libgcc.a(_df_to_sf.o)
 .comment       0x0000000000000000       0x32 /crosscompiler/bin/../lib/gcc/mips-elf/4.4.2/libgcc.a(_thenan_df.o)
 .comment       0x0000000000000000       0x32 /crosscompiler/bin/../lib/gcc/mips-elf/4.4.2/libgcc.a(_usi_to_df.o)
 .comment       0x0000000000000000       0x32 /crosscompiler/bin/../lib/gcc/mips-elf/4.4.2/libgcc.a(_lshrdi3.o)
 .comment       0x0000000000000000       0x32 /crosscompiler/bin/../lib/gcc/mips-elf/4.4.2/libgcc.a(_ashldi3.o)
 .comment       0x0000000000000000       0x32 /crosscompiler/bin/../lib/gcc/mips-elf/4.4.2/libgcc.a(_ucmpdi2.o)
 .comment       0x0000000000000000       0x32 /crosscompiler/bin/../lib/gcc/mips-elf/4.4.2/libgcc.a(_clzsi2.o)
 .comment       0x0000000000000000       0x32 /crosscompiler/bin/../lib/gcc/mips-elf/4.4.2/libgcc.a(_pack_sf.o)
 .comment       0x0000000000000000       0x32 /crosscompiler/bin/../lib/gcc/mips-elf/4.4.2/libgcc.a(_unpack_sf.o)
 .comment       0x0000000000000000       0x32 /crosscompiler/bin/../lib/gcc/mips-elf/4.4.2/libgcc.a(_fpcmp_parts_sf.o)
 .comment       0x0000000000000000       0x32 /crosscompiler/bin/../lib/gcc/mips-elf/4.4.2/libgcc.a(_make_sf.o)
 .comment       0x0000000000000000       0x32 /crosscompiler/bin/../lib/gcc/mips-elf/4.4.2/libgcc.a(_pack_df.o)
 .comment       0x0000000000000000       0x32 /crosscompiler/bin/../lib/gcc/mips-elf/4.4.2/libgcc.a(_unpack_df.o)
 .comment       0x0000000000000000       0x32 /crosscompiler/bin/../lib/gcc/mips-elf/4.4.2/libgcc.a(_fpcmp_parts_df.o)
 .comment       0x0000000000000000       0x32 /crosscompiler/bin/../lib/gcc/mips-elf/4.4.2/libgcc.a(_clz.o)

.gnu.attributes
                0x0000000000000000       0x10
 .gnu.attributes
                0x0000000000000000       0x10 /cygdrive/c/projects/ST86YXZG/soft/build/sl_app/app/lib/libapp_release.a(sl_app_init.o)
 .gnu.attributes
                0x0000000000000010       0x10 /cygdrive/c/projects/ST86YXZG/soft/build/sl_app/app/lib/libapp_release.a(FiFoData.o)
 .gnu.attributes
                0x0000000000000020       0x10 /cygdrive/c/projects/ST86YXZG/soft/build/sl_app/app/lib/libapp_release.a(GNSS.o)
 .gnu.attributes
                0x0000000000000030       0x10 /cygdrive/c/projects/ST86YXZG/soft/build/sl_app/app/lib/libapp_release.a(Gprs.o)
 .gnu.attributes
                0x0000000000000040       0x10 /cygdrive/c/projects/ST86YXZG/soft/build/sl_app/app/lib/libapp_release.a(Led.o)
 .gnu.attributes
                0x0000000000000050       0x10 /cygdrive/c/projects/ST86YXZG/soft/build/sl_app/app/lib/libapp_release.a(ProData.o)
 .gnu.attributes
                0x0000000000000060       0x10 /cygdrive/c/projects/ST86YXZG/soft/build/sl_app/app/lib/libapp_release.a(Rtc.o)
 .gnu.attributes
                0x0000000000000070       0x10 /cygdrive/c/projects/ST86YXZG/soft/build/sl_app/app/lib/libapp_release.a(SysFile.o)
 .gnu.attributes
                0x0000000000000080       0x10 /cygdrive/c/projects/ST86YXZG/soft/build/sl_app/app/lib/libapp_release.a(SysProcess.o)
 .gnu.attributes
                0x0000000000000090       0x10 /cygdrive/c/projects/ST86YXZG/soft/build/sl_app/app/lib/libapp_release.a(SysTickTime.o)
 .gnu.attributes
                0x00000000000000a0       0x10 /cygdrive/c/projects/ST86YXZG/soft/build/sl_app/app/lib/libapp_release.a(TcpIPUpload.o)
 .gnu.attributes
                0x00000000000000b0       0x10 /cygdrive/c/projects/ST86YXZG/soft/build/sl_app/app/lib/libapp_release.a(Terminal.o)
 .gnu.attributes
                0x00000000000000c0       0x10 /cygdrive/c/projects/ST86YXZG/soft/build/sl_app/app/lib/libapp_release.a(UART.o)
 .gnu.attributes
                0x00000000000000d0       0x10 /cygdrive/c/projects/ST86YXZG/soft/build/sl_app/app/lib/libapp_release.a(VersionNum.o)
 .gnu.attributes
                0x00000000000000e0       0x10 /cygdrive/c/projects/ST86YXZG/soft/build/sl_app/app/lib/libapp_release.a(sl_app.o)
 .gnu.attributes
                0x00000000000000f0       0x10 /cygdrive/c/projects/ST86YXZG/soft/build/sl_app/app/lib/libapp_release.a(BuildDataPacket.o)
 .gnu.attributes
                0x0000000000000100       0x10 /crosscompiler/bin/../lib/gcc/mips-elf/4.4.2/libgcc.a(_fixunssfsi.o)
 .gnu.attributes
                0x0000000000000110       0x10 /crosscompiler/bin/../lib/gcc/mips-elf/4.4.2/libgcc.a(_fixunsdfsi.o)
 .gnu.attributes
                0x0000000000000120       0x10 /crosscompiler/bin/../lib/gcc/mips-elf/4.4.2/libgcc.a(_addsub_sf.o)
 .gnu.attributes
                0x0000000000000130       0x10 /crosscompiler/bin/../lib/gcc/mips-elf/4.4.2/libgcc.a(_ge_sf.o)
 .gnu.attributes
                0x0000000000000140       0x10 /crosscompiler/bin/../lib/gcc/mips-elf/4.4.2/libgcc.a(_lt_sf.o)
 .gnu.attributes
                0x0000000000000150       0x10 /crosscompiler/bin/../lib/gcc/mips-elf/4.4.2/libgcc.a(_sf_to_si.o)
 .gnu.attributes
                0x0000000000000160       0x10 /crosscompiler/bin/../lib/gcc/mips-elf/4.4.2/libgcc.a(_sf_to_df.o)
 .gnu.attributes
                0x0000000000000170       0x10 /crosscompiler/bin/../lib/gcc/mips-elf/4.4.2/libgcc.a(_thenan_sf.o)
 .gnu.attributes
                0x0000000000000180       0x10 /crosscompiler/bin/../lib/gcc/mips-elf/4.4.2/libgcc.a(_addsub_df.o)
 .gnu.attributes
                0x0000000000000190       0x10 /crosscompiler/bin/../lib/gcc/mips-elf/4.4.2/libgcc.a(_mul_df.o)
 .gnu.attributes
                0x00000000000001a0       0x10 /crosscompiler/bin/../lib/gcc/mips-elf/4.4.2/libgcc.a(_div_df.o)
 .gnu.attributes
                0x00000000000001b0       0x10 /crosscompiler/bin/../lib/gcc/mips-elf/4.4.2/libgcc.a(_eq_df.o)
 .gnu.attributes
                0x00000000000001c0       0x10 /crosscompiler/bin/../lib/gcc/mips-elf/4.4.2/libgcc.a(_gt_df.o)
 .gnu.attributes
                0x00000000000001d0       0x10 /crosscompiler/bin/../lib/gcc/mips-elf/4.4.2/libgcc.a(_ge_df.o)
 .gnu.attributes
                0x00000000000001e0       0x10 /crosscompiler/bin/../lib/gcc/mips-elf/4.4.2/libgcc.a(_si_to_df.o)
 .gnu.attributes
                0x00000000000001f0       0x10 /crosscompiler/bin/../lib/gcc/mips-elf/4.4.2/libgcc.a(_df_to_si.o)
 .gnu.attributes
                0x0000000000000200       0x10 /crosscompiler/bin/../lib/gcc/mips-elf/4.4.2/libgcc.a(_make_df.o)
 .gnu.attributes
                0x0000000000000210       0x10 /crosscompiler/bin/../lib/gcc/mips-elf/4.4.2/libgcc.a(_df_to_sf.o)
 .gnu.attributes
                0x0000000000000220       0x10 /crosscompiler/bin/../lib/gcc/mips-elf/4.4.2/libgcc.a(_thenan_df.o)
 .gnu.attributes
                0x0000000000000230       0x10 /crosscompiler/bin/../lib/gcc/mips-elf/4.4.2/libgcc.a(_usi_to_df.o)
 .gnu.attributes
                0x0000000000000240       0x10 /crosscompiler/bin/../lib/gcc/mips-elf/4.4.2/libgcc.a(_lshrdi3.o)
 .gnu.attributes
                0x0000000000000250       0x10 /crosscompiler/bin/../lib/gcc/mips-elf/4.4.2/libgcc.a(_ashldi3.o)
 .gnu.attributes
                0x0000000000000260       0x10 /crosscompiler/bin/../lib/gcc/mips-elf/4.4.2/libgcc.a(_ucmpdi2.o)
 .gnu.attributes
                0x0000000000000270       0x10 /crosscompiler/bin/../lib/gcc/mips-elf/4.4.2/libgcc.a(_clzsi2.o)
 .gnu.attributes
                0x0000000000000280       0x10 /crosscompiler/bin/../lib/gcc/mips-elf/4.4.2/libgcc.a(_pack_sf.o)
 .gnu.attributes
                0x0000000000000290       0x10 /crosscompiler/bin/../lib/gcc/mips-elf/4.4.2/libgcc.a(_unpack_sf.o)
 .gnu.attributes
                0x00000000000002a0       0x10 /crosscompiler/bin/../lib/gcc/mips-elf/4.4.2/libgcc.a(_fpcmp_parts_sf.o)
 .gnu.attributes
                0x00000000000002b0       0x10 /crosscompiler/bin/../lib/gcc/mips-elf/4.4.2/libgcc.a(_make_sf.o)
 .gnu.attributes
                0x00000000000002c0       0x10 /crosscompiler/bin/../lib/gcc/mips-elf/4.4.2/libgcc.a(_pack_df.o)
 .gnu.attributes
                0x00000000000002d0       0x10 /crosscompiler/bin/../lib/gcc/mips-elf/4.4.2/libgcc.a(_unpack_df.o)
 .gnu.attributes
                0x00000000000002e0       0x10 /crosscompiler/bin/../lib/gcc/mips-elf/4.4.2/libgcc.a(_fpcmp_parts_df.o)
 .gnu.attributes
                0x00000000000002f0       0x10 /crosscompiler/bin/../lib/gcc/mips-elf/4.4.2/libgcc.a(_clz.o)

.pdr            0x0000000000000000        0x0
 .pdr           0x0000000000000000        0x0 /cygdrive/c/projects/ST86YXZG/soft/build/sl_app/app/lib/libapp_release.a(sl_app.o)
 .pdr           0x0000000000000000        0x0 /crosscompiler/bin/../lib/gcc/mips-elf/4.4.2/libgcc.a(_thenan_sf.o)
 .pdr           0x0000000000000000        0x0 /crosscompiler/bin/../lib/gcc/mips-elf/4.4.2/libgcc.a(_thenan_df.o)
 .pdr           0x0000000000000000        0x0 /crosscompiler/bin/../lib/gcc/mips-elf/4.4.2/libgcc.a(_clz.o)

.debug_abbrev   0x0000000000000000     0x4e5c
 .debug_abbrev  0x0000000000000000      0x258 /cygdrive/c/projects/ST86YXZG/soft/build/sl_app/app/lib/libapp_release.a(sl_app_init.o)
 .debug_abbrev  0x0000000000000258      0x279 /cygdrive/c/projects/ST86YXZG/soft/build/sl_app/app/lib/libapp_release.a(FiFoData.o)
 .debug_abbrev  0x00000000000004d1      0x279 /cygdrive/c/projects/ST86YXZG/soft/build/sl_app/app/lib/libapp_release.a(GNSS.o)
 .debug_abbrev  0x000000000000074a      0x382 /cygdrive/c/projects/ST86YXZG/soft/build/sl_app/app/lib/libapp_release.a(Gprs.o)
 .debug_abbrev  0x0000000000000acc      0x1f5 /cygdrive/c/projects/ST86YXZG/soft/build/sl_app/app/lib/libapp_release.a(Led.o)
 .debug_abbrev  0x0000000000000cc1      0x357 /cygdrive/c/projects/ST86YXZG/soft/build/sl_app/app/lib/libapp_release.a(ProData.o)
 .debug_abbrev  0x0000000000001018      0x395 /cygdrive/c/projects/ST86YXZG/soft/build/sl_app/app/lib/libapp_release.a(Rtc.o)
 .debug_abbrev  0x00000000000013ad      0x275 /cygdrive/c/projects/ST86YXZG/soft/build/sl_app/app/lib/libapp_release.a(SysFile.o)
 .debug_abbrev  0x0000000000001622      0x2c6 /cygdrive/c/projects/ST86YXZG/soft/build/sl_app/app/lib/libapp_release.a(SysProcess.o)
 .debug_abbrev  0x00000000000018e8       0xce /cygdrive/c/projects/ST86YXZG/soft/build/sl_app/app/lib/libapp_release.a(SysTickTime.o)
 .debug_abbrev  0x00000000000019b6      0x1de /cygdrive/c/projects/ST86YXZG/soft/build/sl_app/app/lib/libapp_release.a(TcpIPUpload.o)
 .debug_abbrev  0x0000000000001b94      0x3ca /cygdrive/c/projects/ST86YXZG/soft/build/sl_app/app/lib/libapp_release.a(Terminal.o)
 .debug_abbrev  0x0000000000001f5e      0x2a9 /cygdrive/c/projects/ST86YXZG/soft/build/sl_app/app/lib/libapp_release.a(UART.o)
 .debug_abbrev  0x0000000000002207       0x97 /cygdrive/c/projects/ST86YXZG/soft/build/sl_app/app/lib/libapp_release.a(VersionNum.o)
 .debug_abbrev  0x000000000000229e      0x18b /cygdrive/c/projects/ST86YXZG/soft/build/sl_app/app/lib/libapp_release.a(sl_app.o)
 .debug_abbrev  0x0000000000002429      0x28b /cygdrive/c/projects/ST86YXZG/soft/build/sl_app/app/lib/libapp_release.a(BuildDataPacket.o)
 .debug_abbrev  0x00000000000026b4       0x66 /crosscompiler/bin/../lib/gcc/mips-elf/4.4.2/libgcc.a(_fixunssfsi.o)
 .debug_abbrev  0x000000000000271a       0x66 /crosscompiler/bin/../lib/gcc/mips-elf/4.4.2/libgcc.a(_fixunsdfsi.o)
 .debug_abbrev  0x0000000000002780      0x1db /crosscompiler/bin/../lib/gcc/mips-elf/4.4.2/libgcc.a(_addsub_sf.o)
 .debug_abbrev  0x000000000000295b      0x15a /crosscompiler/bin/../lib/gcc/mips-elf/4.4.2/libgcc.a(_ge_sf.o)
 .debug_abbrev  0x0000000000002ab5      0x15a /crosscompiler/bin/../lib/gcc/mips-elf/4.4.2/libgcc.a(_lt_sf.o)
 .debug_abbrev  0x0000000000002c0f      0x17f /crosscompiler/bin/../lib/gcc/mips-elf/4.4.2/libgcc.a(_sf_to_si.o)
 .debug_abbrev  0x0000000000002d8e      0x131 /crosscompiler/bin/../lib/gcc/mips-elf/4.4.2/libgcc.a(_sf_to_df.o)
 .debug_abbrev  0x0000000000002ebf       0xc3 /crosscompiler/bin/../lib/gcc/mips-elf/4.4.2/libgcc.a(_thenan_sf.o)
 .debug_abbrev  0x0000000000002f82      0x1ea /crosscompiler/bin/../lib/gcc/mips-elf/4.4.2/libgcc.a(_addsub_df.o)
 .debug_abbrev  0x000000000000316c      0x200 /crosscompiler/bin/../lib/gcc/mips-elf/4.4.2/libgcc.a(_mul_df.o)
 .debug_abbrev  0x000000000000336c      0x1dc /crosscompiler/bin/../lib/gcc/mips-elf/4.4.2/libgcc.a(_div_df.o)
 .debug_abbrev  0x0000000000003548      0x15a /crosscompiler/bin/../lib/gcc/mips-elf/4.4.2/libgcc.a(_eq_df.o)
 .debug_abbrev  0x00000000000036a2      0x15a /crosscompiler/bin/../lib/gcc/mips-elf/4.4.2/libgcc.a(_gt_df.o)
 .debug_abbrev  0x00000000000037fc      0x15a /crosscompiler/bin/../lib/gcc/mips-elf/4.4.2/libgcc.a(_ge_df.o)
 .debug_abbrev  0x0000000000003956      0x148 /crosscompiler/bin/../lib/gcc/mips-elf/4.4.2/libgcc.a(_si_to_df.o)
 .debug_abbrev  0x0000000000003a9e      0x17f /crosscompiler/bin/../lib/gcc/mips-elf/4.4.2/libgcc.a(_df_to_si.o)
 .debug_abbrev  0x0000000000003c1d      0x109 /crosscompiler/bin/../lib/gcc/mips-elf/4.4.2/libgcc.a(_make_df.o)
 .debug_abbrev  0x0000000000003d26      0x140 /crosscompiler/bin/../lib/gcc/mips-elf/4.4.2/libgcc.a(_df_to_sf.o)
 .debug_abbrev  0x0000000000003e66       0xc3 /crosscompiler/bin/../lib/gcc/mips-elf/4.4.2/libgcc.a(_thenan_df.o)
 .debug_abbrev  0x0000000000003f29      0x157 /crosscompiler/bin/../lib/gcc/mips-elf/4.4.2/libgcc.a(_usi_to_df.o)
 .debug_abbrev  0x0000000000004080      0x104 /crosscompiler/bin/../lib/gcc/mips-elf/4.4.2/libgcc.a(_lshrdi3.o)
 .debug_abbrev  0x0000000000004184       0xf7 /crosscompiler/bin/../lib/gcc/mips-elf/4.4.2/libgcc.a(_ashldi3.o)
 .debug_abbrev  0x000000000000427b       0xd0 /crosscompiler/bin/../lib/gcc/mips-elf/4.4.2/libgcc.a(_ucmpdi2.o)
 .debug_abbrev  0x000000000000434b       0xc4 /crosscompiler/bin/../lib/gcc/mips-elf/4.4.2/libgcc.a(_clzsi2.o)
 .debug_abbrev  0x000000000000440f      0x1c0 /crosscompiler/bin/../lib/gcc/mips-elf/4.4.2/libgcc.a(_pack_sf.o)
 .debug_abbrev  0x00000000000045cf      0x163 /crosscompiler/bin/../lib/gcc/mips-elf/4.4.2/libgcc.a(_unpack_sf.o)
 .debug_abbrev  0x0000000000004732      0x14a /crosscompiler/bin/../lib/gcc/mips-elf/4.4.2/libgcc.a(_fpcmp_parts_sf.o)
 .debug_abbrev  0x000000000000487c      0x109 /crosscompiler/bin/../lib/gcc/mips-elf/4.4.2/libgcc.a(_make_sf.o)
 .debug_abbrev  0x0000000000004985      0x1c0 /crosscompiler/bin/../lib/gcc/mips-elf/4.4.2/libgcc.a(_pack_df.o)
 .debug_abbrev  0x0000000000004b45      0x163 /crosscompiler/bin/../lib/gcc/mips-elf/4.4.2/libgcc.a(_unpack_df.o)
 .debug_abbrev  0x0000000000004ca8      0x14a /crosscompiler/bin/../lib/gcc/mips-elf/4.4.2/libgcc.a(_fpcmp_parts_df.o)
 .debug_abbrev  0x0000000000004df2       0x6a /crosscompiler/bin/../lib/gcc/mips-elf/4.4.2/libgcc.a(_clz.o)

.debug_info     0x0000000000000000    0x46ae4
 .debug_info    0x0000000000000000     0x4565 /cygdrive/c/projects/ST86YXZG/soft/build/sl_app/app/lib/libapp_release.a(sl_app_init.o)
 .debug_info    0x0000000000004565     0x4617 /cygdrive/c/projects/ST86YXZG/soft/build/sl_app/app/lib/libapp_release.a(FiFoData.o)
 .debug_info    0x0000000000008b7c     0x486e /cygdrive/c/projects/ST86YXZG/soft/build/sl_app/app/lib/libapp_release.a(GNSS.o)
 .debug_info    0x000000000000d3ea     0x5a0b /cygdrive/c/projects/ST86YXZG/soft/build/sl_app/app/lib/libapp_release.a(Gprs.o)
 .debug_info    0x0000000000012df5     0x49aa /cygdrive/c/projects/ST86YXZG/soft/build/sl_app/app/lib/libapp_release.a(Led.o)
 .debug_info    0x000000000001779f     0x498d /cygdrive/c/projects/ST86YXZG/soft/build/sl_app/app/lib/libapp_release.a(ProData.o)
 .debug_info    0x000000000001c12c     0x4f0a /cygdrive/c/projects/ST86YXZG/soft/build/sl_app/app/lib/libapp_release.a(Rtc.o)
 .debug_info    0x0000000000021036     0x46e9 /cygdrive/c/projects/ST86YXZG/soft/build/sl_app/app/lib/libapp_release.a(SysFile.o)
 .debug_info    0x000000000002571f     0x4fc0 /cygdrive/c/projects/ST86YXZG/soft/build/sl_app/app/lib/libapp_release.a(SysProcess.o)
 .debug_info    0x000000000002a6df      0x19b /cygdrive/c/projects/ST86YXZG/soft/build/sl_app/app/lib/libapp_release.a(SysTickTime.o)
 .debug_info    0x000000000002a87a     0x439b /cygdrive/c/projects/ST86YXZG/soft/build/sl_app/app/lib/libapp_release.a(TcpIPUpload.o)
 .debug_info    0x000000000002ec15     0x58a7 /cygdrive/c/projects/ST86YXZG/soft/build/sl_app/app/lib/libapp_release.a(Terminal.o)
 .debug_info    0x00000000000344bc     0x45d0 /cygdrive/c/projects/ST86YXZG/soft/build/sl_app/app/lib/libapp_release.a(UART.o)
 .debug_info    0x0000000000038a8c       0xe0 /cygdrive/c/projects/ST86YXZG/soft/build/sl_app/app/lib/libapp_release.a(VersionNum.o)
 .debug_info    0x0000000000038b6c     0x42b4 /cygdrive/c/projects/ST86YXZG/soft/build/sl_app/app/lib/libapp_release.a(sl_app.o)
 .debug_info    0x000000000003ce20     0x52ed /cygdrive/c/projects/ST86YXZG/soft/build/sl_app/app/lib/libapp_release.a(BuildDataPacket.o)
 .debug_info    0x000000000004210d       0xd1 /crosscompiler/bin/../lib/gcc/mips-elf/4.4.2/libgcc.a(_fixunssfsi.o)
 .debug_info    0x00000000000421de       0xd1 /crosscompiler/bin/../lib/gcc/mips-elf/4.4.2/libgcc.a(_fixunsdfsi.o)
 .debug_info    0x00000000000422af      0x483 /crosscompiler/bin/../lib/gcc/mips-elf/4.4.2/libgcc.a(_addsub_sf.o)
 .debug_info    0x0000000000042732      0x28c /crosscompiler/bin/../lib/gcc/mips-elf/4.4.2/libgcc.a(_ge_sf.o)
 .debug_info    0x00000000000429be      0x28c /crosscompiler/bin/../lib/gcc/mips-elf/4.4.2/libgcc.a(_lt_sf.o)
 .debug_info    0x0000000000042c4a      0x2bd /crosscompiler/bin/../lib/gcc/mips-elf/4.4.2/libgcc.a(_sf_to_si.o)
 .debug_info    0x0000000000042f07      0x241 /crosscompiler/bin/../lib/gcc/mips-elf/4.4.2/libgcc.a(_sf_to_df.o)
 .debug_info    0x0000000000043148      0x160 /crosscompiler/bin/../lib/gcc/mips-elf/4.4.2/libgcc.a(_thenan_sf.o)
 .debug_info    0x00000000000432a8      0x48e /crosscompiler/bin/../lib/gcc/mips-elf/4.4.2/libgcc.a(_addsub_df.o)
 .debug_info    0x0000000000043736      0x47e /crosscompiler/bin/../lib/gcc/mips-elf/4.4.2/libgcc.a(_mul_df.o)
 .debug_info    0x0000000000043bb4      0x39e /crosscompiler/bin/../lib/gcc/mips-elf/4.4.2/libgcc.a(_div_df.o)
 .debug_info    0x0000000000043f52      0x29a /crosscompiler/bin/../lib/gcc/mips-elf/4.4.2/libgcc.a(_eq_df.o)
 .debug_info    0x00000000000441ec      0x29a /crosscompiler/bin/../lib/gcc/mips-elf/4.4.2/libgcc.a(_gt_df.o)
 .debug_info    0x0000000000044486      0x29a /crosscompiler/bin/../lib/gcc/mips-elf/4.4.2/libgcc.a(_ge_df.o)
 .debug_info    0x0000000000044720      0x214 /crosscompiler/bin/../lib/gcc/mips-elf/4.4.2/libgcc.a(_si_to_df.o)