Archive member included because of file (symbol)

/cygdrive/c/projects/ST86TJYM/soft/build/sl_app/app/lib/libapp_release.a(sl_app_init.o)
                              (SL_Entry)
/cygdrive/c/projects/ST86TJYM/soft/build/sl_app/app/lib/libapp_release.a(FiFoData.o)
                              /cygdrive/c/projects/ST86TJYM/soft/build/sl_app/app/lib/libapp_release.a(sl_app_init.o) (LoadSendQueue)
/cygdrive/c/projects/ST86TJYM/soft/build/sl_app/app/lib/libapp_release.a(GNSS.o)
                              /cygdrive/c/projects/ST86TJYM/soft/build/sl_app/app/lib/libapp_release.a(sl_app_init.o) (GnssDataParse)
/cygdrive/c/projects/ST86TJYM/soft/build/sl_app/app/lib/libapp_release.a(Gprs.o)
                              /cygdrive/c/projects/ST86TJYM/soft/build/sl_app/app/lib/libapp_release.a(sl_app_init.o) (InitTcpIp)
/cygdrive/c/projects/ST86TJYM/soft/build/sl_app/app/lib/libapp_release.a(Led.o)
                              /cygdrive/c/projects/ST86TJYM/soft/build/sl_app/app/lib/libapp_release.a(sl_app_init.o) (Init_Led)
/cygdrive/c/projects/ST86TJYM/soft/build/sl_app/app/lib/libapp_release.a(ProData.o)
                              /cygdrive/c/projects/ST86TJYM/soft/build/sl_app/app/lib/libapp_release.a(GNSS.o) (LookForStr)
/cygdrive/c/projects/ST86TJYM/soft/build/sl_app/app/lib/libapp_release.a(Rtc.o)
                              /cygdrive/c/projects/ST86TJYM/soft/build/sl_app/app/lib/libapp_release.a(GNSS.o) (CalendarToUnix)
/cygdrive/c/projects/ST86TJYM/soft/build/sl_app/app/lib/libapp_release.a(SysFile.o)
                              /cygdrive/c/projects/ST86TJYM/soft/build/sl_app/app/lib/libapp_release.a(Gprs.o) (GetSysCfgSpace)
/cygdrive/c/projects/ST86TJYM/soft/build/sl_app/app/lib/libapp_release.a(SysProcess.o)
                              /cygdrive/c/projects/ST86TJYM/soft/build/sl_app/app/lib/libapp_release.a(GNSS.o) (ResetNextTime)
/cygdrive/c/projects/ST86TJYM/soft/build/sl_app/app/lib/libapp_release.a(SysTickTime.o)
                              /cygdrive/c/projects/ST86TJYM/soft/build/sl_app/app/lib/libapp_release.a(GNSS.o) (init_stopwatch16)
/cygdrive/c/projects/ST86TJYM/soft/build/sl_app/app/lib/libapp_release.a(TcpIPUpload.o)
                              /cygdrive/c/projects/ST86TJYM/soft/build/sl_app/app/lib/libapp_release.a(sl_app_init.o) (ProcessTcpIpUpLoad)
/cygdrive/c/projects/ST86TJYM/soft/build/sl_app/app/lib/libapp_release.a(Terminal.o)
                              /cygdrive/c/projects/ST86TJYM/soft/build/sl_app/app/lib/libapp_release.a(SysProcess.o) (ReadWorkState)
/cygdrive/c/projects/ST86TJYM/soft/build/sl_app/app/lib/libapp_release.a(UART.o)
                              /cygdrive/c/projects/ST86TJYM/soft/build/sl_app/app/lib/libapp_release.a(sl_app_init.o) (UART1_Init)
/cygdrive/c/projects/ST86TJYM/soft/build/sl_app/app/lib/libapp_release.a(VersionNum.o)
                              /cygdrive/c/projects/ST86TJYM/soft/build/sl_app/app/lib/libapp_release.a(Terminal.o) (GetVerNum)
/cygdrive/c/projects/ST86TJYM/soft/build/sl_app/app/lib/libapp_release.a(sl_app.o)
                              /cygdrive/c/projects/ST86TJYM/soft/build/sl_app/app/lib/libapp_release.a(sl_app_init.o) (AA)
/cygdrive/c/projects/ST86TJYM/soft/build/sl_app/app/lib/libapp_release.a(BuildDataPacket.o)
                              /cygdrive/c/projects/ST86TJYM/soft/build/sl_app/app/lib/libapp_release.a(Gprs.o) (ResetTerMsgBig)
/crosscompiler/bin/../lib/gcc/mips-elf/4.4.2/libgcc.a(_fixunssfsi.o)
                              /cygdrive/c/projects/ST86TJYM/soft/build/sl_app/app/lib/libapp_release.a(BuildDataPacket.o) (__fixunssfsi)
/crosscompiler/bin/../lib/gcc/mips-elf/4.4.2/libgcc.a(_fixunsdfsi.o)
                              /cygdrive/c/projects/ST86TJYM/soft/build/sl_app/app/lib/libapp_release.a(GNSS.o) (__fixunsdfsi)
/crosscompiler/bin/../lib/gcc/mips-elf/4.4.2/libgcc.a(_addsub_sf.o)
                              /crosscompiler/bin/../lib/gcc/mips-elf/4.4.2/libgcc.a(_fixunssfsi.o) (__subsf3)
/crosscompiler/bin/../lib/gcc/mips-elf/4.4.2/libgcc.a(_mul_sf.o)
                              /cygdrive/c/projects/ST86TJYM/soft/build/sl_app/app/lib/libapp_release.a(BuildDataPacket.o) (__mulsf3)
/crosscompiler/bin/../lib/gcc/mips-elf/4.4.2/libgcc.a(_ge_sf.o)
                              /crosscompiler/bin/../lib/gcc/mips-elf/4.4.2/libgcc.a(_fixunssfsi.o) (__gesf2)
/crosscompiler/bin/../lib/gcc/mips-elf/4.4.2/libgcc.a(_lt_sf.o)
                              /cygdrive/c/projects/ST86TJYM/soft/build/sl_app/app/lib/libapp_release.a(SysProcess.o) (__ltsf2)
/crosscompiler/bin/../lib/gcc/mips-elf/4.4.2/libgcc.a(_sf_to_si.o)
                              /crosscompiler/bin/../lib/gcc/mips-elf/4.4.2/libgcc.a(_fixunssfsi.o) (__fixsfsi)
/crosscompiler/bin/../lib/gcc/mips-elf/4.4.2/libgcc.a(_sf_to_df.o)
                              /cygdrive/c/projects/ST86TJYM/soft/build/sl_app/app/lib/libapp_release.a(GNSS.o) (__extendsfdf2)
/crosscompiler/bin/../lib/gcc/mips-elf/4.4.2/libgcc.a(_thenan_sf.o)
[...]
Memory Configuration

Name             Origin             Length             Attributes
*default*        0x0000000000000000 0xffffffffffffffff

Linker script and memory map

LOAD /cygdrive/c/projects/ST86TJYM/soft/lib/mem_bridge_rom_CHIP.elf
                0xffffffff82500000                . = 0xffffffff82500000
                0xffffffff82500000                _ram_start = .
                0xffffffff82500000                _ram_functab_start = 0xffffffff82500000

.functab        0xffffffff82500000      0x520
 *(.functab)
 .functab       0xffffffff82500000      0x518 /cygdrive/c/projects/ST86TJYM/soft/build/sl_app/app/lib/libapp_release.a(sl_app.o)
                0xffffffff82500000                AA
                0xffffffff82500520                . = ALIGN (0x10)
 *fill*         0xffffffff82500518        0x8 00
                0xffffffff82500520                _ram_functab_end = .
                0x0000000000000520                _ram_functab_size = (_ram_functab_end - _ram_functab_start)
                0x0000000000000001                ASSERT ((0xffffffff82500800 > ABSOLUTE (_ram_functab_end)), Functab on External RAM overflow !)
                0xffffffff82500800                . = 0xffffffff82500800

.rotext         0xffffffff82500800      0x2d0
 *(.app_entry)
 .app_entry     0xffffffff82500800      0x2c4 /cygdrive/c/projects/ST86TJYM/soft/build/sl_app/app/lib/libapp_release.a(sl_app_init.o)
                0xffffffff82500801                SL_Entry
 *(.rotext)
                0xffffffff82500ad0                . = ALIGN (0x10)
 *fill*         0xffffffff82500ac4        0xc 00
                0xffffffff82500ae0                . = ALIGN (0x20)

.rodata         0xffffffff82500ae0      0x140
 *(.rodata)
 .rodata        0xffffffff82500ae0       0x10 /crosscompiler/bin/../lib/gcc/mips-elf/4.4.2/libgcc.a(_thenan_sf.o)
                0xffffffff82500ae0                __thenan_sf
 .rodata        0xffffffff82500af0       0x18 /crosscompiler/bin/../lib/gcc/mips-elf/4.4.2/libgcc.a(_thenan_df.o)
                0xffffffff82500af0                __thenan_df
 .rodata        0xffffffff82500b08      0x100 /crosscompiler/bin/../lib/gcc/mips-elf/4.4.2/libgcc.a(_clz.o)
                0xffffffff82500b08                __clz_tab
                0xffffffff82500c20                . = ALIGN (0x20)
 *fill*         0xffffffff82500c08       0x18 00

.ram            0xffffffff82500c20        0x0
                0xffffffff82500c20                _ram_special_cached_start = .
                0xffffffff82500c20                _ram_txt_start = .
 *(.ram)
                0xffffffff82500c20                . = ALIGN (0x10)
                0xffffffff82500c20                _ram_special_cached_end = .
                0x0000000000000000                _ram_special_cached_size = (_ram_special_cached_end - _ram_special_cached_start)

.ramtext        0xffffffff82500c20     0x7fc0
                0xffffffff82500c20                _ram_cached_txt_start = .
 *(.text .text.* .stub .gnu.linkonce.t.*)
 .text.SL_AppSendMsg
                0xffffffff82500c20       0x40 /cygdrive/c/projects/ST86TJYM/soft/build/sl_app/app/lib/libapp_release.a(sl_app_init.o)
                0xffffffff82500c21                SL_AppSendMsg
 .text.GetSendQueueSpace
                0xffffffff82500c60        0xc /cygdrive/c/projects/ST86TJYM/soft/build/sl_app/app/lib/libapp_release.a(FiFoData.o)
                0xffffffff82500c61                GetSendQueueSpace
 .text.WriteSendQueue
                0xffffffff82500c6c      0x104 /cygdrive/c/projects/ST86TJYM/soft/build/sl_app/app/lib/libapp_release.a(FiFoData.o)
                0xffffffff82500c6d                WriteSendQueue
 .text.ClearSendQueue
                0xffffffff82500d70       0x3c /cygdrive/c/projects/ST86TJYM/soft/build/sl_app/app/lib/libapp_release.a(FiFoData.o)
                0xffffffff82500d71                ClearSendQueue
 .text.WriteCmdDataBuf
                0xffffffff82500dac       0x38 /cygdrive/c/projects/ST86TJYM/soft/build/sl_app/app/lib/libapp_release.a(FiFoData.o)
                0xffffffff82500dad                WriteCmdDataBuf
 .text.ReadCmdDataBuf
                0xffffffff82500de4       0x30 /cygdrive/c/projects/ST86TJYM/soft/build/sl_app/app/lib/libapp_release.a(FiFoData.o)
                0xffffffff82500de5                ReadCmdDataBuf
 .text.ClearCmdData
                0xffffffff82500e14       0x10 /cygdrive/c/projects/ST86TJYM/soft/build/sl_app/app/lib/libapp_release.a(FiFoData.o)
                0xffffffff82500e15                ClearCmdData
 .text.LoadSendQueue
                0xffffffff82500e24       0xc4 /cygdrive/c/projects/ST86TJYM/soft/build/sl_app/app/lib/libapp_release.a(FiFoData.o)
                0xffffffff82500e25                LoadSendQueue
 .text.SaveSendQueue
                0xffffffff82500ee8       0xb4 /cygdrive/c/projects/ST86TJYM/soft/build/sl_app/app/lib/libapp_release.a(FiFoData.o)
                0xffffffff82500ee9                SaveSendQueue
 .text.ReadSendQueue
                0xffffffff82500f9c       0xe0 /cygdrive/c/projects/ST86TJYM/soft/build/sl_app/app/lib/libapp_release.a(FiFoData.o)
                0xffffffff82500f9d                ReadSendQueue
 .text.GetComma
                0xffffffff8250107c       0x34 /cygdrive/c/projects/ST86TJYM/soft/build/sl_app/app/lib/libapp_release.a(GNSS.o)
                0xffffffff8250107d                GetComma
 .text.StrToDouble
                0xffffffff825010b0      0x180 /cygdrive/c/projects/ST86TJYM/soft/build/sl_app/app/lib/libapp_release.a(GNSS.o)
                0xffffffff825010b1                StrToDouble
 .text.GetDataStr
                0xffffffff82501230       0x68 /cygdrive/c/projects/ST86TJYM/soft/build/sl_app/app/lib/libapp_release.a(GNSS.o)
                0xffffffff82501231                GetDataStr
 .text.GetGnssDataSpace
                0xffffffff82501298        0xc /cygdrive/c/projects/ST86TJYM/soft/build/sl_app/app/lib/libapp_release.a(GNSS.o)
                0xffffffff82501299                GetGnssDataSpace
 .text.GnssDataVerfy
                0xffffffff825012a4       0x58 /cygdrive/c/projects/ST86TJYM/soft/build/sl_app/app/lib/libapp_release.a(GNSS.o)
 *fill*         0xffffffff825012fc        0x4 00000000
 .text.GnssDataFilter
                0xffffffff82501300       0x78 /cygdrive/c/projects/ST86TJYM/soft/build/sl_app/app/lib/libapp_release.a(GNSS.o)
 .text.GnssDataParse
                0xffffffff82501378      0x6e0 /cygdrive/c/projects/ST86TJYM/soft/build/sl_app/app/lib/libapp_release.a(GNSS.o)
                0xffffffff82501379                GnssDataParse
 .text.GetTcpIpSocketSpce
                0xffffffff82501a58        0xc /cygdrive/c/projects/ST86TJYM/soft/build/sl_app/app/lib/libapp_release.a(Gprs.o)
                0xffffffff82501a59                GetTcpIpSocketSpce
 .text.AppGprsNetActRsp
                0xffffffff82501a64       0x54 /cygdrive/c/projects/ST86TJYM/soft/build/sl_app/app/lib/libapp_release.a(Gprs.o)
                0xffffffff82501a65                AppGprsNetActRsp
 .text.AppGprsNetDeactRsp
                0xffffffff82501ab8       0x40 /cygdrive/c/projects/ST86TJYM/soft/build/sl_app/app/lib/libapp_release.a(Gprs.o)
                0xffffffff82501ab9                AppGprsNetDeactRsp
 .text.AppTcpipConnRsp
                0xffffffff82501af8       0x1c /cygdrive/c/projects/ST86TJYM/soft/build/sl_app/app/lib/libapp_release.a(Gprs.o)
                0xffffffff82501af9                AppTcpipConnRsp
 .text.AppTcpipSendRsp
                0xffffffff82501b14       0x4c /cygdrive/c/projects/ST86TJYM/soft/build/sl_app/app/lib/libapp_release.a(Gprs.o)
                0xffffffff82501b15                AppTcpipSendRsp
 .text.AppTcpipCloseRsp
                0xffffffff82501b60       0x50 /cygdrive/c/projects/ST86TJYM/soft/build/sl_app/app/lib/libapp_release.a(Gprs.o)
                0xffffffff82501b61                AppTcpipCloseRsp
 .text.InitTcpIp
                0xffffffff82501bb0       0x60 /cygdrive/c/projects/ST86TJYM/soft/build/sl_app/app/lib/libapp_release.a(Gprs.o)
                0xffffffff82501bb1                InitTcpIp
 .text.AppFtpOpenCB
                0xffffffff82501c10       0x34 /cygdrive/c/projects/ST86TJYM/soft/build/sl_app/app/lib/libapp_release.a(Gprs.o)
                0xffffffff82501c11                AppFtpOpenCB
 .text.AppFtpDownloadCB
                0xffffffff82501c44       0x5c /cygdrive/c/projects/ST86TJYM/soft/build/sl_app/app/lib/libapp_release.a(Gprs.o)
                0xffffffff82501c45                AppFtpDownloadCB
 .text.AppFtpOpen
                0xffffffff82501ca0       0x64 /cygdrive/c/projects/ST86TJYM/soft/build/sl_app/app/lib/libapp_release.a(Gprs.o)
 .text.AppSendTcpIpSocket
                0xffffffff82501d04       0x44 /cygdrive/c/projects/ST86TJYM/soft/build/sl_app/app/lib/libapp_release.a(Gprs.o)
                0xffffffff82501d05                AppSendTcpIpSocket
 .text.ReadSendState
                0xffffffff82501d48       0x28 /cygdrive/c/projects/ST86TJYM/soft/build/sl_app/app/lib/libapp_release.a(Gprs.o)
                0xffffffff82501d49                ReadSendState
 .text.AppGetICCId
                0xffffffff82501d70       0x4c /cygdrive/c/projects/ST86TJYM/soft/build/sl_app/app/lib/libapp_release.a(Gprs.o)
                0xffffffff82501d71                AppGetICCId
 .text.AppGetHostIpByNameCb
                0xffffffff82501dbc       0x70 /cygdrive/c/projects/ST86TJYM/soft/build/sl_app/app/lib/libapp_release.a(Gprs.o)
                0xffffffff82501dbd                AppGetHostIpByNameCb
 .text.AppSmsFullCb
                0xffffffff82501e2c       0x1c /cygdrive/c/projects/ST86TJYM/soft/build/sl_app/app/lib/libapp_release.a(Gprs.o)
                0xffffffff82501e2d                AppSmsFullCb
 .text.InitSms  0xffffffff82501e48       0x4c /cygdrive/c/projects/ST86TJYM/soft/build/sl_app/app/lib/libapp_release.a(Gprs.o)
                0xffffffff82501e49                InitSms
 .text.ProcessSMSRecv
                0xffffffff82501e94      0x420 /cygdrive/c/projects/ST86TJYM/soft/build/sl_app/app/lib/libapp_release.a(Gprs.o)
                0xffffffff82501e95                ProcessSMSRecv
 .text.AppSmsRcvCb
                0xffffffff825022b4       0x9c /cygdrive/c/projects/ST86TJYM/soft/build/sl_app/app/lib/libapp_release.a(Gprs.o)
                0xffffffff825022b5                AppSmsRcvCb
 .text.AppTcpipRcvRsp
                0xffffffff82502350       0x6c /cygdrive/c/projects/ST86TJYM/soft/build/sl_app/app/lib/libapp_release.a(Gprs.o)
                0xffffffff82502351                AppTcpipRcvRsp
 .text.ProcessGprsRecv
                0xffffffff825023bc      0x5a8 /cygdrive/c/projects/ST86TJYM/soft/build/sl_app/app/lib/libapp_release.a(Gprs.o)
                0xffffffff825023bd                ProcessGprsRecv
 .text.ProcessCmd
                0xffffffff82502964      0x324 /cygdrive/c/projects/ST86TJYM/soft/build/sl_app/app/lib/libapp_release.a(Gprs.o)
                0xffffffff82502965                ProcessCmd
 .text.SaveIpAddrBack
                0xffffffff82502c88       0x38 /cygdrive/c/projects/ST86TJYM/soft/build/sl_app/app/lib/libapp_release.a(Gprs.o)
                0xffffffff82502c89                SaveIpAddrBack
 .text.ProcessSocketClient
                0xffffffff82502cc0      0x868 /cygdrive/c/projects/ST86TJYM/soft/build/sl_app/app/lib/libapp_release.a(Gprs.o)
                0xffffffff82502cc1                ProcessSocketClient
 .text.ReadIpAddrBack
                0xffffffff82503528       0x38 /cygdrive/c/projects/ST86TJYM/soft/build/sl_app/app/lib/libapp_release.a(Gprs.o)
                0xffffffff82503529                ReadIpAddrBack
 .text.AppFtpCloseCB
                0xffffffff82503560       0x84 /cygdrive/c/projects/ST86TJYM/soft/build/sl_app/app/lib/libapp_release.a(Gprs.o)
                0xffffffff82503561                AppFtpCloseCB
 .text.Init_Led
                0xffffffff825035e4       0x48 /cygdrive/c/projects/ST86TJYM/soft/build/sl_app/app/lib/libapp_release.a(Led.o)
                0xffffffff825035e5                Init_Led
 .text.GnssLedOn
                0xffffffff8250362c       0x1c /cygdrive/c/projects/ST86TJYM/soft/build/sl_app/app/lib/libapp_release.a(Led.o)
                0xffffffff8250362d                GnssLedOn
 .text.GnssLedOff
                0xffffffff82503648       0x1c /cygdrive/c/projects/ST86TJYM/soft/build/sl_app/app/lib/libapp_release.a(Led.o)
                0xffffffff82503649                GnssLedOff
 .text.GsmLedOn
                0xffffffff82503664       0x1c /cygdrive/c/projects/ST86TJYM/soft/build/sl_app/app/lib/libapp_release.a(Led.o)
 .text.ProcessGnssLed
                0xffffffff82503680      0x100 /cygdrive/c/projects/ST86TJYM/soft/build/sl_app/app/lib/libapp_release.a(Led.o)
                0xffffffff82503681                ProcessGnssLed
 .text.ProcessGsmLed
                0xffffffff82503780       0xdc /cygdrive/c/projects/ST86TJYM/soft/build/sl_app/app/lib/libapp_release.a(Led.o)
                0xffffffff82503781                ProcessGsmLed
 .text.LookForStr
                0xffffffff8250385c       0x4c /cygdrive/c/projects/ST86TJYM/soft/build/sl_app/app/lib/libapp_release.a(ProData.o)
                0xffffffff8250385d                LookForStr
 .text.CalcCrc8
                0xffffffff825038a8       0x54 /cygdrive/c/projects/ST86TJYM/soft/build/sl_app/app/lib/libapp_release.a(ProData.o)
                0xffffffff825038a9                CalcCrc8
 .text.BccVerify
                0xffffffff825038fc       0x1c /cygdrive/c/projects/ST86TJYM/soft/build/sl_app/app/lib/libapp_release.a(ProData.o)
                0xffffffff825038fd                BccVerify
 .text.CheckSum16
                0xffffffff82503918       0x20 /cygdrive/c/projects/ST86TJYM/soft/build/sl_app/app/lib/libapp_release.a(ProData.o)
                0xffffffff82503919                CheckSum16
 .text.AsciiToHex
                0xffffffff82503938       0x68 /cygdrive/c/projects/ST86TJYM/soft/build/sl_app/app/lib/libapp_release.a(ProData.o)
                0xffffffff82503939                AsciiToHex
 .text.Rad      0xffffffff825039a0       0x30 /cygdrive/c/projects/ST86TJYM/soft/build/sl_app/app/lib/libapp_release.a(ProData.o)
                0xffffffff825039a1                Rad
 .text.PowTow   0xffffffff825039d0       0x14 /cygdrive/c/projects/ST86TJYM/soft/build/sl_app/app/lib/libapp_release.a(ProData.o)
                0xffffffff825039d1                PowTow
 *fill*         0xffffffff825039e4        0x4 00000000
 .text.ComputeDistance
                0xffffffff825039e8      0x128 /cygdrive/c/projects/ST86TJYM/soft/build/sl_app/app/lib/libapp_release.a(ProData.o)
                0xffffffff825039e9                ComputeDistance
 .text.CharToStr
                0xffffffff82503b10       0x28 /cygdrive/c/projects/ST86TJYM/soft/build/sl_app/app/lib/libapp_release.a(ProData.o)
                0xffffffff82503b11                CharToStr
 .text.UInt32ToStr
                0xffffffff82503b38       0x54 /cygdrive/c/projects/ST86TJYM/soft/build/sl_app/app/lib/libapp_release.a(ProData.o)
                0xffffffff82503b39                UInt32ToStr
 .text.CheckServerAddr
                0xffffffff82503b8c      0x1c4 /cygdrive/c/projects/ST86TJYM/soft/build/sl_app/app/lib/libapp_release.a(ProData.o)
                0xffffffff82503b8d                CheckServerAddr
 .text.StrCompare
                0xffffffff82503d50       0x2c /cygdrive/c/projects/ST86TJYM/soft/build/sl_app/app/lib/libapp_release.a(ProData.o)
                0xffffffff82503d51                StrCompare
 .text.GetWarningValue
                0xffffffff82503d7c        0xc /cygdrive/c/projects/ST86TJYM/soft/build/sl_app/app/lib/libapp_release.a(Rtc.o)
                0xffffffff82503d7d                GetWarningValue
 .text.WriteDeviceAlram
                0xffffffff82503d88       0x2c /cygdrive/c/projects/ST86TJYM/soft/build/sl_app/app/lib/libapp_release.a(Rtc.o)
                0xffffffff82503d89                WriteDeviceAlram
 .text.UnixToCalendar
                0xffffffff82503db4      0x14c /cygdrive/c/projects/ST86TJYM/soft/build/sl_app/app/lib/libapp_release.a(Rtc.o)
                0xffffffff82503db5                UnixToCalendar
 .text.CalendarToUnix
                0xffffffff82503f00      0x128 /cygdrive/c/projects/ST86TJYM/soft/build/sl_app/app/lib/libapp_release.a(Rtc.o)
                0xffffffff82503f01                CalendarToUnix
 .text.GetSysTimeSpace
                0xffffffff82504028        0xc /cygdrive/c/projects/ST86TJYM/soft/build/sl_app/app/lib/libapp_release.a(Rtc.o)
                0xffffffff82504029                GetSysTimeSpace
 .text.GetSetTimeSpace
                0xffffffff82504034        0xc /cygdrive/c/projects/ST86TJYM/soft/build/sl_app/app/lib/libapp_release.a(Rtc.o)
                0xffffffff82504035                GetSetTimeSpace
 .text.WriteSleepStatus
                0xffffffff82504040        0xc /cygdrive/c/projects/ST86TJYM/soft/build/sl_app/app/lib/libapp_release.a(Rtc.o)
                0xffffffff82504041                WriteSleepStatus
 .text.ProcessRtc
                0xffffffff8250404c      0x228 /cygdrive/c/projects/ST86TJYM/soft/build/sl_app/app/lib/libapp_release.a(Rtc.o)
                0xffffffff8250404d                ProcessRtc
 .text.ProcessSysSleep
                0xffffffff82504274       0x9c /cygdrive/c/projects/ST86TJYM/soft/build/sl_app/app/lib/libapp_release.a(Rtc.o)
                0xffffffff82504275                ProcessSysSleep
 .text.GetSysCfgSpace
                0xffffffff82504310        0xc /cygdrive/c/projects/ST86TJYM/soft/build/sl_app/app/lib/libapp_release.a(SysFile.o)
                0xffffffff82504311                GetSysCfgSpace
 .text.FileCheckOrGreate
                0xffffffff8250431c       0xc4 /cygdrive/c/projects/ST86TJYM/soft/build/sl_app/app/lib/libapp_release.a(SysFile.o)
                0xffffffff8250431d                FileCheckOrGreate
 .text.ReadSysCfg
                0xffffffff825043e0       0x38 /cygdrive/c/projects/ST86TJYM/soft/build/sl_app/app/lib/libapp_release.a(SysFile.o)
                0xffffffff825043e1                ReadSysCfg
 .text.SaveSysCfg
                0xffffffff82504418       0x38 /cygdrive/c/projects/ST86TJYM/soft/build/sl_app/app/lib/libapp_release.a(SysFile.o)
                0xffffffff82504419                SaveSysCfg
 .text.InitSysTimer
                0xffffffff82504450       0x58 /cygdrive/c/projects/ST86TJYM/soft/build/sl_app/app/lib/libapp_release.a(SysFile.o)
                0xffffffff82504451                InitSysTimer
 .text.InitSysConfig
                0xffffffff825044a8       0xe4 /cygdrive/c/projects/ST86TJYM/soft/build/sl_app/app/lib/libapp_release.a(SysFile.o)
                0xffffffff825044a9                InitSysConfig
 .text.ResetNextTime
                0xffffffff8250458c       0x14 /cygdrive/c/projects/ST86TJYM/soft/build/sl_app/app/lib/libapp_release.a(SysProcess.o)
                0xffffffff8250458d                ResetNextTime
 .text.GetSysRunDataSpace
                0xffffffff825045a0        0xc /cygdrive/c/projects/ST86TJYM/soft/build/sl_app/app/lib/libapp_release.a(SysProcess.o)
                0xffffffff825045a1                GetSysRunDataSpace
 .text.SysProcess
                0xffffffff825045ac      0x238 /cygdrive/c/projects/ST86TJYM/soft/build/sl_app/app/lib/libapp_release.a(SysProcess.o)
                0xffffffff825045ad                SysProcess
 .text.ReadSysRunData
                0xffffffff825047e4       0xe0 /cygdrive/c/projects/ST86TJYM/soft/build/sl_app/app/lib/libapp_release.a(SysProcess.o)
                0xffffffff825047e5                ReadSysRunData
 .text.SaveSysRunData
                0xffffffff825048c4       0xdc /cygdrive/c/projects/ST86TJYM/soft/build/sl_app/app/lib/libapp_release.a(SysProcess.o)
                0xffffffff825048c5                SaveSysRunData
 .text.ProcessRunData
                0xffffffff825049a0      0x108 /cygdrive/c/projects/ST86TJYM/soft/build/sl_app/app/lib/libapp_release.a(SysProcess.o)
                0xffffffff825049a1                ProcessRunData
 .text.init_stopwatch16
                0xffffffff82504aa8        0xc /cygdrive/c/projects/ST86TJYM/soft/build/sl_app/app/lib/libapp_release.a(SysTickTime.o)
                0xffffffff82504aa9                init_stopwatch16
 .text.read_stopwatch16_value
                0xffffffff82504ab4       0x14 /cygdrive/c/projects/ST86TJYM/soft/build/sl_app/app/lib/libapp_release.a(SysTickTime.o)
                0xffffffff82504ab5                read_stopwatch16_value
 .text.TickAdd  0xffffffff82504ac8       0x10 /cygdrive/c/projects/ST86TJYM/soft/build/sl_app/app/lib/libapp_release.a(SysTickTime.o)
                0xffffffff82504ac9                TickAdd
 .text.ProcessTcpIpUpLoad
                0xffffffff82504ad8      0x150 /cygdrive/c/projects/ST86TJYM/soft/build/sl_app/app/lib/libapp_release.a(TcpIPUpload.o)
                0xffffffff82504ad9                ProcessTcpIpUpLoad
 .text.ReadWorkState
                0xffffffff82504c28       0x1c /cygdrive/c/projects/ST86TJYM/soft/build/sl_app/app/lib/libapp_release.a(Terminal.o)
                0xffffffff82504c29                ReadWorkState
 .text.GetCanDataSpace
                0xffffffff82504c44        0xc /cygdrive/c/projects/ST86TJYM/soft/build/sl_app/app/lib/libapp_release.a(Terminal.o)
                0xffffffff82504c45                GetCanDataSpace
 .text.GetTerStateDataSpace
                0xffffffff82504c50        0xc /cygdrive/c/projects/ST86TJYM/soft/build/sl_app/app/lib/libapp_release.a(Terminal.o)
                0xffffffff82504c51                GetTerStateDataSpace
 .text.GetCurrentFaultCodeSpace
                0xffffffff82504c5c        0xc /cygdrive/c/projects/ST86TJYM/soft/build/sl_app/app/lib/libapp_release.a(Terminal.o)
                0xffffffff82504c5d                GetCurrentFaultCodeSpace
 .text.GetTerTimeSpace
                0xffffffff82504c68        0xc /cygdrive/c/projects/ST86TJYM/soft/build/sl_app/app/lib/libapp_release.a(Terminal.o)
                0xffffffff82504c69                GetTerTimeSpace
 .text.GetLockCarSpace
                0xffffffff82504c74        0xc /cygdrive/c/projects/ST86TJYM/soft/build/sl_app/app/lib/libapp_release.a(Terminal.o)
                0xffffffff82504c75                GetLockCarSpace
 .text.GetUpgradeDataSpace
                0xffffffff82504c80        0xc /cygdrive/c/projects/ST86TJYM/soft/build/sl_app/app/lib/libapp_release.a(Terminal.o)
                0xffffffff82504c81                GetUpgradeDataSpace
 .text.ReadRunMode
                0xffffffff82504c8c        0xc /cygdrive/c/projects/ST86TJYM/soft/build/sl_app/app/lib/libapp_release.a(Terminal.o)
                0xffffffff82504c8d                ReadRunMode
 .text.WriteRunMode
                0xffffffff82504c98       0x18 /cygdrive/c/projects/ST86TJYM/soft/build/sl_app/app/lib/libapp_release.a(Terminal.o)
                0xffffffff82504c99                WriteRunMode
 .text.GetBinFile
                0xffffffff82504cb0       0x64 /cygdrive/c/projects/ST86TJYM/soft/build/sl_app/app/lib/libapp_release.a(Terminal.o)
                0xffffffff82504cb1                GetBinFile
 .text.SetTerCanProNum
                0xffffffff82504d14       0xb4 /cygdrive/c/projects/ST86TJYM/soft/build/sl_app/app/lib/libapp_release.a(Terminal.o)
                0xffffffff82504d15                SetTerCanProNum
 .text.SendVerifyTimeCmd
                0xffffffff82504dc8       0x70 /cygdrive/c/projects/ST86TJYM/soft/build/sl_app/app/lib/libapp_release.a(Terminal.o)
                0xffffffff82504dc9                SendVerifyTimeCmd
 .text.SendTerminalInfo
                0xffffffff82504e38      0x848 /cygdrive/c/projects/ST86TJYM/soft/build/sl_app/app/lib/libapp_release.a(Terminal.o)
                0xffffffff82504e39                SendTerminalInfo
 .text.ReadAccState
                0xffffffff82505680       0x2c /cygdrive/c/projects/ST86TJYM/soft/build/sl_app/app/lib/libapp_release.a(Terminal.o)
                0xffffffff82505681                ReadAccState
 .text.T.52     0xffffffff825056ac      0x290 /cygdrive/c/projects/ST86TJYM/soft/build/sl_app/app/lib/libapp_release.a(Terminal.o)
 .text.ProTermRecvData
                0xffffffff8250593c      0x554 /cygdrive/c/projects/ST86TJYM/soft/build/sl_app/app/lib/libapp_release.a(Terminal.o)
                0xffffffff8250593d                ProTermRecvData
 .text.ProTerminalData
                0xffffffff82505e90      0x998 /cygdrive/c/projects/ST86TJYM/soft/build/sl_app/app/lib/libapp_release.a(Terminal.o)
                0xffffffff82505e91                ProTerminalData
 .text.UART1_Init
                0xffffffff82506828       0x44 /cygdrive/c/projects/ST86TJYM/soft/build/sl_app/app/lib/libapp_release.a(UART.o)
                0xffffffff82506829                UART1_Init
 .text.UART2_Init
                0xffffffff8250686c       0x40 /cygdrive/c/projects/ST86TJYM/soft/build/sl_app/app/lib/libapp_release.a(UART.o)
                0xffffffff8250686d                UART2_Init
 .text.clear_com
                0xffffffff825068ac       0x48 /cygdrive/c/projects/ST86TJYM/soft/build/sl_app/app/lib/libapp_release.a(UART.o)
                0xffffffff825068ad                clear_com
 .text.new_data_in_com
                0xffffffff825068f4       0x34 /cygdrive/c/projects/ST86TJYM/soft/build/sl_app/app/lib/libapp_release.a(UART.o)
                0xffffffff825068f5                new_data_in_com
 .text.datasize_in_com
                0xffffffff82506928       0x28 /cygdrive/c/projects/ST86TJYM/soft/build/sl_app/app/lib/libapp_release.a(UART.o)
                0xffffffff82506929                datasize_in_com
 .text.read_com_buf
                0xffffffff82506950       0xac /cygdrive/c/projects/ST86TJYM/soft/build/sl_app/app/lib/libapp_release.a(UART.o)
                0xffffffff82506951                read_com_buf
 .text.UART1_Recv_Data
                0xffffffff825069fc       0x8c /cygdrive/c/projects/ST86TJYM/soft/build/sl_app/app/lib/libapp_release.a(UART.o)
                0xffffffff825069fd                UART1_Recv_Data
 .text.UART2_Recv_Data
                0xffffffff82506a88       0x8c /cygdrive/c/projects/ST86TJYM/soft/build/sl_app/app/lib/libapp_release.a(UART.o)
                0xffffffff82506a89                UART2_Recv_Data
 .text.ReadComPkt
                0xffffffff82506b14       0xb4 /cygdrive/c/projects/ST86TJYM/soft/build/sl_app/app/lib/libapp_release.a(UART.o)
                0xffffffff82506b15                ReadComPkt
 .text.GetVerNum
                0xffffffff82506bc8        0x4 /cygdrive/c/projects/ST86TJYM/soft/build/sl_app/app/lib/libapp_release.a(VersionNum.o)
                0xffffffff82506bc9                GetVerNum
 .text.ResetTerMsgBig
                0xffffffff82506bcc        0xc /cygdrive/c/projects/ST86TJYM/soft/build/sl_app/app/lib/libapp_release.a(BuildDataPacket.o)
                0xffffffff82506bcd                ResetTerMsgBig
 .text.BuildCompletePacket
                0xffffffff82506bd8      0x6b8 /cygdrive/c/projects/ST86TJYM/soft/build/sl_app/app/lib/libapp_release.a(BuildDataPacket.o)
                0xffffffff82506bd9                BuildCompletePacket
 .text.BuildPositionPacket
                0xffffffff82507290      0x710 /cygdrive/c/projects/ST86TJYM/soft/build/sl_app/app/lib/libapp_release.a(BuildDataPacket.o)
                0xffffffff82507291                BuildPositionPacket
 .text          0xffffffff825079a0       0x3c /crosscompiler/bin/../lib/gcc/mips-elf/4.4.2/libgcc.a(_fixunssfsi.o)
                0xffffffff825079a1                __fixunssfsi
 *fill*         0xffffffff825079dc        0x4 00000000
 .text          0xffffffff825079e0       0x50 /crosscompiler/bin/../lib/gcc/mips-elf/4.4.2/libgcc.a(_fixunsdfsi.o)
                0xffffffff825079e1                __fixunsdfsi
 .text          0xffffffff82507a30      0x1c0 /crosscompiler/bin/../lib/gcc/mips-elf/4.4.2/libgcc.a(_addsub_sf.o)
                0xffffffff82507b71                __subsf3
                0xffffffff82507bb5                __addsf3
 .text          0xffffffff82507bf0       0xfc /crosscompiler/bin/../lib/gcc/mips-elf/4.4.2/libgcc.a(_mul_sf.o)
                0xffffffff82507bf1                __mulsf3
 .text          0xffffffff82507cec       0x44 /crosscompiler/bin/../lib/gcc/mips-elf/4.4.2/libgcc.a(_ge_sf.o)
                0xffffffff82507ced                __gesf2
 .text          0xffffffff82507d30       0x44 /crosscompiler/bin/../lib/gcc/mips-elf/4.4.2/libgcc.a(_lt_sf.o)
                0xffffffff82507d31                __ltsf2
 .text          0xffffffff82507d74       0x58 /crosscompiler/bin/../lib/gcc/mips-elf/4.4.2/libgcc.a(_sf_to_si.o)
                0xffffffff82507d75                __fixsfsi
 .text          0xffffffff82507dcc       0x2c /crosscompiler/bin/../lib/gcc/mips-elf/4.4.2/libgcc.a(_sf_to_df.o)
                0xffffffff82507dcd                __extendsfdf2
 .text          0xffffffff82507df8      0x2f0 /crosscompiler/bin/../lib/gcc/mips-elf/4.4.2/libgcc.a(_addsub_df.o)
                0xffffffff82508061                __subdf3
                0xffffffff825080a9                __adddf3
 .text          0xffffffff825080e8      0x1b8 /crosscompiler/bin/../lib/gcc/mips-elf/4.4.2/libgcc.a(_mul_df.o)
                0xffffffff825080e9                __muldf3
 .text          0xffffffff825082a0      0x138 /crosscompiler/bin/../lib/gcc/mips-elf/4.4.2/libgcc.a(_div_df.o)
                0xffffffff825082a1                __divdf3
 .text          0xffffffff825083d8       0x48 /crosscompiler/bin/../lib/gcc/mips-elf/4.4.2/libgcc.a(_eq_df.o)
                0xffffffff825083d9                __eqdf2
 .text          0xffffffff82508420       0x48 /crosscompiler/bin/../lib/gcc/mips-elf/4.4.2/libgcc.a(_gt_df.o)
                0xffffffff82508421                __gtdf2
 .text          0xffffffff82508468       0x48 /crosscompiler/bin/../lib/gcc/mips-elf/4.4.2/libgcc.a(_ge_df.o)
                0xffffffff82508469                __gedf2
 .text          0xffffffff825084b0       0x78 /crosscompiler/bin/../lib/gcc/mips-elf/4.4.2/libgcc.a(_si_to_df.o)
                0xffffffff825084b1                __floatsidf
 .text          0xffffffff82508528       0x64 /crosscompiler/bin/../lib/gcc/mips-elf/4.4.2/libgcc.a(_df_to_si.o)
                0xffffffff82508529                __fixdfsi
 .text          0xffffffff8250858c       0x20 /crosscompiler/bin/../lib/gcc/mips-elf/4.4.2/libgcc.a(_make_df.o)
                0xffffffff8250858d                __make_dp
 .text          0xffffffff825085ac       0x3c /crosscompiler/bin/../lib/gcc/mips-elf/4.4.2/libgcc.a(_df_to_sf.o)
                0xffffffff825085ad                __truncdfsf2
 .text          0xffffffff825085e8       0x98 /crosscompiler/bin/../lib/gcc/mips-elf/4.4.2/libgcc.a(_usi_to_df.o)
                0xffffffff825085e9                __floatunsidf
 .text          0xffffffff82508680       0x3c /crosscompiler/bin/../lib/gcc/mips-elf/4.4.2/libgcc.a(_lshrdi3.o)
                0xffffffff82508681                __lshrdi3
 .text          0xffffffff825086bc       0x3c /crosscompiler/bin/../lib/gcc/mips-elf/4.4.2/libgcc.a(_ashldi3.o)
                0xffffffff825086bd                __ashldi3
 .text          0xffffffff825086f8       0x28 /crosscompiler/bin/../lib/gcc/mips-elf/4.4.2/libgcc.a(_ucmpdi2.o)
                0xffffffff825086f9                __ucmpdi2
 .text          0xffffffff82508720       0x3c /crosscompiler/bin/../lib/gcc/mips-elf/4.4.2/libgcc.a(_clzsi2.o)
                0xffffffff82508721                __clzsi2
 .text          0xffffffff8250875c       0xc4 /crosscompiler/bin/../lib/gcc/mips-elf/4.4.2/libgcc.a(_pack_sf.o)
                0xffffffff8250875d                __pack_f
 .text          0xffffffff82508820       0x7c /crosscompiler/bin/../lib/gcc/mips-elf/4.4.2/libgcc.a(_unpack_sf.o)
                0xffffffff82508821                __unpack_f
 .text          0xffffffff8250889c       0x64 /crosscompiler/bin/../lib/gcc/mips-elf/4.4.2/libgcc.a(_fpcmp_parts_sf.o)
                0xffffffff8250889d                __fpcmp_parts_f
 .text          0xffffffff82508900       0x18 /crosscompiler/bin/../lib/gcc/mips-elf/4.4.2/libgcc.a(_make_sf.o)
                0xffffffff82508901                __make_fp
 .text          0xffffffff82508918      0x1a4 /crosscompiler/bin/../lib/gcc/mips-elf/4.4.2/libgcc.a(_pack_df.o)
                0xffffffff82508919                __pack_d
 .text          0xffffffff82508abc       0xac /crosscompiler/bin/../lib/gcc/mips-elf/4.4.2/libgcc.a(_unpack_df.o)
                0xffffffff82508abd                __unpack_d
 .text          0xffffffff82508b68       0x78 /crosscompiler/bin/../lib/gcc/mips-elf/4.4.2/libgcc.a(_fpcmp_parts_df.o)
                0xffffffff82508b69                __fpcmp_parts_d
                0xffffffff82508be0                . = ALIGN (0x10)
                0xffffffff82508be0                _ram_cached_txt_end = .
                0x0000000000007fc0                ram_cached_txt_size = (_ram_cached_txt_end - _ram_cached_txt_start)
                0xffffffff82508be0                _ram_txt_end = .
                0xffffffffa2508be0                . = (. + 0x20000000)

.ucdata         0xffffffffa2508be0        0x0
                0xffffffffa2508be0                _ram_uncached_data_start = .
 *(.ucdata)
 *(*.globalvars.uc)
                0xffffffffa2508be0                . = ALIGN (0x10)
                0xffffffffa2508be0                _ram_uncached_data_end = .
                0x0000000000000000                _ram_uncached_data_size = (_ram_uncached_data_end - _ram_uncached_data_start)
                0xffffffff82508be0                . = (. - 0x20000000)

.data           0xffffffff82508be0      0xc60
                0xffffffff82508be0                _ram_cached_data_start = .
 *(.rdata)
 *(.rodata .rodata.* .gnu.linkonce.r.*)
 .rodata.str1.4
                0xffffffff82508be0      0x146 /cygdrive/c/projects/ST86TJYM/soft/build/sl_app/app/lib/libapp_release.a(sl_app_init.o)
                                        0x148 (size before relaxing)
 *fill*         0xffffffff82508d26        0x2 00
 .rodata.str1.4
                0xffffffff82508d28      0x11c /cygdrive/c/projects/ST86TJYM/soft/build/sl_app/app/lib/libapp_release.a(FiFoData.o)
 .rodata.str1.4
                0xffffffff82508e44       0x1e /cygdrive/c/projects/ST86TJYM/soft/build/sl_app/app/lib/libapp_release.a(GNSS.o)
                                         0x20 (size before relaxing)
 *fill*         0xffffffff82508e62        0x2 00
 .rodata.str1.4
                0xffffffff82508e64      0x64d /cygdrive/c/projects/ST86TJYM/soft/build/sl_app/app/lib/libapp_release.a(Gprs.o)
                                        0x654 (size before relaxing)
 *fill*         0xffffffff825094b1        0x3 00
 .rodata.str1.4
                0xffffffff825094b4       0x70 /cygdrive/c/projects/ST86TJYM/soft/build/sl_app/app/lib/libapp_release.a(Rtc.o)
 .rodata.str1.4
                0xffffffff82509524       0x7a /cygdrive/c/projects/ST86TJYM/soft/build/sl_app/app/lib/libapp_release.a(SysFile.o)
                                         0x90 (size before relaxing)
 *fill*         0xffffffff8250959e        0x2 00
 .rodata.str1.4
                0xffffffff825095a0       0x5c /cygdrive/c/projects/ST86TJYM/soft/build/sl_app/app/lib/libapp_release.a(SysProcess.o)
 .rodata.str1.4
                0xffffffff825095fc       0x8b /cygdrive/c/projects/ST86TJYM/soft/build/sl_app/app/lib/libapp_release.a(TcpIPUpload.o)
                                         0x8c (size before relaxing)
 *fill*         0xffffffff82509687        0x1 00
 .rodata.str1.4
                0xffffffff82509688      0x125 /cygdrive/c/projects/ST86TJYM/soft/build/sl_app/app/lib/libapp_release.a(Terminal.o)
                                        0x1cc (size before relaxing)
 *fill*         0xffffffff825097ad        0x3 00
 .rodata.str1.4
                0xffffffff825097b0       0x54 /cygdrive/c/projects/ST86TJYM/soft/build/sl_app/app/lib/libapp_release.a(BuildDataPacket.o)
 *(.rodata1)
 *(.ctors)
                0xffffffff82509810                . = ALIGN (0x10)
 *fill*         0xffffffff82509804        0xc 00
 *(*.globalvars.c *.globalvars.c.*)
 *(EXCLUDE_FILE(*.oo gcj_*.o) .data)
 *(EXCLUDE_FILE(*.oo gcj_*.o) .data.*)
 .data.GnssStatusBack
                0xffffffff82509810        0x1 /cygdrive/c/projects/ST86TJYM/soft/build/sl_app/app/lib/libapp_release.a(GNSS.o)
 *fill*         0xffffffff82509811        0x1 00
 .data.CyclOff.4259
                0xffffffff82509812        0x2 /cygdrive/c/projects/ST86TJYM/soft/build/sl_app/app/lib/libapp_release.a(Led.o)
 .data.CyclOn.4258
                0xffffffff82509814        0x2 /cygdrive/c/projects/ST86TJYM/soft/build/sl_app/app/lib/libapp_release.a(Led.o)
 *fill*         0xffffffff82509816        0x2 00
 .data.HeartBeat
                0xffffffff82509818        0x4 /cygdrive/c/projects/ST86TJYM/soft/build/sl_app/app/lib/libapp_release.a(TcpIPUpload.o)
 .data.GetStatus
                0xffffffff8250981c        0xc /cygdrive/c/projects/ST86TJYM/soft/build/sl_app/app/lib/libapp_release.a(Terminal.o)
                0xffffffff8250981c                GetStatus
 .data.rear_com2_recv_buf
                0xffffffff82509828        0x4 /cygdrive/c/projects/ST86TJYM/soft/build/sl_app/app/lib/libapp_release.a(UART.o)
 .data.front_com2_recv_buf
                0xffffffff8250982c        0x4 /cygdrive/c/projects/ST86TJYM/soft/build/sl_app/app/lib/libapp_release.a(UART.o)
 .data.rear_com1_recv_buf
                0xffffffff82509830        0x4 /cygdrive/c/projects/ST86TJYM/soft/build/sl_app/app/lib/libapp_release.a(UART.o)
 .data.front_com1_recv_buf
                0xffffffff82509834        0x4 /cygdrive/c/projects/ST86TJYM/soft/build/sl_app/app/lib/libapp_release.a(UART.o)
 *(EXCLUDE_FILE(*.oo gcj_*.o) .gnu.linkonce.d.*)
 *(.data1)
                0xffffffff82511830                _gp = (ALIGN (0x10) + 0x7ff0)
 *(.sdata .sdata.* .gnu.linkonce.s.*)
 *(.sdata2 .sdata2.* .gnu.linkonce.s2.*)
 *(.lit8)
 *(.lit4)
                0xffffffff82509838                . = ALIGN (0x4)
                0xffffffff82509840                . = ALIGN (0x10)
 *fill*         0xffffffff82509838        0x8 00
                0xffffffff82509840                _ram_cached_data_end = .
                0x0000000000000c60                _ram_cached_data_size = (_ram_cached_data_end - _ram_cached_data_start)
                0xffffffff82509840                _ram_end = .
                0x0000000000009840                _ram_size = (_ram_end - _ram_start)

.internal_rom   0xffffffff82509880     0x4a30
 .internal_rom  0xffffffff82509880     0x4a30 /cygdrive/c/projects/ST86TJYM/soft/lib/mem_bridge_rom_CHIP.elf
                0xffffffff82509880                __xcpu_start
                0xffffffff82509a00                _boot_IrqHandler
                0xffffffff82509b40                boot_HstMonitorX
                0xffffffff82509ba0                boot_DbgExlTrigFunction0
                0xffffffff82509cfc                monitor_entry
                0xffffffff82509d00                initial_stack_top_var
                0xffffffff82509d04                boot_FlushCache
                0xffffffff82509d28                boot_DisableInterrupt
                0xffffffff82509d81                boot_MonitorDoMonitoring
                0xffffffff82509ec1                boot_Monitor
                0xffffffff82509f01                boot_UartMonitorGetBaudRate
                0xffffffff82509f15                boot_UartMonitorSend
                0xffffffff82509f79                boot_UartMonitorGet
                0xffffffff82509fdd                boot_UartMonitorOpen
                0xffffffff8250a015                boot_UartMonitorClose
                0xffffffff8250a025                boot_UartMonitorAck
                0xffffffff8250a0b1                boot_UartMonitorTimeOut
                0xffffffff8250a0d9                boot_UartMonitorWriteProcess
                0xffffffff8250a221                boot_UartMonitorRpcProcess
                0xffffffff8250a369                boot_UartMonitorReadProcess
                0xffffffff8250a529                boot_UartMonitorExitProcess
                0xffffffff8250a57d                boot_UartMonitorProcess
                0xffffffff8250a625                boot_UartMonitor
                0xffffffff8250a87c                g_BootHostUsbFixPtr
                0xffffffff8250a881                boot_IrqDispatch
                0xffffffff8250a8b1                mon_Event
                0xffffffff8250a8e9                boot_HstCmdBasicHandler
                0xffffffff8250a949                boot_HstMonitor
                0xffffffff8250a9b5                boot_IspiGetRomedCfg
                0xffffffff8250aa41                boot_IspiOpen
                0xffffffff8250ab29                boot_IspiFlushFifos
                0xffffffff8250ab39                boot_IspiClearRxDmaDone
                0xffffffff8250ab49                boot_IspiClearTxDmaDone
                0xffffffff8250ab59                boot_IspiClose
                0xffffffff8250ab9d                boot_IspiRxIfcChannelRelease
                0xffffffff8250abb5                boot_IspiTxIfcChannelRelease
                0xffffffff8250abcd                boot_IspiSendData
                0xffffffff8250ac29                boot_IspiSendDataBuffer
                0xffffffff8250ac95                boot_IspiTxFifoAvail
                0xffffffff8250acb1                boot_IspiTxDmaDone
                0xffffffff8250ace1                boot_IspiTxFinished
                0xffffffff8250ad0d                boot_IspiGetData
                0xffffffff8250ad3d                boot_IspiGetDataBuffer
                0xffffffff8250ada9                boot_IspiRxFifoLevel
                0xffffffff8250adc1                boot_IspiRxDmaDone
                0xffffffff8250adf1                boot_IspiForcePin
                0xffffffff8250ae85                boot_IspiGetRxIfcTc
                0xffffffff8250ae9c                g_bootIspiRomedCfg
                0xffffffff8250af01                boot_UsbResetTransfert
                0xffffffff8250af29                boot_UsbStartTransfert
                0xffffffff8250b029                boot_UsbCancelTransfert
                0xffffffff8250b051                boot_UsbContinueTransfert
                0xffffffff8250b5b9                boot_UsbInitVar
                0xffffffff8250b5e1                boot_UsbOpen
                0xffffffff8250b601                boot_UsbEpStall
                0xffffffff8250b689                boot_UsbRecv
                0xffffffff8250b6d1                boot_UsbSend
                0xffffffff8250b755                boot_UsbCompletedCommand
                0xffffffff8250b79d                boot_UsbEpEnableInterrupt
                0xffffffff8250b7ed                boot_UsbEpRxTransferedSize
                0xffffffff8250b809                boot_UsbEpTransfertDone
                0xffffffff8250b8c5                boot_UsbClose
                0xffffffff8250b901                boot_UsbReset
                0xffffffff8250c089                boot_UsbIrqHandler
                0xffffffff8250c355                boot_HostUsbDeviceCallback
                0xffffffff8250c361                boot_HostUsbClockEnable
                0xffffffff8250c399                boot_HostUsbClose
                0xffffffff8250c3a9                boot_HostUsbSend
                0xffffffff8250c505                boot_HostUsbEvent
                0xffffffff8250c995                boot_HostUsbRecv
                0xffffffff8250ca2d                boot_HostUsbInit
                0xffffffff8250caa5                boot_HostUsbOpen
                0xffffffff8250cb14                boot_HostUsbInterface
                0xffffffff8250cb94                boot_romCsString
                0xffffffff8250cbc4                boot_romDT
                0xffffffff8250cbd4                MutedFrame_AMR
                0xffffffff8250cbdc                MutedFrame_HR
                0xffffffff8250cbec                MutedFrame_EFR
                0xffffffff8250cc0c                MutedFrame_FR
                0xffffffff8250cc31                atoi
                0xffffffff8250cc71                bsearch
                0xffffffff8250ccd0                _ctype
                0xffffffff8250cdd1                memchr
                0xffffffff8250ce11                memcmp
                0xffffffff8250ce41                memcpy
                0xffffffff8250d011                memmove
                0xffffffff8250d151                memscan
                0xffffffff8250d171                memset
                0xffffffff8250d4b1                qsort
                0xffffffff8250d4e1                strcat
                0xffffffff8250d501                strchr
                0xffffffff8250d531                strrchr
                0xffffffff8250d551                strcmp
                0xffffffff8250d591                strcpy
                0xffffffff8250d5b1                strcspn
                0xffffffff8250d5f1                strlen
                0xffffffff8250d611                strnlen
                0xffffffff8250d671                strncmp
                0xffffffff8250d6b1                strncpy
                0xffffffff8250d6f1                strnicmp
                0xffffffff8250d771                strsep
                0xffffffff8250d7b1                strspn
                0xffffffff8250d7e1                strstr
                0xffffffff8250d841                strtok_r
                0xffffffff8250d8c1                strtok
                0xffffffff8250d8e1                strtol
                0xffffffff8250daa1                strtoul
                0xffffffff8250de01                vsnprintf
                0xffffffff8250e231                vsprintf
                0xffffffff8250e251                snprintf
                0xffffffff8250e271                sprintf

.backup         0xffffffff8250e2b0        0x0
 *(.backup)
                0xffffffff8250e2b0                . = ALIGN (0x10)
                0xffffffff8250e2b0                _ram_bss_start = .
                0xffffffffa250e2b0                . = (. + 0x20000000)

.ucbss          0xffffffffa250e2b0        0x0
 *(.ucbss)
 *(.ramucbss)
                0xffffffffa250e2b0                . = ALIGN (0x10)
                0xffffffff8250e2b0                . = (. - 0x20000000)

.bss            0xffffffff8250e2b0    0x1fc10
 *(.sbss .sbss.* .gnu.linkonce.sb.*)
 *(.sbss2 .sbss2.* .gnu.linkonce.sb2.*)
 *(.scommon)
 .scommon       0xffffffff8250e2b0        0x4 /cygdrive/c/projects/ST86TJYM/soft/build/sl_app/app/lib/libapp_release.a(sl_app_init.o)
                0xffffffff8250e2b0                SysAppEnterTask
 .scommon       0xffffffff8250e2b4        0x4 /cygdrive/c/projects/ST86TJYM/soft/build/sl_app/app/lib/libapp_release.a(Terminal.o)
                0xffffffff8250e2b4                pUpgradeST86File
 *(.dynbss)
 *(.bss .bss.* .gnu.linkonce.b.*)
 .bss.SendQueue
                0xffffffff8250e2b8    0x1d978 /cygdrive/c/projects/ST86TJYM/soft/build/sl_app/app/lib/libapp_release.a(FiFoData.o)
 .bss.CmdData   0xffffffff8252bc30      0x194 /cygdrive/c/projects/ST86TJYM/soft/build/sl_app/app/lib/libapp_release.a(FiFoData.o)
 .bss.step1.4368
                0xffffffff8252bdc4        0x1 /cygdrive/c/projects/ST86TJYM/soft/build/sl_app/app/lib/libapp_release.a(GNSS.o)
 *fill*         0xffffffff8252bdc5        0x3 00
 .bss.sw.4367   0xffffffff8252bdc8        0x4 /cygdrive/c/projects/ST86TJYM/soft/build/sl_app/app/lib/libapp_release.a(GNSS.o)
 .bss.counter.4366
                0xffffffff8252bdcc        0x1 /cygdrive/c/projects/ST86TJYM/soft/build/sl_app/app/lib/libapp_release.a(GNSS.o)
 .bss.step.4365
                0xffffffff8252bdcd        0x1 /cygdrive/c/projects/ST86TJYM/soft/build/sl_app/app/lib/libapp_release.a(GNSS.o)
 *fill*         0xffffffff8252bdce        0x2 00
 .bss.GnssDataBuf
                0xffffffff8252bdd0      0x3e8 /cygdrive/c/projects/ST86TJYM/soft/build/sl_app/app/lib/libapp_release.a(GNSS.o)
 .bss.GnssData  0xffffffff8252c1b8       0x30 /cygdrive/c/projects/ST86TJYM/soft/build/sl_app/app/lib/libapp_release.a(GNSS.o)
 .bss.GnssDataErro
                0xffffffff8252c1e8        0x1 /cygdrive/c/projects/ST86TJYM/soft/build/sl_app/app/lib/libapp_release.a(GNSS.o)
 *fill*         0xffffffff8252c1e9        0x7 00
 .bss.TempLatitude
                0xffffffff8252c1f0        0x8 /cygdrive/c/projects/ST86TJYM/soft/build/sl_app/app/lib/libapp_release.a(GNSS.o)
 .bss.TempLongitude
                0xffffffff8252c1f8        0x8 /cygdrive/c/projects/ST86TJYM/soft/build/sl_app/app/lib/libapp_release.a(GNSS.o)
 .bss.TempGnssData
                0xffffffff8252c200       0x30 /cygdrive/c/projects/ST86TJYM/soft/build/sl_app/app/lib/libapp_release.a(GNSS.o)
 .bss.TempBuf   0xffffffff8252c230       0x14 /cygdrive/c/projects/ST86TJYM/soft/build/sl_app/app/lib/libapp_release.a(GNSS.o)
 .bss.Counter.4876
                0xffffffff8252c244        0x1 /cygdrive/c/projects/ST86TJYM/soft/build/sl_app/app/lib/libapp_release.a(Gprs.o)
 .bss.SendCounter.4453
                0xffffffff8252c245        0x1 /cygdrive/c/projects/ST86TJYM/soft/build/sl_app/app/lib/libapp_release.a(Gprs.o)
 .bss.erro_code.4452
                0xffffffff8252c246        0x1 /cygdrive/c/projects/ST86TJYM/soft/build/sl_app/app/lib/libapp_release.a(Gprs.o)
 *fill*         0xffffffff8252c247        0x1 00
 .bss.counter.4451
                0xffffffff8252c248        0x4 /cygdrive/c/projects/ST86TJYM/soft/build/sl_app/app/lib/libapp_release.a(Gprs.o)
 .bss.step.4450
                0xffffffff8252c24c        0x1 /cygdrive/c/projects/ST86TJYM/soft/build/sl_app/app/lib/libapp_release.a(Gprs.o)
 *fill*         0xffffffff8252c24d        0x3 00
 .bss.TcpIpSocket
                0xffffffff8252c250       0xfc /cygdrive/c/projects/ST86TJYM/soft/build/sl_app/app/lib/libapp_release.a(Gprs.o)
 .bss.IpAddrBack
                0xffffffff8252c34c       0x34 /cygdrive/c/projects/ST86TJYM/soft/build/sl_app/app/lib/libapp_release.a(Gprs.o)
 .bss.GprsRecvBuf
                0xffffffff8252c380       0x64 /cygdrive/c/projects/ST86TJYM/soft/build/sl_app/app/lib/libapp_release.a(Gprs.o)
 .bss.SMSRecvBuf
                0xffffffff8252c3e4       0xc8 /cygdrive/c/projects/ST86TJYM/soft/build/sl_app/app/lib/libapp_release.a(Gprs.o)
 .bss.SMSRecvNum
                0xffffffff8252c4ac       0x14 /cygdrive/c/projects/ST86TJYM/soft/build/sl_app/app/lib/libapp_release.a(Gprs.o)
 .bss.GprsRecvLen
                0xffffffff8252c4c0        0x2 /cygdrive/c/projects/ST86TJYM/soft/build/sl_app/app/lib/libapp_release.a(Gprs.o)
 .bss.SMSRecvLen
                0xffffffff8252c4c2        0x2 /cygdrive/c/projects/ST86TJYM/soft/build/sl_app/app/lib/libapp_release.a(Gprs.o)
 .bss.ComCmdRes
                0xffffffff8252c4c4       0x1c /cygdrive/c/projects/ST86TJYM/soft/build/sl_app/app/lib/libapp_release.a(Gprs.o)
 .bss.CmdID     0xffffffff8252c4e0        0x2 /cygdrive/c/projects/ST86TJYM/soft/build/sl_app/app/lib/libapp_release.a(Gprs.o)
 .bss.Off.4295  0xffffffff8252c4e2        0x1 /cygdrive/c/projects/ST86TJYM/soft/build/sl_app/app/lib/libapp_release.a(Led.o)
 .bss.On.4294   0xffffffff8252c4e3        0x1 /cygdrive/c/projects/ST86TJYM/soft/build/sl_app/app/lib/libapp_release.a(Led.o)
 .bss.sw.4293   0xffffffff8252c4e4        0x4 /cygdrive/c/projects/ST86TJYM/soft/build/sl_app/app/lib/libapp_release.a(Led.o)
 .bss.step.4292
                0xffffffff8252c4e8        0x1 /cygdrive/c/projects/ST86TJYM/soft/build/sl_app/app/lib/libapp_release.a(Led.o)
 *fill*         0xffffffff8252c4e9        0x3 00
 .bss.sw.4257   0xffffffff8252c4ec        0x4 /cygdrive/c/projects/ST86TJYM/soft/build/sl_app/app/lib/libapp_release.a(Led.o)
 .bss.step.4256
                0xffffffff8252c4f0        0x1 /cygdrive/c/projects/ST86TJYM/soft/build/sl_app/app/lib/libapp_release.a(Led.o)
 .bss.counter.4424
                0xffffffff8252c4f1        0x1 /cygdrive/c/projects/ST86TJYM/soft/build/sl_app/app/lib/libapp_release.a(Rtc.o)
 *fill*         0xffffffff8252c4f2        0x2 00
 .bss.sw.4423   0xffffffff8252c4f4        0x4 /cygdrive/c/projects/ST86TJYM/soft/build/sl_app/app/lib/libapp_release.a(Rtc.o)
 .bss.step.4422
                0xffffffff8252c4f8        0x1 /cygdrive/c/projects/ST86TJYM/soft/build/sl_app/app/lib/libapp_release.a(Rtc.o)
 *fill*         0xffffffff8252c4f9        0x3 00
 .bss.counter.4397
                0xffffffff8252c4fc        0x4 /cygdrive/c/projects/ST86TJYM/soft/build/sl_app/app/lib/libapp_release.a(Rtc.o)
 .bss.step.4396
                0xffffffff8252c500        0x1 /cygdrive/c/projects/ST86TJYM/soft/build/sl_app/app/lib/libapp_release.a(Rtc.o)
 *fill*         0xffffffff8252c501        0x3 00
 .bss.SysTime   0xffffffff8252c504       0x10 /cygdrive/c/projects/ST86TJYM/soft/build/sl_app/app/lib/libapp_release.a(Rtc.o)
 .bss.SetTime   0xffffffff8252c514       0x10 /cygdrive/c/projects/ST86TJYM/soft/build/sl_app/app/lib/libapp_release.a(Rtc.o)
 .bss.SleepStatus
                0xffffffff8252c524        0x1 /cygdrive/c/projects/ST86TJYM/soft/build/sl_app/app/lib/libapp_release.a(Rtc.o)
 *fill*         0xffffffff8252c525        0x3 00
 .bss.WarningValue
                0xffffffff8252c528        0x4 /cygdrive/c/projects/ST86TJYM/soft/build/sl_app/app/lib/libapp_release.a(Rtc.o)
 .bss.SysCfg    0xffffffff8252c52c       0xd8 /cygdrive/c/projects/ST86TJYM/soft/build/sl_app/app/lib/libapp_release.a(SysFile.o)
 .bss.step2.4419
                0xffffffff8252c604        0x1 /cygdrive/c/projects/ST86TJYM/soft/build/sl_app/app/lib/libapp_release.a(SysProcess.o)
 *fill*         0xffffffff8252c605        0x3 00
 .bss.NextTime  0xffffffff8252c608        0x4 /cygdrive/c/projects/ST86TJYM/soft/build/sl_app/app/lib/libapp_release.a(SysProcess.o)
 .bss.NextTime1
                0xffffffff8252c60c        0x4 /cygdrive/c/projects/ST86TJYM/soft/build/sl_app/app/lib/libapp_release.a(SysProcess.o)
 .bss.AccStateBack
                0xffffffff8252c610        0x1 /cygdrive/c/projects/ST86TJYM/soft/build/sl_app/app/lib/libapp_release.a(SysProcess.o)
 .bss.ShellStateBack
                0xffffffff8252c611        0x1 /cygdrive/c/projects/ST86TJYM/soft/build/sl_app/app/lib/libapp_release.a(SysProcess.o)
 *fill*         0xffffffff8252c612        0x2 00
 .bss.sw1.4323  0xffffffff8252c614        0x4 /cygdrive/c/projects/ST86TJYM/soft/build/sl_app/app/lib/libapp_release.a(SysProcess.o)
 .bss.sw.4322   0xffffffff8252c618        0x4 /cygdrive/c/projects/ST86TJYM/soft/build/sl_app/app/lib/libapp_release.a(SysProcess.o)
 .bss.step2.4321
                0xffffffff8252c61c        0x1 /cygdrive/c/projects/ST86TJYM/soft/build/sl_app/app/lib/libapp_release.a(SysProcess.o)
 .bss.step1.4320
                0xffffffff8252c61d        0x1 /cygdrive/c/projects/ST86TJYM/soft/build/sl_app/app/lib/libapp_release.a(SysProcess.o)
 .bss.step.4319
                0xffffffff8252c61e        0x1 /cygdrive/c/projects/ST86TJYM/soft/build/sl_app/app/lib/libapp_release.a(SysProcess.o)
 *fill*         0xffffffff8252c61f        0x1 00
 .bss.counter.4249
                0xffffffff8252c620        0x2 /cygdrive/c/projects/ST86TJYM/soft/build/sl_app/app/lib/libapp_release.a(SysProcess.o)
 *fill*         0xffffffff8252c622        0x2 00
 .bss.DataPacketBuf
                0xffffffff8252c624      0x200 /cygdrive/c/projects/ST86TJYM/soft/build/sl_app/app/lib/libapp_release.a(SysProcess.o)
 .bss.SysRunData
                0xffffffff8252c824       0x44 /cygdrive/c/projects/ST86TJYM/soft/build/sl_app/app/lib/libapp_release.a(SysProcess.o)
 .bss.DistancePro
                0xffffffff8252c868       0x30 /cygdrive/c/projects/ST86TJYM/soft/build/sl_app/app/lib/libapp_release.a(SysProcess.o)
 .bss.ticks     0xffffffff8252c898        0x4 /cygdrive/c/projects/ST86TJYM/soft/build/sl_app/app/lib/libapp_release.a(SysTickTime.o)
                0xffffffff8252c898                ticks
 .bss.step1.4243
                0xffffffff8252c89c        0x1 /cygdrive/c/projects/ST86TJYM/soft/build/sl_app/app/lib/libapp_release.a(TcpIPUpload.o)
 .bss.step.4242
                0xffffffff8252c89d        0x1 /cygdrive/c/projects/ST86TJYM/soft/build/sl_app/app/lib/libapp_release.a(TcpIPUpload.o)
 *fill*         0xffffffff8252c89e        0x2 00
 .bss.UpLoadBuf
                0xffffffff8252c8a0      0x200 /cygdrive/c/projects/ST86TJYM/soft/build/sl_app/app/lib/libapp_release.a(TcpIPUpload.o)
 .bss.DataBig   0xffffffff8252caa0        0x1 /cygdrive/c/projects/ST86TJYM/soft/build/sl_app/app/lib/libapp_release.a(TcpIPUpload.o)
 *fill*         0xffffffff8252caa1        0x3 00
 .bss.HeatSw    0xffffffff8252caa4        0x4 /cygdrive/c/projects/ST86TJYM/soft/build/sl_app/app/lib/libapp_release.a(TcpIPUpload.o)
 .bss.CanProNumSendBig
                0xffffffff8252caa8        0x1 /cygdrive/c/projects/ST86TJYM/soft/build/sl_app/app/lib/libapp_release.a(Terminal.o)
 .bss.GetStatusBig
                0xffffffff8252caa9        0x1 /cygdrive/c/projects/ST86TJYM/soft/build/sl_app/app/lib/libapp_release.a(Terminal.o)
 *fill*         0xffffffff8252caaa        0x2 00
 .bss.sw1.4803  0xffffffff8252caac        0x4 /cygdrive/c/projects/ST86TJYM/soft/build/sl_app/app/lib/libapp_release.a(Terminal.o)
 .bss.sw.4802   0xffffffff8252cab0        0x4 /cygdrive/c/projects/ST86TJYM/soft/build/sl_app/app/lib/libapp_release.a(Terminal.o)
 .bss.step2.4801
                0xffffffff8252cab4        0x1 /cygdrive/c/projects/ST86TJYM/soft/build/sl_app/app/lib/libapp_release.a(Terminal.o)
 .bss.step1.4800
                0xffffffff8252cab5        0x1 /cygdrive/c/projects/ST86TJYM/soft/build/sl_app/app/lib/libapp_release.a(Terminal.o)
 .bss.step.4799
                0xffffffff8252cab6        0x1 /cygdrive/c/projects/ST86TJYM/soft/build/sl_app/app/lib/libapp_release.a(Terminal.o)
 *fill*         0xffffffff8252cab7        0x1 00
 .bss.sw.4475   0xffffffff8252cab8        0x4 /cygdrive/c/projects/ST86TJYM/soft/build/sl_app/app/lib/libapp_release.a(Terminal.o)
 .bss.step.4474
                0xffffffff8252cabc        0x1 /cygdrive/c/projects/ST86TJYM/soft/build/sl_app/app/lib/libapp_release.a(Terminal.o)
 *fill*         0xffffffff8252cabd        0x3 00
 .bss.UpgradeStatus
                0xffffffff8252cac0        0x4 /cygdrive/c/projects/ST86TJYM/soft/build/sl_app/app/lib/libapp_release.a(Terminal.o)
 .bss.UpgradeData
                0xffffffff8252cac4        0x4 /cygdrive/c/projects/ST86TJYM/soft/build/sl_app/app/lib/libapp_release.a(Terminal.o)
 .bss.pUpgradeST86
                0xffffffff8252cac8        0x4 /cygdrive/c/projects/ST86TJYM/soft/build/sl_app/app/lib/libapp_release.a(Terminal.o)
 .bss.TerRecvBuf
                0xffffffff8252cacc      0x400 /cygdrive/c/projects/ST86TJYM/soft/build/sl_app/app/lib/libapp_release.a(Terminal.o)
 .bss.TerSendBuf
                0xffffffff8252cecc      0x4b0 /cygdrive/c/projects/ST86TJYM/soft/build/sl_app/app/lib/libapp_release.a(Terminal.o)
 .bss.RunMode   0xffffffff8252d37c        0x1 /cygdrive/c/projects/ST86TJYM/soft/build/sl_app/app/lib/libapp_release.a(Terminal.o)
 .bss.McuStatus
                0xffffffff8252d37d        0x1 /cygdrive/c/projects/ST86TJYM/soft/build/sl_app/app/lib/libapp_release.a(Terminal.o)
 .bss.ConfigFlag
                0xffffffff8252d37e        0x1 /cygdrive/c/projects/ST86TJYM/soft/build/sl_app/app/lib/libapp_release.a(Terminal.o)
 *fill*         0xffffffff8252d37f        0x1 00
 .bss.CanData   0xffffffff8252d380       0x44 /cygdrive/c/projects/ST86TJYM/soft/build/sl_app/app/lib/libapp_release.a(Terminal.o)
 .bss.TerStateData
                0xffffffff8252d3c4       0x18 /cygdrive/c/projects/ST86TJYM/soft/build/sl_app/app/lib/libapp_release.a(Terminal.o)
 .bss.TerTime   0xffffffff8252d3dc       0x10 /cygdrive/c/projects/ST86TJYM/soft/build/sl_app/app/lib/libapp_release.a(Terminal.o)
 .bss.LockCar   0xffffffff8252d3ec        0x8 /cygdrive/c/projects/ST86TJYM/soft/build/sl_app/app/lib/libapp_release.a(Terminal.o)
 .bss.CurrentFaultCode
                0xffffffff8252d3f4       0xa4 /cygdrive/c/projects/ST86TJYM/soft/build/sl_app/app/lib/libapp_release.a(Terminal.o)
 .bss.stopwatch.4336
                0xffffffff8252d498        0x4 /cygdrive/c/projects/ST86TJYM/soft/build/sl_app/app/lib/libapp_release.a(UART.o)
 .bss.step.4334
                0xffffffff8252d49c        0x4 /cygdrive/c/projects/ST86TJYM/soft/build/sl_app/app/lib/libapp_release.a(UART.o)
 .bss.com1_new_data
                0xffffffff8252d4a0        0x1 /cygdrive/c/projects/ST86TJYM/soft/build/sl_app/app/lib/libapp_release.a(UART.o)
 *fill*         0xffffffff8252d4a1        0x3 00
 .bss.com1_recv_size
                0xffffffff8252d4a4        0x4 /cygdrive/c/projects/ST86TJYM/soft/build/sl_app/app/lib/libapp_release.a(UART.o)
 .bss.com1_recv_buf
                0xffffffff8252d4a8      0x400 /cygdrive/c/projects/ST86TJYM/soft/build/sl_app/app/lib/libapp_release.a(UART.o)
 .bss.com2_new_data
                0xffffffff8252d8a8        0x1 /cygdrive/c/projects/ST86TJYM/soft/build/sl_app/app/lib/libapp_release.a(UART.o)
 *fill*         0xffffffff8252d8a9        0x3 00
 .bss.com2_recv_size
                0xffffffff8252d8ac        0x4 /cygdrive/c/projects/ST86TJYM/soft/build/sl_app/app/lib/libapp_release.a(UART.o)
 .bss.com2_recv_buf
                0xffffffff8252d8b0      0x400 /cygdrive/c/projects/ST86TJYM/soft/build/sl_app/app/lib/libapp_release.a(UART.o)
 .bss.TerMsgBig
                0xffffffff8252dcb0        0x1 /cygdrive/c/projects/ST86TJYM/soft/build/sl_app/app/lib/libapp_release.a(BuildDataPacket.o)
 *fill*         0xffffffff8252dcb1        0x1 00
 .bss.DataLen.4245
                0xffffffff8252dcb2        0x2 /cygdrive/c/projects/ST86TJYM/soft/build/sl_app/app/lib/libapp_release.a(BuildDataPacket.o)
 .bss.TmpBuf    0xffffffff8252dcb4      0x200 /cygdrive/c/projects/ST86TJYM/soft/build/sl_app/app/lib/libapp_release.a(BuildDataPacket.o)
 .bss.MsgLine   0xffffffff8252deb4        0x1 /cygdrive/c/projects/ST86TJYM/soft/build/sl_app/app/lib/libapp_release.a(BuildDataPacket.o)
 .bss.MsgNum    0xffffffff8252deb5        0x1 /cygdrive/c/projects/ST86TJYM/soft/build/sl_app/app/lib/libapp_release.a(BuildDataPacket.o)
 .bss.MsgSerial
                0xffffffff8252deb6        0x2 /cygdrive/c/projects/ST86TJYM/soft/build/sl_app/app/lib/libapp_release.a(BuildDataPacket.o)
 .bss.pMulGnss  0xffffffff8252deb8        0x4 /cygdrive/c/projects/ST86TJYM/soft/build/sl_app/app/lib/libapp_release.a(BuildDataPacket.o)
 *(COMMON)
 *(.rambss)
                0xffffffff8252dec0                . = ALIGN (0x10)
 *fill*         0xffffffff8252debc        0x4 00
                0xffffffff8252dec0                _ram_bss_end = .
                0x000000000001fc10                _ram_bss_size = (_ram_bss_end - _ram_bss_start)
                0xffffffff825a0800                _ram_top = 0xffffffff825a0800
                0x0000000000072940                _heap_size = (_ram_top - _ram_bss_end)
                0xffffffff8252dec0                _heap_start = _ram_bss_end
                0xffffffff825a0800                _heap_end = (_ram_bss_end + _heap_size)
                0x0000000000000001                ASSERT ((ABSOLUTE (_ram_top) > ABSOLUTE (_ram_bss_end)), APP External RAM overflow !)
START GROUP
LOAD /cygdrive/c/projects/ST86TJYM/soft/build/sl_app/app/lib/libapp_release.a
END GROUP
LOAD /crosscompiler/bin/../lib/gcc/mips-elf/4.4.2/libgcc.a
OUTPUT(/cygdrive/c/projects/ST86TJYM/soft/build/sl_app/8809/sl_app_S80_20200507_release.elf elf32-littlemips)

.reginfo        0x0000000000000000       0x18
 .reginfo       0x0000000000000000       0x18 /cygdrive/c/projects/ST86TJYM/soft/build/sl_app/app/lib/libapp_release.a(sl_app_init.o)

.mdebug.abi32   0x0000000000000000        0x0
 .mdebug.abi32  0x0000000000000000        0x0 /cygdrive/c/projects/ST86TJYM/soft/build/sl_app/app/lib/libapp_release.a(sl_app_init.o)
 .mdebug.abi32  0x0000000000000000        0x0 /cygdrive/c/projects/ST86TJYM/soft/build/sl_app/app/lib/libapp_release.a(FiFoData.o)
 .mdebug.abi32  0x0000000000000000        0x0 /cygdrive/c/projects/ST86TJYM/soft/build/sl_app/app/lib/libapp_release.a(GNSS.o)
 .mdebug.abi32  0x0000000000000000        0x0 /cygdrive/c/projects/ST86TJYM/soft/build/sl_app/app/lib/libapp_release.a(Gprs.o)
 .mdebug.abi32  0x0000000000000000        0x0 /cygdrive/c/projects/ST86TJYM/soft/build/sl_app/app/lib/libapp_release.a(Led.o)
 .mdebug.abi32  0x0000000000000000        0x0 /cygdrive/c/projects/ST86TJYM/soft/build/sl_app/app/lib/libapp_release.a(ProData.o)
 .mdebug.abi32  0x0000000000000000        0x0 /cygdrive/c/projects/ST86TJYM/soft/build/sl_app/app/lib/libapp_release.a(Rtc.o)
 .mdebug.abi32  0x0000000000000000        0x0 /cygdrive/c/projects/ST86TJYM/soft/build/sl_app/app/lib/libapp_release.a(SysFile.o)
 .mdebug.abi32  0x0000000000000000        0x0 /cygdrive/c/projects/ST86TJYM/soft/build/sl_app/app/lib/libapp_release.a(SysProcess.o)
 .mdebug.abi32  0x0000000000000000        0x0 /cygdrive/c/projects/ST86TJYM/soft/build/sl_app/app/lib/libapp_release.a(SysTickTime.o)
 .mdebug.abi32  0x0000000000000000        0x0 /cygdrive/c/projects/ST86TJYM/soft/build/sl_app/app/lib/libapp_release.a(TcpIPUpload.o)
 .mdebug.abi32  0x0000000000000000        0x0 /cygdrive/c/projects/ST86TJYM/soft/build/sl_app/app/lib/libapp_release.a(Terminal.o)
 .mdebug.abi32  0x0000000000000000        0x0 /cygdrive/c/projects/ST86TJYM/soft/build/sl_app/app/lib/libapp_release.a(UART.o)
 .mdebug.abi32  0x0000000000000000        0x0 /cygdrive/c/projects/ST86TJYM/soft/build/sl_app/app/lib/libapp_release.a(VersionNum.o)
 .mdebug.abi32  0x0000000000000000        0x0 /cygdrive/c/projects/ST86TJYM/soft/build/sl_app/app/lib/libapp_release.a(sl_app.o)
 .mdebug.abi32  0x0000000000000000        0x0 /cygdrive/c/projects/ST86TJYM/soft/build/sl_app/app/lib/libapp_release.a(BuildDataPacket.o)
 .mdebug.abi32  0x0000000000000000        0x0 /crosscompiler/bin/../lib/gcc/mips-elf/4.4.2/libgcc.a(_fixunssfsi.o)
 .mdebug.abi32  0x0000000000000000        0x0 /crosscompiler/bin/../lib/gcc/mips-elf/4.4.2/libgcc.a(_fixunsdfsi.o)
 .mdebug.abi32  0x0000000000000000        0x0 /crosscompiler/bin/../lib/gcc/mips-elf/4.4.2/libgcc.a(_addsub_sf.o)
 .mdebug.abi32  0x0000000000000000        0x0 /crosscompiler/bin/../lib/gcc/mips-elf/4.4.2/libgcc.a(_mul_sf.o)
 .mdebug.abi32  0x0000000000000000        0x0 /crosscompiler/bin/../lib/gcc/mips-elf/4.4.2/libgcc.a(_ge_sf.o)
 .mdebug.abi32  0x0000000000000000        0x0 /crosscompiler/bin/../lib/gcc/mips-elf/4.4.2/libgcc.a(_lt_sf.o)
 .mdebug.abi32  0x0000000000000000        0x0 /crosscompiler/bin/../lib/gcc/mips-elf/4.4.2/libgcc.a(_sf_to_si.o)
 .mdebug.abi32  0x0000000000000000        0x0 /crosscompiler/bin/../lib/gcc/mips-elf/4.4.2/libgcc.a(_sf_to_df.o)
 .mdebug.abi32  0x0000000000000000        0x0 /crosscompiler/bin/../lib/gcc/mips-elf/4.4.2/libgcc.a(_thenan_sf.o)
 .mdebug.abi32  0x0000000000000000        0x0 /crosscompiler/bin/../lib/gcc/mips-elf/4.4.2/libgcc.a(_addsub_df.o)
 .mdebug.abi32  0x0000000000000000        0x0 /crosscompiler/bin/../lib/gcc/mips-elf/4.4.2/libgcc.a(_mul_df.o)
 .mdebug.abi32  0x0000000000000000        0x0 /crosscompiler/bin/../lib/gcc/mips-elf/4.4.2/libgcc.a(_div_df.o)
 .mdebug.abi32  0x0000000000000000        0x0 /crosscompiler/bin/../lib/gcc/mips-elf/4.4.2/libgcc.a(_eq_df.o)
 .mdebug.abi32  0x0000000000000000        0x0 /crosscompiler/bin/../lib/gcc/mips-elf/4.4.2/libgcc.a(_gt_df.o)
 .mdebug.abi32  0x0000000000000000        0x0 /crosscompiler/bin/../lib/gcc/mips-elf/4.4.2/libgcc.a(_ge_df.o)
 .mdebug.abi32  0x0000000000000000        0x0 /crosscompiler/bin/../lib/gcc/mips-elf/4.4.2/libgcc.a(_si_to_df.o)
 .mdebug.abi32  0x0000000000000000        0x0 /crosscompiler/bin/../lib/gcc/mips-elf/4.4.2/libgcc.a(_df_to_si.o)
 .mdebug.abi32  0x0000000000000000        0x0 /crosscompiler/bin/../lib/gcc/mips-elf/4.4.2/libgcc.a(_make_df.o)
 .mdebug.abi32  0x0000000000000000        0x0 /crosscompiler/bin/../lib/gcc/mips-elf/4.4.2/libgcc.a(_df_to_sf.o)
 .mdebug.abi32  0x0000000000000000        0x0 /crosscompiler/bin/../lib/gcc/mips-elf/4.4.2/libgcc.a(_thenan_df.o)
 .mdebug.abi32  0x0000000000000000        0x0 /crosscompiler/bin/../lib/gcc/mips-elf/4.4.2/libgcc.a(_usi_to_df.o)
 .mdebug.abi32  0x0000000000000000        0x0 /crosscompiler/bin/../lib/gcc/mips-elf/4.4.2/libgcc.a(_lshrdi3.o)
 .mdebug.abi32  0x0000000000000000        0x0 /crosscompiler/bin/../lib/gcc/mips-elf/4.4.2/libgcc.a(_ashldi3.o)
 .mdebug.abi32  0x0000000000000000        0x0 /crosscompiler/bin/../lib/gcc/mips-elf/4.4.2/libgcc.a(_ucmpdi2.o)
 .mdebug.abi32  0x0000000000000000        0x0 /crosscompiler/bin/../lib/gcc/mips-elf/4.4.2/libgcc.a(_clzsi2.o)
 .mdebug.abi32  0x0000000000000000        0x0 /crosscompiler/bin/../lib/gcc/mips-elf/4.4.2/libgcc.a(_pack_sf.o)
 .mdebug.abi32  0x0000000000000000        0x0 /crosscompiler/bin/../lib/gcc/mips-elf/4.4.2/libgcc.a(_unpack_sf.o)
 .mdebug.abi32  0x0000000000000000        0x0 /crosscompiler/bin/../lib/gcc/mips-elf/4.4.2/libgcc.a(_fpcmp_parts_sf.o)
 .mdebug.abi32  0x0000000000000000        0x0 /crosscompiler/bin/../lib/gcc/mips-elf/4.4.2/libgcc.a(_make_sf.o)
 .mdebug.abi32  0x0000000000000000        0x0 /crosscompiler/bin/../lib/gcc/mips-elf/4.4.2/libgcc.a(_pack_df.o)
 .mdebug.abi32  0x0000000000000000        0x0 /crosscompiler/bin/../lib/gcc/mips-elf/4.4.2/libgcc.a(_unpack_df.o)
 .mdebug.abi32  0x0000000000000000        0x0 /crosscompiler/bin/../lib/gcc/mips-elf/4.4.2/libgcc.a(_fpcmp_parts_df.o)
 .mdebug.abi32  0x0000000000000000        0x0 /crosscompiler/bin/../lib/gcc/mips-elf/4.4.2/libgcc.a(_clz.o)

.comment        0x0000000000000000       0x31
 .comment       0x0000000000000000       0x31 /cygdrive/c/projects/ST86TJYM/soft/build/sl_app/app/lib/libapp_release.a(sl_app_init.o)
                                         0x32 (size before relaxing)
 .comment       0x0000000000000000       0x32 /cygdrive/c/projects/ST86TJYM/soft/build/sl_app/app/lib/libapp_release.a(FiFoData.o)
 .comment       0x0000000000000000       0x32 /cygdrive/c/projects/ST86TJYM/soft/build/sl_app/app/lib/libapp_release.a(GNSS.o)
 .comment       0x0000000000000000       0x32 /cygdrive/c/projects/ST86TJYM/soft/build/sl_app/app/lib/libapp_release.a(Gprs.o)
 .comment       0x0000000000000000       0x32 /cygdrive/c/projects/ST86TJYM/soft/build/sl_app/app/lib/libapp_release.a(Led.o)
 .comment       0x0000000000000000       0x32 /cygdrive/c/projects/ST86TJYM/soft/build/sl_app/app/lib/libapp_release.a(ProData.o)
 .comment       0x0000000000000000       0x32 /cygdrive/c/projects/ST86TJYM/soft/build/sl_app/app/lib/libapp_release.a(Rtc.o)
 .comment       0x0000000000000000       0x32 /cygdrive/c/projects/ST86TJYM/soft/build/sl_app/app/lib/libapp_release.a(SysFile.o)
 .comment       0x0000000000000000       0x32 /cygdrive/c/projects/ST86TJYM/soft/build/sl_app/app/lib/libapp_release.a(SysProcess.o)
 .comment       0x0000000000000000       0x32 /cygdrive/c/projects/ST86TJYM/soft/build/sl_app/app/lib/libapp_release.a(SysTickTime.o)
 .comment       0x0000000000000000       0x32 /cygdrive/c/projects/ST86TJYM/soft/build/sl_app/app/lib/libapp_release.a(TcpIPUpload.o)
 .comment       0x0000000000000000       0x32 /cygdrive/c/projects/ST86TJYM/soft/build/sl_app/app/lib/libapp_release.a(Terminal.o)
 .comment       0x0000000000000000       0x32 /cygdrive/c/projects/ST86TJYM/soft/build/sl_app/app/lib/libapp_release.a(UART.o)
 .comment       0x0000000000000000       0x32 /cygdrive/c/projects/ST86TJYM/soft/build/sl_app/app/lib/libapp_release.a(VersionNum.o)
 .comment       0x0000000000000000       0x32 /cygdrive/c/projects/ST86TJYM/soft/build/sl_app/app/lib/libapp_release.a(sl_app.o)
 .comment       0x0000000000000000       0x32 /cygdrive/c/projects/ST86TJYM/soft/build/sl_app/app/lib/libapp_release.a(BuildDataPacket.o)
 .comment       0x0000000000000000       0x32 /crosscompiler/bin/../lib/gcc/mips-elf/4.4.2/libgcc.a(_fixunssfsi.o)
 .comment       0x0000000000000000       0x32 /crosscompiler/bin/../lib/gcc/mips-elf/4.4.2/libgcc.a(_fixunsdfsi.o)
 .comment       0x0000000000000000       0x32 /crosscompiler/bin/../lib/gcc/mips-elf/4.4.2/libgcc.a(_addsub_sf.o)
 .comment       0x0000000000000000       0x32 /crosscompiler/bin/../lib/gcc/mips-elf/4.4.2/libgcc.a(_mul_sf.o)
 .comment       0x0000000000000000       0x32 /crosscompiler/bin/../lib/gcc/mips-elf/4.4.2/libgcc.a(_ge_sf.o)
 .comment       0x0000000000000000       0x32 /crosscompiler/bin/../lib/gcc/mips-elf/4.4.2/libgcc.a(_lt_sf.o)
 .comment       0x0000000000000000       0x32 /crosscompiler/bin/../lib/gcc/mips-elf/4.4.2/libgcc.a(_sf_to_si.o)
 .comment       0x0000000000000000       0x32 /crosscompiler/bin/../lib/gcc/mips-elf/4.4.2/libgcc.a(_sf_to_df.o)
 .comment       0x0000000000000000       0x32 /crosscompiler/bin/../lib/gcc/mips-elf/4.4.2/libgcc.a(_thenan_sf.o)
 .comment       0x0000000000000000       0x32 /crosscompiler/bin/../lib/gcc/mips-elf/4.4.2/libgcc.a(_addsub_df.o)
 .comment       0x0000000000000000       0x32 /crosscompiler/bin/../lib/gcc/mips-elf/4.4.2/libgcc.a(_mul_df.o)
 .comment       0x0000000000000000       0x32 /crosscompiler/bin/../lib/gcc/mips-elf/4.4.2/libgcc.a(_div_df.o)
 .comment       0x0000000000000000       0x32 /crosscompiler/bin/../lib/gcc/mips-elf/4.4.2/libgcc.a(_eq_df.o)
 .comment       0x0000000000000000       0x32 /crosscompiler/bin/../lib/gcc/mips-elf/4.4.2/libgcc.a(_gt_df.o)
 .comment       0x0000000000000000       0x32 /crosscompiler/bin/../lib/gcc/mips-elf/4.4.2/libgcc.a(_ge_df.o)
 .comment       0x0000000000000000       0x32 /crosscompiler/bin/../lib/gcc/mips-elf/4.4.2/libgcc.a(_si_to_df.o)
 .comment       0x0000000000000000       0x32 /crosscompiler/bin/../lib/gcc/mips-elf/4.4.2/libgcc.a(_df_to_si.o)
 .comment       0x0000000000000000       0x32 /crosscompiler/bin/../lib/gcc/mips-elf/4.4.2/libgcc.a(_make_df.o)
 .comment       0x0000000000000000       0x32 /crosscompiler/bin/../lib/gcc/mips-elf/4.4.2/libgcc.a(_df_to_sf.o)
 .comment       0x0000000000000000       0x32 /crosscompiler/bin/../lib/gcc/mips-elf/4.4.2/libgcc.a(_thenan_df.o)
 .comment       0x0000000000000000       0x32 /crosscompiler/bin/../lib/gcc/mips-elf/4.4.2/libgcc.a(_usi_to_df.o)
 .comment       0x0000000000000000       0x32 /crosscompiler/bin/../lib/gcc/mips-elf/4.4.2/libgcc.a(_lshrdi3.o)
 .comment       0x0000000000000000       0x32 /crosscompiler/bin/../lib/gcc/mips-elf/4.4.2/libgcc.a(_ashldi3.o)
 .comment       0x0000000000000000       0x32 /crosscompiler/bin/../lib/gcc/mips-elf/4.4.2/libgcc.a(_ucmpdi2.o)
 .comment       0x0000000000000000       0x32 /crosscompiler/bin/../lib/gcc/mips-elf/4.4.2/libgcc.a(_clzsi2.o)
 .comment       0x0000000000000000       0x32 /crosscompiler/bin/../lib/gcc/mips-elf/4.4.2/libgcc.a(_pack_sf.o)
 .comment       0x0000000000000000       0x32 /crosscompiler/bin/../lib/gcc/mips-elf/4.4.2/libgcc.a(_unpack_sf.o)
 .comment       0x0000000000000000       0x32 /crosscompiler/bin/../lib/gcc/mips-elf/4.4.2/libgcc.a(_fpcmp_parts_sf.o)
 .comment       0x0000000000000000       0x32 /crosscompiler/bin/../lib/gcc/mips-elf/4.4.2/libgcc.a(_make_sf.o)
 .comment       0x0000000000000000       0x32 /crosscompiler/bin/../lib/gcc/mips-elf/4.4.2/libgcc.a(_pack_df.o)
 .comment       0x0000000000000000       0x32 /crosscompiler/bin/../lib/gcc/mips-elf/4.4.2/libgcc.a(_unpack_df.o)
 .comment       0x0000000000000000       0x32 /crosscompiler/bin/../lib/gcc/mips-elf/4.4.2/libgcc.a(_fpcmp_parts_df.o)
 .comment       0x0000000000000000       0x32 /crosscompiler/bin/../lib/gcc/mips-elf/4.4.2/libgcc.a(_clz.o)

.gnu.attributes
                0x0000000000000000       0x10
 .gnu.attributes
                0x0000000000000000       0x10 /cygdrive/c/projects/ST86TJYM/soft/build/sl_app/app/lib/libapp_release.a(sl_app_init.o)
 .gnu.attributes
                0x0000000000000010       0x10 /cygdrive/c/projects/ST86TJYM/soft/build/sl_app/app/lib/libapp_release.a(FiFoData.o)
 .gnu.attributes
                0x0000000000000020       0x10 /cygdrive/c/projects/ST86TJYM/soft/build/sl_app/app/lib/libapp_release.a(GNSS.o)
 .gnu.attributes
                0x0000000000000030       0x10 /cygdrive/c/projects/ST86TJYM/soft/build/sl_app/app/lib/libapp_release.a(Gprs.o)
 .gnu.attributes
                0x0000000000000040       0x10 /cygdrive/c/projects/ST86TJYM/soft/build/sl_app/app/lib/libapp_release.a(Led.o)
 .gnu.attributes
                0x0000000000000050       0x10 /cygdrive/c/projects/ST86TJYM/soft/build/sl_app/app/lib/libapp_release.a(ProData.o)
 .gnu.attributes
                0x0000000000000060       0x10 /cygdrive/c/projects/ST86TJYM/soft/build/sl_app/app/lib/libapp_release.a(Rtc.o)
 .gnu.attributes
                0x0000000000000070       0x10 /cygdrive/c/projects/ST86TJYM/soft/build/sl_app/app/lib/libapp_release.a(SysFile.o)
 .gnu.attributes
                0x0000000000000080       0x10 /cygdrive/c/projects/ST86TJYM/soft/build/sl_app/app/lib/libapp_release.a(SysProcess.o)
 .gnu.attributes
                0x0000000000000090       0x10 /cygdrive/c/projects/ST86TJYM/soft/build/sl_app/app/lib/libapp_release.a(SysTickTime.o)
 .gnu.attributes
                0x00000000000000a0       0x10 /cygdrive/c/projects/ST86TJYM/soft/build/sl_app/app/lib/libapp_release.a(TcpIPUpload.o)
 .gnu.attributes
                0x00000000000000b0       0x10 /cygdrive/c/projects/ST86TJYM/soft/build/sl_app/app/lib/libapp_release.a(Terminal.o)
 .gnu.attributes
                0x00000000000000c0       0x10 /cygdrive/c/projects/ST86TJYM/soft/build/sl_app/app/lib/libapp_release.a(UART.o)
 .gnu.attributes
                0x00000000000000d0       0x10 /cygdrive/c/projects/ST86TJYM/soft/build/sl_app/app/lib/libapp_release.a(VersionNum.o)
 .gnu.attributes
                0x00000000000000e0       0x10 /cygdrive/c/projects/ST86TJYM/soft/build/sl_app/app/lib/libapp_release.a(sl_app.o)
 .gnu.attributes
                0x00000000000000f0       0x10 /cygdrive/c/projects/ST86TJYM/soft/build/sl_app/app/lib/libapp_release.a(BuildDataPacket.o)
 .gnu.attributes
                0x0000000000000100       0x10 /crosscompiler/bin/../lib/gcc/mips-elf/4.4.2/libgcc.a(_fixunssfsi.o)
 .gnu.attributes
                0x0000000000000110       0x10 /crosscompiler/bin/../lib/gcc/mips-elf/4.4.2/libgcc.a(_fixunsdfsi.o)
 .gnu.attributes
                0x0000000000000120       0x10 /crosscompiler/bin/../lib/gcc/mips-elf/4.4.2/libgcc.a(_addsub_sf.o)
 .gnu.attributes
                0x0000000000000130       0x10 /crosscompiler/bin/../lib/gcc/mips-elf/4.4.2/libgcc.a(_mul_sf.o)
 .gnu.attributes
                0x0000000000000140       0x10 /crosscompiler/bin/../lib/gcc/mips-elf/4.4.2/libgcc.a(_ge_sf.o)
 .gnu.attributes
                0x0000000000000150       0x10 /crosscompiler/bin/../lib/gcc/mips-elf/4.4.2/libgcc.a(_lt_sf.o)
 .gnu.attributes
                0x0000000000000160       0x10 /crosscompiler/bin/../lib/gcc/mips-elf/4.4.2/libgcc.a(_sf_to_si.o)
 .gnu.attributes
                0x0000000000000170       0x10 /crosscompiler/bin/../lib/gcc/mips-elf/4.4.2/libgcc.a(_sf_to_df.o)
 .gnu.attributes
                0x0000000000000180       0x10 /crosscompiler/bin/../lib/gcc/mips-elf/4.4.2/libgcc.a(_thenan_sf.o)
 .gnu.attributes
                0x0000000000000190       0x10 /crosscompiler/bin/../lib/gcc/mips-elf/4.4.2/libgcc.a(_addsub_df.o)
 .gnu.attributes
                0x00000000000001a0       0x10 /crosscompiler/bin/../lib/gcc/mips-elf/4.4.2/libgcc.a(_mul_df.o)
 .gnu.attributes
                0x00000000000001b0       0x10 /crosscompiler/bin/../lib/gcc/mips-elf/4.4.2/libgcc.a(_div_df.o)
 .gnu.attributes
                0x00000000000001c0       0x10 /crosscompiler/bin/../lib/gcc/mips-elf/4.4.2/libgcc.a(_eq_df.o)
 .gnu.attributes
                0x00000000000001d0       0x10 /crosscompiler/bin/../lib/gcc/mips-elf/4.4.2/libgcc.a(_gt_df.o)
 .gnu.attributes
                0x00000000000001e0       0x10 /crosscompiler/bin/../lib/gcc/mips-elf/4.4.2/libgcc.a(_ge_df.o)
 .gnu.attributes
                0x00000000000001f0       0x10 /crosscompiler/bin/../lib/gcc/mips-elf/4.4.2/libgcc.a(_si_to_df.o)
 .gnu.attributes
                0x0000000000000200       0x10 /crosscompiler/bin/../lib/gcc/mips-elf/4.4.2/libgcc.a(_df_to_si.o)
 .gnu.attributes
                0x0000000000000210       0x10 /crosscompiler/bin/../lib/gcc/mips-elf/4.4.2/libgcc.a(_make_df.o)
 .gnu.attributes
                0x0000000000000220       0x10 /crosscompiler/bin/../lib/gcc/mips-elf/4.4.2/libgcc.a(_df_to_sf.o)
 .gnu.attributes
                0x0000000000000230       0x10 /crosscompiler/bin/../lib/gcc/mips-elf/4.4.2/libgcc.a(_thenan_df.o)
 .gnu.attributes
                0x0000000000000240       0x10 /crosscompiler/bin/../lib/gcc/mips-elf/4.4.2/libgcc.a(_usi_to_df.o)
 .gnu.attributes
                0x0000000000000250       0x10 /crosscompiler/bin/../lib/gcc/mips-elf/4.4.2/libgcc.a(_lshrdi3.o)
 .gnu.attributes
                0x0000000000000260       0x10 /crosscompiler/bin/../lib/gcc/mips-elf/4.4.2/libgcc.a(_ashldi3.o)
 .gnu.attributes
                0x0000000000000270       0x10 /crosscompiler/bin/../lib/gcc/mips-elf/4.4.2/libgcc.a(_ucmpdi2.o)
 .gnu.attributes
                0x0000000000000280       0x10 /crosscompiler/bin/../lib/gcc/mips-elf/4.4.2/libgcc.a(_clzsi2.o)
 .gnu.attributes
                0x0000000000000290       0x10 /crosscompiler/bin/../lib/gcc/mips-elf/4.4.2/libgcc.a(_pack_sf.o)
 .gnu.attributes
                0x00000000000002a0       0x10 /crosscompiler/bin/../lib/gcc/mips-elf/4.4.2/libgcc.a(_unpack_sf.o)
 .gnu.attributes
                0x00000000000002b0       0x10 /crosscompiler/bin/../lib/gcc/mips-elf/4.4.2/libgcc.a(_fpcmp_parts_sf.o)
 .gnu.attributes
                0x00000000000002c0       0x10 /crosscompiler/bin/../lib/gcc/mips-elf/4.4.2/libgcc.a(_make_sf.o)
 .gnu.attributes
                0x00000000000002d0       0x10 /crosscompiler/bin/../lib/gcc/mips-elf/4.4.2/libgcc.a(_pack_df.o)
 .gnu.attributes
                0x00000000000002e0       0x10 /crosscompiler/bin/../lib/gcc/mips-elf/4.4.2/libgcc.a(_unpack_df.o)
 .gnu.attributes
                0x00000000000002f0       0x10 /crosscompiler/bin/../lib/gcc/mips-elf/4.4.2/libgcc.a(_fpcmp_parts_df.o)
 .gnu.attributes
                0x0000000000000300       0x10 /crosscompiler/bin/../lib/gcc/mips-elf/4.4.2/libgcc.a(_clz.o)

.pdr            0x0000000000000000        0x0
 .pdr           0x0000000000000000        0x0 /cygdrive/c/projects/ST86TJYM/soft/build/sl_app/app/lib/libapp_release.a(sl_app.o)
 .pdr           0x0000000000000000        0x0 /crosscompiler/bin/../lib/gcc/mips-elf/4.4.2/libgcc.a(_thenan_sf.o)
 .pdr           0x0000000000000000        0x0 /crosscompiler/bin/../lib/gcc/mips-elf/4.4.2/libgcc.a(_thenan_df.o)
 .pdr           0x0000000000000000        0x0 /crosscompiler/bin/../lib/gcc/mips-elf/4.4.2/libgcc.a(_clz.o)

.debug_abbrev   0x0000000000000000     0x4fb0
 .debug_abbrev  0x0000000000000000      0x205 /cygdrive/c/projects/ST86TJYM/soft/build/sl_app/app/lib/libapp_release.a(sl_app_init.o)
 .debug_abbrev  0x0000000000000205      0x279 /cygdrive/c/projects/ST86TJYM/soft/build/sl_app/app/lib/libapp_release.a(FiFoData.o)
 .debug_abbrev  0x000000000000047e      0x279 /cygdrive/c/projects/ST86TJYM/soft/build/sl_app/app/lib/libapp_release.a(GNSS.o)
 .debug_abbrev  0x00000000000006f7      0x35f /cygdrive/c/projects/ST86TJYM/soft/build/sl_app/app/lib/libapp_release.a(Gprs.o)
 .debug_abbrev  0x0000000000000a56      0x226 /cygdrive/c/projects/ST86TJYM/soft/build/sl_app/app/lib/libapp_release.a(Led.o)
 .debug_abbrev  0x0000000000000c7c      0x357 /cygdrive/c/projects/ST86TJYM/soft/build/sl_app/app/lib/libapp_release.a(ProData.o)
 .debug_abbrev  0x0000000000000fd3      0x2e2 /cygdrive/c/projects/ST86TJYM/soft/build/sl_app/app/lib/libapp_release.a(Rtc.o)
 .debug_abbrev  0x00000000000012b5      0x232 /cygdrive/c/projects/ST86TJYM/soft/build/sl_app/app/lib/libapp_release.a(SysFile.o)
 .debug_abbrev  0x00000000000014e7      0x2c6 /cygdrive/c/projects/ST86TJYM/soft/build/sl_app/app/lib/libapp_release.a(SysProcess.o)
 .debug_abbrev  0x00000000000017ad       0xce /cygdrive/c/projects/ST86TJYM/soft/build/sl_app/app/lib/libapp_release.a(SysTickTime.o)
 .debug_abbrev  0x000000000000187b      0x1de /cygdrive/c/projects/ST86TJYM/soft/build/sl_app/app/lib/libapp_release.a(TcpIPUpload.o)
 .debug_abbrev  0x0000000000001a59      0x3e6 /cygdrive/c/projects/ST86TJYM/soft/build/sl_app/app/lib/libapp_release.a(Terminal.o)
 .debug_abbrev  0x0000000000001e3f      0x2a9 /cygdrive/c/projects/ST86TJYM/soft/build/sl_app/app/lib/libapp_release.a(UART.o)
 .debug_abbrev  0x00000000000020e8       0x97 /cygdrive/c/projects/ST86TJYM/soft/build/sl_app/app/lib/libapp_release.a(VersionNum.o)
 .debug_abbrev  0x000000000000217f      0x18b /cygdrive/c/projects/ST86TJYM/soft/build/sl_app/app/lib/libapp_release.a(sl_app.o)
 .debug_abbrev  0x000000000000230a      0x305 /cygdrive/c/projects/ST86TJYM/soft/build/sl_app/app/lib/libapp_release.a(BuildDataPacket.o)
 .debug_abbrev  0x000000000000260f       0x66 /crosscompiler/bin/../lib/gcc/mips-elf/4.4.2/libgcc.a(_fixunssfsi.o)
 .debug_abbrev  0x0000000000002675       0x66 /crosscompiler/bin/../lib/gcc/mips-elf/4.4.2/libgcc.a(_fixunsdfsi.o)
 .debug_abbrev  0x00000000000026db      0x1db /crosscompiler/bin/../lib/gcc/mips-elf/4.4.2/libgcc.a(_addsub_sf.o)
 .debug_abbrev  0x00000000000028b6      0x1f9 /crosscompiler/bin/../lib/gcc/mips-elf/4.4.2/libgcc.a(_mul_sf.o)
 .debug_abbrev  0x0000000000002aaf      0x15a /crosscompiler/bin/../lib/gcc/mips-elf/4.4.2/libgcc.a(_ge_sf.o)
 .debug_abbrev  0x0000000000002c09      0x15a /crosscompiler/bin/../lib/gcc/mips-elf/4.4.2/libgcc.a(_lt_sf.o)
 .debug_abbrev  0x0000000000002d63      0x17f /crosscompiler/bin/../lib/gcc/mips-elf/4.4.2/libgcc.a(_sf_to_si.o)
 .debug_abbrev  0x0000000000002ee2      0x131 /crosscompiler/bin/../lib/gcc/mips-elf/4.4.2/libgcc.a(_sf_to_df.o)
 .debug_abbrev  0x0000000000003013       0xc3 /crosscompiler/bin/../lib/gcc/mips-elf/4.4.2/libgcc.a(_thenan_sf.o)
 .debug_abbrev  0x00000000000030d6      0x1ea /crosscompiler/bin/../lib/gcc/mips-elf/4.4.2/libgcc.a(_addsub_df.o)
 .debug_abbrev  0x00000000000032c0      0x200 /crosscompiler/bin/../lib/gcc/mips-elf/4.4.2/libgcc.a(_mul_df.o)
 .debug_abbrev  0x00000000000034c0      0x1dc /crosscompiler/bin/../lib/gcc/mips-elf/4.4.2/libgcc.a(_div_df.o)
 .debug_abbrev  0x000000000000369c      0x15a /crosscompiler/bin/../lib/gcc/mips-elf/4.4.2/libgcc.a(_eq_df.o)
 .debug_abbrev  0x00000000000037f6      0x15a /crosscompiler/bin/../lib/gcc/mips-elf/4.4.2/libgcc.a(_gt_df.o)
 .debug_abbrev  0x0000000000003950      0x15a /crosscompiler/bin/../lib/gcc/mips-elf/4.4.2/libgcc.a(_ge_df.o)
 .debug_abbrev  0x0000000000003aaa      0x148 /crosscompiler/bin/../lib/gcc/mips-elf/4.4.2/libgcc.a(_si_to_df.o)
 .debug_abbrev  0x0000000000003bf2      0x17f /crosscompiler/bin/../lib/gcc/mips-elf/4.4.2/libgcc.a(_df_to_si.o)
 .debug_abbrev  0x0000000000003d71      0x109 /crosscompiler/bin/../lib/gcc/mips-elf/4.4.2/libgcc.a(_make_df.o)
 .debug_abbrev  0x0000000000003e7a      0x140 /crosscompiler/bin/../lib/gcc/mips-elf/4.4.2/libgcc.a(_df_to_sf.o)
 .debug_abbrev  0x0000000000003fba       0xc3 /crosscompiler/bin/../lib/gcc/mips-elf/4.4.2/libgcc.a(_thenan_df.o)
 .debug_abbrev  0x000000000000407d      0x157 /crosscompiler/bin/../lib/gcc/mips-elf/4.4.2/libgcc.a(_usi_to_df.o)
 .debug_abbrev  0x00000000000041d4      0x104 /crosscompiler/bin/../lib/gcc/mips-elf/4.4.2/libgcc.a(_lshrdi3.o)
 .debug_abbrev  0x00000000000042d8       0xf7 /crosscompiler/bin/../lib/gcc/mips-elf/4.4.2/libgcc.a(_ashldi3.o)
 .debug_abbrev  0x00000000000043cf       0xd0 /crosscompiler/bin/../lib/gcc/mips-elf/4.4.2/libgcc.a(_ucmpdi2.o)
 .debug_abbrev  0x000000000000449f       0xc4 /crosscompiler/bin/../lib/gcc/mips-elf/4.4.2/libgcc.a(_clzsi2.o)
 .debug_abbrev  0x0000000000004563      0x1c0 /crosscompiler/bin/../lib/gcc/mips-elf/4.4.2/libgcc.a(_pack_sf.o)
 .debug_abbrev  0x0000000000004723      0x163 /crosscompiler/bin/../lib/gcc/mips-elf/4.4.2/libgcc.a(_unpack_sf.o)
 .debug_abbrev  0x0000000000004886      0x14a /crosscompiler/bin/../lib/gcc/mips-elf/4.4.2/libgcc.a(_fpcmp_parts_sf.o)
 .debug_abbrev  0x00000000000049d0      0x109 /crosscompiler/bin/../lib/gcc/mips-elf/4.4.2/libgcc.a(_make_sf.o)
 .debug_abbrev  0x0000000000004ad9      0x1c0 /crosscompiler/bin/../lib/gcc/mips-elf/4.4.2/libgcc.a(_pack_df.o)
 .debug_abbrev  0x0000000000004c99      0x163 /crosscompiler/bin/../lib/gcc/mips-elf/4.4.2/libgcc.a(_unpack_df.o)
 .debug_abbrev  0x0000000000004dfc      0x14a /crosscompiler/bin/../lib/gcc/mips-elf/4.4.2/libgcc.a(_fpcmp_parts_df.o)
 .debug_abbrev  0x0000000000004f46       0x6a /crosscompiler/bin/../lib/gcc/mips-elf/4.4.2/libgcc.a(_clz.o)

.debug_info     0x0000000000000000    0x45e1e
 .debug_info    0x0000000000000000     0x4494 /cygdrive/c/projects/ST86TJYM/soft/build/sl_app/app/lib/libapp_release.a(sl_app_init.o)
 .debug_info    0x0000000000004494     0x4619 /cygdrive/c/projects/ST86TJYM/soft/build/sl_app/app/lib/libapp_release.a(FiFoData.o)
 .debug_info    0x0000000000008aad     0x487c /cygdrive/c/projects/ST86TJYM/soft/build/sl_app/app/lib/libapp_release.a(GNSS.o)
 .debug_info    0x000000000000d329     0x5771 /cygdrive/c/projects/ST86TJYM/soft/build/sl_app/app/lib/libapp_release.a(Gprs.o)
 .debug_info    0x0000000000012a9a     0x49ab /cygdrive/c/projects/ST86TJYM/soft/build/sl_app/app/lib/libapp_release.a(Led.o)
 .debug_info    0x0000000000017445     0x498d /cygdrive/c/projects/ST86TJYM/soft/build/sl_app/app/lib/libapp_release.a(ProData.o)
 .debug_info    0x000000000001bdd2     0x48b1 /cygdrive/c/projects/ST86TJYM/soft/build/sl_app/app/lib/libapp_release.a(Rtc.o)
 .debug_info    0x0000000000020683     0x45b6 /cygdrive/c/projects/ST86TJYM/soft/build/sl_app/app/lib/libapp_release.a(SysFile.o)
 .debug_info    0x0000000000024c39     0x4c2e /cygdrive/c/projects/ST86TJYM/soft/build/sl_app/app/lib/libapp_release.a(SysProcess.o)
 .debug_info    0x0000000000029867      0x19b /cygdrive/c/projects/ST86TJYM/soft/build/sl_app/app/lib/libapp_release.a(SysTickTime.o)
 .debug_info    0x0000000000029a02     0x439b /cygdrive/c/projects/ST86TJYM/soft/build/sl_app/app/lib/libapp_release.a(TcpIPUpload.o)
 .debug_info    0x000000000002dd9d     0x55d2 /cygdrive/c/projects/ST86TJYM/soft/build/sl_app/app/lib/libapp_release.a(Terminal.o)
 .debug_info    0x000000000003336f     0x45d0 /cygdrive/c/projects/ST86TJYM/soft/build/sl_app/app/lib/libapp_release.a(UART.o)
 .debug_info    0x000000000003793f       0xe0 /cygdrive/c/projects/ST86TJYM/soft/build/sl_app/app/lib/libapp_release.a(VersionNum.o)
 .debug_info    0x0000000000037a1f     0x42b4 /cygdrive/c/projects/ST86TJYM/soft/build/sl_app/app/lib/libapp_release.a(sl_app.o)
 .debug_info    0x000000000003bcd3     0x53a8 /cygdrive/c/projects/ST86TJYM/soft/build/sl_app/app/lib/libapp_release.a(BuildDataPacket.o)
 .debug_info    0x000000000004107b       0xd1 /crosscompiler/bin/../lib/gcc/mips-elf/4.4.2/libgcc.a(_fixunssfsi.o)
 .debug_info    0x000000000004114c       0xd1 /crosscompiler/bin/../lib/gcc/mips-elf/4.4.2/libgcc.a(_fixunsdfsi.o)
 .debug_info    0x000000000004121d      0x483 /crosscompiler/bin/../lib/gcc/mips-elf/4.4.2/libgcc.a(_addsub_sf.o)
 .debug_info    0x00000000000416a0      0x3cc /crosscompiler/bin/../lib/gcc/mips-elf/4.4.2/libgcc.a(_mul_sf.o)
 .debug_info    0x0000000000041a6c      0x28c /crosscompiler/bin/../lib/gcc/mips-elf/4.4.2/libgcc.a(_ge_sf.o)
 .debug_info    0x0000000000041cf8      0x28c /crosscompiler/bin/../lib/gcc/mips-elf/4.4.2/libgcc.a(_lt_sf.o)
 .debug_info    0x0000000000041f84      0x2bd /crosscompiler/bin/../lib/gcc/mips-elf/4.4.2/libgcc.a(_sf_to_si.o)
 .debug_info    0x0000000000042241      0x241 /crosscompiler/bin/../lib/gcc/mips-elf/4.4.2/libgcc.a(_sf_to_df.o)
 .debug_info    0x0000000000042482      0x160 /crosscompiler/bin/../lib/gcc/mips-elf/4.4.2/libgcc.a(_thenan_sf.o)
 .debug_info    0x00000000000425e2      0x48e /crosscompiler/bin/../lib/gcc/mips-elf/4.4.2/libgcc.a(_addsub_df.o)
 .debug_info    0x0000000000042a70      0x47e /crosscompiler/bin/../lib/gcc/mips-elf/4.4.2/libgcc.a(_mul_df.o)
 .debug_info    0x0000000000042eee      0x39e /crosscompiler/bin/../lib/gcc/mips-elf/4.4.2/libgcc.a(_div_df.o)
 .debug_info    0x000000000004328c      0x29a /crosscompiler/bin/../lib/gcc/mips-elf/4.4.2/libgcc.a(_eq_df.o)
 .debug_info    0x0000000000043526      0x29a /crosscompiler/bin/../lib/gcc/mips-elf/4.4.2/libgcc.a(_gt_df.o)
 .debug_info    0x00000000000437c0      0x29a /crosscompiler/bin/../lib/gcc/mips-elf/4.4.2/libgcc.a(_ge_df.o)
 .debug_info    0x0000000000043a5a      0x214 /crosscompiler/bin/../lib/gcc/mips-elf/4.4.2/libgcc.a(_si_to_df.o)
 .debug_info    0x0000000000043c6e      0x2c9 /crosscompiler/bin/../lib/gcc/mips-elf/4.4.2/libgcc.a(_df_to_si.o)
 .debug_info    0x0000000000043f37      0x1d3 /crosscompiler/bin/../lib/gcc/mips-elf/4.4.2/libgcc.a(_make_df.o)
 .debug_info    0x000000000004410a      0x25d /crosscompiler/bin/../lib/gcc/mips-elf/4.4.2/libgcc.a(_df_to_sf.o)
 .debug_info    0x0000000000044367      0x160 /crosscompiler/bin/../lib/gcc/mips-elf/4.4.2/libgcc.a(_thenan_df.o)
 .debug_info    0x00000000000444c7      0x213 /crosscompiler/bin/../lib/gcc/mips-elf/4.4.2/libgcc.a(_usi_to_df.o)
 .debug_info    0x00000000000446da      0x19b /crosscompiler/bin/../lib/gcc/mips-elf/4.4.2/libgcc.a(_lshrdi3.o)
 .debug_info    0x0000000000044875      0x19f /crosscompiler/bin/../lib/gcc/mips-elf/4.4.2/libgcc.a(_ashldi3.o)
 .debug_info    0x0000000000044a14      0x160 /crosscompiler/bin/../lib/gcc/mips-elf/4.4.2/libgcc.a(_ucmpdi2.o)
 .debug_info    0x0000000000044b74      0x132 /crosscompiler/bin/../lib/gcc/mips-elf/4.4.2/libgcc.a(_clzsi2.o)
 .debug_info    0x0000000000044ca6      0x2ea /crosscompiler/bin/../lib/gcc/mips-elf/4.4.2/libgcc.a(_pack_sf.o)
 .debug_info    0x0000000000044f90      0x25a /crosscompiler/bin/../lib/gcc/mips-elf/4.4.2/libgcc.a(_unpack_sf.o)
 .debug_info    0x00000000000451ea      0x21f /crosscompiler/bin/../lib/gcc/mips-elf/4.4.2/libgcc.a(_fpcmp_parts_sf.o)
 .debug_info    0x0000000000045409      0x1d3 /crosscompiler/bin/../lib/gcc/mips-elf/4.4.2/libgcc.a(_make_sf.o)
 .debug_info    0x00000000000455dc      0x2f8 /crosscompiler/bin/../lib/gcc/mips-elf/4.4.2/libgcc.a(_pack_df.o)
 .debug_info    0x00000000000458d4      0x266 /crosscompiler/bin/../lib/gcc/mips-elf/4.4.2/libgcc.a(_unpack_df.o)
 .debug_info    0x0000000000045b3a      0x21f /crosscompiler/bin/../lib/gcc/mips-elf/4.4.2/libgcc.a(_fpcmp_parts_df.o)
 .debug_info    0x0000000000045d59       0xc5 /crosscompiler/bin/../lib/gcc/mips-elf/4.4.2/libgcc.a(_clz.o)

.debug_line     0x0000000000000000     0x4644
 .debug_line    0x0000000000000000      0x23e /cygdrive/c/projects/ST86TJYM/soft/build/sl_app/app/lib/libapp_release.a(sl_app_init.o)
 .debug_line    0x000000000000023e      0x30c /cygdrive/c/projects/ST86TJYM/soft/build/sl_app/app/lib/libapp_release.a(FiFoData.o)
 .debug_line    0x000000000000054a      0x39b /cygdrive/c/projects/ST86TJYM/soft/build/sl_app/app/lib/libapp_release.a(GNSS.o)