Archive member included because of file (symbol)

/cygdrive/c/projects/ST86QDLOV20200410/soft/build/sl_app/app/lib/libapp_release.a(sl_app_init.o)
                              (SL_Entry)
/cygdrive/c/projects/ST86QDLOV20200410/soft/build/sl_app/app/lib/libapp_release.a(FiFoData.o)
                              /cygdrive/c/projects/ST86QDLOV20200410/soft/build/sl_app/app/lib/libapp_release.a(sl_app_init.o) (LoadSendQueue)
/cygdrive/c/projects/ST86QDLOV20200410/soft/build/sl_app/app/lib/libapp_release.a(GNSS.o)
                              /cygdrive/c/projects/ST86QDLOV20200410/soft/build/sl_app/app/lib/libapp_release.a(sl_app_init.o) (GnssDataParse)
/cygdrive/c/projects/ST86QDLOV20200410/soft/build/sl_app/app/lib/libapp_release.a(Gprs.o)
                              /cygdrive/c/projects/ST86QDLOV20200410/soft/build/sl_app/app/lib/libapp_release.a(sl_app_init.o) (InitTcpIp)
/cygdrive/c/projects/ST86QDLOV20200410/soft/build/sl_app/app/lib/libapp_release.a(Led.o)
                              /cygdrive/c/projects/ST86QDLOV20200410/soft/build/sl_app/app/lib/libapp_release.a(sl_app_init.o) (Init_Led)
/cygdrive/c/projects/ST86QDLOV20200410/soft/build/sl_app/app/lib/libapp_release.a(ProData.o)
                              /cygdrive/c/projects/ST86QDLOV20200410/soft/build/sl_app/app/lib/libapp_release.a(GNSS.o) (LookForStr)
/cygdrive/c/projects/ST86QDLOV20200410/soft/build/sl_app/app/lib/libapp_release.a(Rtc.o)
                              /cygdrive/c/projects/ST86QDLOV20200410/soft/build/sl_app/app/lib/libapp_release.a(GNSS.o) (CalendarToUnix)
/cygdrive/c/projects/ST86QDLOV20200410/soft/build/sl_app/app/lib/libapp_release.a(SysFile.o)
                              /cygdrive/c/projects/ST86QDLOV20200410/soft/build/sl_app/app/lib/libapp_release.a(Gprs.o) (GetSysCfgSpace)
/cygdrive/c/projects/ST86QDLOV20200410/soft/build/sl_app/app/lib/libapp_release.a(SysProcess.o)
                              /cygdrive/c/projects/ST86QDLOV20200410/soft/build/sl_app/app/lib/libapp_release.a(GNSS.o) (ResetNextTime)
/cygdrive/c/projects/ST86QDLOV20200410/soft/build/sl_app/app/lib/libapp_release.a(SysTickTime.o)
                              /cygdrive/c/projects/ST86QDLOV20200410/soft/build/sl_app/app/lib/libapp_release.a(GNSS.o) (init_stopwatch16)
/cygdrive/c/projects/ST86QDLOV20200410/soft/build/sl_app/app/lib/libapp_release.a(TcpIPUpload.o)
                              /cygdrive/c/projects/ST86QDLOV20200410/soft/build/sl_app/app/lib/libapp_release.a(Gprs.o) (ResetHeatSw)
/cygdrive/c/projects/ST86QDLOV20200410/soft/build/sl_app/app/lib/libapp_release.a(Terminal.o)
                              /cygdrive/c/projects/ST86QDLOV20200410/soft/build/sl_app/app/lib/libapp_release.a(SysProcess.o) (GetTerStateDataSpace)
/cygdrive/c/projects/ST86QDLOV20200410/soft/build/sl_app/app/lib/libapp_release.a(UART.o)
                              /cygdrive/c/projects/ST86QDLOV20200410/soft/build/sl_app/app/lib/libapp_release.a(sl_app_init.o) (UART1_Init)
/cygdrive/c/projects/ST86QDLOV20200410/soft/build/sl_app/app/lib/libapp_release.a(VersionNum.o)
                              /cygdrive/c/projects/ST86QDLOV20200410/soft/build/sl_app/app/lib/libapp_release.a(Terminal.o) (GetVerNum)
/cygdrive/c/projects/ST86QDLOV20200410/soft/build/sl_app/app/lib/libapp_release.a(sl_app.o)
                              /cygdrive/c/projects/ST86QDLOV20200410/soft/build/sl_app/app/lib/libapp_release.a(sl_app_init.o) (AA)
/cygdrive/c/projects/ST86QDLOV20200410/soft/build/sl_app/app/lib/libapp_release.a(BuildDataPacket.o)
                              /cygdrive/c/projects/ST86QDLOV20200410/soft/build/sl_app/app/lib/libapp_release.a(Gprs.o) (BuildCompletePacket)
/crosscompiler/bin/../lib/gcc/mips-elf/4.4.2/libgcc.a(_fixunssfsi.o)
                              /cygdrive/c/projects/ST86QDLOV20200410/soft/build/sl_app/app/lib/libapp_release.a(BuildDataPacket.o) (__fixunssfsi)
/crosscompiler/bin/../lib/gcc/mips-elf/4.4.2/libgcc.a(_fixunsdfsi.o)
                              /cygdrive/c/projects/ST86QDLOV20200410/soft/build/sl_app/app/lib/libapp_release.a(GNSS.o) (__fixunsdfsi)
/crosscompiler/bin/../lib/gcc/mips-elf/4.4.2/libgcc.a(_addsub_sf.o)
                              /crosscompiler/bin/../lib/gcc/mips-elf/4.4.2/libgcc.a(_fixunssfsi.o) (__subsf3)
/crosscompiler/bin/../lib/gcc/mips-elf/4.4.2/libgcc.a(_ge_sf.o)
                              /crosscompiler/bin/../lib/gcc/mips-elf/4.4.2/libgcc.a(_fixunssfsi.o) (__gesf2)
/crosscompiler/bin/../lib/gcc/mips-elf/4.4.2/libgcc.a(_lt_sf.o)
                              /cygdrive/c/projects/ST86QDLOV20200410/soft/build/sl_app/app/lib/libapp_release.a(SysProcess.o) (__ltsf2)
/crosscompiler/bin/../lib/gcc/mips-elf/4.4.2/libgcc.a(_sf_to_si.o)
                              /crosscompiler/bin/../lib/gcc/mips-elf/4.4.2/libgcc.a(_fixunssfsi.o) (__fixsfsi)
/crosscompiler/bin/../lib/gcc/mips-elf/4.4.2/libgcc.a(_sf_to_df.o)
[...]
Memory Configuration

Name             Origin             Length             Attributes
*default*        0x0000000000000000 0xffffffffffffffff

Linker script and memory map

LOAD /cygdrive/c/projects/ST86QDLOV20200410/soft/lib/mem_bridge_rom_CHIP.elf
                0xffffffff82500000                . = 0xffffffff82500000
                0xffffffff82500000                _ram_start = .
                0xffffffff82500000                _ram_functab_start = 0xffffffff82500000

.functab        0xffffffff82500000      0x520
 *(.functab)
 .functab       0xffffffff82500000      0x518 /cygdrive/c/projects/ST86QDLOV20200410/soft/build/sl_app/app/lib/libapp_release.a(sl_app.o)
                0xffffffff82500000                AA
                0xffffffff82500520                . = ALIGN (0x10)
 *fill*         0xffffffff82500518        0x8 00
                0xffffffff82500520                _ram_functab_end = .
                0x0000000000000520                _ram_functab_size = (_ram_functab_end - _ram_functab_start)
                0x0000000000000001                ASSERT ((0xffffffff82500800 > ABSOLUTE (_ram_functab_end)), Functab on External RAM overflow !)
                0xffffffff82500800                . = 0xffffffff82500800

.rotext         0xffffffff82500800      0x2d0
 *(.app_entry)
 .app_entry     0xffffffff82500800      0x2c4 /cygdrive/c/projects/ST86QDLOV20200410/soft/build/sl_app/app/lib/libapp_release.a(sl_app_init.o)
                0xffffffff82500801                SL_Entry
 *(.rotext)
                0xffffffff82500ad0                . = ALIGN (0x10)
 *fill*         0xffffffff82500ac4        0xc 00
                0xffffffff82500ae0                . = ALIGN (0x20)

.rodata         0xffffffff82500ae0      0x140
 *(.rodata)
 .rodata        0xffffffff82500ae0       0x10 /crosscompiler/bin/../lib/gcc/mips-elf/4.4.2/libgcc.a(_thenan_sf.o)
                0xffffffff82500ae0                __thenan_sf
 .rodata        0xffffffff82500af0       0x18 /crosscompiler/bin/../lib/gcc/mips-elf/4.4.2/libgcc.a(_thenan_df.o)
                0xffffffff82500af0                __thenan_df
 .rodata        0xffffffff82500b08      0x100 /crosscompiler/bin/../lib/gcc/mips-elf/4.4.2/libgcc.a(_clz.o)
                0xffffffff82500b08                __clz_tab
                0xffffffff82500c20                . = ALIGN (0x20)
 *fill*         0xffffffff82500c08       0x18 00

.ram            0xffffffff82500c20        0x0
                0xffffffff82500c20                _ram_special_cached_start = .
                0xffffffff82500c20                _ram_txt_start = .
 *(.ram)
                0xffffffff82500c20                . = ALIGN (0x10)
                0xffffffff82500c20                _ram_special_cached_end = .
                0x0000000000000000                _ram_special_cached_size = (_ram_special_cached_end - _ram_special_cached_start)

.ramtext        0xffffffff82500c20     0x7f10
                0xffffffff82500c20                _ram_cached_txt_start = .
 *(.text .text.* .stub .gnu.linkonce.t.*)
 .text.SL_AppSendMsg
                0xffffffff82500c20       0x40 /cygdrive/c/projects/ST86QDLOV20200410/soft/build/sl_app/app/lib/libapp_release.a(sl_app_init.o)
                0xffffffff82500c21                SL_AppSendMsg
 .text.GetSendQueueSpace
                0xffffffff82500c60        0xc /cygdrive/c/projects/ST86QDLOV20200410/soft/build/sl_app/app/lib/libapp_release.a(FiFoData.o)
                0xffffffff82500c61                GetSendQueueSpace
 .text.WriteSendQueue
                0xffffffff82500c6c       0xf8 /cygdrive/c/projects/ST86QDLOV20200410/soft/build/sl_app/app/lib/libapp_release.a(FiFoData.o)
                0xffffffff82500c6d                WriteSendQueue
 .text.ClearSendQueue
                0xffffffff82500d64       0x38 /cygdrive/c/projects/ST86QDLOV20200410/soft/build/sl_app/app/lib/libapp_release.a(FiFoData.o)
                0xffffffff82500d65                ClearSendQueue
 .text.WriteCmdDataBuf
                0xffffffff82500d9c       0x40 /cygdrive/c/projects/ST86QDLOV20200410/soft/build/sl_app/app/lib/libapp_release.a(FiFoData.o)
                0xffffffff82500d9d                WriteCmdDataBuf
 .text.ReadCmdDataBuf
                0xffffffff82500ddc       0x30 /cygdrive/c/projects/ST86QDLOV20200410/soft/build/sl_app/app/lib/libapp_release.a(FiFoData.o)
                0xffffffff82500ddd                ReadCmdDataBuf
 .text.ClearCmdData
                0xffffffff82500e0c       0x10 /cygdrive/c/projects/ST86QDLOV20200410/soft/build/sl_app/app/lib/libapp_release.a(FiFoData.o)
                0xffffffff82500e0d                ClearCmdData
 .text.LoadSendQueue
                0xffffffff82500e1c       0xa4 /cygdrive/c/projects/ST86QDLOV20200410/soft/build/sl_app/app/lib/libapp_release.a(FiFoData.o)
                0xffffffff82500e1d                LoadSendQueue
 .text.SaveSendQueue
                0xffffffff82500ec0       0xa8 /cygdrive/c/projects/ST86QDLOV20200410/soft/build/sl_app/app/lib/libapp_release.a(FiFoData.o)
                0xffffffff82500ec1                SaveSendQueue
 .text.ReadSendQueue
                0xffffffff82500f68       0xdc /cygdrive/c/projects/ST86QDLOV20200410/soft/build/sl_app/app/lib/libapp_release.a(FiFoData.o)
                0xffffffff82500f69                ReadSendQueue
 .text.GetComma
                0xffffffff82501044       0x34 /cygdrive/c/projects/ST86QDLOV20200410/soft/build/sl_app/app/lib/libapp_release.a(GNSS.o)
                0xffffffff82501045                GetComma
 .text.StrToDouble
                0xffffffff82501078      0x180 /cygdrive/c/projects/ST86QDLOV20200410/soft/build/sl_app/app/lib/libapp_release.a(GNSS.o)
                0xffffffff82501079                StrToDouble
 .text.GetDataStr
                0xffffffff825011f8       0x68 /cygdrive/c/projects/ST86QDLOV20200410/soft/build/sl_app/app/lib/libapp_release.a(GNSS.o)
                0xffffffff825011f9                GetDataStr
 .text.GetGnssDataSpace
                0xffffffff82501260        0xc /cygdrive/c/projects/ST86QDLOV20200410/soft/build/sl_app/app/lib/libapp_release.a(GNSS.o)
                0xffffffff82501261                GetGnssDataSpace
 .text.GnssDataVerfy
                0xffffffff8250126c       0x58 /cygdrive/c/projects/ST86QDLOV20200410/soft/build/sl_app/app/lib/libapp_release.a(GNSS.o)
 *fill*         0xffffffff825012c4        0x4 00000000
 .text.GnssDataFilter
                0xffffffff825012c8       0x78 /cygdrive/c/projects/ST86QDLOV20200410/soft/build/sl_app/app/lib/libapp_release.a(GNSS.o)
 .text.GnssDataParse
                0xffffffff82501340      0x6d8 /cygdrive/c/projects/ST86QDLOV20200410/soft/build/sl_app/app/lib/libapp_release.a(GNSS.o)
                0xffffffff82501341                GnssDataParse
 .text.GetTcpIpSocketSpce
                0xffffffff82501a18        0xc /cygdrive/c/projects/ST86QDLOV20200410/soft/build/sl_app/app/lib/libapp_release.a(Gprs.o)
                0xffffffff82501a19                GetTcpIpSocketSpce
 .text.AppGprsNetActRsp
                0xffffffff82501a24       0x54 /cygdrive/c/projects/ST86QDLOV20200410/soft/build/sl_app/app/lib/libapp_release.a(Gprs.o)
                0xffffffff82501a25                AppGprsNetActRsp
 .text.AppGprsNetDeactRsp
                0xffffffff82501a78       0x40 /cygdrive/c/projects/ST86QDLOV20200410/soft/build/sl_app/app/lib/libapp_release.a(Gprs.o)
                0xffffffff82501a79                AppGprsNetDeactRsp
 .text.AppTcpipConnRsp
                0xffffffff82501ab8       0x1c /cygdrive/c/projects/ST86QDLOV20200410/soft/build/sl_app/app/lib/libapp_release.a(Gprs.o)
                0xffffffff82501ab9                AppTcpipConnRsp
 .text.AppTcpipSendRsp
                0xffffffff82501ad4       0x4c /cygdrive/c/projects/ST86QDLOV20200410/soft/build/sl_app/app/lib/libapp_release.a(Gprs.o)
                0xffffffff82501ad5                AppTcpipSendRsp
 .text.AppTcpipCloseRsp
                0xffffffff82501b20       0x50 /cygdrive/c/projects/ST86QDLOV20200410/soft/build/sl_app/app/lib/libapp_release.a(Gprs.o)
                0xffffffff82501b21                AppTcpipCloseRsp
 .text.InitTcpIp
                0xffffffff82501b70       0x60 /cygdrive/c/projects/ST86QDLOV20200410/soft/build/sl_app/app/lib/libapp_release.a(Gprs.o)
                0xffffffff82501b71                InitTcpIp
 .text.AppFtpOpenCB
                0xffffffff82501bd0       0x14 /cygdrive/c/projects/ST86QDLOV20200410/soft/build/sl_app/app/lib/libapp_release.a(Gprs.o)
                0xffffffff82501bd1                AppFtpOpenCB
 .text.AppFtpDownloadCB
                0xffffffff82501be4       0x5c /cygdrive/c/projects/ST86QDLOV20200410/soft/build/sl_app/app/lib/libapp_release.a(Gprs.o)
                0xffffffff82501be5                AppFtpDownloadCB
 .text.AppFtpOpen
                0xffffffff82501c40       0x64 /cygdrive/c/projects/ST86QDLOV20200410/soft/build/sl_app/app/lib/libapp_release.a(Gprs.o)
 .text.AppSendTcpIpSocket
                0xffffffff82501ca4       0x44 /cygdrive/c/projects/ST86QDLOV20200410/soft/build/sl_app/app/lib/libapp_release.a(Gprs.o)
                0xffffffff82501ca5                AppSendTcpIpSocket
 .text.ReadSendState
                0xffffffff82501ce8       0x28 /cygdrive/c/projects/ST86QDLOV20200410/soft/build/sl_app/app/lib/libapp_release.a(Gprs.o)
                0xffffffff82501ce9                ReadSendState
 .text.AppGetICCId
                0xffffffff82501d10       0x4c /cygdrive/c/projects/ST86QDLOV20200410/soft/build/sl_app/app/lib/libapp_release.a(Gprs.o)
                0xffffffff82501d11                AppGetICCId
 .text.AppGetHostIpByNameCb
                0xffffffff82501d5c       0x7c /cygdrive/c/projects/ST86QDLOV20200410/soft/build/sl_app/app/lib/libapp_release.a(Gprs.o)
                0xffffffff82501d5d                AppGetHostIpByNameCb
 .text.AppSmsFullCb
                0xffffffff82501dd8       0x1c /cygdrive/c/projects/ST86QDLOV20200410/soft/build/sl_app/app/lib/libapp_release.a(Gprs.o)
                0xffffffff82501dd9                AppSmsFullCb
 .text.InitSms  0xffffffff82501df4       0x4c /cygdrive/c/projects/ST86QDLOV20200410/soft/build/sl_app/app/lib/libapp_release.a(Gprs.o)
                0xffffffff82501df5                InitSms
 .text.ProcessSMSRecv
                0xffffffff82501e40      0x244 /cygdrive/c/projects/ST86QDLOV20200410/soft/build/sl_app/app/lib/libapp_release.a(Gprs.o)
                0xffffffff82501e41                ProcessSMSRecv
 .text.AppSmsRcvCb
                0xffffffff82502084       0x90 /cygdrive/c/projects/ST86QDLOV20200410/soft/build/sl_app/app/lib/libapp_release.a(Gprs.o)
                0xffffffff82502085                AppSmsRcvCb
 .text.AppTcpipRcvRsp
                0xffffffff82502114       0x6c /cygdrive/c/projects/ST86QDLOV20200410/soft/build/sl_app/app/lib/libapp_release.a(Gprs.o)
                0xffffffff82502115                AppTcpipRcvRsp
 .text.ProcessCmd
                0xffffffff82502180      0x8d0 /cygdrive/c/projects/ST86QDLOV20200410/soft/build/sl_app/app/lib/libapp_release.a(Gprs.o)
                0xffffffff82502181                ProcessCmd
 .text.ProcessGprsRecv
                0xffffffff82502a50      0x590 /cygdrive/c/projects/ST86QDLOV20200410/soft/build/sl_app/app/lib/libapp_release.a(Gprs.o)
                0xffffffff82502a51                ProcessGprsRecv
 .text.SaveIpAddrBack
                0xffffffff82502fe0       0x38 /cygdrive/c/projects/ST86QDLOV20200410/soft/build/sl_app/app/lib/libapp_release.a(Gprs.o)
                0xffffffff82502fe1                SaveIpAddrBack
 .text.ProcessSocketClient
                0xffffffff82503018      0x878 /cygdrive/c/projects/ST86QDLOV20200410/soft/build/sl_app/app/lib/libapp_release.a(Gprs.o)
                0xffffffff82503019                ProcessSocketClient
 .text.ReadIpAddrBack
                0xffffffff82503890       0x38 /cygdrive/c/projects/ST86QDLOV20200410/soft/build/sl_app/app/lib/libapp_release.a(Gprs.o)
                0xffffffff82503891                ReadIpAddrBack
 .text.AppFtpCloseCB
                0xffffffff825038c8       0x84 /cygdrive/c/projects/ST86QDLOV20200410/soft/build/sl_app/app/lib/libapp_release.a(Gprs.o)
                0xffffffff825038c9                AppFtpCloseCB
 .text.Init_Led
                0xffffffff8250394c       0x48 /cygdrive/c/projects/ST86QDLOV20200410/soft/build/sl_app/app/lib/libapp_release.a(Led.o)
                0xffffffff8250394d                Init_Led
 .text.GnssLedOn
                0xffffffff82503994       0x1c /cygdrive/c/projects/ST86QDLOV20200410/soft/build/sl_app/app/lib/libapp_release.a(Led.o)
                0xffffffff82503995                GnssLedOn
 .text.GnssLedOff
                0xffffffff825039b0       0x1c /cygdrive/c/projects/ST86QDLOV20200410/soft/build/sl_app/app/lib/libapp_release.a(Led.o)
                0xffffffff825039b1                GnssLedOff
 .text.GsmLedOn
                0xffffffff825039cc       0x1c /cygdrive/c/projects/ST86QDLOV20200410/soft/build/sl_app/app/lib/libapp_release.a(Led.o)
 .text.ProcessGnssLed
                0xffffffff825039e8      0x100 /cygdrive/c/projects/ST86QDLOV20200410/soft/build/sl_app/app/lib/libapp_release.a(Led.o)
                0xffffffff825039e9                ProcessGnssLed
 .text.ProcessGsmLed
                0xffffffff82503ae8       0xd8 /cygdrive/c/projects/ST86QDLOV20200410/soft/build/sl_app/app/lib/libapp_release.a(Led.o)
                0xffffffff82503ae9                ProcessGsmLed
 .text.LookForStr
                0xffffffff82503bc0       0x4c /cygdrive/c/projects/ST86QDLOV20200410/soft/build/sl_app/app/lib/libapp_release.a(ProData.o)
                0xffffffff82503bc1                LookForStr
 .text.CalcCrc8
                0xffffffff82503c0c       0x54 /cygdrive/c/projects/ST86QDLOV20200410/soft/build/sl_app/app/lib/libapp_release.a(ProData.o)
                0xffffffff82503c0d                CalcCrc8
 .text.BccVerify
                0xffffffff82503c60       0x1c /cygdrive/c/projects/ST86QDLOV20200410/soft/build/sl_app/app/lib/libapp_release.a(ProData.o)
                0xffffffff82503c61                BccVerify
 .text.VerfySum
                0xffffffff82503c7c       0x24 /cygdrive/c/projects/ST86QDLOV20200410/soft/build/sl_app/app/lib/libapp_release.a(ProData.o)
                0xffffffff82503c7d                VerfySum
 .text.CheckSum16
                0xffffffff82503ca0       0x20 /cygdrive/c/projects/ST86QDLOV20200410/soft/build/sl_app/app/lib/libapp_release.a(ProData.o)
                0xffffffff82503ca1                CheckSum16
 .text.AsciiToHex
                0xffffffff82503cc0       0x68 /cygdrive/c/projects/ST86QDLOV20200410/soft/build/sl_app/app/lib/libapp_release.a(ProData.o)
                0xffffffff82503cc1                AsciiToHex
 .text.Rad      0xffffffff82503d28       0x30 /cygdrive/c/projects/ST86QDLOV20200410/soft/build/sl_app/app/lib/libapp_release.a(ProData.o)
                0xffffffff82503d29                Rad
 .text.PowTow   0xffffffff82503d58       0x14 /cygdrive/c/projects/ST86QDLOV20200410/soft/build/sl_app/app/lib/libapp_release.a(ProData.o)
                0xffffffff82503d59                PowTow
 *fill*         0xffffffff82503d6c        0x4 00000000
 .text.ComputeDistance
                0xffffffff82503d70      0x128 /cygdrive/c/projects/ST86QDLOV20200410/soft/build/sl_app/app/lib/libapp_release.a(ProData.o)
                0xffffffff82503d71                ComputeDistance
 .text.CharToStr
                0xffffffff82503e98       0x28 /cygdrive/c/projects/ST86QDLOV20200410/soft/build/sl_app/app/lib/libapp_release.a(ProData.o)
                0xffffffff82503e99                CharToStr
 .text.UInt32ToStr
                0xffffffff82503ec0       0x54 /cygdrive/c/projects/ST86QDLOV20200410/soft/build/sl_app/app/lib/libapp_release.a(ProData.o)
                0xffffffff82503ec1                UInt32ToStr
 .text.CheckServerAddr
                0xffffffff82503f14      0x1c4 /cygdrive/c/projects/ST86QDLOV20200410/soft/build/sl_app/app/lib/libapp_release.a(ProData.o)
                0xffffffff82503f15                CheckServerAddr
 .text.CharToStrB
                0xffffffff825040d8       0x5c /cygdrive/c/projects/ST86QDLOV20200410/soft/build/sl_app/app/lib/libapp_release.a(ProData.o)
 .text.IpAddrToStr
                0xffffffff82504134       0xf0 /cygdrive/c/projects/ST86QDLOV20200410/soft/build/sl_app/app/lib/libapp_release.a(ProData.o)
                0xffffffff82504135                IpAddrToStr
 .text.StrCompare
                0xffffffff82504224       0x2c /cygdrive/c/projects/ST86QDLOV20200410/soft/build/sl_app/app/lib/libapp_release.a(ProData.o)
                0xffffffff82504225                StrCompare
 .text.GetWarningValue
                0xffffffff82504250        0xc /cygdrive/c/projects/ST86QDLOV20200410/soft/build/sl_app/app/lib/libapp_release.a(Rtc.o)
                0xffffffff82504251                GetWarningValue
 .text.WriteDeviceAlram
                0xffffffff8250425c       0x2c /cygdrive/c/projects/ST86QDLOV20200410/soft/build/sl_app/app/lib/libapp_release.a(Rtc.o)
                0xffffffff8250425d                WriteDeviceAlram
 .text.UnixToCalendar
                0xffffffff82504288      0x14c /cygdrive/c/projects/ST86QDLOV20200410/soft/build/sl_app/app/lib/libapp_release.a(Rtc.o)
                0xffffffff82504289                UnixToCalendar
 .text.CalendarToUnix
                0xffffffff825043d4      0x128 /cygdrive/c/projects/ST86QDLOV20200410/soft/build/sl_app/app/lib/libapp_release.a(Rtc.o)
                0xffffffff825043d5                CalendarToUnix
 .text.GetSysTimeSpace
                0xffffffff825044fc        0xc /cygdrive/c/projects/ST86QDLOV20200410/soft/build/sl_app/app/lib/libapp_release.a(Rtc.o)
                0xffffffff825044fd                GetSysTimeSpace
 .text.GetSetTimeSpace
                0xffffffff82504508        0xc /cygdrive/c/projects/ST86QDLOV20200410/soft/build/sl_app/app/lib/libapp_release.a(Rtc.o)
                0xffffffff82504509                GetSetTimeSpace
 .text.WriteSleepStatus
                0xffffffff82504514        0xc /cygdrive/c/projects/ST86QDLOV20200410/soft/build/sl_app/app/lib/libapp_release.a(Rtc.o)
                0xffffffff82504515                WriteSleepStatus
 .text.ProcessRtc
                0xffffffff82504520      0x1fc /cygdrive/c/projects/ST86QDLOV20200410/soft/build/sl_app/app/lib/libapp_release.a(Rtc.o)
                0xffffffff82504521                ProcessRtc
 .text.ProcessSysSleep
                0xffffffff8250471c       0xb8 /cygdrive/c/projects/ST86QDLOV20200410/soft/build/sl_app/app/lib/libapp_release.a(Rtc.o)
                0xffffffff8250471d                ProcessSysSleep
 .text.GetSysCfgSpace
                0xffffffff825047d4        0xc /cygdrive/c/projects/ST86QDLOV20200410/soft/build/sl_app/app/lib/libapp_release.a(SysFile.o)
                0xffffffff825047d5                GetSysCfgSpace
 .text.FileCheckOrGreate
                0xffffffff825047e0       0xc4 /cygdrive/c/projects/ST86QDLOV20200410/soft/build/sl_app/app/lib/libapp_release.a(SysFile.o)
                0xffffffff825047e1                FileCheckOrGreate
 .text.ReadSysCfg
                0xffffffff825048a4       0x38 /cygdrive/c/projects/ST86QDLOV20200410/soft/build/sl_app/app/lib/libapp_release.a(SysFile.o)
                0xffffffff825048a5                ReadSysCfg
 .text.SaveSysCfg
                0xffffffff825048dc       0x38 /cygdrive/c/projects/ST86QDLOV20200410/soft/build/sl_app/app/lib/libapp_release.a(SysFile.o)
                0xffffffff825048dd                SaveSysCfg
 .text.InitSysTimer
                0xffffffff82504914       0x58 /cygdrive/c/projects/ST86QDLOV20200410/soft/build/sl_app/app/lib/libapp_release.a(SysFile.o)
                0xffffffff82504915                InitSysTimer
 .text.InitSysConfig
                0xffffffff8250496c       0xc8 /cygdrive/c/projects/ST86QDLOV20200410/soft/build/sl_app/app/lib/libapp_release.a(SysFile.o)
                0xffffffff8250496d                InitSysConfig
 .text.ResetNextTime
                0xffffffff82504a34       0x14 /cygdrive/c/projects/ST86QDLOV20200410/soft/build/sl_app/app/lib/libapp_release.a(SysProcess.o)
                0xffffffff82504a35                ResetNextTime
 .text.GetSysRunDataSpace
                0xffffffff82504a48        0xc /cygdrive/c/projects/ST86QDLOV20200410/soft/build/sl_app/app/lib/libapp_release.a(SysProcess.o)
                0xffffffff82504a49                GetSysRunDataSpace
 .text.SysProcess
                0xffffffff82504a54      0x190 /cygdrive/c/projects/ST86QDLOV20200410/soft/build/sl_app/app/lib/libapp_release.a(SysProcess.o)
                0xffffffff82504a55                SysProcess
 .text.ReadSysRunData
                0xffffffff82504be4       0xe0 /cygdrive/c/projects/ST86QDLOV20200410/soft/build/sl_app/app/lib/libapp_release.a(SysProcess.o)
                0xffffffff82504be5                ReadSysRunData
 .text.SaveSysRunData
                0xffffffff82504cc4       0xf4 /cygdrive/c/projects/ST86QDLOV20200410/soft/build/sl_app/app/lib/libapp_release.a(SysProcess.o)
                0xffffffff82504cc5                SaveSysRunData
 .text.ProcessRunData
                0xffffffff82504db8      0x108 /cygdrive/c/projects/ST86QDLOV20200410/soft/build/sl_app/app/lib/libapp_release.a(SysProcess.o)
                0xffffffff82504db9                ProcessRunData
 .text.init_stopwatch16
                0xffffffff82504ec0        0xc /cygdrive/c/projects/ST86QDLOV20200410/soft/build/sl_app/app/lib/libapp_release.a(SysTickTime.o)
                0xffffffff82504ec1                init_stopwatch16
 .text.read_stopwatch16_value
                0xffffffff82504ecc       0x14 /cygdrive/c/projects/ST86QDLOV20200410/soft/build/sl_app/app/lib/libapp_release.a(SysTickTime.o)
                0xffffffff82504ecd                read_stopwatch16_value
 .text.TickAdd  0xffffffff82504ee0       0x10 /cygdrive/c/projects/ST86QDLOV20200410/soft/build/sl_app/app/lib/libapp_release.a(SysTickTime.o)
                0xffffffff82504ee1                TickAdd
 .text.ResetHeatSw
                0xffffffff82504ef0       0x18 /cygdrive/c/projects/ST86QDLOV20200410/soft/build/sl_app/app/lib/libapp_release.a(TcpIPUpload.o)
                0xffffffff82504ef1                ResetHeatSw
 .text.ProcessTcpIpUpLoad
                0xffffffff82504f08      0x150 /cygdrive/c/projects/ST86QDLOV20200410/soft/build/sl_app/app/lib/libapp_release.a(TcpIPUpload.o)
                0xffffffff82504f09                ProcessTcpIpUpLoad
 .text.GetCanDataSpace
                0xffffffff82505058        0xc /cygdrive/c/projects/ST86QDLOV20200410/soft/build/sl_app/app/lib/libapp_release.a(Terminal.o)
                0xffffffff82505059                GetCanDataSpace
 .text.GetTerStateDataSpace
                0xffffffff82505064        0xc /cygdrive/c/projects/ST86QDLOV20200410/soft/build/sl_app/app/lib/libapp_release.a(Terminal.o)
                0xffffffff82505065                GetTerStateDataSpace
 .text.GetTerTimeSpace
                0xffffffff82505070        0xc /cygdrive/c/projects/ST86QDLOV20200410/soft/build/sl_app/app/lib/libapp_release.a(Terminal.o)
                0xffffffff82505071                GetTerTimeSpace
 .text.GetLockCarSpace
                0xffffffff8250507c        0xc /cygdrive/c/projects/ST86QDLOV20200410/soft/build/sl_app/app/lib/libapp_release.a(Terminal.o)
                0xffffffff8250507d                GetLockCarSpace
 .text.GetUpgradeDataSpace
                0xffffffff82505088        0xc /cygdrive/c/projects/ST86QDLOV20200410/soft/build/sl_app/app/lib/libapp_release.a(Terminal.o)
                0xffffffff82505089                GetUpgradeDataSpace
 .text.ReadRunMode
                0xffffffff82505094        0xc /cygdrive/c/projects/ST86QDLOV20200410/soft/build/sl_app/app/lib/libapp_release.a(Terminal.o)
                0xffffffff82505095                ReadRunMode
 .text.WriteRunMode
                0xffffffff825050a0       0x18 /cygdrive/c/projects/ST86QDLOV20200410/soft/build/sl_app/app/lib/libapp_release.a(Terminal.o)
                0xffffffff825050a1                WriteRunMode
 .text.GetBinFile
                0xffffffff825050b8       0x64 /cygdrive/c/projects/ST86QDLOV20200410/soft/build/sl_app/app/lib/libapp_release.a(Terminal.o)
                0xffffffff825050b9                GetBinFile
 .text.SetTerCanProNum
                0xffffffff8250511c       0xb4 /cygdrive/c/projects/ST86QDLOV20200410/soft/build/sl_app/app/lib/libapp_release.a(Terminal.o)
                0xffffffff8250511d                SetTerCanProNum
 .text.SendVerifyTimeCmd
                0xffffffff825051d0       0x70 /cygdrive/c/projects/ST86QDLOV20200410/soft/build/sl_app/app/lib/libapp_release.a(Terminal.o)
                0xffffffff825051d1                SendVerifyTimeCmd
 .text.SendGetStatusCmd
                0xffffffff82505240       0x80 /cygdrive/c/projects/ST86QDLOV20200410/soft/build/sl_app/app/lib/libapp_release.a(Terminal.o)
                0xffffffff82505241                SendGetStatusCmd
 .text.SendTerminalInfo
                0xffffffff825052c0      0x838 /cygdrive/c/projects/ST86QDLOV20200410/soft/build/sl_app/app/lib/libapp_release.a(Terminal.o)
                0xffffffff825052c1                SendTerminalInfo
 .text.ReadAccState
                0xffffffff82505af8       0x2c /cygdrive/c/projects/ST86QDLOV20200410/soft/build/sl_app/app/lib/libapp_release.a(Terminal.o)
                0xffffffff82505af9                ReadAccState
 .text.T.56     0xffffffff82505b24      0x28c /cygdrive/c/projects/ST86QDLOV20200410/soft/build/sl_app/app/lib/libapp_release.a(Terminal.o)
 .text.ProTermRecvData
                0xffffffff82505db0      0x558 /cygdrive/c/projects/ST86QDLOV20200410/soft/build/sl_app/app/lib/libapp_release.a(Terminal.o)
                0xffffffff82505db1                ProTermRecvData
 .text.ProTerminalData
                0xffffffff82506308      0xa98 /cygdrive/c/projects/ST86QDLOV20200410/soft/build/sl_app/app/lib/libapp_release.a(Terminal.o)
                0xffffffff82506309                ProTerminalData
 .text.UART1_Init
                0xffffffff82506da0       0x40 /cygdrive/c/projects/ST86QDLOV20200410/soft/build/sl_app/app/lib/libapp_release.a(UART.o)
                0xffffffff82506da1                UART1_Init
 .text.UART2_Init
                0xffffffff82506de0       0x44 /cygdrive/c/projects/ST86QDLOV20200410/soft/build/sl_app/app/lib/libapp_release.a(UART.o)
                0xffffffff82506de1                UART2_Init
 .text.clear_com
                0xffffffff82506e24       0x48 /cygdrive/c/projects/ST86QDLOV20200410/soft/build/sl_app/app/lib/libapp_release.a(UART.o)
                0xffffffff82506e25                clear_com
 .text.new_data_in_com
                0xffffffff82506e6c       0x34 /cygdrive/c/projects/ST86QDLOV20200410/soft/build/sl_app/app/lib/libapp_release.a(UART.o)
                0xffffffff82506e6d                new_data_in_com
 .text.datasize_in_com
                0xffffffff82506ea0       0x28 /cygdrive/c/projects/ST86QDLOV20200410/soft/build/sl_app/app/lib/libapp_release.a(UART.o)
                0xffffffff82506ea1                datasize_in_com
 .text.read_com_buf
                0xffffffff82506ec8       0xac /cygdrive/c/projects/ST86QDLOV20200410/soft/build/sl_app/app/lib/libapp_release.a(UART.o)
                0xffffffff82506ec9                read_com_buf
 .text.UART1_Recv_Data
                0xffffffff82506f74       0x8c /cygdrive/c/projects/ST86QDLOV20200410/soft/build/sl_app/app/lib/libapp_release.a(UART.o)
                0xffffffff82506f75                UART1_Recv_Data
 .text.UART2_Recv_Data
                0xffffffff82507000       0x8c /cygdrive/c/projects/ST86QDLOV20200410/soft/build/sl_app/app/lib/libapp_release.a(UART.o)
                0xffffffff82507001                UART2_Recv_Data
 .text.ReadComPkt
                0xffffffff8250708c       0xb4 /cygdrive/c/projects/ST86QDLOV20200410/soft/build/sl_app/app/lib/libapp_release.a(UART.o)
                0xffffffff8250708d                ReadComPkt
 .text.GetVerNum
                0xffffffff82507140        0x4 /cygdrive/c/projects/ST86QDLOV20200410/soft/build/sl_app/app/lib/libapp_release.a(VersionNum.o)
                0xffffffff82507141                GetVerNum
 *fill*         0xffffffff82507144        0x4 00000000
 .text.BuildCompletePacket
                0xffffffff82507148      0x898 /cygdrive/c/projects/ST86QDLOV20200410/soft/build/sl_app/app/lib/libapp_release.a(BuildDataPacket.o)
                0xffffffff82507149                BuildCompletePacket
 .text          0xffffffff825079e0       0x3c /crosscompiler/bin/../lib/gcc/mips-elf/4.4.2/libgcc.a(_fixunssfsi.o)
                0xffffffff825079e1                __fixunssfsi
 *fill*         0xffffffff82507a1c        0x4 00000000
 .text          0xffffffff82507a20       0x50 /crosscompiler/bin/../lib/gcc/mips-elf/4.4.2/libgcc.a(_fixunsdfsi.o)
                0xffffffff82507a21                __fixunsdfsi
 .text          0xffffffff82507a70      0x1c0 /crosscompiler/bin/../lib/gcc/mips-elf/4.4.2/libgcc.a(_addsub_sf.o)
                0xffffffff82507bb1                __subsf3
                0xffffffff82507bf5                __addsf3
 .text          0xffffffff82507c30       0x44 /crosscompiler/bin/../lib/gcc/mips-elf/4.4.2/libgcc.a(_ge_sf.o)
                0xffffffff82507c31                __gesf2
 .text          0xffffffff82507c74       0x44 /crosscompiler/bin/../lib/gcc/mips-elf/4.4.2/libgcc.a(_lt_sf.o)
                0xffffffff82507c75                __ltsf2
 .text          0xffffffff82507cb8       0x58 /crosscompiler/bin/../lib/gcc/mips-elf/4.4.2/libgcc.a(_sf_to_si.o)
                0xffffffff82507cb9                __fixsfsi
 .text          0xffffffff82507d10       0x2c /crosscompiler/bin/../lib/gcc/mips-elf/4.4.2/libgcc.a(_sf_to_df.o)
                0xffffffff82507d11                __extendsfdf2
 .text          0xffffffff82507d3c      0x2f0 /crosscompiler/bin/../lib/gcc/mips-elf/4.4.2/libgcc.a(_addsub_df.o)
                0xffffffff82507fa5                __subdf3
                0xffffffff82507fed                __adddf3
 *fill*         0xffffffff8250802c        0x4 00000000
 .text          0xffffffff82508030      0x1b8 /crosscompiler/bin/../lib/gcc/mips-elf/4.4.2/libgcc.a(_mul_df.o)
                0xffffffff82508031                __muldf3
 .text          0xffffffff825081e8      0x138 /crosscompiler/bin/../lib/gcc/mips-elf/4.4.2/libgcc.a(_div_df.o)
                0xffffffff825081e9                __divdf3
 .text          0xffffffff82508320       0x48 /crosscompiler/bin/../lib/gcc/mips-elf/4.4.2/libgcc.a(_eq_df.o)
                0xffffffff82508321                __eqdf2
 .text          0xffffffff82508368       0x48 /crosscompiler/bin/../lib/gcc/mips-elf/4.4.2/libgcc.a(_gt_df.o)
                0xffffffff82508369                __gtdf2
 .text          0xffffffff825083b0       0x48 /crosscompiler/bin/../lib/gcc/mips-elf/4.4.2/libgcc.a(_ge_df.o)
                0xffffffff825083b1                __gedf2
 .text          0xffffffff825083f8       0x78 /crosscompiler/bin/../lib/gcc/mips-elf/4.4.2/libgcc.a(_si_to_df.o)
                0xffffffff825083f9                __floatsidf
 .text          0xffffffff82508470       0x64 /crosscompiler/bin/../lib/gcc/mips-elf/4.4.2/libgcc.a(_df_to_si.o)
                0xffffffff82508471                __fixdfsi
 .text          0xffffffff825084d4       0x20 /crosscompiler/bin/../lib/gcc/mips-elf/4.4.2/libgcc.a(_make_df.o)
                0xffffffff825084d5                __make_dp
 .text          0xffffffff825084f4       0x3c /crosscompiler/bin/../lib/gcc/mips-elf/4.4.2/libgcc.a(_df_to_sf.o)
                0xffffffff825084f5                __truncdfsf2
 .text          0xffffffff82508530       0x98 /crosscompiler/bin/../lib/gcc/mips-elf/4.4.2/libgcc.a(_usi_to_df.o)
                0xffffffff82508531                __floatunsidf
 .text          0xffffffff825085c8       0x3c /crosscompiler/bin/../lib/gcc/mips-elf/4.4.2/libgcc.a(_lshrdi3.o)
                0xffffffff825085c9                __lshrdi3
 .text          0xffffffff82508604       0x3c /crosscompiler/bin/../lib/gcc/mips-elf/4.4.2/libgcc.a(_ashldi3.o)
                0xffffffff82508605                __ashldi3
 .text          0xffffffff82508640       0x28 /crosscompiler/bin/../lib/gcc/mips-elf/4.4.2/libgcc.a(_ucmpdi2.o)
                0xffffffff82508641                __ucmpdi2
 .text          0xffffffff82508668       0x3c /crosscompiler/bin/../lib/gcc/mips-elf/4.4.2/libgcc.a(_clzsi2.o)
                0xffffffff82508669                __clzsi2
 .text          0xffffffff825086a4       0xc4 /crosscompiler/bin/../lib/gcc/mips-elf/4.4.2/libgcc.a(_pack_sf.o)
                0xffffffff825086a5                __pack_f
 .text          0xffffffff82508768       0x7c /crosscompiler/bin/../lib/gcc/mips-elf/4.4.2/libgcc.a(_unpack_sf.o)
                0xffffffff82508769                __unpack_f
 .text          0xffffffff825087e4       0x64 /crosscompiler/bin/../lib/gcc/mips-elf/4.4.2/libgcc.a(_fpcmp_parts_sf.o)
                0xffffffff825087e5                __fpcmp_parts_f
 .text          0xffffffff82508848       0x18 /crosscompiler/bin/../lib/gcc/mips-elf/4.4.2/libgcc.a(_make_sf.o)
                0xffffffff82508849                __make_fp
 .text          0xffffffff82508860      0x1a4 /crosscompiler/bin/../lib/gcc/mips-elf/4.4.2/libgcc.a(_pack_df.o)
                0xffffffff82508861                __pack_d
 .text          0xffffffff82508a04       0xac /crosscompiler/bin/../lib/gcc/mips-elf/4.4.2/libgcc.a(_unpack_df.o)
                0xffffffff82508a05                __unpack_d
 .text          0xffffffff82508ab0       0x78 /crosscompiler/bin/../lib/gcc/mips-elf/4.4.2/libgcc.a(_fpcmp_parts_df.o)
                0xffffffff82508ab1                __fpcmp_parts_d
                0xffffffff82508b30                . = ALIGN (0x10)
 *fill*         0xffffffff82508b28        0x8 00000000
                0xffffffff82508b30                _ram_cached_txt_end = .
                0x0000000000007f10                ram_cached_txt_size = (_ram_cached_txt_end - _ram_cached_txt_start)
                0xffffffff82508b30                _ram_txt_end = .
                0xffffffffa2508b30                . = (. + 0x20000000)

.ucdata         0xffffffffa2508b30        0x0
                0xffffffffa2508b30                _ram_uncached_data_start = .
 *(.ucdata)
 *(*.globalvars.uc)
                0xffffffffa2508b30                . = ALIGN (0x10)
                0xffffffffa2508b30                _ram_uncached_data_end = .
                0x0000000000000000                _ram_uncached_data_size = (_ram_uncached_data_end - _ram_uncached_data_start)
                0xffffffff82508b30                . = (. - 0x20000000)

.data           0xffffffff82508b30      0xd60
                0xffffffff82508b30                _ram_cached_data_start = .
 *(.rdata)
 *(.rodata .rodata.* .gnu.linkonce.r.*)
 .rodata.str1.4
                0xffffffff82508b30      0x141 /cygdrive/c/projects/ST86QDLOV20200410/soft/build/sl_app/app/lib/libapp_release.a(sl_app_init.o)
                                        0x144 (size before relaxing)
 *fill*         0xffffffff82508c71        0x3 00
 .rodata.str1.4
                0xffffffff82508c74       0xf4 /cygdrive/c/projects/ST86QDLOV20200410/soft/build/sl_app/app/lib/libapp_release.a(FiFoData.o)
 .rodata.str1.4
                0xffffffff82508d68       0x1e /cygdrive/c/projects/ST86QDLOV20200410/soft/build/sl_app/app/lib/libapp_release.a(GNSS.o)
                                         0x20 (size before relaxing)
 *fill*         0xffffffff82508d86        0x2 00
 .rodata.str1.4
                0xffffffff82508d88      0x7a9 /cygdrive/c/projects/ST86QDLOV20200410/soft/build/sl_app/app/lib/libapp_release.a(Gprs.o)
                                        0x7b0 (size before relaxing)
 *fill*         0xffffffff82509531        0x3 00
 .rodata.str1.4
                0xffffffff82509534       0x4d /cygdrive/c/projects/ST86QDLOV20200410/soft/build/sl_app/app/lib/libapp_release.a(Rtc.o)
                                         0x50 (size before relaxing)
 *fill*         0xffffffff82509581        0x3 00
 .rodata.str1.4
                0xffffffff82509584       0x76 /cygdrive/c/projects/ST86QDLOV20200410/soft/build/sl_app/app/lib/libapp_release.a(SysFile.o)
                                         0x8c (size before relaxing)
 *fill*         0xffffffff825095fa        0x2 00
 .rodata.str1.4
                0xffffffff825095fc       0x7e /cygdrive/c/projects/ST86QDLOV20200410/soft/build/sl_app/app/lib/libapp_release.a(SysProcess.o)
                                         0x80 (size before relaxing)
 *fill*         0xffffffff8250967a        0x2 00
 .rodata.str1.4
                0xffffffff8250967c       0x8b /cygdrive/c/projects/ST86QDLOV20200410/soft/build/sl_app/app/lib/libapp_release.a(TcpIPUpload.o)
                                         0x8c (size before relaxing)
 *fill*         0xffffffff82509707        0x1 00
 .rodata.str1.4
                0xffffffff82509708      0x141 /cygdrive/c/projects/ST86QDLOV20200410/soft/build/sl_app/app/lib/libapp_release.a(Terminal.o)
                                        0x1e8 (size before relaxing)
 *fill*         0xffffffff82509849        0x3 00
 .rodata.str1.4
                0xffffffff8250984c       0x1c /cygdrive/c/projects/ST86QDLOV20200410/soft/build/sl_app/app/lib/libapp_release.a(BuildDataPacket.o)
 *(.rodata1)
 *(.ctors)
                0xffffffff82509870                . = ALIGN (0x10)
 *fill*         0xffffffff82509868        0x8 00
 *(*.globalvars.c *.globalvars.c.*)
 *(EXCLUDE_FILE(*.oo gcj_*.o) .data)
 *(EXCLUDE_FILE(*.oo gcj_*.o) .data.*)
 .data.GnssStatusBack
                0xffffffff82509870        0x1 /cygdrive/c/projects/ST86QDLOV20200410/soft/build/sl_app/app/lib/libapp_release.a(GNSS.o)
 *fill*         0xffffffff82509871        0x1 00
 .data.CyclOff.4256
                0xffffffff82509872        0x2 /cygdrive/c/projects/ST86QDLOV20200410/soft/build/sl_app/app/lib/libapp_release.a(Led.o)
 .data.CyclOn.4255
                0xffffffff82509874        0x2 /cygdrive/c/projects/ST86QDLOV20200410/soft/build/sl_app/app/lib/libapp_release.a(Led.o)
 *fill*         0xffffffff82509876        0x2 00
 .data.HeartBeat
                0xffffffff82509878        0x4 /cygdrive/c/projects/ST86QDLOV20200410/soft/build/sl_app/app/lib/libapp_release.a(TcpIPUpload.o)
 .data.rear_com2_recv_buf
                0xffffffff8250987c        0x4 /cygdrive/c/projects/ST86QDLOV20200410/soft/build/sl_app/app/lib/libapp_release.a(UART.o)
 .data.front_com2_recv_buf
                0xffffffff82509880        0x4 /cygdrive/c/projects/ST86QDLOV20200410/soft/build/sl_app/app/lib/libapp_release.a(UART.o)
 .data.rear_com1_recv_buf
                0xffffffff82509884        0x4 /cygdrive/c/projects/ST86QDLOV20200410/soft/build/sl_app/app/lib/libapp_release.a(UART.o)
 .data.front_com1_recv_buf
                0xffffffff82509888        0x4 /cygdrive/c/projects/ST86QDLOV20200410/soft/build/sl_app/app/lib/libapp_release.a(UART.o)
 *(EXCLUDE_FILE(*.oo gcj_*.o) .gnu.linkonce.d.*)
 *(.data1)
                0xffffffff82511880                _gp = (ALIGN (0x10) + 0x7ff0)
 *(.sdata .sdata.* .gnu.linkonce.s.*)
 *(.sdata2 .sdata2.* .gnu.linkonce.s2.*)
 *(.lit8)
 *(.lit4)
                0xffffffff8250988c                . = ALIGN (0x4)
                0xffffffff82509890                . = ALIGN (0x10)
 *fill*         0xffffffff8250988c        0x4 00
                0xffffffff82509890                _ram_cached_data_end = .
                0x0000000000000d60                _ram_cached_data_size = (_ram_cached_data_end - _ram_cached_data_start)
                0xffffffff82509890                _ram_end = .
                0x0000000000009890                _ram_size = (_ram_end - _ram_start)

.internal_rom   0xffffffff82509900     0x4a30
 .internal_rom  0xffffffff82509900     0x4a30 /cygdrive/c/projects/ST86QDLOV20200410/soft/lib/mem_bridge_rom_CHIP.elf
                0xffffffff82509900                __xcpu_start
                0xffffffff82509a80                _boot_IrqHandler
                0xffffffff82509bc0                boot_HstMonitorX
                0xffffffff82509c20                boot_DbgExlTrigFunction0
                0xffffffff82509d7c                monitor_entry
                0xffffffff82509d80                initial_stack_top_var
                0xffffffff82509d84                boot_FlushCache
                0xffffffff82509da8                boot_DisableInterrupt
                0xffffffff82509e01                boot_MonitorDoMonitoring
                0xffffffff82509f41                boot_Monitor
                0xffffffff82509f81                boot_UartMonitorGetBaudRate
                0xffffffff82509f95                boot_UartMonitorSend
                0xffffffff82509ff9                boot_UartMonitorGet
                0xffffffff8250a05d                boot_UartMonitorOpen
                0xffffffff8250a095                boot_UartMonitorClose
                0xffffffff8250a0a5                boot_UartMonitorAck
                0xffffffff8250a131                boot_UartMonitorTimeOut
                0xffffffff8250a159                boot_UartMonitorWriteProcess
                0xffffffff8250a2a1                boot_UartMonitorRpcProcess
                0xffffffff8250a3e9                boot_UartMonitorReadProcess
                0xffffffff8250a5a9                boot_UartMonitorExitProcess
                0xffffffff8250a5fd                boot_UartMonitorProcess
                0xffffffff8250a6a5                boot_UartMonitor
                0xffffffff8250a8fc                g_BootHostUsbFixPtr
                0xffffffff8250a901                boot_IrqDispatch
                0xffffffff8250a931                mon_Event
                0xffffffff8250a969                boot_HstCmdBasicHandler
                0xffffffff8250a9c9                boot_HstMonitor
                0xffffffff8250aa35                boot_IspiGetRomedCfg
                0xffffffff8250aac1                boot_IspiOpen
                0xffffffff8250aba9                boot_IspiFlushFifos
                0xffffffff8250abb9                boot_IspiClearRxDmaDone
                0xffffffff8250abc9                boot_IspiClearTxDmaDone
                0xffffffff8250abd9                boot_IspiClose
                0xffffffff8250ac1d                boot_IspiRxIfcChannelRelease
                0xffffffff8250ac35                boot_IspiTxIfcChannelRelease
                0xffffffff8250ac4d                boot_IspiSendData
                0xffffffff8250aca9                boot_IspiSendDataBuffer
                0xffffffff8250ad15                boot_IspiTxFifoAvail
                0xffffffff8250ad31                boot_IspiTxDmaDone
                0xffffffff8250ad61                boot_IspiTxFinished
                0xffffffff8250ad8d                boot_IspiGetData
                0xffffffff8250adbd                boot_IspiGetDataBuffer
                0xffffffff8250ae29                boot_IspiRxFifoLevel
                0xffffffff8250ae41                boot_IspiRxDmaDone
                0xffffffff8250ae71                boot_IspiForcePin
                0xffffffff8250af05                boot_IspiGetRxIfcTc
                0xffffffff8250af1c                g_bootIspiRomedCfg
                0xffffffff8250af81                boot_UsbResetTransfert
                0xffffffff8250afa9                boot_UsbStartTransfert
                0xffffffff8250b0a9                boot_UsbCancelTransfert
                0xffffffff8250b0d1                boot_UsbContinueTransfert
                0xffffffff8250b639                boot_UsbInitVar
                0xffffffff8250b661                boot_UsbOpen
                0xffffffff8250b681                boot_UsbEpStall
                0xffffffff8250b709                boot_UsbRecv
                0xffffffff8250b751                boot_UsbSend
                0xffffffff8250b7d5                boot_UsbCompletedCommand
                0xffffffff8250b81d                boot_UsbEpEnableInterrupt
                0xffffffff8250b86d                boot_UsbEpRxTransferedSize
                0xffffffff8250b889                boot_UsbEpTransfertDone
                0xffffffff8250b945                boot_UsbClose
                0xffffffff8250b981                boot_UsbReset
                0xffffffff8250c109                boot_UsbIrqHandler
                0xffffffff8250c3d5                boot_HostUsbDeviceCallback
                0xffffffff8250c3e1                boot_HostUsbClockEnable
                0xffffffff8250c419                boot_HostUsbClose
                0xffffffff8250c429                boot_HostUsbSend
                0xffffffff8250c585                boot_HostUsbEvent
                0xffffffff8250ca15                boot_HostUsbRecv
                0xffffffff8250caad                boot_HostUsbInit
                0xffffffff8250cb25                boot_HostUsbOpen
                0xffffffff8250cb94                boot_HostUsbInterface
                0xffffffff8250cc14                boot_romCsString
                0xffffffff8250cc44                boot_romDT
                0xffffffff8250cc54                MutedFrame_AMR
                0xffffffff8250cc5c                MutedFrame_HR
                0xffffffff8250cc6c                MutedFrame_EFR
                0xffffffff8250cc8c                MutedFrame_FR
                0xffffffff8250ccb1                atoi
                0xffffffff8250ccf1                bsearch
                0xffffffff8250cd50                _ctype
                0xffffffff8250ce51                memchr
                0xffffffff8250ce91                memcmp
                0xffffffff8250cec1                memcpy
                0xffffffff8250d091                memmove
                0xffffffff8250d1d1                memscan
                0xffffffff8250d1f1                memset
                0xffffffff8250d531                qsort
                0xffffffff8250d561                strcat
                0xffffffff8250d581                strchr
                0xffffffff8250d5b1                strrchr
                0xffffffff8250d5d1                strcmp
                0xffffffff8250d611                strcpy
                0xffffffff8250d631                strcspn
                0xffffffff8250d671                strlen
                0xffffffff8250d691                strnlen
                0xffffffff8250d6f1                strncmp
                0xffffffff8250d731                strncpy
                0xffffffff8250d771                strnicmp
                0xffffffff8250d7f1                strsep
                0xffffffff8250d831                strspn
                0xffffffff8250d861                strstr
                0xffffffff8250d8c1                strtok_r
                0xffffffff8250d941                strtok
                0xffffffff8250d961                strtol
                0xffffffff8250db21                strtoul
                0xffffffff8250de81                vsnprintf
                0xffffffff8250e2b1                vsprintf
                0xffffffff8250e2d1                snprintf
                0xffffffff8250e2f1                sprintf

.backup         0xffffffff8250e330        0x0
 *(.backup)
                0xffffffff8250e330                . = ALIGN (0x10)
                0xffffffff8250e330                _ram_bss_start = .
                0xffffffffa250e330                . = (. + 0x20000000)

.ucbss          0xffffffffa250e330        0x0
 *(.ucbss)
 *(.ramucbss)
                0xffffffffa250e330                . = ALIGN (0x10)
                0xffffffff8250e330                . = (. - 0x20000000)

.bss            0xffffffff8250e330     0xbf90
 *(.sbss .sbss.* .gnu.linkonce.sb.*)
 *(.sbss2 .sbss2.* .gnu.linkonce.sb2.*)
 *(.scommon)
 .scommon       0xffffffff8250e330        0x4 /cygdrive/c/projects/ST86QDLOV20200410/soft/build/sl_app/app/lib/libapp_release.a(sl_app_init.o)
                0xffffffff8250e330                SysAppEnterTask
 .scommon       0xffffffff8250e334        0x4 /cygdrive/c/projects/ST86QDLOV20200410/soft/build/sl_app/app/lib/libapp_release.a(Terminal.o)
                0xffffffff8250e334                pUpgradeST86File
 *(.dynbss)
 *(.bss .bss.* .gnu.linkonce.b.*)
 .bss.SendQueue
                0xffffffff8250e338     0x9f68 /cygdrive/c/projects/ST86QDLOV20200410/soft/build/sl_app/app/lib/libapp_release.a(FiFoData.o)
 .bss.CmdData   0xffffffff825182a0       0xcc /cygdrive/c/projects/ST86QDLOV20200410/soft/build/sl_app/app/lib/libapp_release.a(FiFoData.o)
 .bss.step1.4365
                0xffffffff8251836c        0x1 /cygdrive/c/projects/ST86QDLOV20200410/soft/build/sl_app/app/lib/libapp_release.a(GNSS.o)
 *fill*         0xffffffff8251836d        0x3 00
 .bss.sw.4364   0xffffffff82518370        0x4 /cygdrive/c/projects/ST86QDLOV20200410/soft/build/sl_app/app/lib/libapp_release.a(GNSS.o)
 .bss.counter.4363
                0xffffffff82518374        0x1 /cygdrive/c/projects/ST86QDLOV20200410/soft/build/sl_app/app/lib/libapp_release.a(GNSS.o)
 .bss.step.4362
                0xffffffff82518375        0x1 /cygdrive/c/projects/ST86QDLOV20200410/soft/build/sl_app/app/lib/libapp_release.a(GNSS.o)
 *fill*         0xffffffff82518376        0x2 00
 .bss.GnssDataBuf
                0xffffffff82518378      0x3e8 /cygdrive/c/projects/ST86QDLOV20200410/soft/build/sl_app/app/lib/libapp_release.a(GNSS.o)
 .bss.GnssData  0xffffffff82518760       0x30 /cygdrive/c/projects/ST86QDLOV20200410/soft/build/sl_app/app/lib/libapp_release.a(GNSS.o)
 .bss.GnssDataErro
                0xffffffff82518790        0x1 /cygdrive/c/projects/ST86QDLOV20200410/soft/build/sl_app/app/lib/libapp_release.a(GNSS.o)
 *fill*         0xffffffff82518791        0x7 00
 .bss.TempLatitude
                0xffffffff82518798        0x8 /cygdrive/c/projects/ST86QDLOV20200410/soft/build/sl_app/app/lib/libapp_release.a(GNSS.o)
 .bss.TempLongitude
                0xffffffff825187a0        0x8 /cygdrive/c/projects/ST86QDLOV20200410/soft/build/sl_app/app/lib/libapp_release.a(GNSS.o)
 .bss.TempGnssData
                0xffffffff825187a8       0x30 /cygdrive/c/projects/ST86QDLOV20200410/soft/build/sl_app/app/lib/libapp_release.a(GNSS.o)
 .bss.TempBuf   0xffffffff825187d8       0x14 /cygdrive/c/projects/ST86QDLOV20200410/soft/build/sl_app/app/lib/libapp_release.a(GNSS.o)
 .bss.Counter.4900
                0xffffffff825187ec        0x1 /cygdrive/c/projects/ST86QDLOV20200410/soft/build/sl_app/app/lib/libapp_release.a(Gprs.o)
 .bss.SendCounter.4451
                0xffffffff825187ed        0x1 /cygdrive/c/projects/ST86QDLOV20200410/soft/build/sl_app/app/lib/libapp_release.a(Gprs.o)
 .bss.erro_code.4450
                0xffffffff825187ee        0x1 /cygdrive/c/projects/ST86QDLOV20200410/soft/build/sl_app/app/lib/libapp_release.a(Gprs.o)
 *fill*         0xffffffff825187ef        0x1 00
 .bss.counter.4449
                0xffffffff825187f0        0x4 /cygdrive/c/projects/ST86QDLOV20200410/soft/build/sl_app/app/lib/libapp_release.a(Gprs.o)
 .bss.step.4448
                0xffffffff825187f4        0x1 /cygdrive/c/projects/ST86QDLOV20200410/soft/build/sl_app/app/lib/libapp_release.a(Gprs.o)
 *fill*         0xffffffff825187f5        0x3 00
 .bss.TcpIpSocket
                0xffffffff825187f8       0xf4 /cygdrive/c/projects/ST86QDLOV20200410/soft/build/sl_app/app/lib/libapp_release.a(Gprs.o)
 .bss.IpAddrBack
                0xffffffff825188ec       0x34 /cygdrive/c/projects/ST86QDLOV20200410/soft/build/sl_app/app/lib/libapp_release.a(Gprs.o)
 .bss.GprsRecvBuf
                0xffffffff82518920       0x64 /cygdrive/c/projects/ST86QDLOV20200410/soft/build/sl_app/app/lib/libapp_release.a(Gprs.o)
 .bss.SMSRecvBuf
                0xffffffff82518984       0xc8 /cygdrive/c/projects/ST86QDLOV20200410/soft/build/sl_app/app/lib/libapp_release.a(Gprs.o)
 .bss.SMSRecvNum
                0xffffffff82518a4c       0x14 /cygdrive/c/projects/ST86QDLOV20200410/soft/build/sl_app/app/lib/libapp_release.a(Gprs.o)
 .bss.GprsRecvLen
                0xffffffff82518a60        0x2 /cygdrive/c/projects/ST86QDLOV20200410/soft/build/sl_app/app/lib/libapp_release.a(Gprs.o)
 *fill*         0xffffffff82518a62        0x2 00
 .bss.ComCmdRes
                0xffffffff82518a64       0x18 /cygdrive/c/projects/ST86QDLOV20200410/soft/build/sl_app/app/lib/libapp_release.a(Gprs.o)
 .bss.SetArgID  0xffffffff82518a7c        0x1 /cygdrive/c/projects/ST86QDLOV20200410/soft/build/sl_app/app/lib/libapp_release.a(Gprs.o)
 *fill*         0xffffffff82518a7d        0x1 00
 .bss.SMSRecvLen
                0xffffffff82518a7e        0x2 /cygdrive/c/projects/ST86QDLOV20200410/soft/build/sl_app/app/lib/libapp_release.a(Gprs.o)
 .bss.Off.4292  0xffffffff82518a80        0x1 /cygdrive/c/projects/ST86QDLOV20200410/soft/build/sl_app/app/lib/libapp_release.a(Led.o)
 .bss.On.4291   0xffffffff82518a81        0x1 /cygdrive/c/projects/ST86QDLOV20200410/soft/build/sl_app/app/lib/libapp_release.a(Led.o)
 *fill*         0xffffffff82518a82        0x2 00
 .bss.sw.4290   0xffffffff82518a84        0x4 /cygdrive/c/projects/ST86QDLOV20200410/soft/build/sl_app/app/lib/libapp_release.a(Led.o)
 .bss.step.4289
                0xffffffff82518a88        0x1 /cygdrive/c/projects/ST86QDLOV20200410/soft/build/sl_app/app/lib/libapp_release.a(Led.o)
 *fill*         0xffffffff82518a89        0x3 00
 .bss.sw.4254   0xffffffff82518a8c        0x4 /cygdrive/c/projects/ST86QDLOV20200410/soft/build/sl_app/app/lib/libapp_release.a(Led.o)
 .bss.step.4253
                0xffffffff82518a90        0x1 /cygdrive/c/projects/ST86QDLOV20200410/soft/build/sl_app/app/lib/libapp_release.a(Led.o)
 .bss.counter.4423
                0xffffffff82518a91        0x1 /cygdrive/c/projects/ST86QDLOV20200410/soft/build/sl_app/app/lib/libapp_release.a(Rtc.o)
 *fill*         0xffffffff82518a92        0x2 00
 .bss.sw.4422   0xffffffff82518a94        0x4 /cygdrive/c/projects/ST86QDLOV20200410/soft/build/sl_app/app/lib/libapp_release.a(Rtc.o)
 .bss.step.4421
                0xffffffff82518a98        0x1 /cygdrive/c/projects/ST86QDLOV20200410/soft/build/sl_app/app/lib/libapp_release.a(Rtc.o)
 *fill*         0xffffffff82518a99        0x3 00
 .bss.counter.4394
                0xffffffff82518a9c        0x4 /cygdrive/c/projects/ST86QDLOV20200410/soft/build/sl_app/app/lib/libapp_release.a(Rtc.o)
 .bss.step.4393
                0xffffffff82518aa0        0x1 /cygdrive/c/projects/ST86QDLOV20200410/soft/build/sl_app/app/lib/libapp_release.a(Rtc.o)
 *fill*         0xffffffff82518aa1        0x3 00
 .bss.SysTime   0xffffffff82518aa4       0x10 /cygdrive/c/projects/ST86QDLOV20200410/soft/build/sl_app/app/lib/libapp_release.a(Rtc.o)
 .bss.SetTime   0xffffffff82518ab4       0x10 /cygdrive/c/projects/ST86QDLOV20200410/soft/build/sl_app/app/lib/libapp_release.a(Rtc.o)
 .bss.SleepStatus
                0xffffffff82518ac4        0x1 /cygdrive/c/projects/ST86QDLOV20200410/soft/build/sl_app/app/lib/libapp_release.a(Rtc.o)
 *fill*         0xffffffff82518ac5        0x3 00
 .bss.WarningValue
                0xffffffff82518ac8        0x4 /cygdrive/c/projects/ST86QDLOV20200410/soft/build/sl_app/app/lib/libapp_release.a(Rtc.o)
 .bss.SysCfg    0xffffffff82518acc       0xd8 /cygdrive/c/projects/ST86QDLOV20200410/soft/build/sl_app/app/lib/libapp_release.a(SysFile.o)
 .bss.step2.4401
                0xffffffff82518ba4        0x1 /cygdrive/c/projects/ST86QDLOV20200410/soft/build/sl_app/app/lib/libapp_release.a(SysProcess.o)
 *fill*         0xffffffff82518ba5        0x3 00
 .bss.NextTime  0xffffffff82518ba8        0x4 /cygdrive/c/projects/ST86QDLOV20200410/soft/build/sl_app/app/lib/libapp_release.a(SysProcess.o)
 .bss.NextTime1
                0xffffffff82518bac        0x4 /cygdrive/c/projects/ST86QDLOV20200410/soft/build/sl_app/app/lib/libapp_release.a(SysProcess.o)
 .bss.AccStateBack
                0xffffffff82518bb0        0x1 /cygdrive/c/projects/ST86QDLOV20200410/soft/build/sl_app/app/lib/libapp_release.a(SysProcess.o)
 .bss.ShellStateBack
                0xffffffff82518bb1        0x1 /cygdrive/c/projects/ST86QDLOV20200410/soft/build/sl_app/app/lib/libapp_release.a(SysProcess.o)
 *fill*         0xffffffff82518bb2        0x2 00
 .bss.sw1.4322  0xffffffff82518bb4        0x4 /cygdrive/c/projects/ST86QDLOV20200410/soft/build/sl_app/app/lib/libapp_release.a(SysProcess.o)
 .bss.sw.4321   0xffffffff82518bb8        0x4 /cygdrive/c/projects/ST86QDLOV20200410/soft/build/sl_app/app/lib/libapp_release.a(SysProcess.o)
 .bss.step2.4320
                0xffffffff82518bbc        0x1 /cygdrive/c/projects/ST86QDLOV20200410/soft/build/sl_app/app/lib/libapp_release.a(SysProcess.o)
 .bss.step1.4319
                0xffffffff82518bbd        0x1 /cygdrive/c/projects/ST86QDLOV20200410/soft/build/sl_app/app/lib/libapp_release.a(SysProcess.o)
 .bss.step.4318
                0xffffffff82518bbe        0x1 /cygdrive/c/projects/ST86QDLOV20200410/soft/build/sl_app/app/lib/libapp_release.a(SysProcess.o)
 *fill*         0xffffffff82518bbf        0x1 00
 .bss.counter.4246
                0xffffffff82518bc0        0x2 /cygdrive/c/projects/ST86QDLOV20200410/soft/build/sl_app/app/lib/libapp_release.a(SysProcess.o)
 *fill*         0xffffffff82518bc2        0x2 00
 .bss.DataPacketBuf
                0xffffffff82518bc4      0x200 /cygdrive/c/projects/ST86QDLOV20200410/soft/build/sl_app/app/lib/libapp_release.a(SysProcess.o)
 .bss.SysRunData
                0xffffffff82518dc4       0x44 /cygdrive/c/projects/ST86QDLOV20200410/soft/build/sl_app/app/lib/libapp_release.a(SysProcess.o)
 .bss.DistancePro
                0xffffffff82518e08       0x30 /cygdrive/c/projects/ST86QDLOV20200410/soft/build/sl_app/app/lib/libapp_release.a(SysProcess.o)
 .bss.ticks     0xffffffff82518e38        0x4 /cygdrive/c/projects/ST86QDLOV20200410/soft/build/sl_app/app/lib/libapp_release.a(SysTickTime.o)
                0xffffffff82518e38                ticks
 .bss.step1.4240
                0xffffffff82518e3c        0x1 /cygdrive/c/projects/ST86QDLOV20200410/soft/build/sl_app/app/lib/libapp_release.a(TcpIPUpload.o)
 .bss.step.4239
                0xffffffff82518e3d        0x1 /cygdrive/c/projects/ST86QDLOV20200410/soft/build/sl_app/app/lib/libapp_release.a(TcpIPUpload.o)
 *fill*         0xffffffff82518e3e        0x2 00
 .bss.UpLoadBuf
                0xffffffff82518e40      0x200 /cygdrive/c/projects/ST86QDLOV20200410/soft/build/sl_app/app/lib/libapp_release.a(TcpIPUpload.o)
 .bss.DataBig   0xffffffff82519040        0x1 /cygdrive/c/projects/ST86QDLOV20200410/soft/build/sl_app/app/lib/libapp_release.a(TcpIPUpload.o)
 *fill*         0xffffffff82519041        0x3 00
 .bss.HeatSw    0xffffffff82519044        0x4 /cygdrive/c/projects/ST86QDLOV20200410/soft/build/sl_app/app/lib/libapp_release.a(TcpIPUpload.o)
 .bss.CanProNumSendBig
                0xffffffff82519048        0x1 /cygdrive/c/projects/ST86QDLOV20200410/soft/build/sl_app/app/lib/libapp_release.a(Terminal.o)
 .bss.GetStatusBig
                0xffffffff82519049        0x1 /cygdrive/c/projects/ST86QDLOV20200410/soft/build/sl_app/app/lib/libapp_release.a(Terminal.o)
 *fill*         0xffffffff8251904a        0x2 00
 .bss.sw1.4836  0xffffffff8251904c        0x4 /cygdrive/c/projects/ST86QDLOV20200410/soft/build/sl_app/app/lib/libapp_release.a(Terminal.o)
 .bss.sw.4835   0xffffffff82519050        0x4 /cygdrive/c/projects/ST86QDLOV20200410/soft/build/sl_app/app/lib/libapp_release.a(Terminal.o)
 .bss.step2.4834
                0xffffffff82519054        0x1 /cygdrive/c/projects/ST86QDLOV20200410/soft/build/sl_app/app/lib/libapp_release.a(Terminal.o)
 .bss.step1.4833
                0xffffffff82519055        0x1 /cygdrive/c/projects/ST86QDLOV20200410/soft/build/sl_app/app/lib/libapp_release.a(Terminal.o)
 .bss.step.4832
                0xffffffff82519056        0x1 /cygdrive/c/projects/ST86QDLOV20200410/soft/build/sl_app/app/lib/libapp_release.a(Terminal.o)
 .bss.MonstateTmp
                0xffffffff82519057        0x1 /cygdrive/c/projects/ST86QDLOV20200410/soft/build/sl_app/app/lib/libapp_release.a(Terminal.o)
 .bss.sw.4506   0xffffffff82519058        0x4 /cygdrive/c/projects/ST86QDLOV20200410/soft/build/sl_app/app/lib/libapp_release.a(Terminal.o)
 .bss.step.4505
                0xffffffff8251905c        0x1 /cygdrive/c/projects/ST86QDLOV20200410/soft/build/sl_app/app/lib/libapp_release.a(Terminal.o)
 *fill*         0xffffffff8251905d        0x3 00
 .bss.UpgradeStatus
                0xffffffff82519060        0x4 /cygdrive/c/projects/ST86QDLOV20200410/soft/build/sl_app/app/lib/libapp_release.a(Terminal.o)
 .bss.UpgradeData
                0xffffffff82519064        0x4 /cygdrive/c/projects/ST86QDLOV20200410/soft/build/sl_app/app/lib/libapp_release.a(Terminal.o)
 .bss.pUpgradeST86
                0xffffffff82519068        0x4 /cygdrive/c/projects/ST86QDLOV20200410/soft/build/sl_app/app/lib/libapp_release.a(Terminal.o)
 .bss.TerRecvBuf
                0xffffffff8251906c      0x400 /cygdrive/c/projects/ST86QDLOV20200410/soft/build/sl_app/app/lib/libapp_release.a(Terminal.o)
 .bss.TerSendBuf
                0xffffffff8251946c      0x4b0 /cygdrive/c/projects/ST86QDLOV20200410/soft/build/sl_app/app/lib/libapp_release.a(Terminal.o)
 .bss.RunMode   0xffffffff8251991c        0x1 /cygdrive/c/projects/ST86QDLOV20200410/soft/build/sl_app/app/lib/libapp_release.a(Terminal.o)
 .bss.McuStatus
                0xffffffff8251991d        0x1 /cygdrive/c/projects/ST86QDLOV20200410/soft/build/sl_app/app/lib/libapp_release.a(Terminal.o)
 .bss.ConfigFlag
                0xffffffff8251991e        0x1 /cygdrive/c/projects/ST86QDLOV20200410/soft/build/sl_app/app/lib/libapp_release.a(Terminal.o)
 *fill*         0xffffffff8251991f        0x1 00
 .bss.CanData   0xffffffff82519920       0x3c /cygdrive/c/projects/ST86QDLOV20200410/soft/build/sl_app/app/lib/libapp_release.a(Terminal.o)
 .bss.TerStateData
                0xffffffff8251995c       0x20 /cygdrive/c/projects/ST86QDLOV20200410/soft/build/sl_app/app/lib/libapp_release.a(Terminal.o)
 .bss.TerTime   0xffffffff8251997c       0x10 /cygdrive/c/projects/ST86QDLOV20200410/soft/build/sl_app/app/lib/libapp_release.a(Terminal.o)
 .bss.LockCar   0xffffffff8251998c       0x10 /cygdrive/c/projects/ST86QDLOV20200410/soft/build/sl_app/app/lib/libapp_release.a(Terminal.o)
 .bss.stopwatch.4333
                0xffffffff8251999c        0x4 /cygdrive/c/projects/ST86QDLOV20200410/soft/build/sl_app/app/lib/libapp_release.a(UART.o)
 .bss.step.4331
                0xffffffff825199a0        0x4 /cygdrive/c/projects/ST86QDLOV20200410/soft/build/sl_app/app/lib/libapp_release.a(UART.o)
 .bss.com1_new_data
                0xffffffff825199a4        0x1 /cygdrive/c/projects/ST86QDLOV20200410/soft/build/sl_app/app/lib/libapp_release.a(UART.o)
 *fill*         0xffffffff825199a5        0x3 00
 .bss.com1_recv_size
                0xffffffff825199a8        0x4 /cygdrive/c/projects/ST86QDLOV20200410/soft/build/sl_app/app/lib/libapp_release.a(UART.o)
 .bss.com1_recv_buf
                0xffffffff825199ac      0x400 /cygdrive/c/projects/ST86QDLOV20200410/soft/build/sl_app/app/lib/libapp_release.a(UART.o)
 .bss.com2_new_data
                0xffffffff82519dac        0x1 /cygdrive/c/projects/ST86QDLOV20200410/soft/build/sl_app/app/lib/libapp_release.a(UART.o)
 *fill*         0xffffffff82519dad        0x3 00
 .bss.com2_recv_size
                0xffffffff82519db0        0x4 /cygdrive/c/projects/ST86QDLOV20200410/soft/build/sl_app/app/lib/libapp_release.a(UART.o)
 .bss.com2_recv_buf
                0xffffffff82519db4      0x400 /cygdrive/c/projects/ST86QDLOV20200410/soft/build/sl_app/app/lib/libapp_release.a(UART.o)
 .bss.DataLen.4234
                0xffffffff8251a1b4        0x2 /cygdrive/c/projects/ST86QDLOV20200410/soft/build/sl_app/app/lib/libapp_release.a(BuildDataPacket.o)
 *fill*         0xffffffff8251a1b6        0x2 00
 .bss.TmpBuf    0xffffffff8251a1b8      0x100 /cygdrive/c/projects/ST86QDLOV20200410/soft/build/sl_app/app/lib/libapp_release.a(BuildDataPacket.o)
 *(COMMON)
 *(.rambss)
                0xffffffff8251a2c0                . = ALIGN (0x10)
 *fill*         0xffffffff8251a2b8        0x8 00
                0xffffffff8251a2c0                _ram_bss_end = .
                0x000000000000bf90                _ram_bss_size = (_ram_bss_end - _ram_bss_start)
                0xffffffff825a0800                _ram_top = 0xffffffff825a0800
                0x0000000000086540                _heap_size = (_ram_top - _ram_bss_end)
                0xffffffff8251a2c0                _heap_start = _ram_bss_end
                0xffffffff825a0800                _heap_end = (_ram_bss_end + _heap_size)
                0x0000000000000001                ASSERT ((ABSOLUTE (_ram_top) > ABSOLUTE (_ram_bss_end)), APP External RAM overflow !)
START GROUP
LOAD /cygdrive/c/projects/ST86QDLOV20200410/soft/build/sl_app/app/lib/libapp_release.a
END GROUP
LOAD /crosscompiler/bin/../lib/gcc/mips-elf/4.4.2/libgcc.a
OUTPUT(/cygdrive/c/projects/ST86QDLOV20200410/soft/build/sl_app/8809/sl_app_S80_20200411_release.elf elf32-littlemips)

.reginfo        0x0000000000000000       0x18
 .reginfo       0x0000000000000000       0x18 /cygdrive/c/projects/ST86QDLOV20200410/soft/build/sl_app/app/lib/libapp_release.a(sl_app_init.o)

.mdebug.abi32   0x0000000000000000        0x0
 .mdebug.abi32  0x0000000000000000        0x0 /cygdrive/c/projects/ST86QDLOV20200410/soft/build/sl_app/app/lib/libapp_release.a(sl_app_init.o)
 .mdebug.abi32  0x0000000000000000        0x0 /cygdrive/c/projects/ST86QDLOV20200410/soft/build/sl_app/app/lib/libapp_release.a(FiFoData.o)
 .mdebug.abi32  0x0000000000000000        0x0 /cygdrive/c/projects/ST86QDLOV20200410/soft/build/sl_app/app/lib/libapp_release.a(GNSS.o)
 .mdebug.abi32  0x0000000000000000        0x0 /cygdrive/c/projects/ST86QDLOV20200410/soft/build/sl_app/app/lib/libapp_release.a(Gprs.o)
 .mdebug.abi32  0x0000000000000000        0x0 /cygdrive/c/projects/ST86QDLOV20200410/soft/build/sl_app/app/lib/libapp_release.a(Led.o)
 .mdebug.abi32  0x0000000000000000        0x0 /cygdrive/c/projects/ST86QDLOV20200410/soft/build/sl_app/app/lib/libapp_release.a(ProData.o)
 .mdebug.abi32  0x0000000000000000        0x0 /cygdrive/c/projects/ST86QDLOV20200410/soft/build/sl_app/app/lib/libapp_release.a(Rtc.o)
 .mdebug.abi32  0x0000000000000000        0x0 /cygdrive/c/projects/ST86QDLOV20200410/soft/build/sl_app/app/lib/libapp_release.a(SysFile.o)
 .mdebug.abi32  0x0000000000000000        0x0 /cygdrive/c/projects/ST86QDLOV20200410/soft/build/sl_app/app/lib/libapp_release.a(SysProcess.o)
 .mdebug.abi32  0x0000000000000000        0x0 /cygdrive/c/projects/ST86QDLOV20200410/soft/build/sl_app/app/lib/libapp_release.a(SysTickTime.o)
 .mdebug.abi32  0x0000000000000000        0x0 /cygdrive/c/projects/ST86QDLOV20200410/soft/build/sl_app/app/lib/libapp_release.a(TcpIPUpload.o)
 .mdebug.abi32  0x0000000000000000        0x0 /cygdrive/c/projects/ST86QDLOV20200410/soft/build/sl_app/app/lib/libapp_release.a(Terminal.o)
 .mdebug.abi32  0x0000000000000000        0x0 /cygdrive/c/projects/ST86QDLOV20200410/soft/build/sl_app/app/lib/libapp_release.a(UART.o)
 .mdebug.abi32  0x0000000000000000        0x0 /cygdrive/c/projects/ST86QDLOV20200410/soft/build/sl_app/app/lib/libapp_release.a(VersionNum.o)
 .mdebug.abi32  0x0000000000000000        0x0 /cygdrive/c/projects/ST86QDLOV20200410/soft/build/sl_app/app/lib/libapp_release.a(sl_app.o)
 .mdebug.abi32  0x0000000000000000        0x0 /cygdrive/c/projects/ST86QDLOV20200410/soft/build/sl_app/app/lib/libapp_release.a(BuildDataPacket.o)
 .mdebug.abi32  0x0000000000000000        0x0 /crosscompiler/bin/../lib/gcc/mips-elf/4.4.2/libgcc.a(_fixunssfsi.o)
 .mdebug.abi32  0x0000000000000000        0x0 /crosscompiler/bin/../lib/gcc/mips-elf/4.4.2/libgcc.a(_fixunsdfsi.o)
 .mdebug.abi32  0x0000000000000000        0x0 /crosscompiler/bin/../lib/gcc/mips-elf/4.4.2/libgcc.a(_addsub_sf.o)
 .mdebug.abi32  0x0000000000000000        0x0 /crosscompiler/bin/../lib/gcc/mips-elf/4.4.2/libgcc.a(_ge_sf.o)
 .mdebug.abi32  0x0000000000000000        0x0 /crosscompiler/bin/../lib/gcc/mips-elf/4.4.2/libgcc.a(_lt_sf.o)
 .mdebug.abi32  0x0000000000000000        0x0 /crosscompiler/bin/../lib/gcc/mips-elf/4.4.2/libgcc.a(_sf_to_si.o)
 .mdebug.abi32  0x0000000000000000        0x0 /crosscompiler/bin/../lib/gcc/mips-elf/4.4.2/libgcc.a(_sf_to_df.o)
 .mdebug.abi32  0x0000000000000000        0x0 /crosscompiler/bin/../lib/gcc/mips-elf/4.4.2/libgcc.a(_thenan_sf.o)
 .mdebug.abi32  0x0000000000000000        0x0 /crosscompiler/bin/../lib/gcc/mips-elf/4.4.2/libgcc.a(_addsub_df.o)
 .mdebug.abi32  0x0000000000000000        0x0 /crosscompiler/bin/../lib/gcc/mips-elf/4.4.2/libgcc.a(_mul_df.o)
 .mdebug.abi32  0x0000000000000000        0x0 /crosscompiler/bin/../lib/gcc/mips-elf/4.4.2/libgcc.a(_div_df.o)
 .mdebug.abi32  0x0000000000000000        0x0 /crosscompiler/bin/../lib/gcc/mips-elf/4.4.2/libgcc.a(_eq_df.o)
 .mdebug.abi32  0x0000000000000000        0x0 /crosscompiler/bin/../lib/gcc/mips-elf/4.4.2/libgcc.a(_gt_df.o)
 .mdebug.abi32  0x0000000000000000        0x0 /crosscompiler/bin/../lib/gcc/mips-elf/4.4.2/libgcc.a(_ge_df.o)
 .mdebug.abi32  0x0000000000000000        0x0 /crosscompiler/bin/../lib/gcc/mips-elf/4.4.2/libgcc.a(_si_to_df.o)
 .mdebug.abi32  0x0000000000000000        0x0 /crosscompiler/bin/../lib/gcc/mips-elf/4.4.2/libgcc.a(_df_to_si.o)
 .mdebug.abi32  0x0000000000000000        0x0 /crosscompiler/bin/../lib/gcc/mips-elf/4.4.2/libgcc.a(_make_df.o)
 .mdebug.abi32  0x0000000000000000        0x0 /crosscompiler/bin/../lib/gcc/mips-elf/4.4.2/libgcc.a(_df_to_sf.o)
 .mdebug.abi32  0x0000000000000000        0x0 /crosscompiler/bin/../lib/gcc/mips-elf/4.4.2/libgcc.a(_thenan_df.o)
 .mdebug.abi32  0x0000000000000000        0x0 /crosscompiler/bin/../lib/gcc/mips-elf/4.4.2/libgcc.a(_usi_to_df.o)
 .mdebug.abi32  0x0000000000000000        0x0 /crosscompiler/bin/../lib/gcc/mips-elf/4.4.2/libgcc.a(_lshrdi3.o)
 .mdebug.abi32  0x0000000000000000        0x0 /crosscompiler/bin/../lib/gcc/mips-elf/4.4.2/libgcc.a(_ashldi3.o)
 .mdebug.abi32  0x0000000000000000        0x0 /crosscompiler/bin/../lib/gcc/mips-elf/4.4.2/libgcc.a(_ucmpdi2.o)
 .mdebug.abi32  0x0000000000000000        0x0 /crosscompiler/bin/../lib/gcc/mips-elf/4.4.2/libgcc.a(_clzsi2.o)
 .mdebug.abi32  0x0000000000000000        0x0 /crosscompiler/bin/../lib/gcc/mips-elf/4.4.2/libgcc.a(_pack_sf.o)
 .mdebug.abi32  0x0000000000000000        0x0 /crosscompiler/bin/../lib/gcc/mips-elf/4.4.2/libgcc.a(_unpack_sf.o)
 .mdebug.abi32  0x0000000000000000        0x0 /crosscompiler/bin/../lib/gcc/mips-elf/4.4.2/libgcc.a(_fpcmp_parts_sf.o)
 .mdebug.abi32  0x0000000000000000        0x0 /crosscompiler/bin/../lib/gcc/mips-elf/4.4.2/libgcc.a(_make_sf.o)
 .mdebug.abi32  0x0000000000000000        0x0 /crosscompiler/bin/../lib/gcc/mips-elf/4.4.2/libgcc.a(_pack_df.o)
 .mdebug.abi32  0x0000000000000000        0x0 /crosscompiler/bin/../lib/gcc/mips-elf/4.4.2/libgcc.a(_unpack_df.o)
 .mdebug.abi32  0x0000000000000000        0x0 /crosscompiler/bin/../lib/gcc/mips-elf/4.4.2/libgcc.a(_fpcmp_parts_df.o)
 .mdebug.abi32  0x0000000000000000        0x0 /crosscompiler/bin/../lib/gcc/mips-elf/4.4.2/libgcc.a(_clz.o)

.comment        0x0000000000000000       0x31
 .comment       0x0000000000000000       0x31 /cygdrive/c/projects/ST86QDLOV20200410/soft/build/sl_app/app/lib/libapp_release.a(sl_app_init.o)
                                         0x32 (size before relaxing)
 .comment       0x0000000000000000       0x32 /cygdrive/c/projects/ST86QDLOV20200410/soft/build/sl_app/app/lib/libapp_release.a(FiFoData.o)
 .comment       0x0000000000000000       0x32 /cygdrive/c/projects/ST86QDLOV20200410/soft/build/sl_app/app/lib/libapp_release.a(GNSS.o)
 .comment       0x0000000000000000       0x32 /cygdrive/c/projects/ST86QDLOV20200410/soft/build/sl_app/app/lib/libapp_release.a(Gprs.o)
 .comment       0x0000000000000000       0x32 /cygdrive/c/projects/ST86QDLOV20200410/soft/build/sl_app/app/lib/libapp_release.a(Led.o)
 .comment       0x0000000000000000       0x32 /cygdrive/c/projects/ST86QDLOV20200410/soft/build/sl_app/app/lib/libapp_release.a(ProData.o)
 .comment       0x0000000000000000       0x32 /cygdrive/c/projects/ST86QDLOV20200410/soft/build/sl_app/app/lib/libapp_release.a(Rtc.o)
 .comment       0x0000000000000000       0x32 /cygdrive/c/projects/ST86QDLOV20200410/soft/build/sl_app/app/lib/libapp_release.a(SysFile.o)
 .comment       0x0000000000000000       0x32 /cygdrive/c/projects/ST86QDLOV20200410/soft/build/sl_app/app/lib/libapp_release.a(SysProcess.o)
 .comment       0x0000000000000000       0x32 /cygdrive/c/projects/ST86QDLOV20200410/soft/build/sl_app/app/lib/libapp_release.a(SysTickTime.o)
 .comment       0x0000000000000000       0x32 /cygdrive/c/projects/ST86QDLOV20200410/soft/build/sl_app/app/lib/libapp_release.a(TcpIPUpload.o)
 .comment       0x0000000000000000       0x32 /cygdrive/c/projects/ST86QDLOV20200410/soft/build/sl_app/app/lib/libapp_release.a(Terminal.o)
 .comment       0x0000000000000000       0x32 /cygdrive/c/projects/ST86QDLOV20200410/soft/build/sl_app/app/lib/libapp_release.a(UART.o)
 .comment       0x0000000000000000       0x32 /cygdrive/c/projects/ST86QDLOV20200410/soft/build/sl_app/app/lib/libapp_release.a(VersionNum.o)
 .comment       0x0000000000000000       0x32 /cygdrive/c/projects/ST86QDLOV20200410/soft/build/sl_app/app/lib/libapp_release.a(sl_app.o)
 .comment       0x0000000000000000       0x32 /cygdrive/c/projects/ST86QDLOV20200410/soft/build/sl_app/app/lib/libapp_release.a(BuildDataPacket.o)
 .comment       0x0000000000000000       0x32 /crosscompiler/bin/../lib/gcc/mips-elf/4.4.2/libgcc.a(_fixunssfsi.o)
 .comment       0x0000000000000000       0x32 /crosscompiler/bin/../lib/gcc/mips-elf/4.4.2/libgcc.a(_fixunsdfsi.o)
 .comment       0x0000000000000000       0x32 /crosscompiler/bin/../lib/gcc/mips-elf/4.4.2/libgcc.a(_addsub_sf.o)
 .comment       0x0000000000000000       0x32 /crosscompiler/bin/../lib/gcc/mips-elf/4.4.2/libgcc.a(_ge_sf.o)
 .comment       0x0000000000000000       0x32 /crosscompiler/bin/../lib/gcc/mips-elf/4.4.2/libgcc.a(_lt_sf.o)
 .comment       0x0000000000000000       0x32 /crosscompiler/bin/../lib/gcc/mips-elf/4.4.2/libgcc.a(_sf_to_si.o)
 .comment       0x0000000000000000       0x32 /crosscompiler/bin/../lib/gcc/mips-elf/4.4.2/libgcc.a(_sf_to_df.o)
 .comment       0x0000000000000000       0x32 /crosscompiler/bin/../lib/gcc/mips-elf/4.4.2/libgcc.a(_thenan_sf.o)
 .comment       0x0000000000000000       0x32 /crosscompiler/bin/../lib/gcc/mips-elf/4.4.2/libgcc.a(_addsub_df.o)
 .comment       0x0000000000000000       0x32 /crosscompiler/bin/../lib/gcc/mips-elf/4.4.2/libgcc.a(_mul_df.o)
 .comment       0x0000000000000000       0x32 /crosscompiler/bin/../lib/gcc/mips-elf/4.4.2/libgcc.a(_div_df.o)
 .comment       0x0000000000000000       0x32 /crosscompiler/bin/../lib/gcc/mips-elf/4.4.2/libgcc.a(_eq_df.o)
 .comment       0x0000000000000000       0x32 /crosscompiler/bin/../lib/gcc/mips-elf/4.4.2/libgcc.a(_gt_df.o)
 .comment       0x0000000000000000       0x32 /crosscompiler/bin/../lib/gcc/mips-elf/4.4.2/libgcc.a(_ge_df.o)
 .comment       0x0000000000000000       0x32 /crosscompiler/bin/../lib/gcc/mips-elf/4.4.2/libgcc.a(_si_to_df.o)
 .comment       0x0000000000000000       0x32 /crosscompiler/bin/../lib/gcc/mips-elf/4.4.2/libgcc.a(_df_to_si.o)
 .comment       0x0000000000000000       0x32 /crosscompiler/bin/../lib/gcc/mips-elf/4.4.2/libgcc.a(_make_df.o)
 .comment       0x0000000000000000       0x32 /crosscompiler/bin/../lib/gcc/mips-elf/4.4.2/libgcc.a(_df_to_sf.o)
 .comment       0x0000000000000000       0x32 /crosscompiler/bin/../lib/gcc/mips-elf/4.4.2/libgcc.a(_thenan_df.o)
 .comment       0x0000000000000000       0x32 /crosscompiler/bin/../lib/gcc/mips-elf/4.4.2/libgcc.a(_usi_to_df.o)
 .comment       0x0000000000000000       0x32 /crosscompiler/bin/../lib/gcc/mips-elf/4.4.2/libgcc.a(_lshrdi3.o)
 .comment       0x0000000000000000       0x32 /crosscompiler/bin/../lib/gcc/mips-elf/4.4.2/libgcc.a(_ashldi3.o)
 .comment       0x0000000000000000       0x32 /crosscompiler/bin/../lib/gcc/mips-elf/4.4.2/libgcc.a(_ucmpdi2.o)
 .comment       0x0000000000000000       0x32 /crosscompiler/bin/../lib/gcc/mips-elf/4.4.2/libgcc.a(_clzsi2.o)
 .comment       0x0000000000000000       0x32 /crosscompiler/bin/../lib/gcc/mips-elf/4.4.2/libgcc.a(_pack_sf.o)
 .comment       0x0000000000000000       0x32 /crosscompiler/bin/../lib/gcc/mips-elf/4.4.2/libgcc.a(_unpack_sf.o)
 .comment       0x0000000000000000       0x32 /crosscompiler/bin/../lib/gcc/mips-elf/4.4.2/libgcc.a(_fpcmp_parts_sf.o)
 .comment       0x0000000000000000       0x32 /crosscompiler/bin/../lib/gcc/mips-elf/4.4.2/libgcc.a(_make_sf.o)
 .comment       0x0000000000000000       0x32 /crosscompiler/bin/../lib/gcc/mips-elf/4.4.2/libgcc.a(_pack_df.o)
 .comment       0x0000000000000000       0x32 /crosscompiler/bin/../lib/gcc/mips-elf/4.4.2/libgcc.a(_unpack_df.o)
 .comment       0x0000000000000000       0x32 /crosscompiler/bin/../lib/gcc/mips-elf/4.4.2/libgcc.a(_fpcmp_parts_df.o)
 .comment       0x0000000000000000       0x32 /crosscompiler/bin/../lib/gcc/mips-elf/4.4.2/libgcc.a(_clz.o)

.gnu.attributes
                0x0000000000000000       0x10
 .gnu.attributes
                0x0000000000000000       0x10 /cygdrive/c/projects/ST86QDLOV20200410/soft/build/sl_app/app/lib/libapp_release.a(sl_app_init.o)
 .gnu.attributes
                0x0000000000000010       0x10 /cygdrive/c/projects/ST86QDLOV20200410/soft/build/sl_app/app/lib/libapp_release.a(FiFoData.o)
 .gnu.attributes
                0x0000000000000020       0x10 /cygdrive/c/projects/ST86QDLOV20200410/soft/build/sl_app/app/lib/libapp_release.a(GNSS.o)
 .gnu.attributes
                0x0000000000000030       0x10 /cygdrive/c/projects/ST86QDLOV20200410/soft/build/sl_app/app/lib/libapp_release.a(Gprs.o)
 .gnu.attributes
                0x0000000000000040       0x10 /cygdrive/c/projects/ST86QDLOV20200410/soft/build/sl_app/app/lib/libapp_release.a(Led.o)
 .gnu.attributes
                0x0000000000000050       0x10 /cygdrive/c/projects/ST86QDLOV20200410/soft/build/sl_app/app/lib/libapp_release.a(ProData.o)
 .gnu.attributes
                0x0000000000000060       0x10 /cygdrive/c/projects/ST86QDLOV20200410/soft/build/sl_app/app/lib/libapp_release.a(Rtc.o)
 .gnu.attributes
                0x0000000000000070       0x10 /cygdrive/c/projects/ST86QDLOV20200410/soft/build/sl_app/app/lib/libapp_release.a(SysFile.o)
 .gnu.attributes
                0x0000000000000080       0x10 /cygdrive/c/projects/ST86QDLOV20200410/soft/build/sl_app/app/lib/libapp_release.a(SysProcess.o)
 .gnu.attributes
                0x0000000000000090       0x10 /cygdrive/c/projects/ST86QDLOV20200410/soft/build/sl_app/app/lib/libapp_release.a(SysTickTime.o)
 .gnu.attributes
                0x00000000000000a0       0x10 /cygdrive/c/projects/ST86QDLOV20200410/soft/build/sl_app/app/lib/libapp_release.a(TcpIPUpload.o)
 .gnu.attributes
                0x00000000000000b0       0x10 /cygdrive/c/projects/ST86QDLOV20200410/soft/build/sl_app/app/lib/libapp_release.a(Terminal.o)
 .gnu.attributes
                0x00000000000000c0       0x10 /cygdrive/c/projects/ST86QDLOV20200410/soft/build/sl_app/app/lib/libapp_release.a(UART.o)
 .gnu.attributes
                0x00000000000000d0       0x10 /cygdrive/c/projects/ST86QDLOV20200410/soft/build/sl_app/app/lib/libapp_release.a(VersionNum.o)
 .gnu.attributes
                0x00000000000000e0       0x10 /cygdrive/c/projects/ST86QDLOV20200410/soft/build/sl_app/app/lib/libapp_release.a(sl_app.o)
 .gnu.attributes
                0x00000000000000f0       0x10 /cygdrive/c/projects/ST86QDLOV20200410/soft/build/sl_app/app/lib/libapp_release.a(BuildDataPacket.o)
 .gnu.attributes
                0x0000000000000100       0x10 /crosscompiler/bin/../lib/gcc/mips-elf/4.4.2/libgcc.a(_fixunssfsi.o)
 .gnu.attributes
                0x0000000000000110       0x10 /crosscompiler/bin/../lib/gcc/mips-elf/4.4.2/libgcc.a(_fixunsdfsi.o)
 .gnu.attributes
                0x0000000000000120       0x10 /crosscompiler/bin/../lib/gcc/mips-elf/4.4.2/libgcc.a(_addsub_sf.o)
 .gnu.attributes
                0x0000000000000130       0x10 /crosscompiler/bin/../lib/gcc/mips-elf/4.4.2/libgcc.a(_ge_sf.o)
 .gnu.attributes
                0x0000000000000140       0x10 /crosscompiler/bin/../lib/gcc/mips-elf/4.4.2/libgcc.a(_lt_sf.o)
 .gnu.attributes
                0x0000000000000150       0x10 /crosscompiler/bin/../lib/gcc/mips-elf/4.4.2/libgcc.a(_sf_to_si.o)
 .gnu.attributes
                0x0000000000000160       0x10 /crosscompiler/bin/../lib/gcc/mips-elf/4.4.2/libgcc.a(_sf_to_df.o)
 .gnu.attributes
                0x0000000000000170       0x10 /crosscompiler/bin/../lib/gcc/mips-elf/4.4.2/libgcc.a(_thenan_sf.o)
 .gnu.attributes
                0x0000000000000180       0x10 /crosscompiler/bin/../lib/gcc/mips-elf/4.4.2/libgcc.a(_addsub_df.o)
 .gnu.attributes
                0x0000000000000190       0x10 /crosscompiler/bin/../lib/gcc/mips-elf/4.4.2/libgcc.a(_mul_df.o)
 .gnu.attributes
                0x00000000000001a0       0x10 /crosscompiler/bin/../lib/gcc/mips-elf/4.4.2/libgcc.a(_div_df.o)
 .gnu.attributes
                0x00000000000001b0       0x10 /crosscompiler/bin/../lib/gcc/mips-elf/4.4.2/libgcc.a(_eq_df.o)
 .gnu.attributes
                0x00000000000001c0       0x10 /crosscompiler/bin/../lib/gcc/mips-elf/4.4.2/libgcc.a(_gt_df.o)
 .gnu.attributes
                0x00000000000001d0       0x10 /crosscompiler/bin/../lib/gcc/mips-elf/4.4.2/libgcc.a(_ge_df.o)
 .gnu.attributes
                0x00000000000001e0       0x10 /crosscompiler/bin/../lib/gcc/mips-elf/4.4.2/libgcc.a(_si_to_df.o)
 .gnu.attributes
                0x00000000000001f0       0x10 /crosscompiler/bin/../lib/gcc/mips-elf/4.4.2/libgcc.a(_df_to_si.o)
 .gnu.attributes
                0x0000000000000200       0x10 /crosscompiler/bin/../lib/gcc/mips-elf/4.4.2/libgcc.a(_make_df.o)
 .gnu.attributes
                0x0000000000000210       0x10 /crosscompiler/bin/../lib/gcc/mips-elf/4.4.2/libgcc.a(_df_to_sf.o)
 .gnu.attributes
                0x0000000000000220       0x10 /crosscompiler/bin/../lib/gcc/mips-elf/4.4.2/libgcc.a(_thenan_df.o)
 .gnu.attributes
                0x0000000000000230       0x10 /crosscompiler/bin/../lib/gcc/mips-elf/4.4.2/libgcc.a(_usi_to_df.o)
 .gnu.attributes
                0x0000000000000240       0x10 /crosscompiler/bin/../lib/gcc/mips-elf/4.4.2/libgcc.a(_lshrdi3.o)
 .gnu.attributes
                0x0000000000000250       0x10 /crosscompiler/bin/../lib/gcc/mips-elf/4.4.2/libgcc.a(_ashldi3.o)
 .gnu.attributes
                0x0000000000000260       0x10 /crosscompiler/bin/../lib/gcc/mips-elf/4.4.2/libgcc.a(_ucmpdi2.o)
 .gnu.attributes
                0x0000000000000270       0x10 /crosscompiler/bin/../lib/gcc/mips-elf/4.4.2/libgcc.a(_clzsi2.o)
 .gnu.attributes
                0x0000000000000280       0x10 /crosscompiler/bin/../lib/gcc/mips-elf/4.4.2/libgcc.a(_pack_sf.o)
 .gnu.attributes
                0x0000000000000290       0x10 /crosscompiler/bin/../lib/gcc/mips-elf/4.4.2/libgcc.a(_unpack_sf.o)
 .gnu.attributes
                0x00000000000002a0       0x10 /crosscompiler/bin/../lib/gcc/mips-elf/4.4.2/libgcc.a(_fpcmp_parts_sf.o)
 .gnu.attributes
                0x00000000000002b0       0x10 /crosscompiler/bin/../lib/gcc/mips-elf/4.4.2/libgcc.a(_make_sf.o)
 .gnu.attributes
                0x00000000000002c0       0x10 /crosscompiler/bin/../lib/gcc/mips-elf/4.4.2/libgcc.a(_pack_df.o)
 .gnu.attributes
                0x00000000000002d0       0x10 /crosscompiler/bin/../lib/gcc/mips-elf/4.4.2/libgcc.a(_unpack_df.o)
 .gnu.attributes
                0x00000000000002e0       0x10 /crosscompiler/bin/../lib/gcc/mips-elf/4.4.2/libgcc.a(_fpcmp_parts_df.o)
 .gnu.attributes
                0x00000000000002f0       0x10 /crosscompiler/bin/../lib/gcc/mips-elf/4.4.2/libgcc.a(_clz.o)

.pdr            0x0000000000000000        0x0
 .pdr           0x0000000000000000        0x0 /cygdrive/c/projects/ST86QDLOV20200410/soft/build/sl_app/app/lib/libapp_release.a(sl_app.o)
 .pdr           0x0000000000000000        0x0 /crosscompiler/bin/../lib/gcc/mips-elf/4.4.2/libgcc.a(_thenan_sf.o)
 .pdr           0x0000000000000000        0x0 /crosscompiler/bin/../lib/gcc/mips-elf/4.4.2/libgcc.a(_thenan_df.o)
 .pdr           0x0000000000000000        0x0 /crosscompiler/bin/../lib/gcc/mips-elf/4.4.2/libgcc.a(_clz.o)

.debug_abbrev   0x0000000000000000     0x4c2d
 .debug_abbrev  0x0000000000000000      0x205 /cygdrive/c/projects/ST86QDLOV20200410/soft/build/sl_app/app/lib/libapp_release.a(sl_app_init.o)
 .debug_abbrev  0x0000000000000205      0x298 /cygdrive/c/projects/ST86QDLOV20200410/soft/build/sl_app/app/lib/libapp_release.a(FiFoData.o)
 .debug_abbrev  0x000000000000049d      0x279 /cygdrive/c/projects/ST86QDLOV20200410/soft/build/sl_app/app/lib/libapp_release.a(GNSS.o)
 .debug_abbrev  0x0000000000000716      0x35f /cygdrive/c/projects/ST86QDLOV20200410/soft/build/sl_app/app/lib/libapp_release.a(Gprs.o)
 .debug_abbrev  0x0000000000000a75      0x226 /cygdrive/c/projects/ST86QDLOV20200410/soft/build/sl_app/app/lib/libapp_release.a(Led.o)
 .debug_abbrev  0x0000000000000c9b      0x357 /cygdrive/c/projects/ST86QDLOV20200410/soft/build/sl_app/app/lib/libapp_release.a(ProData.o)
 .debug_abbrev  0x0000000000000ff2      0x2e2 /cygdrive/c/projects/ST86QDLOV20200410/soft/build/sl_app/app/lib/libapp_release.a(Rtc.o)
 .debug_abbrev  0x00000000000012d4      0x232 /cygdrive/c/projects/ST86QDLOV20200410/soft/build/sl_app/app/lib/libapp_release.a(SysFile.o)
 .debug_abbrev  0x0000000000001506      0x273 /cygdrive/c/projects/ST86QDLOV20200410/soft/build/sl_app/app/lib/libapp_release.a(SysProcess.o)
 .debug_abbrev  0x0000000000001779       0xce /cygdrive/c/projects/ST86QDLOV20200410/soft/build/sl_app/app/lib/libapp_release.a(SysTickTime.o)
 .debug_abbrev  0x0000000000001847      0x1de /cygdrive/c/projects/ST86QDLOV20200410/soft/build/sl_app/app/lib/libapp_release.a(TcpIPUpload.o)
 .debug_abbrev  0x0000000000001a25      0x3bb /cygdrive/c/projects/ST86QDLOV20200410/soft/build/sl_app/app/lib/libapp_release.a(Terminal.o)
 .debug_abbrev  0x0000000000001de0      0x2a9 /cygdrive/c/projects/ST86QDLOV20200410/soft/build/sl_app/app/lib/libapp_release.a(UART.o)
 .debug_abbrev  0x0000000000002089       0x59 /cygdrive/c/projects/ST86QDLOV20200410/soft/build/sl_app/app/lib/libapp_release.a(VersionNum.o)
 .debug_abbrev  0x00000000000020e2      0x18b /cygdrive/c/projects/ST86QDLOV20200410/soft/build/sl_app/app/lib/libapp_release.a(sl_app.o)
 .debug_abbrev  0x000000000000226d      0x218 /cygdrive/c/projects/ST86QDLOV20200410/soft/build/sl_app/app/lib/libapp_release.a(BuildDataPacket.o)
 .debug_abbrev  0x0000000000002485       0x66 /crosscompiler/bin/../lib/gcc/mips-elf/4.4.2/libgcc.a(_fixunssfsi.o)
 .debug_abbrev  0x00000000000024eb       0x66 /crosscompiler/bin/../lib/gcc/mips-elf/4.4.2/libgcc.a(_fixunsdfsi.o)
 .debug_abbrev  0x0000000000002551      0x1db /crosscompiler/bin/../lib/gcc/mips-elf/4.4.2/libgcc.a(_addsub_sf.o)
 .debug_abbrev  0x000000000000272c      0x15a /crosscompiler/bin/../lib/gcc/mips-elf/4.4.2/libgcc.a(_ge_sf.o)
 .debug_abbrev  0x0000000000002886      0x15a /crosscompiler/bin/../lib/gcc/mips-elf/4.4.2/libgcc.a(_lt_sf.o)
 .debug_abbrev  0x00000000000029e0      0x17f /crosscompiler/bin/../lib/gcc/mips-elf/4.4.2/libgcc.a(_sf_to_si.o)
 .debug_abbrev  0x0000000000002b5f      0x131 /crosscompiler/bin/../lib/gcc/mips-elf/4.4.2/libgcc.a(_sf_to_df.o)
 .debug_abbrev  0x0000000000002c90       0xc3 /crosscompiler/bin/../lib/gcc/mips-elf/4.4.2/libgcc.a(_thenan_sf.o)
 .debug_abbrev  0x0000000000002d53      0x1ea /crosscompiler/bin/../lib/gcc/mips-elf/4.4.2/libgcc.a(_addsub_df.o)
 .debug_abbrev  0x0000000000002f3d      0x200 /crosscompiler/bin/../lib/gcc/mips-elf/4.4.2/libgcc.a(_mul_df.o)
 .debug_abbrev  0x000000000000313d      0x1dc /crosscompiler/bin/../lib/gcc/mips-elf/4.4.2/libgcc.a(_div_df.o)
 .debug_abbrev  0x0000000000003319      0x15a /crosscompiler/bin/../lib/gcc/mips-elf/4.4.2/libgcc.a(_eq_df.o)
 .debug_abbrev  0x0000000000003473      0x15a /crosscompiler/bin/../lib/gcc/mips-elf/4.4.2/libgcc.a(_gt_df.o)
 .debug_abbrev  0x00000000000035cd      0x15a /crosscompiler/bin/../lib/gcc/mips-elf/4.4.2/libgcc.a(_ge_df.o)
 .debug_abbrev  0x0000000000003727      0x148 /crosscompiler/bin/../lib/gcc/mips-elf/4.4.2/libgcc.a(_si_to_df.o)
 .debug_abbrev  0x000000000000386f      0x17f /crosscompiler/bin/../lib/gcc/mips-elf/4.4.2/libgcc.a(_df_to_si.o)
 .debug_abbrev  0x00000000000039ee      0x109 /crosscompiler/bin/../lib/gcc/mips-elf/4.4.2/libgcc.a(_make_df.o)
 .debug_abbrev  0x0000000000003af7      0x140 /crosscompiler/bin/../lib/gcc/mips-elf/4.4.2/libgcc.a(_df_to_sf.o)
 .debug_abbrev  0x0000000000003c37       0xc3 /crosscompiler/bin/../lib/gcc/mips-elf/4.4.2/libgcc.a(_thenan_df.o)
 .debug_abbrev  0x0000000000003cfa      0x157 /crosscompiler/bin/../lib/gcc/mips-elf/4.4.2/libgcc.a(_usi_to_df.o)
 .debug_abbrev  0x0000000000003e51      0x104 /crosscompiler/bin/../lib/gcc/mips-elf/4.4.2/libgcc.a(_lshrdi3.o)
 .debug_abbrev  0x0000000000003f55       0xf7 /crosscompiler/bin/../lib/gcc/mips-elf/4.4.2/libgcc.a(_ashldi3.o)
 .debug_abbrev  0x000000000000404c       0xd0 /crosscompiler/bin/../lib/gcc/mips-elf/4.4.2/libgcc.a(_ucmpdi2.o)
 .debug_abbrev  0x000000000000411c       0xc4 /crosscompiler/bin/../lib/gcc/mips-elf/4.4.2/libgcc.a(_clzsi2.o)
 .debug_abbrev  0x00000000000041e0      0x1c0 /crosscompiler/bin/../lib/gcc/mips-elf/4.4.2/libgcc.a(_pack_sf.o)
 .debug_abbrev  0x00000000000043a0      0x163 /crosscompiler/bin/../lib/gcc/mips-elf/4.4.2/libgcc.a(_unpack_sf.o)
 .debug_abbrev  0x0000000000004503      0x14a /crosscompiler/bin/../lib/gcc/mips-elf/4.4.2/libgcc.a(_fpcmp_parts_sf.o)
 .debug_abbrev  0x000000000000464d      0x109 /crosscompiler/bin/../lib/gcc/mips-elf/4.4.2/libgcc.a(_make_sf.o)
 .debug_abbrev  0x0000000000004756      0x1c0 /crosscompiler/bin/../lib/gcc/mips-elf/4.4.2/libgcc.a(_pack_df.o)
 .debug_abbrev  0x0000000000004916      0x163 /crosscompiler/bin/../lib/gcc/mips-elf/4.4.2/libgcc.a(_unpack_df.o)
 .debug_abbrev  0x0000000000004a79      0x14a /crosscompiler/bin/../lib/gcc/mips-elf/4.4.2/libgcc.a(_fpcmp_parts_df.o)
 .debug_abbrev  0x0000000000004bc3       0x6a /crosscompiler/bin/../lib/gcc/mips-elf/4.4.2/libgcc.a(_clz.o)

.debug_info     0x0000000000000000    0x45b41
 .debug_info    0x0000000000000000     0x4494 /cygdrive/c/projects/ST86QDLOV20200410/soft/build/sl_app/app/lib/libapp_release.a(sl_app_init.o)
 .debug_info    0x0000000000004494     0x469e /cygdrive/c/projects/ST86QDLOV20200410/soft/build/sl_app/app/lib/libapp_release.a(FiFoData.o)
 .debug_info    0x0000000000008b32     0x487c /cygdrive/c/projects/ST86QDLOV20200410/soft/build/sl_app/app/lib/libapp_release.a(GNSS.o)
 .debug_info    0x000000000000d3ae     0x57af /cygdrive/c/projects/ST86QDLOV20200410/soft/build/sl_app/app/lib/libapp_release.a(Gprs.o)
 .debug_info    0x0000000000012b5d     0x49ab /cygdrive/c/projects/ST86QDLOV20200410/soft/build/sl_app/app/lib/libapp_release.a(Led.o)
 .debug_info    0x0000000000017508     0x498d /cygdrive/c/projects/ST86QDLOV20200410/soft/build/sl_app/app/lib/libapp_release.a(ProData.o)
 .debug_info    0x000000000001be95     0x48b3 /cygdrive/c/projects/ST86QDLOV20200410/soft/build/sl_app/app/lib/libapp_release.a(Rtc.o)
 .debug_info    0x0000000000020748     0x45c5 /cygdrive/c/projects/ST86QDLOV20200410/soft/build/sl_app/app/lib/libapp_release.a(SysFile.o)
 .debug_info    0x0000000000024d0d     0x4b92 /cygdrive/c/projects/ST86QDLOV20200410/soft/build/sl_app/app/lib/libapp_release.a(SysProcess.o)
 .debug_info    0x000000000002989f      0x19b /cygdrive/c/projects/ST86QDLOV20200410/soft/build/sl_app/app/lib/libapp_release.a(SysTickTime.o)
 .debug_info    0x0000000000029a3a     0x439b /cygdrive/c/projects/ST86QDLOV20200410/soft/build/sl_app/app/lib/libapp_release.a(TcpIPUpload.o)
 .debug_info    0x000000000002ddd5     0x5590 /cygdrive/c/projects/ST86QDLOV20200410/soft/build/sl_app/app/lib/libapp_release.a(Terminal.o)
 .debug_info    0x0000000000033365     0x45d0 /cygdrive/c/projects/ST86QDLOV20200410/soft/build/sl_app/app/lib/libapp_release.a(UART.o)
 .debug_info    0x0000000000037935       0xaa /cygdrive/c/projects/ST86QDLOV20200410/soft/build/sl_app/app/lib/libapp_release.a(VersionNum.o)
 .debug_info    0x00000000000379df     0x42b4 /cygdrive/c/projects/ST86QDLOV20200410/soft/build/sl_app/app/lib/libapp_release.a(sl_app.o)
 .debug_info    0x000000000003bc93     0x54d7 /cygdrive/c/projects/ST86QDLOV20200410/soft/build/sl_app/app/lib/libapp_release.a(BuildDataPacket.o)
 .debug_info    0x000000000004116a       0xd1 /crosscompiler/bin/../lib/gcc/mips-elf/4.4.2/libgcc.a(_fixunssfsi.o)
 .debug_info    0x000000000004123b       0xd1 /crosscompiler/bin/../lib/gcc/mips-elf/4.4.2/libgcc.a(_fixunsdfsi.o)
 .debug_info    0x000000000004130c      0x483 /crosscompiler/bin/../lib/gcc/mips-elf/4.4.2/libgcc.a(_addsub_sf.o)
 .debug_info    0x000000000004178f      0x28c /crosscompiler/bin/../lib/gcc/mips-elf/4.4.2/libgcc.a(_ge_sf.o)
 .debug_info    0x0000000000041a1b      0x28c /crosscompiler/bin/../lib/gcc/mips-elf/4.4.2/libgcc.a(_lt_sf.o)
 .debug_info    0x0000000000041ca7      0x2bd /crosscompiler/bin/../lib/gcc/mips-elf/4.4.2/libgcc.a(_sf_to_si.o)
 .debug_info    0x0000000000041f64      0x241 /crosscompiler/bin/../lib/gcc/mips-elf/4.4.2/libgcc.a(_sf_to_df.o)
 .debug_info    0x00000000000421a5      0x160 /crosscompiler/bin/../lib/gcc/mips-elf/4.4.2/libgcc.a(_thenan_sf.o)
 .debug_info    0x0000000000042305      0x48e /crosscompiler/bin/../lib/gcc/mips-elf/4.4.2/libgcc.a(_addsub_df.o)
 .debug_info    0x0000000000042793      0x47e /crosscompiler/bin/../lib/gcc/mips-elf/4.4.2/libgcc.a(_mul_df.o)
 .debug_info    0x0000000000042c11      0x39e /crosscompiler/bin/../lib/gcc/mips-elf/4.4.2/libgcc.a(_div_df.o)
 .debug_info    0x0000000000042faf      0x29a /crosscompiler/bin/../lib/gcc/mips-elf/4.4.2/libgcc.a(_eq_df.o)
 .debug_info    0x0000000000043249      0x29a /crosscompiler/bin/../lib/gcc/mips-elf/4.4.2/libgcc.a(_gt_df.o)
 .debug_info    0x00000000000434e3      0x29a /crosscompiler/bin/../lib/gcc/mips-elf/4.4.2/libgcc.a(_ge_df.o)
 .debug_info    0x000000000004377d      0x214 /crosscompiler/bin/../lib/gcc/mips-elf/4.4.2/libgcc.a(_si_to_df.o)
 .debug_info    0x0000000000043991      0x2c9 /crosscompiler/bin/../lib/gcc/mips-elf/4.4.2/libgcc.a(_df_to_si.o)
 .debug_info    0x0000000000043c5a      0x1d3 /crosscompiler/bin/../lib/gcc/mips-elf/4.4.2/libgcc.a(_make_df.o)
 .debug_info    0x0000000000043e2d      0x25d /crosscompiler/bin/../lib/gcc/mips-elf/4.4.2/libgcc.a(_df_to_sf.o)
 .debug_info    0x000000000004408a      0x160 /crosscompiler/bin/../lib/gcc/mips-elf/4.4.2/libgcc.a(_thenan_df.o)
 .debug_info    0x00000000000441ea      0x213 /crosscompiler/bin/../lib/gcc/mips-elf/4.4.2/libgcc.a(_usi_to_df.o)