Archive member included because of file (symbol)

/cygdrive/c/projects/ST86Pro/soft/build/sl/app/lib/libapp_release.a(sl_app_init.o)
                              (SL_Entry)
/cygdrive/c/projects/ST86Pro/soft/build/sl/app/lib/libapp_release.a(FiFoData.o)
                              /cygdrive/c/projects/ST86Pro/soft/build/sl/app/lib/libapp_release.a(sl_app_init.o) (SaveSendQueue)
/cygdrive/c/projects/ST86Pro/soft/build/sl/app/lib/libapp_release.a(Led.o)
                              /cygdrive/c/projects/ST86Pro/soft/build/sl/app/lib/libapp_release.a(sl_app_init.o) (Init_Led)
/cygdrive/c/projects/ST86Pro/soft/build/sl/app/lib/libapp_release.a(ProData.o)
                              /cygdrive/c/projects/ST86Pro/soft/build/sl/app/lib/libapp_release.a(FiFoData.o) (CalcCrc8)
/cygdrive/c/projects/ST86Pro/soft/build/sl/app/lib/libapp_release.a(SysFile.o)
                              /cygdrive/c/projects/ST86Pro/soft/build/sl/app/lib/libapp_release.a(FiFoData.o) (FileCheckOrGreate)
/cygdrive/c/projects/ST86Pro/soft/build/sl/app/lib/libapp_release.a(SysTickTime.o)
                              /cygdrive/c/projects/ST86Pro/soft/build/sl/app/lib/libapp_release.a(sl_app_init.o) (init_stopwatch16)
/cygdrive/c/projects/ST86Pro/soft/build/sl/app/lib/libapp_release.a(UART.o)
                              /cygdrive/c/projects/ST86Pro/soft/build/sl/app/lib/libapp_release.a(sl_app_init.o) (UART1_Init)
/cygdrive/c/projects/ST86Pro/soft/build/sl/app/lib/libapp_release.a(sl_app.o)
                              /cygdrive/c/projects/ST86Pro/soft/build/sl/app/lib/libapp_release.a(sl_app_init.o) (AA)
/cygdrive/c/projects/ST86Pro/soft/env/lib/gcc/mips-elf/4.4.2/libgcc.a(_addsub_df.o)
                              /cygdrive/c/projects/ST86Pro/soft/build/sl/app/lib/libapp_release.a(ProData.o) (__subdf3)
/cygdrive/c/projects/ST86Pro/soft/env/lib/gcc/mips-elf/4.4.2/libgcc.a(_mul_df.o)
                              /cygdrive/c/projects/ST86Pro/soft/build/sl/app/lib/libapp_release.a(ProData.o) (__muldf3)
/cygdrive/c/projects/ST86Pro/soft/env/lib/gcc/mips-elf/4.4.2/libgcc.a(_div_df.o)
                              /cygdrive/c/projects/ST86Pro/soft/build/sl/app/lib/libapp_release.a(ProData.o) (__divdf3)
/cygdrive/c/projects/ST86Pro/soft/env/lib/gcc/mips-elf/4.4.2/libgcc.a(_thenan_df.o)
                              /cygdrive/c/projects/ST86Pro/soft/env/lib/gcc/mips-elf/4.4.2/libgcc.a(_addsub_df.o) (__thenan_df)
/cygdrive/c/projects/ST86Pro/soft/env/lib/gcc/mips-elf/4.4.2/libgcc.a(_lshrdi3.o)
                              /cygdrive/c/projects/ST86Pro/soft/env/lib/gcc/mips-elf/4.4.2/libgcc.a(_addsub_df.o) (__lshrdi3)
/cygdrive/c/projects/ST86Pro/soft/env/lib/gcc/mips-elf/4.4.2/libgcc.a(_ashldi3.o)
                              /cygdrive/c/projects/ST86Pro/soft/env/lib/gcc/mips-elf/4.4.2/libgcc.a(_addsub_df.o) (__ashldi3)
/cygdrive/c/projects/ST86Pro/soft/env/lib/gcc/mips-elf/4.4.2/libgcc.a(_ucmpdi2.o)
                              /cygdrive/c/projects/ST86Pro/soft/env/lib/gcc/mips-elf/4.4.2/libgcc.a(_addsub_df.o) (__ucmpdi2)
/cygdrive/c/projects/ST86Pro/soft/env/lib/gcc/mips-elf/4.4.2/libgcc.a(_pack_df.o)
                              /cygdrive/c/projects/ST86Pro/soft/env/lib/gcc/mips-elf/4.4.2/libgcc.a(_addsub_df.o) (__pack_d)
/cygdrive/c/projects/ST86Pro/soft/env/lib/gcc/mips-elf/4.4.2/libgcc.a(_unpack_df.o)
                              /cygdrive/c/projects/ST86Pro/soft/env/lib/gcc/mips-elf/4.4.2/libgcc.a(_addsub_df.o) (__unpack_d)

Allocating common symbols
Common symbol       size              file

SysAppEnterTask     0x4               /cygdrive/c/projects/ST86Pro/soft/build/sl/app/lib/libapp_release.a(sl_app_init.o)

Discarded input sections

 .internal_rom  0x0000000000000000     0x4a30 /cygdrive/c/projects/ST86Pro/soft/lib/mem_bridge_rom_CHIP.elf
 .rom_entries_cached
                0x0000000000000000      0x148 /cygdrive/c/projects/ST86Pro/soft/lib/mem_bridge_rom_CHIP.elf
 .boot_rom_version_number
                0x0000000000000000        0x4 /cygdrive/c/projects/ST86Pro/soft/lib/mem_bridge_rom_CHIP.elf
 .internal_rom.crc
                0x0000000000000000        0x4 /cygdrive/c/projects/ST86Pro/soft/lib/mem_bridge_rom_CHIP.elf
 .text          0x0000000000000000        0x0 /cygdrive/c/projects/ST86Pro/soft/build/sl/app/lib/libapp_release.a(sl_app_init.o)
 .data          0x0000000000000000        0x0 /cygdrive/c/projects/ST86Pro/soft/build/sl/app/lib/libapp_release.a(sl_app_init.o)
 .bss           0x0000000000000000        0x0 /cygdrive/c/projects/ST86Pro/soft/build/sl/app/lib/libapp_release.a(sl_app_init.o)
 .pdr           0x0000000000000000      0x100 /cygdrive/c/projects/ST86Pro/soft/build/sl/app/lib/libapp_release.a(sl_app_init.o)
 .text          0x0000000000000000        0x0 /cygdrive/c/projects/ST86Pro/soft/build/sl/app/lib/libapp_release.a(FiFoData.o)
 .data          0x0000000000000000        0x0 /cygdrive/c/projects/ST86Pro/soft/build/sl/app/lib/libapp_release.a(FiFoData.o)
 .bss           0x0000000000000000        0x0 /cygdrive/c/projects/ST86Pro/soft/build/sl/app/lib/libapp_release.a(FiFoData.o)
 .reginfo       0x0000000000000000       0x18 /cygdrive/c/projects/ST86Pro/soft/build/sl/app/lib/libapp_release.a(FiFoData.o)
 .pdr           0x0000000000000000      0x120 /cygdrive/c/projects/ST86Pro/soft/build/sl/app/lib/libapp_release.a(FiFoData.o)
 .text.WriteSendQueue
                0x0000000000000000       0x98 /cygdrive/c/projects/ST86Pro/soft/build/sl/app/lib/libapp_release.a(FiFoData.o)
 .text.ClearSendQueue
                0x0000000000000000       0x38 /cygdrive/c/projects/ST86Pro/soft/build/sl/app/lib/libapp_release.a(FiFoData.o)
 .text.WriteCmdDataBuf
                0x0000000000000000       0x38 /cygdrive/c/projects/ST86Pro/soft/build/sl/app/lib/libapp_release.a(FiFoData.o)
 .text.ReadCmdDataBuf
                0x0000000000000000       0x30 /cygdrive/c/projects/ST86Pro/soft/build/sl/app/lib/libapp_release.a(FiFoData.o)
 .text.ClearCmdData
                0x0000000000000000       0x10 /cygdrive/c/projects/ST86Pro/soft/build/sl/app/lib/libapp_release.a(FiFoData.o)
 .text.ClearBindData
                0x0000000000000000       0x2c /cygdrive/c/projects/ST86Pro/soft/build/sl/app/lib/libapp_release.a(FiFoData.o)
 .text.LoadSendQueue
                0x0000000000000000       0xa0 /cygdrive/c/projects/ST86Pro/soft/build/sl/app/lib/libapp_release.a(FiFoData.o)
 .text.ReadSendQueue
                0x0000000000000000      0x114 /cygdrive/c/projects/ST86Pro/soft/build/sl/app/lib/libapp_release.a(FiFoData.o)
 .bss.CmdData   0x0000000000000000      0x1f8 /cygdrive/c/projects/ST86Pro/soft/build/sl/app/lib/libapp_release.a(FiFoData.o)
 .text          0x0000000000000000        0x0 /cygdrive/c/projects/ST86Pro/soft/build/sl/app/lib/libapp_release.a(Led.o)
 .data          0x0000000000000000        0x0 /cygdrive/c/projects/ST86Pro/soft/build/sl/app/lib/libapp_release.a(Led.o)
 .bss           0x0000000000000000        0x0 /cygdrive/c/projects/ST86Pro/soft/build/sl/app/lib/libapp_release.a(Led.o)
 .reginfo       0x0000000000000000       0x18 /cygdrive/c/projects/ST86Pro/soft/build/sl/app/lib/libapp_release.a(Led.o)
 .pdr           0x0000000000000000       0x80 /cygdrive/c/projects/ST86Pro/soft/build/sl/app/lib/libapp_release.a(Led.o)
 .text.GnssLedOn
                0x0000000000000000       0x1c /cygdrive/c/projects/ST86Pro/soft/build/sl/app/lib/libapp_release.a(Led.o)
 .text.GnssLedOff
                0x0000000000000000       0x1c /cygdrive/c/projects/ST86Pro/soft/build/sl/app/lib/libapp_release.a(Led.o)
 .text          0x0000000000000000        0x0 /cygdrive/c/projects/ST86Pro/soft/build/sl/app/lib/libapp_release.a(ProData.o)
 .data          0x0000000000000000        0x0 /cygdrive/c/projects/ST86Pro/soft/build/sl/app/lib/libapp_release.a(ProData.o)
 .bss           0x0000000000000000        0x0 /cygdrive/c/projects/ST86Pro/soft/build/sl/app/lib/libapp_release.a(ProData.o)
 .reginfo       0x0000000000000000       0x18 /cygdrive/c/projects/ST86Pro/soft/build/sl/app/lib/libapp_release.a(ProData.o)
 .pdr           0x0000000000000000      0x220 /cygdrive/c/projects/ST86Pro/soft/build/sl/app/lib/libapp_release.a(ProData.o)
 .text.DecToHex
                0x0000000000000000       0x20 /cygdrive/c/projects/ST86Pro/soft/build/sl/app/lib/libapp_release.a(ProData.o)
 .text.HexToDec
                0x0000000000000000       0x20 /cygdrive/c/projects/ST86Pro/soft/build/sl/app/lib/libapp_release.a(ProData.o)
 .text.LookForStr
                0x0000000000000000       0x4c /cygdrive/c/projects/ST86Pro/soft/build/sl/app/lib/libapp_release.a(ProData.o)
 .text.Int16ToStr
                0x0000000000000000       0xc8 /cygdrive/c/projects/ST86Pro/soft/build/sl/app/lib/libapp_release.a(ProData.o)
 .text.AsciiToData
                0x0000000000000000       0x64 /cygdrive/c/projects/ST86Pro/soft/build/sl/app/lib/libapp_release.a(ProData.o)
 .text.VerfySum
                0x0000000000000000       0x24 /cygdrive/c/projects/ST86Pro/soft/build/sl/app/lib/libapp_release.a(ProData.o)
 .text.CheckSum16
                0x0000000000000000       0x20 /cygdrive/c/projects/ST86Pro/soft/build/sl/app/lib/libapp_release.a(ProData.o)
 .text.CheckSum16B
                0x0000000000000000       0x20 /cygdrive/c/projects/ST86Pro/soft/build/sl/app/lib/libapp_release.a(ProData.o)
 .text.AsciiToHex
                0x0000000000000000       0x68 /cygdrive/c/projects/ST86Pro/soft/build/sl/app/lib/libapp_release.a(ProData.o)
 .text.Rad      0x0000000000000000       0x30 /cygdrive/c/projects/ST86Pro/soft/build/sl/app/lib/libapp_release.a(ProData.o)
 .text.PowTow   0x0000000000000000       0x14 /cygdrive/c/projects/ST86Pro/soft/build/sl/app/lib/libapp_release.a(ProData.o)
 .text.ComputeDistance
                0x0000000000000000      0x128 /cygdrive/c/projects/ST86Pro/soft/build/sl/app/lib/libapp_release.a(ProData.o)
 .text.CharToStr
                0x0000000000000000       0x28 /cygdrive/c/projects/ST86Pro/soft/build/sl/app/lib/libapp_release.a(ProData.o)
 .text.UInt32ToStr
                0x0000000000000000       0x54 /cygdrive/c/projects/ST86Pro/soft/build/sl/app/lib/libapp_release.a(ProData.o)
 .text.CheckServerAddr
                0x0000000000000000      0x1c4 /cygdrive/c/projects/ST86Pro/soft/build/sl/app/lib/libapp_release.a(ProData.o)
 .text          0x0000000000000000        0x0 /cygdrive/c/projects/ST86Pro/soft/build/sl/app/lib/libapp_release.a(SysFile.o)
 .data          0x0000000000000000        0x0 /cygdrive/c/projects/ST86Pro/soft/build/sl/app/lib/libapp_release.a(SysFile.o)
 .bss           0x0000000000000000        0x0 /cygdrive/c/projects/ST86Pro/soft/build/sl/app/lib/libapp_release.a(SysFile.o)
 .reginfo       0x0000000000000000       0x18 /cygdrive/c/projects/ST86Pro/soft/build/sl/app/lib/libapp_release.a(SysFile.o)
 .pdr           0x0000000000000000       0xc0 /cygdrive/c/projects/ST86Pro/soft/build/sl/app/lib/libapp_release.a(SysFile.o)
 .text.GetSysCfgSpace
                0x0000000000000000        0xc /cygdrive/c/projects/ST86Pro/soft/build/sl/app/lib/libapp_release.a(SysFile.o)
 .text.ReadSysCfg
                0x0000000000000000       0x38 /cygdrive/c/projects/ST86Pro/soft/build/sl/app/lib/libapp_release.a(SysFile.o)
 .text.SaveSysCfg
                0x0000000000000000       0x38 /cygdrive/c/projects/ST86Pro/soft/build/sl/app/lib/libapp_release.a(SysFile.o)
 .text.InitSysConfig
                0x0000000000000000       0xe0 /cygdrive/c/projects/ST86Pro/soft/build/sl/app/lib/libapp_release.a(SysFile.o)
 .bss.SysCfg    0x0000000000000000       0xc0 /cygdrive/c/projects/ST86Pro/soft/build/sl/app/lib/libapp_release.a(SysFile.o)
 .text          0x0000000000000000        0x0 /cygdrive/c/projects/ST86Pro/soft/build/sl/app/lib/libapp_release.a(SysTickTime.o)
 .data          0x0000000000000000        0x0 /cygdrive/c/projects/ST86Pro/soft/build/sl/app/lib/libapp_release.a(SysTickTime.o)
 .bss           0x0000000000000000        0x0 /cygdrive/c/projects/ST86Pro/soft/build/sl/app/lib/libapp_release.a(SysTickTime.o)
 .reginfo       0x0000000000000000       0x18 /cygdrive/c/projects/ST86Pro/soft/build/sl/app/lib/libapp_release.a(SysTickTime.o)
 .pdr           0x0000000000000000       0xa0 /cygdrive/c/projects/ST86Pro/soft/build/sl/app/lib/libapp_release.a(SysTickTime.o)
 .text.init_stopwatch32
                0x0000000000000000        0xc /cygdrive/c/projects/ST86Pro/soft/build/sl/app/lib/libapp_release.a(SysTickTime.o)
 .text.read_stopwatch32_value
                0x0000000000000000       0x10 /cygdrive/c/projects/ST86Pro/soft/build/sl/app/lib/libapp_release.a(SysTickTime.o)
 .text          0x0000000000000000        0x0 /cygdrive/c/projects/ST86Pro/soft/build/sl/app/lib/libapp_release.a(UART.o)
 .data          0x0000000000000000        0x0 /cygdrive/c/projects/ST86Pro/soft/build/sl/app/lib/libapp_release.a(UART.o)
 .bss           0x0000000000000000        0x0 /cygdrive/c/projects/ST86Pro/soft/build/sl/app/lib/libapp_release.a(UART.o)
 .reginfo       0x0000000000000000       0x18 /cygdrive/c/projects/ST86Pro/soft/build/sl/app/lib/libapp_release.a(UART.o)
 .pdr           0x0000000000000000      0x120 /cygdrive/c/projects/ST86Pro/soft/build/sl/app/lib/libapp_release.a(UART.o)
 .text.clear_com
                0x0000000000000000       0x48 /cygdrive/c/projects/ST86Pro/soft/build/sl/app/lib/libapp_release.a(UART.o)
 .text.new_data_in_com
                0x0000000000000000       0x34 /cygdrive/c/projects/ST86Pro/soft/build/sl/app/lib/libapp_release.a(UART.o)
 .text.datasize_in_com
                0x0000000000000000       0x28 /cygdrive/c/projects/ST86Pro/soft/build/sl/app/lib/libapp_release.a(UART.o)
 .text.read_com_buf
                0x0000000000000000       0xac /cygdrive/c/projects/ST86Pro/soft/build/sl/app/lib/libapp_release.a(UART.o)
 .text.ReadComPkt
                0x0000000000000000       0xb4 /cygdrive/c/projects/ST86Pro/soft/build/sl/app/lib/libapp_release.a(UART.o)
 .bss.stopwatch.4138
                0x0000000000000000        0x4 /cygdrive/c/projects/ST86Pro/soft/build/sl/app/lib/libapp_release.a(UART.o)
 .bss.step.4136
                0x0000000000000000        0x4 /cygdrive/c/projects/ST86Pro/soft/build/sl/app/lib/libapp_release.a(UART.o)
 .text          0x0000000000000000        0x0 /cygdrive/c/projects/ST86Pro/soft/build/sl/app/lib/libapp_release.a(sl_app.o)
 .data          0x0000000000000000        0x0 /cygdrive/c/projects/ST86Pro/soft/build/sl/app/lib/libapp_release.a(sl_app.o)
 .bss           0x0000000000000000        0x0 /cygdrive/c/projects/ST86Pro/soft/build/sl/app/lib/libapp_release.a(sl_app.o)
 .reginfo       0x0000000000000000       0x18 /cygdrive/c/projects/ST86Pro/soft/build/sl/app/lib/libapp_release.a(sl_app.o)
 .text          0x0000000000000000      0x2f0 /cygdrive/c/projects/ST86Pro/soft/env/lib/gcc/mips-elf/4.4.2/libgcc.a(_addsub_df.o)
 .data          0x0000000000000000        0x0 /cygdrive/c/projects/ST86Pro/soft/env/lib/gcc/mips-elf/4.4.2/libgcc.a(_addsub_df.o)
 .bss           0x0000000000000000        0x0 /cygdrive/c/projects/ST86Pro/soft/env/lib/gcc/mips-elf/4.4.2/libgcc.a(_addsub_df.o)
 .reginfo       0x0000000000000000       0x18 /cygdrive/c/projects/ST86Pro/soft/env/lib/gcc/mips-elf/4.4.2/libgcc.a(_addsub_df.o)
 .pdr           0x0000000000000000       0x60 /cygdrive/c/projects/ST86Pro/soft/env/lib/gcc/mips-elf/4.4.2/libgcc.a(_addsub_df.o)
 .text          0x0000000000000000      0x1b8 /cygdrive/c/projects/ST86Pro/soft/env/lib/gcc/mips-elf/4.4.2/libgcc.a(_mul_df.o)
 .data          0x0000000000000000        0x0 /cygdrive/c/projects/ST86Pro/soft/env/lib/gcc/mips-elf/4.4.2/libgcc.a(_mul_df.o)
 .bss           0x0000000000000000        0x0 /cygdrive/c/projects/ST86Pro/soft/env/lib/gcc/mips-elf/4.4.2/libgcc.a(_mul_df.o)
 .reginfo       0x0000000000000000       0x18 /cygdrive/c/projects/ST86Pro/soft/env/lib/gcc/mips-elf/4.4.2/libgcc.a(_mul_df.o)
 .pdr           0x0000000000000000       0x20 /cygdrive/c/projects/ST86Pro/soft/env/lib/gcc/mips-elf/4.4.2/libgcc.a(_mul_df.o)
 .text          0x0000000000000000      0x138 /cygdrive/c/projects/ST86Pro/soft/env/lib/gcc/mips-elf/4.4.2/libgcc.a(_div_df.o)
 .data          0x0000000000000000        0x0 /cygdrive/c/projects/ST86Pro/soft/env/lib/gcc/mips-elf/4.4.2/libgcc.a(_div_df.o)
 .bss           0x0000000000000000        0x0 /cygdrive/c/projects/ST86Pro/soft/env/lib/gcc/mips-elf/4.4.2/libgcc.a(_div_df.o)
 .reginfo       0x0000000000000000       0x18 /cygdrive/c/projects/ST86Pro/soft/env/lib/gcc/mips-elf/4.4.2/libgcc.a(_div_df.o)
 .pdr           0x0000000000000000       0x20 /cygdrive/c/projects/ST86Pro/soft/env/lib/gcc/mips-elf/4.4.2/libgcc.a(_div_df.o)
 .text          0x0000000000000000        0x0 /cygdrive/c/projects/ST86Pro/soft/env/lib/gcc/mips-elf/4.4.2/libgcc.a(_thenan_df.o)
 .data          0x0000000000000000        0x0 /cygdrive/c/projects/ST86Pro/soft/env/lib/gcc/mips-elf/4.4.2/libgcc.a(_thenan_df.o)
 .bss           0x0000000000000000        0x0 /cygdrive/c/projects/ST86Pro/soft/env/lib/gcc/mips-elf/4.4.2/libgcc.a(_thenan_df.o)
 .reginfo       0x0000000000000000       0x18 /cygdrive/c/projects/ST86Pro/soft/env/lib/gcc/mips-elf/4.4.2/libgcc.a(_thenan_df.o)
 .rodata        0x0000000000000000       0x18 /cygdrive/c/projects/ST86Pro/soft/env/lib/gcc/mips-elf/4.4.2/libgcc.a(_thenan_df.o)
 .text          0x0000000000000000       0x3c /cygdrive/c/projects/ST86Pro/soft/env/lib/gcc/mips-elf/4.4.2/libgcc.a(_lshrdi3.o)
 .data          0x0000000000000000        0x0 /cygdrive/c/projects/ST86Pro/soft/env/lib/gcc/mips-elf/4.4.2/libgcc.a(_lshrdi3.o)
 .bss           0x0000000000000000        0x0 /cygdrive/c/projects/ST86Pro/soft/env/lib/gcc/mips-elf/4.4.2/libgcc.a(_lshrdi3.o)
 .reginfo       0x0000000000000000       0x18 /cygdrive/c/projects/ST86Pro/soft/env/lib/gcc/mips-elf/4.4.2/libgcc.a(_lshrdi3.o)
 .pdr           0x0000000000000000       0x20 /cygdrive/c/projects/ST86Pro/soft/env/lib/gcc/mips-elf/4.4.2/libgcc.a(_lshrdi3.o)
 .text          0x0000000000000000       0x3c /cygdrive/c/projects/ST86Pro/soft/env/lib/gcc/mips-elf/4.4.2/libgcc.a(_ashldi3.o)
 .data          0x0000000000000000        0x0 /cygdrive/c/projects/ST86Pro/soft/env/lib/gcc/mips-elf/4.4.2/libgcc.a(_ashldi3.o)
 .bss           0x0000000000000000        0x0 /cygdrive/c/projects/ST86Pro/soft/env/lib/gcc/mips-elf/4.4.2/libgcc.a(_ashldi3.o)
 .reginfo       0x0000000000000000       0x18 /cygdrive/c/projects/ST86Pro/soft/env/lib/gcc/mips-elf/4.4.2/libgcc.a(_ashldi3.o)
 .pdr           0x0000000000000000       0x20 /cygdrive/c/projects/ST86Pro/soft/env/lib/gcc/mips-elf/4.4.2/libgcc.a(_ashldi3.o)
 .text          0x0000000000000000       0x28 /cygdrive/c/projects/ST86Pro/soft/env/lib/gcc/mips-elf/4.4.2/libgcc.a(_ucmpdi2.o)
 .data          0x0000000000000000        0x0 /cygdrive/c/projects/ST86Pro/soft/env/lib/gcc/mips-elf/4.4.2/libgcc.a(_ucmpdi2.o)
 .bss           0x0000000000000000        0x0 /cygdrive/c/projects/ST86Pro/soft/env/lib/gcc/mips-elf/4.4.2/libgcc.a(_ucmpdi2.o)
 .reginfo       0x0000000000000000       0x18 /cygdrive/c/projects/ST86Pro/soft/env/lib/gcc/mips-elf/4.4.2/libgcc.a(_ucmpdi2.o)
 .pdr           0x0000000000000000       0x20 /cygdrive/c/projects/ST86Pro/soft/env/lib/gcc/mips-elf/4.4.2/libgcc.a(_ucmpdi2.o)
 .text          0x0000000000000000      0x1a4 /cygdrive/c/projects/ST86Pro/soft/env/lib/gcc/mips-elf/4.4.2/libgcc.a(_pack_df.o)
 .data          0x0000000000000000        0x0 /cygdrive/c/projects/ST86Pro/soft/env/lib/gcc/mips-elf/4.4.2/libgcc.a(_pack_df.o)
 .bss           0x0000000000000000        0x0 /cygdrive/c/projects/ST86Pro/soft/env/lib/gcc/mips-elf/4.4.2/libgcc.a(_pack_df.o)
 .reginfo       0x0000000000000000       0x18 /cygdrive/c/projects/ST86Pro/soft/env/lib/gcc/mips-elf/4.4.2/libgcc.a(_pack_df.o)
 .pdr           0x0000000000000000       0x20 /cygdrive/c/projects/ST86Pro/soft/env/lib/gcc/mips-elf/4.4.2/libgcc.a(_pack_df.o)
 .text          0x0000000000000000       0xac /cygdrive/c/projects/ST86Pro/soft/env/lib/gcc/mips-elf/4.4.2/libgcc.a(_unpack_df.o)
 .data          0x0000000000000000        0x0 /cygdrive/c/projects/ST86Pro/soft/env/lib/gcc/mips-elf/4.4.2/libgcc.a(_unpack_df.o)
 .bss           0x0000000000000000        0x0 /cygdrive/c/projects/ST86Pro/soft/env/lib/gcc/mips-elf/4.4.2/libgcc.a(_unpack_df.o)
 .reginfo       0x0000000000000000       0x18 /cygdrive/c/projects/ST86Pro/soft/env/lib/gcc/mips-elf/4.4.2/libgcc.a(_unpack_df.o)
 .pdr           0x0000000000000000       0x20 /cygdrive/c/projects/ST86Pro/soft/env/lib/gcc/mips-elf/4.4.2/libgcc.a(_unpack_df.o)

Memory Configuration

Name             Origin             Length             Attributes
*default*        0x0000000000000000 0xffffffffffffffff

Linker script and memory map

LOAD /cygdrive/c/projects/ST86Pro/soft/lib/mem_bridge_rom_CHIP.elf
                0xffffffff82500000                . = 0xffffffff82500000
                0xffffffff82500000                _ram_start = .
                0xffffffff82500000                _ram_functab_start = 0xffffffff82500000

.functab        0xffffffff82500000      0x500
 *(.functab)
 .functab       0xffffffff82500000      0x500 /cygdrive/c/projects/ST86Pro/soft/build/sl/app/lib/libapp_release.a(sl_app.o)
                0xffffffff82500000                AA
                0xffffffff82500500                . = ALIGN (0x10)
                0xffffffff82500500                _ram_functab_end = .
                0x0000000000000500                _ram_functab_size = (_ram_functab_end - _ram_functab_start)
                0x0000000000000001                ASSERT ((0xffffffff82500800 > ABSOLUTE (_ram_functab_end)), Functab on External RAM overflow !)
                0xffffffff82500800                . = 0xffffffff82500800

.rotext         0xffffffff82500800      0x250
 *(.app_entry)
 .app_entry     0xffffffff82500800      0x244 /cygdrive/c/projects/ST86Pro/soft/build/sl/app/lib/libapp_release.a(sl_app_init.o)
                0xffffffff82500801                SL_Entry
 *(.rotext)
                0xffffffff82500a50                . = ALIGN (0x10)
 *fill*         0xffffffff82500a44        0xc 00
                0xffffffff82500a60                . = ALIGN (0x20)

.rodata         0xffffffff82500a60        0x0
 *(.rodata)
                0xffffffff82500a60                . = ALIGN (0x20)

.ram            0xffffffff82500a60        0x0
                0xffffffff82500a60                _ram_special_cached_start = .
                0xffffffff82500a60                _ram_txt_start = .
 *(.ram)
                0xffffffff82500a60                . = ALIGN (0x10)
                0xffffffff82500a60                _ram_special_cached_end = .
                0x0000000000000000                _ram_special_cached_size = (_ram_special_cached_end - _ram_special_cached_start)

.ramtext        0xffffffff82500a60      0x860
                0xffffffff82500a60                _ram_cached_txt_start = .
 *(.text .text.* .stub .gnu.linkonce.t.*)
 .text.SL_AppSendMsg
                0xffffffff82500a60       0x40 /cygdrive/c/projects/ST86Pro/soft/build/sl/app/lib/libapp_release.a(sl_app_init.o)
                0xffffffff82500a61                SL_AppSendMsg
 .text.SL_AppTask2
                0xffffffff82500aa0       0x5c /cygdrive/c/projects/ST86Pro/soft/build/sl/app/lib/libapp_release.a(sl_app_init.o)
                0xffffffff82500aa1                SL_AppTask2
 .text.SL_AppTask3
                0xffffffff82500afc       0x5c /cygdrive/c/projects/ST86Pro/soft/build/sl/app/lib/libapp_release.a(sl_app_init.o)
                0xffffffff82500afd                SL_AppTask3
 .text.SL_AppTask4
                0xffffffff82500b58       0x5c /cygdrive/c/projects/ST86Pro/soft/build/sl/app/lib/libapp_release.a(sl_app_init.o)
                0xffffffff82500b59                SL_AppTask4
 .text.SL_AppCreateTask
                0xffffffff82500bb4       0xcc /cygdrive/c/projects/ST86Pro/soft/build/sl/app/lib/libapp_release.a(sl_app_init.o)
                0xffffffff82500bb5                SL_AppCreateTask
 .text.ProcessTest
                0xffffffff82500c80       0xe4 /cygdrive/c/projects/ST86Pro/soft/build/sl/app/lib/libapp_release.a(sl_app_init.o)
                0xffffffff82500c81                ProcessTest
 .text.SL_AppTask1
                0xffffffff82500d64       0x60 /cygdrive/c/projects/ST86Pro/soft/build/sl/app/lib/libapp_release.a(sl_app_init.o)
                0xffffffff82500d65                SL_AppTask1
 .text.SaveSendQueue
                0xffffffff82500dc4       0xc4 /cygdrive/c/projects/ST86Pro/soft/build/sl/app/lib/libapp_release.a(FiFoData.o)
                0xffffffff82500dc5                SaveSendQueue
 .text.Init_Led
                0xffffffff82500e88       0x48 /cygdrive/c/projects/ST86Pro/soft/build/sl/app/lib/libapp_release.a(Led.o)
                0xffffffff82500e89                Init_Led
 .text.ProcessGsmLed
                0xffffffff82500ed0       0x80 /cygdrive/c/projects/ST86Pro/soft/build/sl/app/lib/libapp_release.a(Led.o)
                0xffffffff82500ed1                ProcessGsmLed
 .text.CalcCrc8
                0xffffffff82500f50       0x54 /cygdrive/c/projects/ST86Pro/soft/build/sl/app/lib/libapp_release.a(ProData.o)
                0xffffffff82500f51                CalcCrc8
 .text.BccVerify
                0xffffffff82500fa4       0x1c /cygdrive/c/projects/ST86Pro/soft/build/sl/app/lib/libapp_release.a(ProData.o)
                0xffffffff82500fa5                BccVerify
 .text.FileCheckOrGreate
                0xffffffff82500fc0       0xc4 /cygdrive/c/projects/ST86Pro/soft/build/sl/app/lib/libapp_release.a(SysFile.o)
                0xffffffff82500fc1                FileCheckOrGreate
 .text.InitSysTimer
                0xffffffff82501084       0x58 /cygdrive/c/projects/ST86Pro/soft/build/sl/app/lib/libapp_release.a(SysFile.o)
                0xffffffff82501085                InitSysTimer
 .text.init_stopwatch16
                0xffffffff825010dc        0xc /cygdrive/c/projects/ST86Pro/soft/build/sl/app/lib/libapp_release.a(SysTickTime.o)
                0xffffffff825010dd                init_stopwatch16
 .text.read_stopwatch16_value
                0xffffffff825010e8       0x14 /cygdrive/c/projects/ST86Pro/soft/build/sl/app/lib/libapp_release.a(SysTickTime.o)
                0xffffffff825010e9                read_stopwatch16_value
 .text.TickAdd  0xffffffff825010fc       0x10 /cygdrive/c/projects/ST86Pro/soft/build/sl/app/lib/libapp_release.a(SysTickTime.o)
                0xffffffff825010fd                TickAdd
 .text.UART1_Init
                0xffffffff8250110c       0x4c /cygdrive/c/projects/ST86Pro/soft/build/sl/app/lib/libapp_release.a(UART.o)
                0xffffffff8250110d                UART1_Init
 .text.UART2_Init
                0xffffffff82501158       0x48 /cygdrive/c/projects/ST86Pro/soft/build/sl/app/lib/libapp_release.a(UART.o)
                0xffffffff82501159                UART2_Init
 .text.UART1_Recv_Data
                0xffffffff825011a0       0x8c /cygdrive/c/projects/ST86Pro/soft/build/sl/app/lib/libapp_release.a(UART.o)
                0xffffffff825011a1                UART1_Recv_Data
 .text.UART2_Recv_Data
                0xffffffff8250122c       0x8c /cygdrive/c/projects/ST86Pro/soft/build/sl/app/lib/libapp_release.a(UART.o)
                0xffffffff8250122d                UART2_Recv_Data
                0xffffffff825012c0                . = ALIGN (0x10)
 *fill*         0xffffffff825012b8        0x8 00000000
                0xffffffff825012c0                _ram_cached_txt_end = .
                0x0000000000000860                ram_cached_txt_size = (_ram_cached_txt_end - _ram_cached_txt_start)
                0xffffffff825012c0                _ram_txt_end = .
                0xffffffffa25012c0                . = (. + 0x20000000)

.ucdata         0xffffffffa25012c0        0x0
                0xffffffffa25012c0                _ram_uncached_data_start = .
 *(.ucdata)
 *(*.globalvars.uc)
                0xffffffffa25012c0                . = ALIGN (0x10)
                0xffffffffa25012c0                _ram_uncached_data_end = .
                0x0000000000000000                _ram_uncached_data_size = (_ram_uncached_data_end - _ram_uncached_data_start)
                0xffffffff825012c0                . = (. - 0x20000000)

.data           0xffffffff825012c0      0x480
                0xffffffff825012c0                _ram_cached_data_start = .
 *(.rdata)
 *(.rodata .rodata.* .gnu.linkonce.r.*)
 .rodata.str1.4
                0xffffffff825012c0      0x2af /cygdrive/c/projects/ST86Pro/soft/build/sl/app/lib/libapp_release.a(sl_app_init.o)
                                        0x2b0 (size before relaxing)
 *fill*         0xffffffff8250156f        0x1 00
 .rodata.str1.4
                0xffffffff82501570      0x11c /cygdrive/c/projects/ST86Pro/soft/build/sl/app/lib/libapp_release.a(FiFoData.o)
 .rodata.str1.4
                0xffffffff8250168c       0xa0 /cygdrive/c/projects/ST86Pro/soft/build/sl/app/lib/libapp_release.a(SysFile.o)
 *(.rodata1)
 *(.ctors)
                0xffffffff82501730                . = ALIGN (0x10)
 *fill*         0xffffffff8250172c        0x4 00
 *(*.globalvars.c *.globalvars.c.*)
 *(EXCLUDE_FILE(*.oo gcj_*.o) .data)
 *(EXCLUDE_FILE(*.oo gcj_*.o) .data.*)
 .data.rear_com2_recv_buf
                0xffffffff82501730        0x4 /cygdrive/c/projects/ST86Pro/soft/build/sl/app/lib/libapp_release.a(UART.o)
 .data.front_com2_recv_buf
                0xffffffff82501734        0x4 /cygdrive/c/projects/ST86Pro/soft/build/sl/app/lib/libapp_release.a(UART.o)
 .data.rear_com1_recv_buf
                0xffffffff82501738        0x4 /cygdrive/c/projects/ST86Pro/soft/build/sl/app/lib/libapp_release.a(UART.o)
 .data.front_com1_recv_buf
                0xffffffff8250173c        0x4 /cygdrive/c/projects/ST86Pro/soft/build/sl/app/lib/libapp_release.a(UART.o)
 *(EXCLUDE_FILE(*.oo gcj_*.o) .gnu.linkonce.d.*)
 *(.data1)
                0xffffffff82509730                _gp = (ALIGN (0x10) + 0x7ff0)
 *(.sdata .sdata.* .gnu.linkonce.s.*)
 *(.sdata2 .sdata2.* .gnu.linkonce.s2.*)
 *(.lit8)
 *(.lit4)
                0xffffffff82501740                . = ALIGN (0x4)
                0xffffffff82501740                . = ALIGN (0x10)
                0xffffffff82501740                _ram_cached_data_end = .
                0x0000000000000480                _ram_cached_data_size = (_ram_cached_data_end - _ram_cached_data_start)
                0xffffffff82501740                _ram_end = .
                0x0000000000001740                _ram_size = (_ram_end - _ram_start)

.backup         0xffffffff82501740        0x0
 *(.backup)
                0xffffffff82501740                . = ALIGN (0x10)
                0xffffffff82501740                _ram_bss_start = .
                0xffffffffa2501740                . = (. + 0x20000000)

.ucbss          0xffffffffa2501740        0x0
 *(.ucbss)
 *(.ramucbss)
                0xffffffffa2501740                . = ALIGN (0x10)
                0xffffffff82501740                . = (. - 0x20000000)

.bss            0xffffffff82501740    0x1f470
 *(.sbss .sbss.* .gnu.linkonce.sb.*)
 *(.sbss2 .sbss2.* .gnu.linkonce.sb2.*)
 *(.scommon)
 .scommon       0xffffffff82501740        0x4 /cygdrive/c/projects/ST86Pro/soft/build/sl/app/lib/libapp_release.a(sl_app_init.o)
                0xffffffff82501740                SysAppEnterTask
 *(.dynbss)
 *(.bss .bss.* .gnu.linkonce.b.*)
 .bss.g_SLApp1  0xffffffff82501744        0x4 /cygdrive/c/projects/ST86Pro/soft/build/sl/app/lib/libapp_release.a(sl_app_init.o)
                0xffffffff82501744                g_SLApp1
 .bss.g_SLApp2  0xffffffff82501748        0x4 /cygdrive/c/projects/ST86Pro/soft/build/sl/app/lib/libapp_release.a(sl_app_init.o)
                0xffffffff82501748                g_SLApp2
 .bss.g_SLApp3  0xffffffff8250174c        0x4 /cygdrive/c/projects/ST86Pro/soft/build/sl/app/lib/libapp_release.a(sl_app_init.o)
                0xffffffff8250174c                g_SLApp3
 .bss.g_SLApp4  0xffffffff82501750        0x4 /cygdrive/c/projects/ST86Pro/soft/build/sl/app/lib/libapp_release.a(sl_app_init.o)
                0xffffffff82501750                g_SLApp4
 .bss.sw.4144   0xffffffff82501754        0x4 /cygdrive/c/projects/ST86Pro/soft/build/sl/app/lib/libapp_release.a(sl_app_init.o)
 .bss.step.4143
                0xffffffff82501758        0x1 /cygdrive/c/projects/ST86Pro/soft/build/sl/app/lib/libapp_release.a(sl_app_init.o)
 *fill*         0xffffffff82501759        0x3 00
 .bss.SendQueue
                0xffffffff8250175c    0x1ec38 /cygdrive/c/projects/ST86Pro/soft/build/sl/app/lib/libapp_release.a(FiFoData.o)
 .bss.step.4057
                0xffffffff82520394        0x1 /cygdrive/c/projects/ST86Pro/soft/build/sl/app/lib/libapp_release.a(Led.o)
 *fill*         0xffffffff82520395        0x3 00
 .bss.sw.4056   0xffffffff82520398        0x4 /cygdrive/c/projects/ST86Pro/soft/build/sl/app/lib/libapp_release.a(Led.o)
 .bss.ticks     0xffffffff8252039c        0x4 /cygdrive/c/projects/ST86Pro/soft/build/sl/app/lib/libapp_release.a(SysTickTime.o)
                0xffffffff8252039c                ticks
 .bss.com1_new_data
                0xffffffff825203a0        0x1 /cygdrive/c/projects/ST86Pro/soft/build/sl/app/lib/libapp_release.a(UART.o)
 *fill*         0xffffffff825203a1        0x3 00
 .bss.com1_recv_size
                0xffffffff825203a4        0x4 /cygdrive/c/projects/ST86Pro/soft/build/sl/app/lib/libapp_release.a(UART.o)
 .bss.com1_recv_buf
                0xffffffff825203a8      0x400 /cygdrive/c/projects/ST86Pro/soft/build/sl/app/lib/libapp_release.a(UART.o)
 .bss.com2_new_data
                0xffffffff825207a8        0x1 /cygdrive/c/projects/ST86Pro/soft/build/sl/app/lib/libapp_release.a(UART.o)
 *fill*         0xffffffff825207a9        0x3 00
 .bss.com2_recv_size
                0xffffffff825207ac        0x4 /cygdrive/c/projects/ST86Pro/soft/build/sl/app/lib/libapp_release.a(UART.o)
 .bss.com2_recv_buf
                0xffffffff825207b0      0x400 /cygdrive/c/projects/ST86Pro/soft/build/sl/app/lib/libapp_release.a(UART.o)
 *(COMMON)
 *(.rambss)
                0xffffffff82520bb0                . = ALIGN (0x10)
                0xffffffff82520bb0                _ram_bss_end = .
                0x000000000001f470                _ram_bss_size = (_ram_bss_end - _ram_bss_start)
                0xffffffff82550800                _ram_top = 0xffffffff82550800
                0x000000000002fc50                _heap_size = (_ram_top - _ram_bss_end)
                0xffffffff82520bb0                _heap_start = _ram_bss_end
                0xffffffff82550800                _heap_end = (_ram_bss_end + _heap_size)
                0x0000000000000001                ASSERT ((ABSOLUTE (_ram_top) > ABSOLUTE (_ram_bss_end)), APP External RAM overflow !)
START GROUP
LOAD /cygdrive/c/projects/ST86Pro/soft/build/sl/app/lib/libapp_release.a
END GROUP
LOAD /cygdrive/c/projects/ST86Pro/soft/env/lib/gcc/mips-elf/4.4.2/libgcc.a
OUTPUT(/cygdrive/c/projects/ST86Pro/soft/build/sl/8809/sl_S80_release.elf elf32-littlemips)

.reginfo        0x0000000000000000       0x18
 .reginfo       0x0000000000000000       0x18 /cygdrive/c/projects/ST86Pro/soft/build/sl/app/lib/libapp_release.a(sl_app_init.o)

.mdebug.abi32   0x0000000000000000        0x0
 .mdebug.abi32  0x0000000000000000        0x0 /cygdrive/c/projects/ST86Pro/soft/build/sl/app/lib/libapp_release.a(sl_app_init.o)
 .mdebug.abi32  0x0000000000000000        0x0 /cygdrive/c/projects/ST86Pro/soft/build/sl/app/lib/libapp_release.a(FiFoData.o)
 .mdebug.abi32  0x0000000000000000        0x0 /cygdrive/c/projects/ST86Pro/soft/build/sl/app/lib/libapp_release.a(Led.o)
 .mdebug.abi32  0x0000000000000000        0x0 /cygdrive/c/projects/ST86Pro/soft/build/sl/app/lib/libapp_release.a(ProData.o)
 .mdebug.abi32  0x0000000000000000        0x0 /cygdrive/c/projects/ST86Pro/soft/build/sl/app/lib/libapp_release.a(SysFile.o)
 .mdebug.abi32  0x0000000000000000        0x0 /cygdrive/c/projects/ST86Pro/soft/build/sl/app/lib/libapp_release.a(SysTickTime.o)
 .mdebug.abi32  0x0000000000000000        0x0 /cygdrive/c/projects/ST86Pro/soft/build/sl/app/lib/libapp_release.a(UART.o)
 .mdebug.abi32  0x0000000000000000        0x0 /cygdrive/c/projects/ST86Pro/soft/build/sl/app/lib/libapp_release.a(sl_app.o)
 .mdebug.abi32  0x0000000000000000        0x0 /cygdrive/c/projects/ST86Pro/soft/env/lib/gcc/mips-elf/4.4.2/libgcc.a(_addsub_df.o)
 .mdebug.abi32  0x0000000000000000        0x0 /cygdrive/c/projects/ST86Pro/soft/env/lib/gcc/mips-elf/4.4.2/libgcc.a(_mul_df.o)
 .mdebug.abi32  0x0000000000000000        0x0 /cygdrive/c/projects/ST86Pro/soft/env/lib/gcc/mips-elf/4.4.2/libgcc.a(_div_df.o)
 .mdebug.abi32  0x0000000000000000        0x0 /cygdrive/c/projects/ST86Pro/soft/env/lib/gcc/mips-elf/4.4.2/libgcc.a(_thenan_df.o)
 .mdebug.abi32  0x0000000000000000        0x0 /cygdrive/c/projects/ST86Pro/soft/env/lib/gcc/mips-elf/4.4.2/libgcc.a(_lshrdi3.o)
 .mdebug.abi32  0x0000000000000000        0x0 /cygdrive/c/projects/ST86Pro/soft/env/lib/gcc/mips-elf/4.4.2/libgcc.a(_ashldi3.o)
 .mdebug.abi32  0x0000000000000000        0x0 /cygdrive/c/projects/ST86Pro/soft/env/lib/gcc/mips-elf/4.4.2/libgcc.a(_ucmpdi2.o)
 .mdebug.abi32  0x0000000000000000        0x0 /cygdrive/c/projects/ST86Pro/soft/env/lib/gcc/mips-elf/4.4.2/libgcc.a(_pack_df.o)
 .mdebug.abi32  0x0000000000000000        0x0 /cygdrive/c/projects/ST86Pro/soft/env/lib/gcc/mips-elf/4.4.2/libgcc.a(_unpack_df.o)

.comment        0x0000000000000000       0x31
 .comment       0x0000000000000000       0x31 /cygdrive/c/projects/ST86Pro/soft/build/sl/app/lib/libapp_release.a(sl_app_init.o)
                                         0x32 (size before relaxing)
 .comment       0x0000000000000000       0x32 /cygdrive/c/projects/ST86Pro/soft/build/sl/app/lib/libapp_release.a(FiFoData.o)
 .comment       0x0000000000000000       0x32 /cygdrive/c/projects/ST86Pro/soft/build/sl/app/lib/libapp_release.a(Led.o)
 .comment       0x0000000000000000       0x32 /cygdrive/c/projects/ST86Pro/soft/build/sl/app/lib/libapp_release.a(ProData.o)
 .comment       0x0000000000000000       0x32 /cygdrive/c/projects/ST86Pro/soft/build/sl/app/lib/libapp_release.a(SysFile.o)
 .comment       0x0000000000000000       0x32 /cygdrive/c/projects/ST86Pro/soft/build/sl/app/lib/libapp_release.a(SysTickTime.o)
 .comment       0x0000000000000000       0x32 /cygdrive/c/projects/ST86Pro/soft/build/sl/app/lib/libapp_release.a(UART.o)
 .comment       0x0000000000000000       0x32 /cygdrive/c/projects/ST86Pro/soft/build/sl/app/lib/libapp_release.a(sl_app.o)
 .comment       0x0000000000000000       0x32 /cygdrive/c/projects/ST86Pro/soft/env/lib/gcc/mips-elf/4.4.2/libgcc.a(_addsub_df.o)
 .comment       0x0000000000000000       0x32 /cygdrive/c/projects/ST86Pro/soft/env/lib/gcc/mips-elf/4.4.2/libgcc.a(_mul_df.o)
 .comment       0x0000000000000000       0x32 /cygdrive/c/projects/ST86Pro/soft/env/lib/gcc/mips-elf/4.4.2/libgcc.a(_div_df.o)
 .comment       0x0000000000000000       0x32 /cygdrive/c/projects/ST86Pro/soft/env/lib/gcc/mips-elf/4.4.2/libgcc.a(_thenan_df.o)
 .comment       0x0000000000000000       0x32 /cygdrive/c/projects/ST86Pro/soft/env/lib/gcc/mips-elf/4.4.2/libgcc.a(_lshrdi3.o)
 .comment       0x0000000000000000       0x32 /cygdrive/c/projects/ST86Pro/soft/env/lib/gcc/mips-elf/4.4.2/libgcc.a(_ashldi3.o)
 .comment       0x0000000000000000       0x32 /cygdrive/c/projects/ST86Pro/soft/env/lib/gcc/mips-elf/4.4.2/libgcc.a(_ucmpdi2.o)
 .comment       0x0000000000000000       0x32 /cygdrive/c/projects/ST86Pro/soft/env/lib/gcc/mips-elf/4.4.2/libgcc.a(_pack_df.o)
 .comment       0x0000000000000000       0x32 /cygdrive/c/projects/ST86Pro/soft/env/lib/gcc/mips-elf/4.4.2/libgcc.a(_unpack_df.o)

.gnu.attributes
                0x0000000000000000       0x10
 .gnu.attributes
                0x0000000000000000       0x10 /cygdrive/c/projects/ST86Pro/soft/build/sl/app/lib/libapp_release.a(sl_app_init.o)
 .gnu.attributes
                0x0000000000000010       0x10 /cygdrive/c/projects/ST86Pro/soft/build/sl/app/lib/libapp_release.a(FiFoData.o)
 .gnu.attributes
                0x0000000000000020       0x10 /cygdrive/c/projects/ST86Pro/soft/build/sl/app/lib/libapp_release.a(Led.o)
 .gnu.attributes
                0x0000000000000030       0x10 /cygdrive/c/projects/ST86Pro/soft/build/sl/app/lib/libapp_release.a(ProData.o)
 .gnu.attributes
                0x0000000000000040       0x10 /cygdrive/c/projects/ST86Pro/soft/build/sl/app/lib/libapp_release.a(SysFile.o)
 .gnu.attributes
                0x0000000000000050       0x10 /cygdrive/c/projects/ST86Pro/soft/build/sl/app/lib/libapp_release.a(SysTickTime.o)
 .gnu.attributes
                0x0000000000000060       0x10 /cygdrive/c/projects/ST86Pro/soft/build/sl/app/lib/libapp_release.a(UART.o)
 .gnu.attributes
                0x0000000000000070       0x10 /cygdrive/c/projects/ST86Pro/soft/build/sl/app/lib/libapp_release.a(sl_app.o)
 .gnu.attributes
                0x0000000000000080       0x10 /cygdrive/c/projects/ST86Pro/soft/env/lib/gcc/mips-elf/4.4.2/libgcc.a(_addsub_df.o)
 .gnu.attributes
                0x0000000000000090       0x10 /cygdrive/c/projects/ST86Pro/soft/env/lib/gcc/mips-elf/4.4.2/libgcc.a(_mul_df.o)
 .gnu.attributes
                0x00000000000000a0       0x10 /cygdrive/c/projects/ST86Pro/soft/env/lib/gcc/mips-elf/4.4.2/libgcc.a(_div_df.o)
 .gnu.attributes
                0x00000000000000b0       0x10 /cygdrive/c/projects/ST86Pro/soft/env/lib/gcc/mips-elf/4.4.2/libgcc.a(_thenan_df.o)
 .gnu.attributes
                0x00000000000000c0       0x10 /cygdrive/c/projects/ST86Pro/soft/env/lib/gcc/mips-elf/4.4.2/libgcc.a(_lshrdi3.o)
 .gnu.attributes
                0x00000000000000d0       0x10 /cygdrive/c/projects/ST86Pro/soft/env/lib/gcc/mips-elf/4.4.2/libgcc.a(_ashldi3.o)
 .gnu.attributes
                0x00000000000000e0       0x10 /cygdrive/c/projects/ST86Pro/soft/env/lib/gcc/mips-elf/4.4.2/libgcc.a(_ucmpdi2.o)
 .gnu.attributes
                0x00000000000000f0       0x10 /cygdrive/c/projects/ST86Pro/soft/env/lib/gcc/mips-elf/4.4.2/libgcc.a(_pack_df.o)
 .gnu.attributes
                0x0000000000000100       0x10 /cygdrive/c/projects/ST86Pro/soft/env/lib/gcc/mips-elf/4.4.2/libgcc.a(_unpack_df.o)

.pdr            0x0000000000000000        0x0
 .pdr           0x0000000000000000        0x0 /cygdrive/c/projects/ST86Pro/soft/build/sl/app/lib/libapp_release.a(sl_app.o)
 .pdr           0x0000000000000000        0x0 /cygdrive/c/projects/ST86Pro/soft/env/lib/gcc/mips-elf/4.4.2/libgcc.a(_thenan_df.o)

.debug_abbrev   0x0000000000000000     0x1d92
 .debug_abbrev  0x0000000000000000      0x267 /cygdrive/c/projects/ST86Pro/soft/build/sl/app/lib/libapp_release.a(sl_app_init.o)
 .debug_abbrev  0x0000000000000267      0x262 /cygdrive/c/projects/ST86Pro/soft/build/sl/app/lib/libapp_release.a(FiFoData.o)
 .debug_abbrev  0x00000000000004c9      0x1f5 /cygdrive/c/projects/ST86Pro/soft/build/sl/app/lib/libapp_release.a(Led.o)
 .debug_abbrev  0x00000000000006be      0x331 /cygdrive/c/projects/ST86Pro/soft/build/sl/app/lib/libapp_release.a(ProData.o)
 .debug_abbrev  0x00000000000009ef      0x22a /cygdrive/c/projects/ST86Pro/soft/build/sl/app/lib/libapp_release.a(SysFile.o)
 .debug_abbrev  0x0000000000000c19       0xce /cygdrive/c/projects/ST86Pro/soft/build/sl/app/lib/libapp_release.a(SysTickTime.o)
 .debug_abbrev  0x0000000000000ce7      0x2a9 /cygdrive/c/projects/ST86Pro/soft/build/sl/app/lib/libapp_release.a(UART.o)
 .debug_abbrev  0x0000000000000f90      0x18b /cygdrive/c/projects/ST86Pro/soft/build/sl/app/lib/libapp_release.a(sl_app.o)
 .debug_abbrev  0x000000000000111b      0x1ea /cygdrive/c/projects/ST86Pro/soft/env/lib/gcc/mips-elf/4.4.2/libgcc.a(_addsub_df.o)
 .debug_abbrev  0x0000000000001305      0x200 /cygdrive/c/projects/ST86Pro/soft/env/lib/gcc/mips-elf/4.4.2/libgcc.a(_mul_df.o)
 .debug_abbrev  0x0000000000001505      0x1dc /cygdrive/c/projects/ST86Pro/soft/env/lib/gcc/mips-elf/4.4.2/libgcc.a(_div_df.o)
 .debug_abbrev  0x00000000000016e1       0xc3 /cygdrive/c/projects/ST86Pro/soft/env/lib/gcc/mips-elf/4.4.2/libgcc.a(_thenan_df.o)
 .debug_abbrev  0x00000000000017a4      0x104 /cygdrive/c/projects/ST86Pro/soft/env/lib/gcc/mips-elf/4.4.2/libgcc.a(_lshrdi3.o)
 .debug_abbrev  0x00000000000018a8       0xf7 /cygdrive/c/projects/ST86Pro/soft/env/lib/gcc/mips-elf/4.4.2/libgcc.a(_ashldi3.o)
 .debug_abbrev  0x000000000000199f       0xd0 /cygdrive/c/projects/ST86Pro/soft/env/lib/gcc/mips-elf/4.4.2/libgcc.a(_ucmpdi2.o)
 .debug_abbrev  0x0000000000001a6f      0x1c0 /cygdrive/c/projects/ST86Pro/soft/env/lib/gcc/mips-elf/4.4.2/libgcc.a(_pack_df.o)
 .debug_abbrev  0x0000000000001c2f      0x163 /cygdrive/c/projects/ST86Pro/soft/env/lib/gcc/mips-elf/4.4.2/libgcc.a(_unpack_df.o)

.debug_info     0x0000000000000000    0x1fd3d
 .debug_info    0x0000000000000000     0x4a5f /cygdrive/c/projects/ST86Pro/soft/build/sl/app/lib/libapp_release.a(sl_app_init.o)
 .debug_info    0x0000000000004a5f     0x44bb /cygdrive/c/projects/ST86Pro/soft/build/sl/app/lib/libapp_release.a(FiFoData.o)
 .debug_info    0x0000000000008f1a     0x42d8 /cygdrive/c/projects/ST86Pro/soft/build/sl/app/lib/libapp_release.a(Led.o)
 .debug_info    0x000000000000d1f2     0x4727 /cygdrive/c/projects/ST86Pro/soft/build/sl/app/lib/libapp_release.a(ProData.o)
 .debug_info    0x0000000000011919     0x446f /cygdrive/c/projects/ST86Pro/soft/build/sl/app/lib/libapp_release.a(SysFile.o)
 .debug_info    0x0000000000015d88      0x19b /cygdrive/c/projects/ST86Pro/soft/build/sl/app/lib/libapp_release.a(SysTickTime.o)
 .debug_info    0x0000000000015f23     0x449a /cygdrive/c/projects/ST86Pro/soft/build/sl/app/lib/libapp_release.a(UART.o)
 .debug_info    0x000000000001a3bd     0x417e /cygdrive/c/projects/ST86Pro/soft/build/sl/app/lib/libapp_release.a(sl_app.o)
 .debug_info    0x000000000001e53b      0x48e /cygdrive/c/projects/ST86Pro/soft/env/lib/gcc/mips-elf/4.4.2/libgcc.a(_addsub_df.o)
 .debug_info    0x000000000001e9c9      0x47e /cygdrive/c/projects/ST86Pro/soft/env/lib/gcc/mips-elf/4.4.2/libgcc.a(_mul_df.o)
 .debug_info    0x000000000001ee47      0x39e /cygdrive/c/projects/ST86Pro/soft/env/lib/gcc/mips-elf/4.4.2/libgcc.a(_div_df.o)
 .debug_info    0x000000000001f1e5      0x160 /cygdrive/c/projects/ST86Pro/soft/env/lib/gcc/mips-elf/4.4.2/libgcc.a(_thenan_df.o)
 .debug_info    0x000000000001f345      0x19b /cygdrive/c/projects/ST86Pro/soft/env/lib/gcc/mips-elf/4.4.2/libgcc.a(_lshrdi3.o)
 .debug_info    0x000000000001f4e0      0x19f /cygdrive/c/projects/ST86Pro/soft/env/lib/gcc/mips-elf/4.4.2/libgcc.a(_ashldi3.o)
 .debug_info    0x000000000001f67f      0x160 /cygdrive/c/projects/ST86Pro/soft/env/lib/gcc/mips-elf/4.4.2/libgcc.a(_ucmpdi2.o)
 .debug_info    0x000000000001f7df      0x2f8 /cygdrive/c/projects/ST86Pro/soft/env/lib/gcc/mips-elf/4.4.2/libgcc.a(_pack_df.o)
 .debug_info    0x000000000001fad7      0x266 /cygdrive/c/projects/ST86Pro/soft/env/lib/gcc/mips-elf/4.4.2/libgcc.a(_unpack_df.o)

.debug_line     0x0000000000000000     0x1980
 .debug_line    0x0000000000000000      0x301 /cygdrive/c/projects/ST86Pro/soft/build/sl/app/lib/libapp_release.a(sl_app_init.o)
 .debug_line    0x0000000000000301      0x2e5 /cygdrive/c/projects/ST86Pro/soft/build/sl/app/lib/libapp_release.a(FiFoData.o)
 .debug_line    0x00000000000005e6      0x22d /cygdrive/c/projects/ST86Pro/soft/build/sl/app/lib/libapp_release.a(Led.o)
 .debug_line    0x0000000000000813      0x3b2 /cygdrive/c/projects/ST86Pro/soft/build/sl/app/lib/libapp_release.a(ProData.o)
 .debug_line    0x0000000000000bc5      0x27b /cygdrive/c/projects/ST86Pro/soft/build/sl/app/lib/libapp_release.a(SysFile.o)
 .debug_line    0x0000000000000e40       0x9a /cygdrive/c/projects/ST86Pro/soft/build/sl/app/lib/libapp_release.a(SysTickTime.o)
 .debug_line    0x0000000000000eda      0x2ef /cygdrive/c/projects/ST86Pro/soft/build/sl/app/lib/libapp_release.a(UART.o)
 .debug_line    0x00000000000011c9      0x1b4 /cygdrive/c/projects/ST86Pro/soft/build/sl/app/lib/libapp_release.a(sl_app.o)
 .debug_line    0x000000000000137d      0x11b /cygdrive/c/projects/ST86Pro/soft/env/lib/gcc/mips-elf/4.4.2/libgcc.a(_addsub_df.o)
 .debug_line    0x0000000000001498       0xea /cygdrive/c/projects/ST86Pro/soft/env/lib/gcc/mips-elf/4.4.2/libgcc.a(_mul_df.o)
 .debug_line    0x0000000000001582       0xd4 /cygdrive/c/projects/ST86Pro/soft/env/lib/gcc/mips-elf/4.4.2/libgcc.a(_div_df.o)
 .debug_line    0x0000000000001656       0x69 /cygdrive/c/projects/ST86Pro/soft/env/lib/gcc/mips-elf/4.4.2/libgcc.a(_thenan_df.o)
 .debug_line    0x00000000000016bf       0x77 /cygdrive/c/projects/ST86Pro/soft/env/lib/gcc/mips-elf/4.4.2/libgcc.a(_lshrdi3.o)
 .debug_line    0x0000000000001736       0x79 /cygdrive/c/projects/ST86Pro/soft/env/lib/gcc/mips-elf/4.4.2/libgcc.a(_ashldi3.o)
 .debug_line    0x00000000000017af       0x6f /cygdrive/c/projects/ST86Pro/soft/env/lib/gcc/mips-elf/4.4.2/libgcc.a(_ucmpdi2.o)
 .debug_line    0x000000000000181e       0xbf /cygdrive/c/projects/ST86Pro/soft/env/lib/gcc/mips-elf/4.4.2/libgcc.a(_pack_df.o)
 .debug_line    0x00000000000018dd       0xa3 /cygdrive/c/projects/ST86Pro/soft/env/lib/gcc/mips-elf/4.4.2/libgcc.a(_unpack_df.o)

.debug_frame    0x0000000000000000      0x77c
 .debug_frame   0x0000000000000000      0x10c /cygdrive/c/projects/ST86Pro/soft/build/sl/app/lib/libapp_release.a(sl_app_init.o)
 .debug_frame   0x000000000000010c       0xfc /cygdrive/c/projects/ST86Pro/soft/build/sl/app/lib/libapp_release.a(FiFoData.o)
 .debug_frame   0x0000000000000208       0x80 /cygdrive/c/projects/ST86Pro/soft/build/sl/app/lib/libapp_release.a(Led.o)
 .debug_frame   0x0000000000000288      0x168 /cygdrive/c/projects/ST86Pro/soft/build/sl/app/lib/libapp_release.a(ProData.o)
 .debug_frame   0x00000000000003f0       0xb0 /cygdrive/c/projects/ST86Pro/soft/build/sl/app/lib/libapp_release.a(SysFile.o)
 .debug_frame   0x00000000000004a0       0x60 /cygdrive/c/projects/ST86Pro/soft/build/sl/app/lib/libapp_release.a(SysTickTime.o)
 .debug_frame   0x0000000000000500       0xd8 /cygdrive/c/projects/ST86Pro/soft/build/sl/app/lib/libapp_release.a(UART.o)
 .debug_frame   0x00000000000005d8       0x70 /cygdrive/c/projects/ST86Pro/soft/env/lib/gcc/mips-elf/4.4.2/libgcc.a(_addsub_df.o)
 .debug_frame   0x0000000000000648       0x30 /cygdrive/c/projects/ST86Pro/soft/env/lib/gcc/mips-elf/4.4.2/libgcc.a(_mul_df.o)
 .debug_frame   0x0000000000000678       0x30 /cygdrive/c/projects/ST86Pro/soft/env/lib/gcc/mips-elf/4.4.2/libgcc.a(_div_df.o)
 .debug_frame   0x00000000000006a8       0x2c /cygdrive/c/projects/ST86Pro/soft/env/lib/gcc/mips-elf/4.4.2/libgcc.a(_lshrdi3.o)
 .debug_frame   0x00000000000006d4       0x2c /cygdrive/c/projects/ST86Pro/soft/env/lib/gcc/mips-elf/4.4.2/libgcc.a(_ashldi3.o)
 .debug_frame   0x0000000000000700       0x2c /cygdrive/c/projects/ST86Pro/soft/env/lib/gcc/mips-elf/4.4.2/libgcc.a(_ucmpdi2.o)
 .debug_frame   0x000000000000072c       0x30 /cygdrive/c/projects/ST86Pro/soft/env/lib/gcc/mips-elf/4.4.2/libgcc.a(_pack_df.o)
 .debug_frame   0x000000000000075c       0x20 /cygdrive/c/projects/ST86Pro/soft/env/lib/gcc/mips-elf/4.4.2/libgcc.a(_unpack_df.o)

.debug_loc      0x0000000000000000     0x1a1b
 .debug_loc     0x0000000000000000      0x22c /cygdrive/c/projects/ST86Pro/soft/build/sl/app/lib/libapp_release.a(sl_app_init.o)
 .debug_loc     0x000000000000022c      0x244 /cygdrive/c/projects/ST86Pro/soft/build/sl/app/lib/libapp_release.a(FiFoData.o)
 .debug_loc     0x0000000000000470       0x7c /cygdrive/c/projects/ST86Pro/soft/build/sl/app/lib/libapp_release.a(Led.o)
 .debug_loc     0x00000000000004ec      0x664 /cygdrive/c/projects/ST86Pro/soft/build/sl/app/lib/libapp_release.a(ProData.o)
 .debug_loc     0x0000000000000b50      0x1c2 /cygdrive/c/projects/ST86Pro/soft/build/sl/app/lib/libapp_release.a(SysFile.o)
 .debug_loc     0x0000000000000d12      0x2d9 /cygdrive/c/projects/ST86Pro/soft/build/sl/app/lib/libapp_release.a(UART.o)
 .debug_loc     0x0000000000000feb      0x261 /cygdrive/c/projects/ST86Pro/soft/env/lib/gcc/mips-elf/4.4.2/libgcc.a(_addsub_df.o)
 .debug_loc     0x000000000000124c      0x167 /cygdrive/c/projects/ST86Pro/soft/env/lib/gcc/mips-elf/4.4.2/libgcc.a(_mul_df.o)
 .debug_loc     0x00000000000013b3      0x164 /cygdrive/c/projects/ST86Pro/soft/env/lib/gcc/mips-elf/4.4.2/libgcc.a(_div_df.o)
 .debug_loc     0x0000000000001517       0xbd /cygdrive/c/projects/ST86Pro/soft/env/lib/gcc/mips-elf/4.4.2/libgcc.a(_lshrdi3.o)
 .debug_loc     0x00000000000015d4       0xe5 /cygdrive/c/projects/ST86Pro/soft/env/lib/gcc/mips-elf/4.4.2/libgcc.a(_ashldi3.o)
 .debug_loc     0x00000000000016b9       0x6f /cygdrive/c/projects/ST86Pro/soft/env/lib/gcc/mips-elf/4.4.2/libgcc.a(_ucmpdi2.o)
 .debug_loc     0x0000000000001728      0x204 /cygdrive/c/projects/ST86Pro/soft/env/lib/gcc/mips-elf/4.4.2/libgcc.a(_pack_df.o)
 .debug_loc     0x000000000000192c       0xef /cygdrive/c/projects/ST86Pro/soft/env/lib/gcc/mips-elf/4.4.2/libgcc.a(_unpack_df.o)

.debug_pubnames
                0x0000000000000000      0x5e4
 .debug_pubnames
                0x0000000000000000       0xde /cygdrive/c/projects/ST86Pro/soft/build/sl/app/lib/libapp_release.a(sl_app_init.o)
 .debug_pubnames
                0x00000000000000de       0xb8 /cygdrive/c/projects/ST86Pro/soft/build/sl/app/lib/libapp_release.a(FiFoData.o)
 .debug_pubnames
                0x0000000000000196       0x4e /cygdrive/c/projects/ST86Pro/soft/build/sl/app/lib/libapp_release.a(Led.o)
 .debug_pubnames
                0x00000000000001e4      0x109 /cygdrive/c/projects/ST86Pro/soft/build/sl/app/lib/libapp_release.a(ProData.o)
 .debug_pubnames
                0x00000000000002ed       0x7c /cygdrive/c/projects/ST86Pro/soft/build/sl/app/lib/libapp_release.a(SysFile.o)
 .debug_pubnames
                0x0000000000000369       0x88 /cygdrive/c/projects/ST86Pro/soft/build/sl/app/lib/libapp_release.a(SysTickTime.o)
 .debug_pubnames
                0x00000000000003f1       0xae /cygdrive/c/projects/ST86Pro/soft/build/sl/app/lib/libapp_release.a(UART.o)
 .debug_pubnames
                0x000000000000049f       0x19 /cygdrive/c/projects/ST86Pro/soft/build/sl/app/lib/libapp_release.a(sl_app.o)
 .debug_pubnames
                0x00000000000004b8       0x2c /cygdrive/c/projects/ST86Pro/soft/env/lib/gcc/mips-elf/4.4.2/libgcc.a(_addsub_df.o)
 .debug_pubnames
                0x00000000000004e4       0x1f /cygdrive/c/projects/ST86Pro/soft/env/lib/gcc/mips-elf/4.4.2/libgcc.a(_mul_df.o)
 .debug_pubnames
                0x0000000000000503       0x1f /cygdrive/c/projects/ST86Pro/soft/env/lib/gcc/mips-elf/4.4.2/libgcc.a(_div_df.o)
 .debug_pubnames
                0x0000000000000522       0x22 /cygdrive/c/projects/ST86Pro/soft/env/lib/gcc/mips-elf/4.4.2/libgcc.a(_thenan_df.o)
 .debug_pubnames
                0x0000000000000544       0x20 /cygdrive/c/projects/ST86Pro/soft/env/lib/gcc/mips-elf/4.4.2/libgcc.a(_lshrdi3.o)
 .debug_pubnames
                0x0000000000000564       0x20 /cygdrive/c/projects/ST86Pro/soft/env/lib/gcc/mips-elf/4.4.2/libgcc.a(_ashldi3.o)
 .debug_pubnames
                0x0000000000000584       0x20 /cygdrive/c/projects/ST86Pro/soft/env/lib/gcc/mips-elf/4.4.2/libgcc.a(_ucmpdi2.o)
 .debug_pubnames
                0x00000000000005a4       0x1f /cygdrive/c/projects/ST86Pro/soft/env/lib/gcc/mips-elf/4.4.2/libgcc.a(_pack_df.o)
 .debug_pubnames
                0x00000000000005c3       0x21 /cygdrive/c/projects/ST86Pro/soft/env/lib/gcc/mips-elf/4.4.2/libgcc.a(_unpack_df.o)

.debug_aranges  0x0000000000000000      0x378
 .debug_aranges
                0x0000000000000000       0x58 /cygdrive/c/projects/ST86Pro/soft/build/sl/app/lib/libapp_release.a(sl_app_init.o)
 .debug_aranges
                0x0000000000000058       0x60 /cygdrive/c/projects/ST86Pro/soft/build/sl/app/lib/libapp_release.a(FiFoData.o)
 .debug_aranges
                0x00000000000000b8       0x38 /cygdrive/c/projects/ST86Pro/soft/build/sl/app/lib/libapp_release.a(Led.o)
 .debug_aranges
                0x00000000000000f0       0xa0 /cygdrive/c/projects/ST86Pro/soft/build/sl/app/lib/libapp_release.a(ProData.o)
 .debug_aranges
                0x0000000000000190       0x48 /cygdrive/c/projects/ST86Pro/soft/build/sl/app/lib/libapp_release.a(SysFile.o)
 .debug_aranges
                0x00000000000001d8       0x40 /cygdrive/c/projects/ST86Pro/soft/build/sl/app/lib/libapp_release.a(SysTickTime.o)
 .debug_aranges
                0x0000000000000218       0x60 /cygdrive/c/projects/ST86Pro/soft/build/sl/app/lib/libapp_release.a(UART.o)
 .debug_aranges
                0x0000000000000278       0x20 /cygdrive/c/projects/ST86Pro/soft/env/lib/gcc/mips-elf/4.4.2/libgcc.a(_addsub_df.o)
 .debug_aranges
                0x0000000000000298       0x20 /cygdrive/c/projects/ST86Pro/soft/env/lib/gcc/mips-elf/4.4.2/libgcc.a(_mul_df.o)
 .debug_aranges
                0x00000000000002b8       0x20 /cygdrive/c/projects/ST86Pro/soft/env/lib/gcc/mips-elf/4.4.2/libgcc.a(_div_df.o)
 .debug_aranges
                0x00000000000002d8       0x20 /cygdrive/c/projects/ST86Pro/soft/env/lib/gcc/mips-elf/4.4.2/libgcc.a(_lshrdi3.o)
 .debug_aranges
                0x00000000000002f8       0x20 /cygdrive/c/projects/ST86Pro/soft/env/lib/gcc/mips-elf/4.4.2/libgcc.a(_ashldi3.o)
 .debug_aranges
                0x0000000000000318       0x20 /cygdrive/c/projects/ST86Pro/soft/env/lib/gcc/mips-elf/4.4.2/libgcc.a(_ucmpdi2.o)
 .debug_aranges
                0x0000000000000338       0x20 /cygdrive/c/projects/ST86Pro/soft/env/lib/gcc/mips-elf/4.4.2/libgcc.a(_pack_df.o)
 .debug_aranges
                0x0000000000000358       0x20 /cygdrive/c/projects/ST86Pro/soft/env/lib/gcc/mips-elf/4.4.2/libgcc.a(_unpack_df.o)

.debug_ranges   0x0000000000000000      0x260
 .debug_ranges  0x0000000000000000       0x50 /cygdrive/c/projects/ST86Pro/soft/build/sl/app/lib/libapp_release.a(sl_app_init.o)
 .debug_ranges  0x0000000000000050       0x58 /cygdrive/c/projects/ST86Pro/soft/build/sl/app/lib/libapp_release.a(FiFoData.o)
 .debug_ranges  0x00000000000000a8       0x30 /cygdrive/c/projects/ST86Pro/soft/build/sl/app/lib/libapp_release.a(Led.o)
 .debug_ranges  0x00000000000000d8       0x98 /cygdrive/c/projects/ST86Pro/soft/build/sl/app/lib/libapp_release.a(ProData.o)
 .debug_ranges  0x0000000000000170       0x40 /cygdrive/c/projects/ST86Pro/soft/build/sl/app/lib/libapp_release.a(SysFile.o)
 .debug_ranges  0x00000000000001b0       0x38 /cygdrive/c/projects/ST86Pro/soft/build/sl/app/lib/libapp_release.a(SysTickTime.o)
 .debug_ranges  0x00000000000001e8       0x58 /cygdrive/c/projects/ST86Pro/soft/build/sl/app/lib/libapp_release.a(UART.o)
 .debug_ranges  0x0000000000000240       0x20 /cygdrive/c/projects/ST86Pro/soft/env/lib/gcc/mips-elf/4.4.2/libgcc.a(_mul_df.o)

.debug_str      0x0000000000000000     0x5172
 .debug_str     0x0000000000000000     0x48c5 /cygdrive/c/projects/ST86Pro/soft/build/sl/app/lib/libapp_release.a(sl_app_init.o)
                                       0x4986 (size before relaxing)
 .debug_str     0x00000000000048c5      0x135 /cygdrive/c/projects/ST86Pro/soft/build/sl/app/lib/libapp_release.a(FiFoData.o)
                                       0x3b08 (size before relaxing)
 .debug_str     0x00000000000049fa       0x49 /cygdrive/c/projects/ST86Pro/soft/build/sl/app/lib/libapp_release.a(Led.o)
                                       0x3adc (size before relaxing)
 .debug_str     0x0000000000004a43      0x135 /cygdrive/c/projects/ST86Pro/soft/build/sl/app/lib/libapp_release.a(ProData.o)
                                       0x3af6 (size before relaxing)
 .debug_str     0x0000000000004b78      0x18a /cygdrive/c/projects/ST86Pro/soft/build/sl/app/lib/libapp_release.a(SysFile.o)
                                       0x3b64 (size before relaxing)
 .debug_str     0x0000000000004d02       0x70 /cygdrive/c/projects/ST86Pro/soft/build/sl/app/lib/libapp_release.a(SysTickTime.o)
                                        0x17f (size before relaxing)
 .debug_str     0x0000000000004d72      0x127 /cygdrive/c/projects/ST86Pro/soft/build/sl/app/lib/libapp_release.a(UART.o)
                                       0x3b2e (size before relaxing)
 .debug_str     0x0000000000004e99        0xd /cygdrive/c/projects/ST86Pro/soft/build/sl/app/lib/libapp_release.a(sl_app.o)
                                       0x39be (size before relaxing)
 .debug_str     0x0000000000004ea6      0x191 /cygdrive/c/projects/ST86Pro/soft/env/lib/gcc/mips-elf/4.4.2/libgcc.a(_addsub_df.o)
                                        0x24d (size before relaxing)
 .debug_str     0x0000000000005037       0x45 /cygdrive/c/projects/ST86Pro/soft/env/lib/gcc/mips-elf/4.4.2/libgcc.a(_mul_df.o)
                                        0x21f (size before relaxing)
 .debug_str     0x000000000000507c       0x35 /cygdrive/c/projects/ST86Pro/soft/env/lib/gcc/mips-elf/4.4.2/libgcc.a(_div_df.o)
                                        0x20f (size before relaxing)
 .debug_str     0x0000000000000000      0x179 /cygdrive/c/projects/ST86Pro/soft/env/lib/gcc/mips-elf/4.4.2/libgcc.a(_thenan_df.o)
 .debug_str     0x00000000000050b1       0x7c /cygdrive/c/projects/ST86Pro/soft/env/lib/gcc/mips-elf/4.4.2/libgcc.a(_lshrdi3.o)
                                        0x185 (size before relaxing)
 .debug_str     0x000000000000512d        0xa /cygdrive/c/projects/ST86Pro/soft/env/lib/gcc/mips-elf/4.4.2/libgcc.a(_ashldi3.o)
                                        0x185 (size before relaxing)
 .debug_str     0x0000000000005137       0x1a /cygdrive/c/projects/ST86Pro/soft/env/lib/gcc/mips-elf/4.4.2/libgcc.a(_ucmpdi2.o)
                                        0x174 (size before relaxing)
 .debug_str     0x0000000000005151       0x16 /cygdrive/c/projects/ST86Pro/soft/env/lib/gcc/mips-elf/4.4.2/libgcc.a(_pack_df.o)
                                        0x1dc (size before relaxing)
 .debug_str     0x0000000000005167        0xb /cygdrive/c/projects/ST86Pro/soft/env/lib/gcc/mips-elf/4.4.2/libgcc.a(_unpack_df.o)
                                        0x1be (size before relaxing)
