Archive member included because of file (symbol)

/cygdrive/c/projects/ST86QDLOV/soft/build/sl_app/app/lib/libapp_release.a(sl_app_init.o)
                              (SL_Entry)
/cygdrive/c/projects/ST86QDLOV/soft/build/sl_app/app/lib/libapp_release.a(FiFoData.o)
                              /cygdrive/c/projects/ST86QDLOV/soft/build/sl_app/app/lib/libapp_release.a(sl_app_init.o) (LoadSendQueue)
/cygdrive/c/projects/ST86QDLOV/soft/build/sl_app/app/lib/libapp_release.a(GNSS.o)
                              /cygdrive/c/projects/ST86QDLOV/soft/build/sl_app/app/lib/libapp_release.a(sl_app_init.o) (GnssDataParse)
/cygdrive/c/projects/ST86QDLOV/soft/build/sl_app/app/lib/libapp_release.a(Gprs.o)
                              /cygdrive/c/projects/ST86QDLOV/soft/build/sl_app/app/lib/libapp_release.a(sl_app_init.o) (InitTcpIp)
/cygdrive/c/projects/ST86QDLOV/soft/build/sl_app/app/lib/libapp_release.a(Led.o)
                              /cygdrive/c/projects/ST86QDLOV/soft/build/sl_app/app/lib/libapp_release.a(sl_app_init.o) (Init_Led)
/cygdrive/c/projects/ST86QDLOV/soft/build/sl_app/app/lib/libapp_release.a(ProData.o)
                              /cygdrive/c/projects/ST86QDLOV/soft/build/sl_app/app/lib/libapp_release.a(GNSS.o) (LookForStr)
/cygdrive/c/projects/ST86QDLOV/soft/build/sl_app/app/lib/libapp_release.a(Rtc.o)
                              /cygdrive/c/projects/ST86QDLOV/soft/build/sl_app/app/lib/libapp_release.a(GNSS.o) (CalendarToUnix)
/cygdrive/c/projects/ST86QDLOV/soft/build/sl_app/app/lib/libapp_release.a(SysFile.o)
                              /cygdrive/c/projects/ST86QDLOV/soft/build/sl_app/app/lib/libapp_release.a(Gprs.o) (GetSysCfgSpace)
/cygdrive/c/projects/ST86QDLOV/soft/build/sl_app/app/lib/libapp_release.a(SysProcess.o)
                              /cygdrive/c/projects/ST86QDLOV/soft/build/sl_app/app/lib/libapp_release.a(GNSS.o) (ResetNextTime)
/cygdrive/c/projects/ST86QDLOV/soft/build/sl_app/app/lib/libapp_release.a(SysTickTime.o)
                              /cygdrive/c/projects/ST86QDLOV/soft/build/sl_app/app/lib/libapp_release.a(GNSS.o) (init_stopwatch16)
/cygdrive/c/projects/ST86QDLOV/soft/build/sl_app/app/lib/libapp_release.a(TcpIPUpload.o)
                              /cygdrive/c/projects/ST86QDLOV/soft/build/sl_app/app/lib/libapp_release.a(Gprs.o) (ResetHeatSw)
/cygdrive/c/projects/ST86QDLOV/soft/build/sl_app/app/lib/libapp_release.a(Terminal.o)
                              /cygdrive/c/projects/ST86QDLOV/soft/build/sl_app/app/lib/libapp_release.a(SysProcess.o) (GetTerStateDataSpace)
/cygdrive/c/projects/ST86QDLOV/soft/build/sl_app/app/lib/libapp_release.a(UART.o)
                              /cygdrive/c/projects/ST86QDLOV/soft/build/sl_app/app/lib/libapp_release.a(sl_app_init.o) (UART1_Init)
/cygdrive/c/projects/ST86QDLOV/soft/build/sl_app/app/lib/libapp_release.a(VersionNum.o)
                              /cygdrive/c/projects/ST86QDLOV/soft/build/sl_app/app/lib/libapp_release.a(Terminal.o) (GetVerNum)
/cygdrive/c/projects/ST86QDLOV/soft/build/sl_app/app/lib/libapp_release.a(sl_app.o)
                              /cygdrive/c/projects/ST86QDLOV/soft/build/sl_app/app/lib/libapp_release.a(sl_app_init.o) (AA)
/cygdrive/c/projects/ST86QDLOV/soft/build/sl_app/app/lib/libapp_release.a(BuildDataPacket.o)
                              /cygdrive/c/projects/ST86QDLOV/soft/build/sl_app/app/lib/libapp_release.a(Gprs.o) (BuildCompletePacket)
/crosscompiler/bin/../lib/gcc/mips-elf/4.4.2/libgcc.a(_fixunssfsi.o)
                              /cygdrive/c/projects/ST86QDLOV/soft/build/sl_app/app/lib/libapp_release.a(BuildDataPacket.o) (__fixunssfsi)
/crosscompiler/bin/../lib/gcc/mips-elf/4.4.2/libgcc.a(_fixunsdfsi.o)
                              /cygdrive/c/projects/ST86QDLOV/soft/build/sl_app/app/lib/libapp_release.a(GNSS.o) (__fixunsdfsi)
/crosscompiler/bin/../lib/gcc/mips-elf/4.4.2/libgcc.a(_addsub_sf.o)
                              /crosscompiler/bin/../lib/gcc/mips-elf/4.4.2/libgcc.a(_fixunssfsi.o) (__subsf3)
/crosscompiler/bin/../lib/gcc/mips-elf/4.4.2/libgcc.a(_ge_sf.o)
                              /crosscompiler/bin/../lib/gcc/mips-elf/4.4.2/libgcc.a(_fixunssfsi.o) (__gesf2)
/crosscompiler/bin/../lib/gcc/mips-elf/4.4.2/libgcc.a(_lt_sf.o)
                              /cygdrive/c/projects/ST86QDLOV/soft/build/sl_app/app/lib/libapp_release.a(SysProcess.o) (__ltsf2)
/crosscompiler/bin/../lib/gcc/mips-elf/4.4.2/libgcc.a(_sf_to_si.o)
                              /crosscompiler/bin/../lib/gcc/mips-elf/4.4.2/libgcc.a(_fixunssfsi.o) (__fixsfsi)
/crosscompiler/bin/../lib/gcc/mips-elf/4.4.2/libgcc.a(_sf_to_df.o)
                              /cygdrive/c/projects/ST86QDLOV/soft/build/sl_app/app/lib/libapp_release.a(GNSS.o) (__extendsfdf2)
/crosscompiler/bin/../lib/gcc/mips-elf/4.4.2/libgcc.a(_thenan_sf.o)
                              /crosscompiler/bin/../lib/gcc/mips-elf/4.4.2/libgcc.a(_addsub_sf.o) (__thenan_sf)
/crosscompiler/bin/../lib/gcc/mips-elf/4.4.2/libgcc.a(_addsub_df.o)
[...]
Memory Configuration

Name             Origin             Length             Attributes
*default*        0x0000000000000000 0xffffffffffffffff

Linker script and memory map

LOAD /cygdrive/c/projects/ST86QDLOV/soft/lib/mem_bridge_rom_CHIP.elf
                0xffffffff82500000                . = 0xffffffff82500000
                0xffffffff82500000                _ram_start = .
                0xffffffff82500000                _ram_functab_start = 0xffffffff82500000

.functab        0xffffffff82500000      0x520
 *(.functab)
 .functab       0xffffffff82500000      0x518 /cygdrive/c/projects/ST86QDLOV/soft/build/sl_app/app/lib/libapp_release.a(sl_app.o)
                0xffffffff82500000                AA
                0xffffffff82500520                . = ALIGN (0x10)
 *fill*         0xffffffff82500518        0x8 00
                0xffffffff82500520                _ram_functab_end = .
                0x0000000000000520                _ram_functab_size = (_ram_functab_end - _ram_functab_start)
                0x0000000000000001                ASSERT ((0xffffffff82500800 > ABSOLUTE (_ram_functab_end)), Functab on External RAM overflow !)
                0xffffffff82500800                . = 0xffffffff82500800

.rotext         0xffffffff82500800      0x2d0
 *(.app_entry)
 .app_entry     0xffffffff82500800      0x2c4 /cygdrive/c/projects/ST86QDLOV/soft/build/sl_app/app/lib/libapp_release.a(sl_app_init.o)
                0xffffffff82500801                SL_Entry
 *(.rotext)
                0xffffffff82500ad0                . = ALIGN (0x10)
 *fill*         0xffffffff82500ac4        0xc 00
                0xffffffff82500ae0                . = ALIGN (0x20)

.rodata         0xffffffff82500ae0      0x140
 *(.rodata)
 .rodata        0xffffffff82500ae0       0x10 /crosscompiler/bin/../lib/gcc/mips-elf/4.4.2/libgcc.a(_thenan_sf.o)
                0xffffffff82500ae0                __thenan_sf
 .rodata        0xffffffff82500af0       0x18 /crosscompiler/bin/../lib/gcc/mips-elf/4.4.2/libgcc.a(_thenan_df.o)
                0xffffffff82500af0                __thenan_df
 .rodata        0xffffffff82500b08      0x100 /crosscompiler/bin/../lib/gcc/mips-elf/4.4.2/libgcc.a(_clz.o)
                0xffffffff82500b08                __clz_tab
                0xffffffff82500c20                . = ALIGN (0x20)
 *fill*         0xffffffff82500c08       0x18 00

.ram            0xffffffff82500c20        0x0
                0xffffffff82500c20                _ram_special_cached_start = .
                0xffffffff82500c20                _ram_txt_start = .
 *(.ram)
                0xffffffff82500c20                . = ALIGN (0x10)
                0xffffffff82500c20                _ram_special_cached_end = .
                0x0000000000000000                _ram_special_cached_size = (_ram_special_cached_end - _ram_special_cached_start)

.ramtext        0xffffffff82500c20     0x7eb0
                0xffffffff82500c20                _ram_cached_txt_start = .
 *(.text .text.* .stub .gnu.linkonce.t.*)
 .text.SL_AppSendMsg
                0xffffffff82500c20       0x40 /cygdrive/c/projects/ST86QDLOV/soft/build/sl_app/app/lib/libapp_release.a(sl_app_init.o)
                0xffffffff82500c21                SL_AppSendMsg
 .text.GetSendQueueSpace
                0xffffffff82500c60        0xc /cygdrive/c/projects/ST86QDLOV/soft/build/sl_app/app/lib/libapp_release.a(FiFoData.o)
                0xffffffff82500c61                GetSendQueueSpace
 .text.WriteSendQueue
                0xffffffff82500c6c       0xf8 /cygdrive/c/projects/ST86QDLOV/soft/build/sl_app/app/lib/libapp_release.a(FiFoData.o)
                0xffffffff82500c6d                WriteSendQueue
 .text.ClearSendQueue
                0xffffffff82500d64       0x38 /cygdrive/c/projects/ST86QDLOV/soft/build/sl_app/app/lib/libapp_release.a(FiFoData.o)
                0xffffffff82500d65                ClearSendQueue
 .text.WriteCmdDataBuf
                0xffffffff82500d9c       0x40 /cygdrive/c/projects/ST86QDLOV/soft/build/sl_app/app/lib/libapp_release.a(FiFoData.o)
                0xffffffff82500d9d                WriteCmdDataBuf
 .text.ReadCmdDataBuf
                0xffffffff82500ddc       0x30 /cygdrive/c/projects/ST86QDLOV/soft/build/sl_app/app/lib/libapp_release.a(FiFoData.o)
                0xffffffff82500ddd                ReadCmdDataBuf
 .text.ClearCmdData
                0xffffffff82500e0c       0x10 /cygdrive/c/projects/ST86QDLOV/soft/build/sl_app/app/lib/libapp_release.a(FiFoData.o)
                0xffffffff82500e0d                ClearCmdData
 .text.LoadSendQueue
                0xffffffff82500e1c       0xa4 /cygdrive/c/projects/ST86QDLOV/soft/build/sl_app/app/lib/libapp_release.a(FiFoData.o)
                0xffffffff82500e1d                LoadSendQueue
 .text.SaveSendQueue
                0xffffffff82500ec0       0xa8 /cygdrive/c/projects/ST86QDLOV/soft/build/sl_app/app/lib/libapp_release.a(FiFoData.o)
                0xffffffff82500ec1                SaveSendQueue
 .text.ReadSendQueue
                0xffffffff82500f68       0xdc /cygdrive/c/projects/ST86QDLOV/soft/build/sl_app/app/lib/libapp_release.a(FiFoData.o)
                0xffffffff82500f69                ReadSendQueue
 .text.GetComma
                0xffffffff82501044       0x34 /cygdrive/c/projects/ST86QDLOV/soft/build/sl_app/app/lib/libapp_release.a(GNSS.o)
                0xffffffff82501045                GetComma
 .text.StrToDouble
                0xffffffff82501078      0x180 /cygdrive/c/projects/ST86QDLOV/soft/build/sl_app/app/lib/libapp_release.a(GNSS.o)
                0xffffffff82501079                StrToDouble
 .text.GetDataStr
                0xffffffff825011f8       0x68 /cygdrive/c/projects/ST86QDLOV/soft/build/sl_app/app/lib/libapp_release.a(GNSS.o)
                0xffffffff825011f9                GetDataStr
 .text.GetGnssDataSpace
                0xffffffff82501260        0xc /cygdrive/c/projects/ST86QDLOV/soft/build/sl_app/app/lib/libapp_release.a(GNSS.o)
                0xffffffff82501261                GetGnssDataSpace
 .text.GnssDataVerfy
                0xffffffff8250126c       0x58 /cygdrive/c/projects/ST86QDLOV/soft/build/sl_app/app/lib/libapp_release.a(GNSS.o)
 *fill*         0xffffffff825012c4        0x4 00000000
 .text.GnssDataFilter
                0xffffffff825012c8       0x78 /cygdrive/c/projects/ST86QDLOV/soft/build/sl_app/app/lib/libapp_release.a(GNSS.o)
 .text.GnssDataParse
                0xffffffff82501340      0x6d8 /cygdrive/c/projects/ST86QDLOV/soft/build/sl_app/app/lib/libapp_release.a(GNSS.o)
                0xffffffff82501341                GnssDataParse
 .text.GetTcpIpSocketSpce
                0xffffffff82501a18        0xc /cygdrive/c/projects/ST86QDLOV/soft/build/sl_app/app/lib/libapp_release.a(Gprs.o)
                0xffffffff82501a19                GetTcpIpSocketSpce
 .text.AppGprsNetActRsp
                0xffffffff82501a24       0x54 /cygdrive/c/projects/ST86QDLOV/soft/build/sl_app/app/lib/libapp_release.a(Gprs.o)
                0xffffffff82501a25                AppGprsNetActRsp
 .text.AppGprsNetDeactRsp
                0xffffffff82501a78       0x40 /cygdrive/c/projects/ST86QDLOV/soft/build/sl_app/app/lib/libapp_release.a(Gprs.o)
                0xffffffff82501a79                AppGprsNetDeactRsp
 .text.AppTcpipConnRsp
                0xffffffff82501ab8       0x1c /cygdrive/c/projects/ST86QDLOV/soft/build/sl_app/app/lib/libapp_release.a(Gprs.o)
                0xffffffff82501ab9                AppTcpipConnRsp
 .text.AppTcpipSendRsp
                0xffffffff82501ad4       0x4c /cygdrive/c/projects/ST86QDLOV/soft/build/sl_app/app/lib/libapp_release.a(Gprs.o)
                0xffffffff82501ad5                AppTcpipSendRsp
 .text.AppTcpipCloseRsp
                0xffffffff82501b20       0x50 /cygdrive/c/projects/ST86QDLOV/soft/build/sl_app/app/lib/libapp_release.a(Gprs.o)
                0xffffffff82501b21                AppTcpipCloseRsp
 .text.InitTcpIp
                0xffffffff82501b70       0x60 /cygdrive/c/projects/ST86QDLOV/soft/build/sl_app/app/lib/libapp_release.a(Gprs.o)
                0xffffffff82501b71                InitTcpIp
 .text.AppFtpOpenCB
                0xffffffff82501bd0       0x14 /cygdrive/c/projects/ST86QDLOV/soft/build/sl_app/app/lib/libapp_release.a(Gprs.o)
                0xffffffff82501bd1                AppFtpOpenCB
 .text.AppFtpDownloadCB
                0xffffffff82501be4       0x5c /cygdrive/c/projects/ST86QDLOV/soft/build/sl_app/app/lib/libapp_release.a(Gprs.o)
                0xffffffff82501be5                AppFtpDownloadCB
 .text.AppFtpOpen
                0xffffffff82501c40       0x64 /cygdrive/c/projects/ST86QDLOV/soft/build/sl_app/app/lib/libapp_release.a(Gprs.o)
 .text.AppSendTcpIpSocket
                0xffffffff82501ca4       0x44 /cygdrive/c/projects/ST86QDLOV/soft/build/sl_app/app/lib/libapp_release.a(Gprs.o)
                0xffffffff82501ca5                AppSendTcpIpSocket
 .text.ReadSendState
                0xffffffff82501ce8       0x28 /cygdrive/c/projects/ST86QDLOV/soft/build/sl_app/app/lib/libapp_release.a(Gprs.o)
                0xffffffff82501ce9                ReadSendState
 .text.AppGetICCId
                0xffffffff82501d10       0x4c /cygdrive/c/projects/ST86QDLOV/soft/build/sl_app/app/lib/libapp_release.a(Gprs.o)
                0xffffffff82501d11                AppGetICCId
 .text.AppGetHostIpByNameCb
                0xffffffff82501d5c       0x7c /cygdrive/c/projects/ST86QDLOV/soft/build/sl_app/app/lib/libapp_release.a(Gprs.o)
                0xffffffff82501d5d                AppGetHostIpByNameCb
 .text.AppSmsFullCb
                0xffffffff82501dd8       0x1c /cygdrive/c/projects/ST86QDLOV/soft/build/sl_app/app/lib/libapp_release.a(Gprs.o)
                0xffffffff82501dd9                AppSmsFullCb
 .text.InitSms  0xffffffff82501df4       0x4c /cygdrive/c/projects/ST86QDLOV/soft/build/sl_app/app/lib/libapp_release.a(Gprs.o)
                0xffffffff82501df5                InitSms
 .text.ProcessSMSRecv
                0xffffffff82501e40      0x244 /cygdrive/c/projects/ST86QDLOV/soft/build/sl_app/app/lib/libapp_release.a(Gprs.o)
                0xffffffff82501e41                ProcessSMSRecv
 .text.AppSmsRcvCb
                0xffffffff82502084       0x90 /cygdrive/c/projects/ST86QDLOV/soft/build/sl_app/app/lib/libapp_release.a(Gprs.o)
                0xffffffff82502085                AppSmsRcvCb
 .text.AppTcpipRcvRsp
                0xffffffff82502114       0x6c /cygdrive/c/projects/ST86QDLOV/soft/build/sl_app/app/lib/libapp_release.a(Gprs.o)
                0xffffffff82502115                AppTcpipRcvRsp
 .text.ProcessCmd
                0xffffffff82502180      0x8e0 /cygdrive/c/projects/ST86QDLOV/soft/build/sl_app/app/lib/libapp_release.a(Gprs.o)
                0xffffffff82502181                ProcessCmd
 .text.ProcessGprsRecv
                0xffffffff82502a60      0x570 /cygdrive/c/projects/ST86QDLOV/soft/build/sl_app/app/lib/libapp_release.a(Gprs.o)
                0xffffffff82502a61                ProcessGprsRecv
 .text.SaveIpAddrBack
                0xffffffff82502fd0       0x38 /cygdrive/c/projects/ST86QDLOV/soft/build/sl_app/app/lib/libapp_release.a(Gprs.o)
                0xffffffff82502fd1                SaveIpAddrBack
 .text.ProcessSocketClient
                0xffffffff82503008      0x878 /cygdrive/c/projects/ST86QDLOV/soft/build/sl_app/app/lib/libapp_release.a(Gprs.o)
                0xffffffff82503009                ProcessSocketClient
 .text.ReadIpAddrBack
                0xffffffff82503880       0x38 /cygdrive/c/projects/ST86QDLOV/soft/build/sl_app/app/lib/libapp_release.a(Gprs.o)
                0xffffffff82503881                ReadIpAddrBack
 .text.AppFtpCloseCB
                0xffffffff825038b8       0x84 /cygdrive/c/projects/ST86QDLOV/soft/build/sl_app/app/lib/libapp_release.a(Gprs.o)
                0xffffffff825038b9                AppFtpCloseCB
 .text.Init_Led
                0xffffffff8250393c       0x48 /cygdrive/c/projects/ST86QDLOV/soft/build/sl_app/app/lib/libapp_release.a(Led.o)
                0xffffffff8250393d                Init_Led
 .text.GnssLedOn
                0xffffffff82503984       0x1c /cygdrive/c/projects/ST86QDLOV/soft/build/sl_app/app/lib/libapp_release.a(Led.o)
                0xffffffff82503985                GnssLedOn
 .text.GnssLedOff
                0xffffffff825039a0       0x1c /cygdrive/c/projects/ST86QDLOV/soft/build/sl_app/app/lib/libapp_release.a(Led.o)
                0xffffffff825039a1                GnssLedOff
 .text.GsmLedOn
                0xffffffff825039bc       0x1c /cygdrive/c/projects/ST86QDLOV/soft/build/sl_app/app/lib/libapp_release.a(Led.o)
 .text.ProcessGnssLed
                0xffffffff825039d8      0x100 /cygdrive/c/projects/ST86QDLOV/soft/build/sl_app/app/lib/libapp_release.a(Led.o)
                0xffffffff825039d9                ProcessGnssLed
 .text.ProcessGsmLed
                0xffffffff82503ad8       0xd8 /cygdrive/c/projects/ST86QDLOV/soft/build/sl_app/app/lib/libapp_release.a(Led.o)
                0xffffffff82503ad9                ProcessGsmLed
 .text.LookForStr
                0xffffffff82503bb0       0x4c /cygdrive/c/projects/ST86QDLOV/soft/build/sl_app/app/lib/libapp_release.a(ProData.o)
                0xffffffff82503bb1                LookForStr
 .text.CalcCrc8
                0xffffffff82503bfc       0x54 /cygdrive/c/projects/ST86QDLOV/soft/build/sl_app/app/lib/libapp_release.a(ProData.o)
                0xffffffff82503bfd                CalcCrc8
 .text.BccVerify
                0xffffffff82503c50       0x1c /cygdrive/c/projects/ST86QDLOV/soft/build/sl_app/app/lib/libapp_release.a(ProData.o)
                0xffffffff82503c51                BccVerify
 .text.VerfySum
                0xffffffff82503c6c       0x24 /cygdrive/c/projects/ST86QDLOV/soft/build/sl_app/app/lib/libapp_release.a(ProData.o)
                0xffffffff82503c6d                VerfySum
 .text.CheckSum16
                0xffffffff82503c90       0x20 /cygdrive/c/projects/ST86QDLOV/soft/build/sl_app/app/lib/libapp_release.a(ProData.o)
                0xffffffff82503c91                CheckSum16
 .text.AsciiToHex
                0xffffffff82503cb0       0x68 /cygdrive/c/projects/ST86QDLOV/soft/build/sl_app/app/lib/libapp_release.a(ProData.o)
                0xffffffff82503cb1                AsciiToHex
 .text.Rad      0xffffffff82503d18       0x30 /cygdrive/c/projects/ST86QDLOV/soft/build/sl_app/app/lib/libapp_release.a(ProData.o)
                0xffffffff82503d19                Rad
 .text.PowTow   0xffffffff82503d48       0x14 /cygdrive/c/projects/ST86QDLOV/soft/build/sl_app/app/lib/libapp_release.a(ProData.o)
                0xffffffff82503d49                PowTow
 *fill*         0xffffffff82503d5c        0x4 00000000
 .text.ComputeDistance
                0xffffffff82503d60      0x128 /cygdrive/c/projects/ST86QDLOV/soft/build/sl_app/app/lib/libapp_release.a(ProData.o)
                0xffffffff82503d61                ComputeDistance
 .text.CharToStr
                0xffffffff82503e88       0x28 /cygdrive/c/projects/ST86QDLOV/soft/build/sl_app/app/lib/libapp_release.a(ProData.o)
                0xffffffff82503e89                CharToStr
 .text.UInt32ToStr
                0xffffffff82503eb0       0x54 /cygdrive/c/projects/ST86QDLOV/soft/build/sl_app/app/lib/libapp_release.a(ProData.o)
                0xffffffff82503eb1                UInt32ToStr
 .text.CheckServerAddr
                0xffffffff82503f04      0x1c4 /cygdrive/c/projects/ST86QDLOV/soft/build/sl_app/app/lib/libapp_release.a(ProData.o)
                0xffffffff82503f05                CheckServerAddr
 .text.CharToStrB
                0xffffffff825040c8       0x5c /cygdrive/c/projects/ST86QDLOV/soft/build/sl_app/app/lib/libapp_release.a(ProData.o)
 .text.IpAddrToStr
                0xffffffff82504124       0xf0 /cygdrive/c/projects/ST86QDLOV/soft/build/sl_app/app/lib/libapp_release.a(ProData.o)
                0xffffffff82504125                IpAddrToStr
 .text.StrCompare
                0xffffffff82504214       0x2c /cygdrive/c/projects/ST86QDLOV/soft/build/sl_app/app/lib/libapp_release.a(ProData.o)
                0xffffffff82504215                StrCompare
 .text.GetWarningValue
                0xffffffff82504240        0xc /cygdrive/c/projects/ST86QDLOV/soft/build/sl_app/app/lib/libapp_release.a(Rtc.o)
                0xffffffff82504241                GetWarningValue
 .text.WriteDeviceAlram
                0xffffffff8250424c       0x2c /cygdrive/c/projects/ST86QDLOV/soft/build/sl_app/app/lib/libapp_release.a(Rtc.o)
                0xffffffff8250424d                WriteDeviceAlram
 .text.UnixToCalendar
                0xffffffff82504278      0x14c /cygdrive/c/projects/ST86QDLOV/soft/build/sl_app/app/lib/libapp_release.a(Rtc.o)
                0xffffffff82504279                UnixToCalendar
 .text.CalendarToUnix
                0xffffffff825043c4      0x128 /cygdrive/c/projects/ST86QDLOV/soft/build/sl_app/app/lib/libapp_release.a(Rtc.o)
                0xffffffff825043c5                CalendarToUnix
 .text.GetSysTimeSpace
                0xffffffff825044ec        0xc /cygdrive/c/projects/ST86QDLOV/soft/build/sl_app/app/lib/libapp_release.a(Rtc.o)
                0xffffffff825044ed                GetSysTimeSpace
 .text.GetSetTimeSpace
                0xffffffff825044f8        0xc /cygdrive/c/projects/ST86QDLOV/soft/build/sl_app/app/lib/libapp_release.a(Rtc.o)
                0xffffffff825044f9                GetSetTimeSpace
 .text.WriteSleepStatus
                0xffffffff82504504        0xc /cygdrive/c/projects/ST86QDLOV/soft/build/sl_app/app/lib/libapp_release.a(Rtc.o)
                0xffffffff82504505                WriteSleepStatus
 .text.ProcessRtc
                0xffffffff82504510      0x1fc /cygdrive/c/projects/ST86QDLOV/soft/build/sl_app/app/lib/libapp_release.a(Rtc.o)
                0xffffffff82504511                ProcessRtc
 .text.ProcessSysSleep
                0xffffffff8250470c       0xb8 /cygdrive/c/projects/ST86QDLOV/soft/build/sl_app/app/lib/libapp_release.a(Rtc.o)
                0xffffffff8250470d                ProcessSysSleep
 .text.GetSysCfgSpace
                0xffffffff825047c4        0xc /cygdrive/c/projects/ST86QDLOV/soft/build/sl_app/app/lib/libapp_release.a(SysFile.o)
                0xffffffff825047c5                GetSysCfgSpace
 .text.FileCheckOrGreate
                0xffffffff825047d0       0xc4 /cygdrive/c/projects/ST86QDLOV/soft/build/sl_app/app/lib/libapp_release.a(SysFile.o)
                0xffffffff825047d1                FileCheckOrGreate
 .text.ReadSysCfg
                0xffffffff82504894       0x38 /cygdrive/c/projects/ST86QDLOV/soft/build/sl_app/app/lib/libapp_release.a(SysFile.o)
                0xffffffff82504895                ReadSysCfg
 .text.SaveSysCfg
                0xffffffff825048cc       0x38 /cygdrive/c/projects/ST86QDLOV/soft/build/sl_app/app/lib/libapp_release.a(SysFile.o)
                0xffffffff825048cd                SaveSysCfg
 .text.InitSysTimer
                0xffffffff82504904       0x58 /cygdrive/c/projects/ST86QDLOV/soft/build/sl_app/app/lib/libapp_release.a(SysFile.o)
                0xffffffff82504905                InitSysTimer
 .text.InitSysConfig
                0xffffffff8250495c       0xc8 /cygdrive/c/projects/ST86QDLOV/soft/build/sl_app/app/lib/libapp_release.a(SysFile.o)
                0xffffffff8250495d                InitSysConfig
 .text.ResetNextTime
                0xffffffff82504a24       0x14 /cygdrive/c/projects/ST86QDLOV/soft/build/sl_app/app/lib/libapp_release.a(SysProcess.o)
                0xffffffff82504a25                ResetNextTime
 .text.GetSysRunDataSpace
                0xffffffff82504a38        0xc /cygdrive/c/projects/ST86QDLOV/soft/build/sl_app/app/lib/libapp_release.a(SysProcess.o)
                0xffffffff82504a39                GetSysRunDataSpace
 .text.SysProcess
                0xffffffff82504a44      0x190 /cygdrive/c/projects/ST86QDLOV/soft/build/sl_app/app/lib/libapp_release.a(SysProcess.o)
                0xffffffff82504a45                SysProcess
 .text.ReadSysRunData
                0xffffffff82504bd4       0xe0 /cygdrive/c/projects/ST86QDLOV/soft/build/sl_app/app/lib/libapp_release.a(SysProcess.o)
                0xffffffff82504bd5                ReadSysRunData
 .text.SaveSysRunData
                0xffffffff82504cb4       0xf4 /cygdrive/c/projects/ST86QDLOV/soft/build/sl_app/app/lib/libapp_release.a(SysProcess.o)
                0xffffffff82504cb5                SaveSysRunData
 .text.ProcessRunData
                0xffffffff82504da8      0x108 /cygdrive/c/projects/ST86QDLOV/soft/build/sl_app/app/lib/libapp_release.a(SysProcess.o)
                0xffffffff82504da9                ProcessRunData
 .text.init_stopwatch16
                0xffffffff82504eb0        0xc /cygdrive/c/projects/ST86QDLOV/soft/build/sl_app/app/lib/libapp_release.a(SysTickTime.o)
                0xffffffff82504eb1                init_stopwatch16
 .text.read_stopwatch16_value
                0xffffffff82504ebc       0x14 /cygdrive/c/projects/ST86QDLOV/soft/build/sl_app/app/lib/libapp_release.a(SysTickTime.o)
                0xffffffff82504ebd                read_stopwatch16_value
 .text.TickAdd  0xffffffff82504ed0       0x10 /cygdrive/c/projects/ST86QDLOV/soft/build/sl_app/app/lib/libapp_release.a(SysTickTime.o)
                0xffffffff82504ed1                TickAdd
 .text.ResetHeatSw
                0xffffffff82504ee0       0x18 /cygdrive/c/projects/ST86QDLOV/soft/build/sl_app/app/lib/libapp_release.a(TcpIPUpload.o)
                0xffffffff82504ee1                ResetHeatSw
 .text.ProcessTcpIpUpLoad
                0xffffffff82504ef8      0x150 /cygdrive/c/projects/ST86QDLOV/soft/build/sl_app/app/lib/libapp_release.a(TcpIPUpload.o)
                0xffffffff82504ef9                ProcessTcpIpUpLoad
 .text.GetCanDataSpace
                0xffffffff82505048        0xc /cygdrive/c/projects/ST86QDLOV/soft/build/sl_app/app/lib/libapp_release.a(Terminal.o)
                0xffffffff82505049                GetCanDataSpace
 .text.GetTerStateDataSpace
                0xffffffff82505054        0xc /cygdrive/c/projects/ST86QDLOV/soft/build/sl_app/app/lib/libapp_release.a(Terminal.o)
                0xffffffff82505055                GetTerStateDataSpace
 .text.GetTerTimeSpace
                0xffffffff82505060        0xc /cygdrive/c/projects/ST86QDLOV/soft/build/sl_app/app/lib/libapp_release.a(Terminal.o)
                0xffffffff82505061                GetTerTimeSpace
 .text.GetLockCarSpace
                0xffffffff8250506c        0xc /cygdrive/c/projects/ST86QDLOV/soft/build/sl_app/app/lib/libapp_release.a(Terminal.o)
                0xffffffff8250506d                GetLockCarSpace
 .text.GetUpgradeDataSpace
                0xffffffff82505078        0xc /cygdrive/c/projects/ST86QDLOV/soft/build/sl_app/app/lib/libapp_release.a(Terminal.o)
                0xffffffff82505079                GetUpgradeDataSpace
 .text.ReadRunMode
                0xffffffff82505084        0xc /cygdrive/c/projects/ST86QDLOV/soft/build/sl_app/app/lib/libapp_release.a(Terminal.o)
                0xffffffff82505085                ReadRunMode
 .text.WriteRunMode
                0xffffffff82505090       0x18 /cygdrive/c/projects/ST86QDLOV/soft/build/sl_app/app/lib/libapp_release.a(Terminal.o)
                0xffffffff82505091                WriteRunMode
 .text.GetBinFile
                0xffffffff825050a8       0x64 /cygdrive/c/projects/ST86QDLOV/soft/build/sl_app/app/lib/libapp_release.a(Terminal.o)
                0xffffffff825050a9                GetBinFile
 .text.SetTerCanProNum
                0xffffffff8250510c       0xb4 /cygdrive/c/projects/ST86QDLOV/soft/build/sl_app/app/lib/libapp_release.a(Terminal.o)
                0xffffffff8250510d                SetTerCanProNum
 .text.SendVerifyTimeCmd
                0xffffffff825051c0       0x70 /cygdrive/c/projects/ST86QDLOV/soft/build/sl_app/app/lib/libapp_release.a(Terminal.o)
                0xffffffff825051c1                SendVerifyTimeCmd
 .text.SendGetStatusCmd
                0xffffffff82505230       0x80 /cygdrive/c/projects/ST86QDLOV/soft/build/sl_app/app/lib/libapp_release.a(Terminal.o)
                0xffffffff82505231                SendGetStatusCmd
 .text.SendTerminalInfo
                0xffffffff825052b0      0x838 /cygdrive/c/projects/ST86QDLOV/soft/build/sl_app/app/lib/libapp_release.a(Terminal.o)
                0xffffffff825052b1                SendTerminalInfo
 .text.ReadAccState
                0xffffffff82505ae8       0x2c /cygdrive/c/projects/ST86QDLOV/soft/build/sl_app/app/lib/libapp_release.a(Terminal.o)
                0xffffffff82505ae9                ReadAccState
 .text.T.56     0xffffffff82505b14      0x28c /cygdrive/c/projects/ST86QDLOV/soft/build/sl_app/app/lib/libapp_release.a(Terminal.o)
 .text.ProTermRecvData
                0xffffffff82505da0      0x558 /cygdrive/c/projects/ST86QDLOV/soft/build/sl_app/app/lib/libapp_release.a(Terminal.o)
                0xffffffff82505da1                ProTermRecvData
 .text.ProTerminalData
                0xffffffff825062f8      0xa98 /cygdrive/c/projects/ST86QDLOV/soft/build/sl_app/app/lib/libapp_release.a(Terminal.o)
                0xffffffff825062f9                ProTerminalData
 .text.UART1_Init
                0xffffffff82506d90       0x40 /cygdrive/c/projects/ST86QDLOV/soft/build/sl_app/app/lib/libapp_release.a(UART.o)
                0xffffffff82506d91                UART1_Init
 .text.UART2_Init
                0xffffffff82506dd0       0x44 /cygdrive/c/projects/ST86QDLOV/soft/build/sl_app/app/lib/libapp_release.a(UART.o)
                0xffffffff82506dd1                UART2_Init
 .text.clear_com
                0xffffffff82506e14       0x48 /cygdrive/c/projects/ST86QDLOV/soft/build/sl_app/app/lib/libapp_release.a(UART.o)
                0xffffffff82506e15                clear_com
 .text.new_data_in_com
                0xffffffff82506e5c       0x34 /cygdrive/c/projects/ST86QDLOV/soft/build/sl_app/app/lib/libapp_release.a(UART.o)
                0xffffffff82506e5d                new_data_in_com
 .text.datasize_in_com
                0xffffffff82506e90       0x28 /cygdrive/c/projects/ST86QDLOV/soft/build/sl_app/app/lib/libapp_release.a(UART.o)
                0xffffffff82506e91                datasize_in_com
 .text.read_com_buf
                0xffffffff82506eb8       0xac /cygdrive/c/projects/ST86QDLOV/soft/build/sl_app/app/lib/libapp_release.a(UART.o)
                0xffffffff82506eb9                read_com_buf
 .text.UART1_Recv_Data
                0xffffffff82506f64       0x8c /cygdrive/c/projects/ST86QDLOV/soft/build/sl_app/app/lib/libapp_release.a(UART.o)
                0xffffffff82506f65                UART1_Recv_Data
 .text.UART2_Recv_Data
                0xffffffff82506ff0       0x8c /cygdrive/c/projects/ST86QDLOV/soft/build/sl_app/app/lib/libapp_release.a(UART.o)
                0xffffffff82506ff1                UART2_Recv_Data
 .text.ReadComPkt
                0xffffffff8250707c       0xb4 /cygdrive/c/projects/ST86QDLOV/soft/build/sl_app/app/lib/libapp_release.a(UART.o)
                0xffffffff8250707d                ReadComPkt
 .text.GetVerNum
                0xffffffff82507130        0x4 /cygdrive/c/projects/ST86QDLOV/soft/build/sl_app/app/lib/libapp_release.a(VersionNum.o)
                0xffffffff82507131                GetVerNum
 *fill*         0xffffffff82507134        0x4 00000000
 .text.BuildCompletePacket
                0xffffffff82507138      0x850 /cygdrive/c/projects/ST86QDLOV/soft/build/sl_app/app/lib/libapp_release.a(BuildDataPacket.o)
                0xffffffff82507139                BuildCompletePacket
 .text          0xffffffff82507988       0x3c /crosscompiler/bin/../lib/gcc/mips-elf/4.4.2/libgcc.a(_fixunssfsi.o)
                0xffffffff82507989                __fixunssfsi
 *fill*         0xffffffff825079c4        0x4 00000000
 .text          0xffffffff825079c8       0x50 /crosscompiler/bin/../lib/gcc/mips-elf/4.4.2/libgcc.a(_fixunsdfsi.o)
                0xffffffff825079c9                __fixunsdfsi
 .text          0xffffffff82507a18      0x1c0 /crosscompiler/bin/../lib/gcc/mips-elf/4.4.2/libgcc.a(_addsub_sf.o)
                0xffffffff82507b59                __subsf3
                0xffffffff82507b9d                __addsf3
 .text          0xffffffff82507bd8       0x44 /crosscompiler/bin/../lib/gcc/mips-elf/4.4.2/libgcc.a(_ge_sf.o)
                0xffffffff82507bd9                __gesf2
 .text          0xffffffff82507c1c       0x44 /crosscompiler/bin/../lib/gcc/mips-elf/4.4.2/libgcc.a(_lt_sf.o)
                0xffffffff82507c1d                __ltsf2
 .text          0xffffffff82507c60       0x58 /crosscompiler/bin/../lib/gcc/mips-elf/4.4.2/libgcc.a(_sf_to_si.o)
                0xffffffff82507c61                __fixsfsi
 .text          0xffffffff82507cb8       0x2c /crosscompiler/bin/../lib/gcc/mips-elf/4.4.2/libgcc.a(_sf_to_df.o)
                0xffffffff82507cb9                __extendsfdf2
 .text          0xffffffff82507ce4      0x2f0 /crosscompiler/bin/../lib/gcc/mips-elf/4.4.2/libgcc.a(_addsub_df.o)
                0xffffffff82507f4d                __subdf3
                0xffffffff82507f95                __adddf3
 *fill*         0xffffffff82507fd4        0x4 00000000
 .text          0xffffffff82507fd8      0x1b8 /crosscompiler/bin/../lib/gcc/mips-elf/4.4.2/libgcc.a(_mul_df.o)
                0xffffffff82507fd9                __muldf3
 .text          0xffffffff82508190      0x138 /crosscompiler/bin/../lib/gcc/mips-elf/4.4.2/libgcc.a(_div_df.o)
                0xffffffff82508191                __divdf3
 .text          0xffffffff825082c8       0x48 /crosscompiler/bin/../lib/gcc/mips-elf/4.4.2/libgcc.a(_eq_df.o)
                0xffffffff825082c9                __eqdf2
 .text          0xffffffff82508310       0x48 /crosscompiler/bin/../lib/gcc/mips-elf/4.4.2/libgcc.a(_gt_df.o)
                0xffffffff82508311                __gtdf2
 .text          0xffffffff82508358       0x48 /crosscompiler/bin/../lib/gcc/mips-elf/4.4.2/libgcc.a(_ge_df.o)
                0xffffffff82508359                __gedf2
 .text          0xffffffff825083a0       0x78 /crosscompiler/bin/../lib/gcc/mips-elf/4.4.2/libgcc.a(_si_to_df.o)
                0xffffffff825083a1                __floatsidf
 .text          0xffffffff82508418       0x64 /crosscompiler/bin/../lib/gcc/mips-elf/4.4.2/libgcc.a(_df_to_si.o)
                0xffffffff82508419                __fixdfsi
 .text          0xffffffff8250847c       0x20 /crosscompiler/bin/../lib/gcc/mips-elf/4.4.2/libgcc.a(_make_df.o)
                0xffffffff8250847d                __make_dp
 .text          0xffffffff8250849c       0x3c /crosscompiler/bin/../lib/gcc/mips-elf/4.4.2/libgcc.a(_df_to_sf.o)
                0xffffffff8250849d                __truncdfsf2
 .text          0xffffffff825084d8       0x98 /crosscompiler/bin/../lib/gcc/mips-elf/4.4.2/libgcc.a(_usi_to_df.o)
                0xffffffff825084d9                __floatunsidf
 .text          0xffffffff82508570       0x3c /crosscompiler/bin/../lib/gcc/mips-elf/4.4.2/libgcc.a(_lshrdi3.o)
                0xffffffff82508571                __lshrdi3
 .text          0xffffffff825085ac       0x3c /crosscompiler/bin/../lib/gcc/mips-elf/4.4.2/libgcc.a(_ashldi3.o)
                0xffffffff825085ad                __ashldi3
 .text          0xffffffff825085e8       0x28 /crosscompiler/bin/../lib/gcc/mips-elf/4.4.2/libgcc.a(_ucmpdi2.o)
                0xffffffff825085e9                __ucmpdi2
 .text          0xffffffff82508610       0x3c /crosscompiler/bin/../lib/gcc/mips-elf/4.4.2/libgcc.a(_clzsi2.o)
                0xffffffff82508611                __clzsi2
 .text          0xffffffff8250864c       0xc4 /crosscompiler/bin/../lib/gcc/mips-elf/4.4.2/libgcc.a(_pack_sf.o)
                0xffffffff8250864d                __pack_f
 .text          0xffffffff82508710       0x7c /crosscompiler/bin/../lib/gcc/mips-elf/4.4.2/libgcc.a(_unpack_sf.o)
                0xffffffff82508711                __unpack_f
 .text          0xffffffff8250878c       0x64 /crosscompiler/bin/../lib/gcc/mips-elf/4.4.2/libgcc.a(_fpcmp_parts_sf.o)
                0xffffffff8250878d                __fpcmp_parts_f
 .text          0xffffffff825087f0       0x18 /crosscompiler/bin/../lib/gcc/mips-elf/4.4.2/libgcc.a(_make_sf.o)
                0xffffffff825087f1                __make_fp
 .text          0xffffffff82508808      0x1a4 /crosscompiler/bin/../lib/gcc/mips-elf/4.4.2/libgcc.a(_pack_df.o)
                0xffffffff82508809                __pack_d
 .text          0xffffffff825089ac       0xac /crosscompiler/bin/../lib/gcc/mips-elf/4.4.2/libgcc.a(_unpack_df.o)
                0xffffffff825089ad                __unpack_d
 .text          0xffffffff82508a58       0x78 /crosscompiler/bin/../lib/gcc/mips-elf/4.4.2/libgcc.a(_fpcmp_parts_df.o)
                0xffffffff82508a59                __fpcmp_parts_d
                0xffffffff82508ad0                . = ALIGN (0x10)
                0xffffffff82508ad0                _ram_cached_txt_end = .
                0x0000000000007eb0                ram_cached_txt_size = (_ram_cached_txt_end - _ram_cached_txt_start)
                0xffffffff82508ad0                _ram_txt_end = .
                0xffffffffa2508ad0                . = (. + 0x20000000)

.ucdata         0xffffffffa2508ad0        0x0
                0xffffffffa2508ad0                _ram_uncached_data_start = .
 *(.ucdata)
 *(*.globalvars.uc)
                0xffffffffa2508ad0                . = ALIGN (0x10)
                0xffffffffa2508ad0                _ram_uncached_data_end = .
                0x0000000000000000                _ram_uncached_data_size = (_ram_uncached_data_end - _ram_uncached_data_start)
                0xffffffff82508ad0                . = (. - 0x20000000)

.data           0xffffffff82508ad0      0xd40
                0xffffffff82508ad0                _ram_cached_data_start = .
 *(.rdata)
 *(.rodata .rodata.* .gnu.linkonce.r.*)
 .rodata.str1.4
                0xffffffff82508ad0      0x141 /cygdrive/c/projects/ST86QDLOV/soft/build/sl_app/app/lib/libapp_release.a(sl_app_init.o)
                                        0x144 (size before relaxing)
 *fill*         0xffffffff82508c11        0x3 00
 .rodata.str1.4
                0xffffffff82508c14       0xf4 /cygdrive/c/projects/ST86QDLOV/soft/build/sl_app/app/lib/libapp_release.a(FiFoData.o)
 .rodata.str1.4
                0xffffffff82508d08       0x1e /cygdrive/c/projects/ST86QDLOV/soft/build/sl_app/app/lib/libapp_release.a(GNSS.o)
                                         0x20 (size before relaxing)
 *fill*         0xffffffff82508d26        0x2 00
 .rodata.str1.4
                0xffffffff82508d28      0x785 /cygdrive/c/projects/ST86QDLOV/soft/build/sl_app/app/lib/libapp_release.a(Gprs.o)
                                        0x78c (size before relaxing)
 *fill*         0xffffffff825094ad        0x3 00
 .rodata.str1.4
                0xffffffff825094b0       0x4d /cygdrive/c/projects/ST86QDLOV/soft/build/sl_app/app/lib/libapp_release.a(Rtc.o)
                                         0x50 (size before relaxing)
 *fill*         0xffffffff825094fd        0x3 00
 .rodata.str1.4
                0xffffffff82509500       0x76 /cygdrive/c/projects/ST86QDLOV/soft/build/sl_app/app/lib/libapp_release.a(SysFile.o)
                                         0x8c (size before relaxing)
 *fill*         0xffffffff82509576        0x2 00
 .rodata.str1.4
                0xffffffff82509578       0x7e /cygdrive/c/projects/ST86QDLOV/soft/build/sl_app/app/lib/libapp_release.a(SysProcess.o)
                                         0x80 (size before relaxing)
 *fill*         0xffffffff825095f6        0x2 00
 .rodata.str1.4
                0xffffffff825095f8       0x8b /cygdrive/c/projects/ST86QDLOV/soft/build/sl_app/app/lib/libapp_release.a(TcpIPUpload.o)
                                         0x8c (size before relaxing)
 *fill*         0xffffffff82509683        0x1 00
 .rodata.str1.4
                0xffffffff82509684      0x141 /cygdrive/c/projects/ST86QDLOV/soft/build/sl_app/app/lib/libapp_release.a(Terminal.o)
                                        0x1e8 (size before relaxing)
 *fill*         0xffffffff825097c5        0x3 00
 .rodata.str1.4
                0xffffffff825097c8       0x1c /cygdrive/c/projects/ST86QDLOV/soft/build/sl_app/app/lib/libapp_release.a(BuildDataPacket.o)
 *(.rodata1)
 *(.ctors)
                0xffffffff825097f0                . = ALIGN (0x10)
 *fill*         0xffffffff825097e4        0xc 00
 *(*.globalvars.c *.globalvars.c.*)
 *(EXCLUDE_FILE(*.oo gcj_*.o) .data)
 *(EXCLUDE_FILE(*.oo gcj_*.o) .data.*)
 .data.GnssStatusBack
                0xffffffff825097f0        0x1 /cygdrive/c/projects/ST86QDLOV/soft/build/sl_app/app/lib/libapp_release.a(GNSS.o)
 *fill*         0xffffffff825097f1        0x1 00
 .data.CyclOff.4256
                0xffffffff825097f2        0x2 /cygdrive/c/projects/ST86QDLOV/soft/build/sl_app/app/lib/libapp_release.a(Led.o)
 .data.CyclOn.4255
                0xffffffff825097f4        0x2 /cygdrive/c/projects/ST86QDLOV/soft/build/sl_app/app/lib/libapp_release.a(Led.o)
 *fill*         0xffffffff825097f6        0x2 00
 .data.HeartBeat
                0xffffffff825097f8        0x4 /cygdrive/c/projects/ST86QDLOV/soft/build/sl_app/app/lib/libapp_release.a(TcpIPUpload.o)
 .data.rear_com2_recv_buf
                0xffffffff825097fc        0x4 /cygdrive/c/projects/ST86QDLOV/soft/build/sl_app/app/lib/libapp_release.a(UART.o)
 .data.front_com2_recv_buf
                0xffffffff82509800        0x4 /cygdrive/c/projects/ST86QDLOV/soft/build/sl_app/app/lib/libapp_release.a(UART.o)
 .data.rear_com1_recv_buf
                0xffffffff82509804        0x4 /cygdrive/c/projects/ST86QDLOV/soft/build/sl_app/app/lib/libapp_release.a(UART.o)
 .data.front_com1_recv_buf
                0xffffffff82509808        0x4 /cygdrive/c/projects/ST86QDLOV/soft/build/sl_app/app/lib/libapp_release.a(UART.o)
 *(EXCLUDE_FILE(*.oo gcj_*.o) .gnu.linkonce.d.*)
 *(.data1)
                0xffffffff82511800                _gp = (ALIGN (0x10) + 0x7ff0)
 *(.sdata .sdata.* .gnu.linkonce.s.*)
 *(.sdata2 .sdata2.* .gnu.linkonce.s2.*)
 *(.lit8)
 *(.lit4)
                0xffffffff8250980c                . = ALIGN (0x4)
                0xffffffff82509810                . = ALIGN (0x10)
 *fill*         0xffffffff8250980c        0x4 00
                0xffffffff82509810                _ram_cached_data_end = .
                0x0000000000000d40                _ram_cached_data_size = (_ram_cached_data_end - _ram_cached_data_start)
                0xffffffff82509810                _ram_end = .
                0x0000000000009810                _ram_size = (_ram_end - _ram_start)

.internal_rom   0xffffffff82509880     0x4a30
 .internal_rom  0xffffffff82509880     0x4a30 /cygdrive/c/projects/ST86QDLOV/soft/lib/mem_bridge_rom_CHIP.elf
                0xffffffff82509880                __xcpu_start
                0xffffffff82509a00                _boot_IrqHandler
                0xffffffff82509b40                boot_HstMonitorX
                0xffffffff82509ba0                boot_DbgExlTrigFunction0
                0xffffffff82509cfc                monitor_entry
                0xffffffff82509d00                initial_stack_top_var
                0xffffffff82509d04                boot_FlushCache
                0xffffffff82509d28                boot_DisableInterrupt
                0xffffffff82509d81                boot_MonitorDoMonitoring
                0xffffffff82509ec1                boot_Monitor
                0xffffffff82509f01                boot_UartMonitorGetBaudRate
                0xffffffff82509f15                boot_UartMonitorSend
                0xffffffff82509f79                boot_UartMonitorGet
                0xffffffff82509fdd                boot_UartMonitorOpen
                0xffffffff8250a015                boot_UartMonitorClose
                0xffffffff8250a025                boot_UartMonitorAck
                0xffffffff8250a0b1                boot_UartMonitorTimeOut
                0xffffffff8250a0d9                boot_UartMonitorWriteProcess
                0xffffffff8250a221                boot_UartMonitorRpcProcess
                0xffffffff8250a369                boot_UartMonitorReadProcess
                0xffffffff8250a529                boot_UartMonitorExitProcess
                0xffffffff8250a57d                boot_UartMonitorProcess
                0xffffffff8250a625                boot_UartMonitor
                0xffffffff8250a87c                g_BootHostUsbFixPtr
                0xffffffff8250a881                boot_IrqDispatch
                0xffffffff8250a8b1                mon_Event
                0xffffffff8250a8e9                boot_HstCmdBasicHandler
                0xffffffff8250a949                boot_HstMonitor
                0xffffffff8250a9b5                boot_IspiGetRomedCfg
                0xffffffff8250aa41                boot_IspiOpen
                0xffffffff8250ab29                boot_IspiFlushFifos
                0xffffffff8250ab39                boot_IspiClearRxDmaDone
                0xffffffff8250ab49                boot_IspiClearTxDmaDone
                0xffffffff8250ab59                boot_IspiClose
                0xffffffff8250ab9d                boot_IspiRxIfcChannelRelease
                0xffffffff8250abb5                boot_IspiTxIfcChannelRelease
                0xffffffff8250abcd                boot_IspiSendData
                0xffffffff8250ac29                boot_IspiSendDataBuffer
                0xffffffff8250ac95                boot_IspiTxFifoAvail
                0xffffffff8250acb1                boot_IspiTxDmaDone
                0xffffffff8250ace1                boot_IspiTxFinished
                0xffffffff8250ad0d                boot_IspiGetData
                0xffffffff8250ad3d                boot_IspiGetDataBuffer
                0xffffffff8250ada9                boot_IspiRxFifoLevel
                0xffffffff8250adc1                boot_IspiRxDmaDone
                0xffffffff8250adf1                boot_IspiForcePin
                0xffffffff8250ae85                boot_IspiGetRxIfcTc
                0xffffffff8250ae9c                g_bootIspiRomedCfg
                0xffffffff8250af01                boot_UsbResetTransfert
                0xffffffff8250af29                boot_UsbStartTransfert
                0xffffffff8250b029                boot_UsbCancelTransfert
                0xffffffff8250b051                boot_UsbContinueTransfert
                0xffffffff8250b5b9                boot_UsbInitVar
                0xffffffff8250b5e1                boot_UsbOpen
                0xffffffff8250b601                boot_UsbEpStall
                0xffffffff8250b689                boot_UsbRecv
                0xffffffff8250b6d1                boot_UsbSend
                0xffffffff8250b755                boot_UsbCompletedCommand
                0xffffffff8250b79d                boot_UsbEpEnableInterrupt
                0xffffffff8250b7ed                boot_UsbEpRxTransferedSize
                0xffffffff8250b809                boot_UsbEpTransfertDone
                0xffffffff8250b8c5                boot_UsbClose
                0xffffffff8250b901                boot_UsbReset
                0xffffffff8250c089                boot_UsbIrqHandler
                0xffffffff8250c355                boot_HostUsbDeviceCallback
                0xffffffff8250c361                boot_HostUsbClockEnable
                0xffffffff8250c399                boot_HostUsbClose
                0xffffffff8250c3a9                boot_HostUsbSend
                0xffffffff8250c505                boot_HostUsbEvent
                0xffffffff8250c995                boot_HostUsbRecv
                0xffffffff8250ca2d                boot_HostUsbInit
                0xffffffff8250caa5                boot_HostUsbOpen
                0xffffffff8250cb14                boot_HostUsbInterface
                0xffffffff8250cb94                boot_romCsString
                0xffffffff8250cbc4                boot_romDT
                0xffffffff8250cbd4                MutedFrame_AMR
                0xffffffff8250cbdc                MutedFrame_HR
                0xffffffff8250cbec                MutedFrame_EFR
                0xffffffff8250cc0c                MutedFrame_FR
                0xffffffff8250cc31                atoi
                0xffffffff8250cc71                bsearch
                0xffffffff8250ccd0                _ctype
                0xffffffff8250cdd1                memchr
                0xffffffff8250ce11                memcmp
                0xffffffff8250ce41                memcpy
                0xffffffff8250d011                memmove
                0xffffffff8250d151                memscan
                0xffffffff8250d171                memset
                0xffffffff8250d4b1                qsort
                0xffffffff8250d4e1                strcat
                0xffffffff8250d501                strchr
                0xffffffff8250d531                strrchr
                0xffffffff8250d551                strcmp
                0xffffffff8250d591                strcpy
                0xffffffff8250d5b1                strcspn
                0xffffffff8250d5f1                strlen
                0xffffffff8250d611                strnlen
                0xffffffff8250d671                strncmp
                0xffffffff8250d6b1                strncpy
                0xffffffff8250d6f1                strnicmp
                0xffffffff8250d771                strsep
                0xffffffff8250d7b1                strspn
                0xffffffff8250d7e1                strstr
                0xffffffff8250d841                strtok_r
                0xffffffff8250d8c1                strtok
                0xffffffff8250d8e1                strtol
                0xffffffff8250daa1                strtoul
                0xffffffff8250de01                vsnprintf
                0xffffffff8250e231                vsprintf
                0xffffffff8250e251                snprintf
                0xffffffff8250e271                sprintf

.backup         0xffffffff8250e2b0        0x0
 *(.backup)
                0xffffffff8250e2b0                . = ALIGN (0x10)
                0xffffffff8250e2b0                _ram_bss_start = .
                0xffffffffa250e2b0                . = (. + 0x20000000)

.ucbss          0xffffffffa250e2b0        0x0
 *(.ucbss)
 *(.ramucbss)
                0xffffffffa250e2b0                . = ALIGN (0x10)
                0xffffffff8250e2b0                . = (. - 0x20000000)

.bss            0xffffffff8250e2b0     0xbf90
 *(.sbss .sbss.* .gnu.linkonce.sb.*)
 *(.sbss2 .sbss2.* .gnu.linkonce.sb2.*)
 *(.scommon)
 .scommon       0xffffffff8250e2b0        0x4 /cygdrive/c/projects/ST86QDLOV/soft/build/sl_app/app/lib/libapp_release.a(sl_app_init.o)
                0xffffffff8250e2b0                SysAppEnterTask
 .scommon       0xffffffff8250e2b4        0x4 /cygdrive/c/projects/ST86QDLOV/soft/build/sl_app/app/lib/libapp_release.a(Terminal.o)
                0xffffffff8250e2b4                pUpgradeST86File
 *(.dynbss)
 *(.bss .bss.* .gnu.linkonce.b.*)
 .bss.SendQueue
                0xffffffff8250e2b8     0x9f68 /cygdrive/c/projects/ST86QDLOV/soft/build/sl_app/app/lib/libapp_release.a(FiFoData.o)
 .bss.CmdData   0xffffffff82518220       0xcc /cygdrive/c/projects/ST86QDLOV/soft/build/sl_app/app/lib/libapp_release.a(FiFoData.o)
 .bss.step1.4365
                0xffffffff825182ec        0x1 /cygdrive/c/projects/ST86QDLOV/soft/build/sl_app/app/lib/libapp_release.a(GNSS.o)
 *fill*         0xffffffff825182ed        0x3 00
 .bss.sw.4364   0xffffffff825182f0        0x4 /cygdrive/c/projects/ST86QDLOV/soft/build/sl_app/app/lib/libapp_release.a(GNSS.o)
 .bss.counter.4363
                0xffffffff825182f4        0x1 /cygdrive/c/projects/ST86QDLOV/soft/build/sl_app/app/lib/libapp_release.a(GNSS.o)
 .bss.step.4362
                0xffffffff825182f5        0x1 /cygdrive/c/projects/ST86QDLOV/soft/build/sl_app/app/lib/libapp_release.a(GNSS.o)
 *fill*         0xffffffff825182f6        0x2 00
 .bss.GnssDataBuf
                0xffffffff825182f8      0x3e8 /cygdrive/c/projects/ST86QDLOV/soft/build/sl_app/app/lib/libapp_release.a(GNSS.o)
 .bss.GnssData  0xffffffff825186e0       0x30 /cygdrive/c/projects/ST86QDLOV/soft/build/sl_app/app/lib/libapp_release.a(GNSS.o)
 .bss.GnssDataErro
                0xffffffff82518710        0x1 /cygdrive/c/projects/ST86QDLOV/soft/build/sl_app/app/lib/libapp_release.a(GNSS.o)
 *fill*         0xffffffff82518711        0x7 00
 .bss.TempLatitude
                0xffffffff82518718        0x8 /cygdrive/c/projects/ST86QDLOV/soft/build/sl_app/app/lib/libapp_release.a(GNSS.o)
 .bss.TempLongitude
                0xffffffff82518720        0x8 /cygdrive/c/projects/ST86QDLOV/soft/build/sl_app/app/lib/libapp_release.a(GNSS.o)
 .bss.TempGnssData
                0xffffffff82518728       0x30 /cygdrive/c/projects/ST86QDLOV/soft/build/sl_app/app/lib/libapp_release.a(GNSS.o)
 .bss.TempBuf   0xffffffff82518758       0x14 /cygdrive/c/projects/ST86QDLOV/soft/build/sl_app/app/lib/libapp_release.a(GNSS.o)
 .bss.Counter.4900
                0xffffffff8251876c        0x1 /cygdrive/c/projects/ST86QDLOV/soft/build/sl_app/app/lib/libapp_release.a(Gprs.o)
 .bss.SendCounter.4451
                0xffffffff8251876d        0x1 /cygdrive/c/projects/ST86QDLOV/soft/build/sl_app/app/lib/libapp_release.a(Gprs.o)
 .bss.erro_code.4450
                0xffffffff8251876e        0x1 /cygdrive/c/projects/ST86QDLOV/soft/build/sl_app/app/lib/libapp_release.a(Gprs.o)
 *fill*         0xffffffff8251876f        0x1 00
 .bss.counter.4449
                0xffffffff82518770        0x4 /cygdrive/c/projects/ST86QDLOV/soft/build/sl_app/app/lib/libapp_release.a(Gprs.o)
 .bss.step.4448
                0xffffffff82518774        0x1 /cygdrive/c/projects/ST86QDLOV/soft/build/sl_app/app/lib/libapp_release.a(Gprs.o)
 *fill*         0xffffffff82518775        0x3 00
 .bss.TcpIpSocket
                0xffffffff82518778       0xf4 /cygdrive/c/projects/ST86QDLOV/soft/build/sl_app/app/lib/libapp_release.a(Gprs.o)
 .bss.IpAddrBack
                0xffffffff8251886c       0x34 /cygdrive/c/projects/ST86QDLOV/soft/build/sl_app/app/lib/libapp_release.a(Gprs.o)
 .bss.GprsRecvBuf
                0xffffffff825188a0       0x64 /cygdrive/c/projects/ST86QDLOV/soft/build/sl_app/app/lib/libapp_release.a(Gprs.o)
 .bss.SMSRecvBuf
                0xffffffff82518904       0xc8 /cygdrive/c/projects/ST86QDLOV/soft/build/sl_app/app/lib/libapp_release.a(Gprs.o)
 .bss.SMSRecvNum
                0xffffffff825189cc       0x14 /cygdrive/c/projects/ST86QDLOV/soft/build/sl_app/app/lib/libapp_release.a(Gprs.o)
 .bss.GprsRecvLen
                0xffffffff825189e0        0x2 /cygdrive/c/projects/ST86QDLOV/soft/build/sl_app/app/lib/libapp_release.a(Gprs.o)
 *fill*         0xffffffff825189e2        0x2 00
 .bss.ComCmdRes
                0xffffffff825189e4       0x18 /cygdrive/c/projects/ST86QDLOV/soft/build/sl_app/app/lib/libapp_release.a(Gprs.o)
 .bss.SetArgID  0xffffffff825189fc        0x1 /cygdrive/c/projects/ST86QDLOV/soft/build/sl_app/app/lib/libapp_release.a(Gprs.o)
 *fill*         0xffffffff825189fd        0x1 00
 .bss.SMSRecvLen
                0xffffffff825189fe        0x2 /cygdrive/c/projects/ST86QDLOV/soft/build/sl_app/app/lib/libapp_release.a(Gprs.o)
 .bss.Off.4292  0xffffffff82518a00        0x1 /cygdrive/c/projects/ST86QDLOV/soft/build/sl_app/app/lib/libapp_release.a(Led.o)
 .bss.On.4291   0xffffffff82518a01        0x1 /cygdrive/c/projects/ST86QDLOV/soft/build/sl_app/app/lib/libapp_release.a(Led.o)
 *fill*         0xffffffff82518a02        0x2 00
 .bss.sw.4290   0xffffffff82518a04        0x4 /cygdrive/c/projects/ST86QDLOV/soft/build/sl_app/app/lib/libapp_release.a(Led.o)
 .bss.step.4289
                0xffffffff82518a08        0x1 /cygdrive/c/projects/ST86QDLOV/soft/build/sl_app/app/lib/libapp_release.a(Led.o)
 *fill*         0xffffffff82518a09        0x3 00
 .bss.sw.4254   0xffffffff82518a0c        0x4 /cygdrive/c/projects/ST86QDLOV/soft/build/sl_app/app/lib/libapp_release.a(Led.o)
 .bss.step.4253
                0xffffffff82518a10        0x1 /cygdrive/c/projects/ST86QDLOV/soft/build/sl_app/app/lib/libapp_release.a(Led.o)
 .bss.counter.4423
                0xffffffff82518a11        0x1 /cygdrive/c/projects/ST86QDLOV/soft/build/sl_app/app/lib/libapp_release.a(Rtc.o)
 *fill*         0xffffffff82518a12        0x2 00
 .bss.sw.4422   0xffffffff82518a14        0x4 /cygdrive/c/projects/ST86QDLOV/soft/build/sl_app/app/lib/libapp_release.a(Rtc.o)
 .bss.step.4421
                0xffffffff82518a18        0x1 /cygdrive/c/projects/ST86QDLOV/soft/build/sl_app/app/lib/libapp_release.a(Rtc.o)
 *fill*         0xffffffff82518a19        0x3 00
 .bss.counter.4394
                0xffffffff82518a1c        0x4 /cygdrive/c/projects/ST86QDLOV/soft/build/sl_app/app/lib/libapp_release.a(Rtc.o)
 .bss.step.4393
                0xffffffff82518a20        0x1 /cygdrive/c/projects/ST86QDLOV/soft/build/sl_app/app/lib/libapp_release.a(Rtc.o)
 *fill*         0xffffffff82518a21        0x3 00
 .bss.SysTime   0xffffffff82518a24       0x10 /cygdrive/c/projects/ST86QDLOV/soft/build/sl_app/app/lib/libapp_release.a(Rtc.o)
 .bss.SetTime   0xffffffff82518a34       0x10 /cygdrive/c/projects/ST86QDLOV/soft/build/sl_app/app/lib/libapp_release.a(Rtc.o)
 .bss.SleepStatus
                0xffffffff82518a44        0x1 /cygdrive/c/projects/ST86QDLOV/soft/build/sl_app/app/lib/libapp_release.a(Rtc.o)
 *fill*         0xffffffff82518a45        0x3 00
 .bss.WarningValue
                0xffffffff82518a48        0x4 /cygdrive/c/projects/ST86QDLOV/soft/build/sl_app/app/lib/libapp_release.a(Rtc.o)
 .bss.SysCfg    0xffffffff82518a4c       0xd8 /cygdrive/c/projects/ST86QDLOV/soft/build/sl_app/app/lib/libapp_release.a(SysFile.o)
 .bss.step2.4401
                0xffffffff82518b24        0x1 /cygdrive/c/projects/ST86QDLOV/soft/build/sl_app/app/lib/libapp_release.a(SysProcess.o)
 *fill*         0xffffffff82518b25        0x3 00
 .bss.NextTime  0xffffffff82518b28        0x4 /cygdrive/c/projects/ST86QDLOV/soft/build/sl_app/app/lib/libapp_release.a(SysProcess.o)
 .bss.NextTime1
                0xffffffff82518b2c        0x4 /cygdrive/c/projects/ST86QDLOV/soft/build/sl_app/app/lib/libapp_release.a(SysProcess.o)
 .bss.AccStateBack
                0xffffffff82518b30        0x1 /cygdrive/c/projects/ST86QDLOV/soft/build/sl_app/app/lib/libapp_release.a(SysProcess.o)
 .bss.ShellStateBack
                0xffffffff82518b31        0x1 /cygdrive/c/projects/ST86QDLOV/soft/build/sl_app/app/lib/libapp_release.a(SysProcess.o)
 *fill*         0xffffffff82518b32        0x2 00
 .bss.sw1.4322  0xffffffff82518b34        0x4 /cygdrive/c/projects/ST86QDLOV/soft/build/sl_app/app/lib/libapp_release.a(SysProcess.o)
 .bss.sw.4321   0xffffffff82518b38        0x4 /cygdrive/c/projects/ST86QDLOV/soft/build/sl_app/app/lib/libapp_release.a(SysProcess.o)
 .bss.step2.4320
                0xffffffff82518b3c        0x1 /cygdrive/c/projects/ST86QDLOV/soft/build/sl_app/app/lib/libapp_release.a(SysProcess.o)
 .bss.step1.4319
                0xffffffff82518b3d        0x1 /cygdrive/c/projects/ST86QDLOV/soft/build/sl_app/app/lib/libapp_release.a(SysProcess.o)
 .bss.step.4318
                0xffffffff82518b3e        0x1 /cygdrive/c/projects/ST86QDLOV/soft/build/sl_app/app/lib/libapp_release.a(SysProcess.o)
 *fill*         0xffffffff82518b3f        0x1 00
 .bss.counter.4246
                0xffffffff82518b40        0x2 /cygdrive/c/projects/ST86QDLOV/soft/build/sl_app/app/lib/libapp_release.a(SysProcess.o)
 *fill*         0xffffffff82518b42        0x2 00
 .bss.DataPacketBuf
                0xffffffff82518b44      0x200 /cygdrive/c/projects/ST86QDLOV/soft/build/sl_app/app/lib/libapp_release.a(SysProcess.o)
 .bss.SysRunData
                0xffffffff82518d44       0x44 /cygdrive/c/projects/ST86QDLOV/soft/build/sl_app/app/lib/libapp_release.a(SysProcess.o)
 .bss.DistancePro
                0xffffffff82518d88       0x30 /cygdrive/c/projects/ST86QDLOV/soft/build/sl_app/app/lib/libapp_release.a(SysProcess.o)
 .bss.ticks     0xffffffff82518db8        0x4 /cygdrive/c/projects/ST86QDLOV/soft/build/sl_app/app/lib/libapp_release.a(SysTickTime.o)
                0xffffffff82518db8                ticks
 .bss.step1.4240
                0xffffffff82518dbc        0x1 /cygdrive/c/projects/ST86QDLOV/soft/build/sl_app/app/lib/libapp_release.a(TcpIPUpload.o)
 .bss.step.4239
                0xffffffff82518dbd        0x1 /cygdrive/c/projects/ST86QDLOV/soft/build/sl_app/app/lib/libapp_release.a(TcpIPUpload.o)
 *fill*         0xffffffff82518dbe        0x2 00
 .bss.UpLoadBuf
                0xffffffff82518dc0      0x200 /cygdrive/c/projects/ST86QDLOV/soft/build/sl_app/app/lib/libapp_release.a(TcpIPUpload.o)
 .bss.DataBig   0xffffffff82518fc0        0x1 /cygdrive/c/projects/ST86QDLOV/soft/build/sl_app/app/lib/libapp_release.a(TcpIPUpload.o)
 *fill*         0xffffffff82518fc1        0x3 00
 .bss.HeatSw    0xffffffff82518fc4        0x4 /cygdrive/c/projects/ST86QDLOV/soft/build/sl_app/app/lib/libapp_release.a(TcpIPUpload.o)
 .bss.CanProNumSendBig
                0xffffffff82518fc8        0x1 /cygdrive/c/projects/ST86QDLOV/soft/build/sl_app/app/lib/libapp_release.a(Terminal.o)
 .bss.GetStatusBig
                0xffffffff82518fc9        0x1 /cygdrive/c/projects/ST86QDLOV/soft/build/sl_app/app/lib/libapp_release.a(Terminal.o)
 *fill*         0xffffffff82518fca        0x2 00
 .bss.sw1.4836  0xffffffff82518fcc        0x4 /cygdrive/c/projects/ST86QDLOV/soft/build/sl_app/app/lib/libapp_release.a(Terminal.o)
 .bss.sw.4835   0xffffffff82518fd0        0x4 /cygdrive/c/projects/ST86QDLOV/soft/build/sl_app/app/lib/libapp_release.a(Terminal.o)
 .bss.step2.4834
                0xffffffff82518fd4        0x1 /cygdrive/c/projects/ST86QDLOV/soft/build/sl_app/app/lib/libapp_release.a(Terminal.o)
 .bss.step1.4833
                0xffffffff82518fd5        0x1 /cygdrive/c/projects/ST86QDLOV/soft/build/sl_app/app/lib/libapp_release.a(Terminal.o)
 .bss.step.4832
                0xffffffff82518fd6        0x1 /cygdrive/c/projects/ST86QDLOV/soft/build/sl_app/app/lib/libapp_release.a(Terminal.o)
 .bss.MonstateTmp
                0xffffffff82518fd7        0x1 /cygdrive/c/projects/ST86QDLOV/soft/build/sl_app/app/lib/libapp_release.a(Terminal.o)
 .bss.sw.4506   0xffffffff82518fd8        0x4 /cygdrive/c/projects/ST86QDLOV/soft/build/sl_app/app/lib/libapp_release.a(Terminal.o)
 .bss.step.4505
                0xffffffff82518fdc        0x1 /cygdrive/c/projects/ST86QDLOV/soft/build/sl_app/app/lib/libapp_release.a(Terminal.o)
 *fill*         0xffffffff82518fdd        0x3 00
 .bss.UpgradeStatus
                0xffffffff82518fe0        0x4 /cygdrive/c/projects/ST86QDLOV/soft/build/sl_app/app/lib/libapp_release.a(Terminal.o)
 .bss.UpgradeData
                0xffffffff82518fe4        0x4 /cygdrive/c/projects/ST86QDLOV/soft/build/sl_app/app/lib/libapp_release.a(Terminal.o)
 .bss.pUpgradeST86
                0xffffffff82518fe8        0x4 /cygdrive/c/projects/ST86QDLOV/soft/build/sl_app/app/lib/libapp_release.a(Terminal.o)
 .bss.TerRecvBuf
                0xffffffff82518fec      0x400 /cygdrive/c/projects/ST86QDLOV/soft/build/sl_app/app/lib/libapp_release.a(Terminal.o)
 .bss.TerSendBuf
                0xffffffff825193ec      0x4b0 /cygdrive/c/projects/ST86QDLOV/soft/build/sl_app/app/lib/libapp_release.a(Terminal.o)
 .bss.RunMode   0xffffffff8251989c        0x1 /cygdrive/c/projects/ST86QDLOV/soft/build/sl_app/app/lib/libapp_release.a(Terminal.o)
 .bss.McuStatus
                0xffffffff8251989d        0x1 /cygdrive/c/projects/ST86QDLOV/soft/build/sl_app/app/lib/libapp_release.a(Terminal.o)
 .bss.ConfigFlag
                0xffffffff8251989e        0x1 /cygdrive/c/projects/ST86QDLOV/soft/build/sl_app/app/lib/libapp_release.a(Terminal.o)
 *fill*         0xffffffff8251989f        0x1 00
 .bss.CanData   0xffffffff825198a0       0x3c /cygdrive/c/projects/ST86QDLOV/soft/build/sl_app/app/lib/libapp_release.a(Terminal.o)
 .bss.TerStateData
                0xffffffff825198dc       0x20 /cygdrive/c/projects/ST86QDLOV/soft/build/sl_app/app/lib/libapp_release.a(Terminal.o)
 .bss.TerTime   0xffffffff825198fc       0x10 /cygdrive/c/projects/ST86QDLOV/soft/build/sl_app/app/lib/libapp_release.a(Terminal.o)
 .bss.LockCar   0xffffffff8251990c       0x10 /cygdrive/c/projects/ST86QDLOV/soft/build/sl_app/app/lib/libapp_release.a(Terminal.o)
 .bss.stopwatch.4333
                0xffffffff8251991c        0x4 /cygdrive/c/projects/ST86QDLOV/soft/build/sl_app/app/lib/libapp_release.a(UART.o)
 .bss.step.4331
                0xffffffff82519920        0x4 /cygdrive/c/projects/ST86QDLOV/soft/build/sl_app/app/lib/libapp_release.a(UART.o)
 .bss.com1_new_data
                0xffffffff82519924        0x1 /cygdrive/c/projects/ST86QDLOV/soft/build/sl_app/app/lib/libapp_release.a(UART.o)
 *fill*         0xffffffff82519925        0x3 00
 .bss.com1_recv_size
                0xffffffff82519928        0x4 /cygdrive/c/projects/ST86QDLOV/soft/build/sl_app/app/lib/libapp_release.a(UART.o)
 .bss.com1_recv_buf
                0xffffffff8251992c      0x400 /cygdrive/c/projects/ST86QDLOV/soft/build/sl_app/app/lib/libapp_release.a(UART.o)
 .bss.com2_new_data
                0xffffffff82519d2c        0x1 /cygdrive/c/projects/ST86QDLOV/soft/build/sl_app/app/lib/libapp_release.a(UART.o)
 *fill*         0xffffffff82519d2d        0x3 00
 .bss.com2_recv_size
                0xffffffff82519d30        0x4 /cygdrive/c/projects/ST86QDLOV/soft/build/sl_app/app/lib/libapp_release.a(UART.o)
 .bss.com2_recv_buf
                0xffffffff82519d34      0x400 /cygdrive/c/projects/ST86QDLOV/soft/build/sl_app/app/lib/libapp_release.a(UART.o)
 .bss.DataLen.4234
                0xffffffff8251a134        0x2 /cygdrive/c/projects/ST86QDLOV/soft/build/sl_app/app/lib/libapp_release.a(BuildDataPacket.o)
 *fill*         0xffffffff8251a136        0x2 00
 .bss.TmpBuf    0xffffffff8251a138      0x100 /cygdrive/c/projects/ST86QDLOV/soft/build/sl_app/app/lib/libapp_release.a(BuildDataPacket.o)
 *(COMMON)
 *(.rambss)
                0xffffffff8251a240                . = ALIGN (0x10)
 *fill*         0xffffffff8251a238        0x8 00
                0xffffffff8251a240                _ram_bss_end = .
                0x000000000000bf90                _ram_bss_size = (_ram_bss_end - _ram_bss_start)
                0xffffffff825a0800                _ram_top = 0xffffffff825a0800
                0x00000000000865c0                _heap_size = (_ram_top - _ram_bss_end)
                0xffffffff8251a240                _heap_start = _ram_bss_end
                0xffffffff825a0800                _heap_end = (_ram_bss_end + _heap_size)
                0x0000000000000001                ASSERT ((ABSOLUTE (_ram_top) > ABSOLUTE (_ram_bss_end)), APP External RAM overflow !)
START GROUP
LOAD /cygdrive/c/projects/ST86QDLOV/soft/build/sl_app/app/lib/libapp_release.a
END GROUP
LOAD /crosscompiler/bin/../lib/gcc/mips-elf/4.4.2/libgcc.a
OUTPUT(/cygdrive/c/projects/ST86QDLOV/soft/build/sl_app/8809/sl_app_S80_20200313_release.elf elf32-littlemips)

.reginfo        0x0000000000000000       0x18
 .reginfo       0x0000000000000000       0x18 /cygdrive/c/projects/ST86QDLOV/soft/build/sl_app/app/lib/libapp_release.a(sl_app_init.o)

.mdebug.abi32   0x0000000000000000        0x0
 .mdebug.abi32  0x0000000000000000        0x0 /cygdrive/c/projects/ST86QDLOV/soft/build/sl_app/app/lib/libapp_release.a(sl_app_init.o)
 .mdebug.abi32  0x0000000000000000        0x0 /cygdrive/c/projects/ST86QDLOV/soft/build/sl_app/app/lib/libapp_release.a(FiFoData.o)
 .mdebug.abi32  0x0000000000000000        0x0 /cygdrive/c/projects/ST86QDLOV/soft/build/sl_app/app/lib/libapp_release.a(GNSS.o)
 .mdebug.abi32  0x0000000000000000        0x0 /cygdrive/c/projects/ST86QDLOV/soft/build/sl_app/app/lib/libapp_release.a(Gprs.o)
 .mdebug.abi32  0x0000000000000000        0x0 /cygdrive/c/projects/ST86QDLOV/soft/build/sl_app/app/lib/libapp_release.a(Led.o)
 .mdebug.abi32  0x0000000000000000        0x0 /cygdrive/c/projects/ST86QDLOV/soft/build/sl_app/app/lib/libapp_release.a(ProData.o)
 .mdebug.abi32  0x0000000000000000        0x0 /cygdrive/c/projects/ST86QDLOV/soft/build/sl_app/app/lib/libapp_release.a(Rtc.o)
 .mdebug.abi32  0x0000000000000000        0x0 /cygdrive/c/projects/ST86QDLOV/soft/build/sl_app/app/lib/libapp_release.a(SysFile.o)
 .mdebug.abi32  0x0000000000000000        0x0 /cygdrive/c/projects/ST86QDLOV/soft/build/sl_app/app/lib/libapp_release.a(SysProcess.o)
 .mdebug.abi32  0x0000000000000000        0x0 /cygdrive/c/projects/ST86QDLOV/soft/build/sl_app/app/lib/libapp_release.a(SysTickTime.o)
 .mdebug.abi32  0x0000000000000000        0x0 /cygdrive/c/projects/ST86QDLOV/soft/build/sl_app/app/lib/libapp_release.a(TcpIPUpload.o)
 .mdebug.abi32  0x0000000000000000        0x0 /cygdrive/c/projects/ST86QDLOV/soft/build/sl_app/app/lib/libapp_release.a(Terminal.o)
 .mdebug.abi32  0x0000000000000000        0x0 /cygdrive/c/projects/ST86QDLOV/soft/build/sl_app/app/lib/libapp_release.a(UART.o)
 .mdebug.abi32  0x0000000000000000        0x0 /cygdrive/c/projects/ST86QDLOV/soft/build/sl_app/app/lib/libapp_release.a(VersionNum.o)
 .mdebug.abi32  0x0000000000000000        0x0 /cygdrive/c/projects/ST86QDLOV/soft/build/sl_app/app/lib/libapp_release.a(sl_app.o)
 .mdebug.abi32  0x0000000000000000        0x0 /cygdrive/c/projects/ST86QDLOV/soft/build/sl_app/app/lib/libapp_release.a(BuildDataPacket.o)
 .mdebug.abi32  0x0000000000000000        0x0 /crosscompiler/bin/../lib/gcc/mips-elf/4.4.2/libgcc.a(_fixunssfsi.o)
 .mdebug.abi32  0x0000000000000000        0x0 /crosscompiler/bin/../lib/gcc/mips-elf/4.4.2/libgcc.a(_fixunsdfsi.o)
 .mdebug.abi32  0x0000000000000000        0x0 /crosscompiler/bin/../lib/gcc/mips-elf/4.4.2/libgcc.a(_addsub_sf.o)
 .mdebug.abi32  0x0000000000000000        0x0 /crosscompiler/bin/../lib/gcc/mips-elf/4.4.2/libgcc.a(_ge_sf.o)
 .mdebug.abi32  0x0000000000000000        0x0 /crosscompiler/bin/../lib/gcc/mips-elf/4.4.2/libgcc.a(_lt_sf.o)
 .mdebug.abi32  0x0000000000000000        0x0 /crosscompiler/bin/../lib/gcc/mips-elf/4.4.2/libgcc.a(_sf_to_si.o)
 .mdebug.abi32  0x0000000000000000        0x0 /crosscompiler/bin/../lib/gcc/mips-elf/4.4.2/libgcc.a(_sf_to_df.o)
 .mdebug.abi32  0x0000000000000000        0x0 /crosscompiler/bin/../lib/gcc/mips-elf/4.4.2/libgcc.a(_thenan_sf.o)
 .mdebug.abi32  0x0000000000000000        0x0 /crosscompiler/bin/../lib/gcc/mips-elf/4.4.2/libgcc.a(_addsub_df.o)
 .mdebug.abi32  0x0000000000000000        0x0 /crosscompiler/bin/../lib/gcc/mips-elf/4.4.2/libgcc.a(_mul_df.o)
 .mdebug.abi32  0x0000000000000000        0x0 /crosscompiler/bin/../lib/gcc/mips-elf/4.4.2/libgcc.a(_div_df.o)
 .mdebug.abi32  0x0000000000000000        0x0 /crosscompiler/bin/../lib/gcc/mips-elf/4.4.2/libgcc.a(_eq_df.o)
 .mdebug.abi32  0x0000000000000000        0x0 /crosscompiler/bin/../lib/gcc/mips-elf/4.4.2/libgcc.a(_gt_df.o)
 .mdebug.abi32  0x0000000000000000        0x0 /crosscompiler/bin/../lib/gcc/mips-elf/4.4.2/libgcc.a(_ge_df.o)
 .mdebug.abi32  0x0000000000000000        0x0 /crosscompiler/bin/../lib/gcc/mips-elf/4.4.2/libgcc.a(_si_to_df.o)
 .mdebug.abi32  0x0000000000000000        0x0 /crosscompiler/bin/../lib/gcc/mips-elf/4.4.2/libgcc.a(_df_to_si.o)
 .mdebug.abi32  0x0000000000000000        0x0 /crosscompiler/bin/../lib/gcc/mips-elf/4.4.2/libgcc.a(_make_df.o)
 .mdebug.abi32  0x0000000000000000        0x0 /crosscompiler/bin/../lib/gcc/mips-elf/4.4.2/libgcc.a(_df_to_sf.o)
 .mdebug.abi32  0x0000000000000000        0x0 /crosscompiler/bin/../lib/gcc/mips-elf/4.4.2/libgcc.a(_thenan_df.o)
 .mdebug.abi32  0x0000000000000000        0x0 /crosscompiler/bin/../lib/gcc/mips-elf/4.4.2/libgcc.a(_usi_to_df.o)
 .mdebug.abi32  0x0000000000000000        0x0 /crosscompiler/bin/../lib/gcc/mips-elf/4.4.2/libgcc.a(_lshrdi3.o)
 .mdebug.abi32  0x0000000000000000        0x0 /crosscompiler/bin/../lib/gcc/mips-elf/4.4.2/libgcc.a(_ashldi3.o)
 .mdebug.abi32  0x0000000000000000        0x0 /crosscompiler/bin/../lib/gcc/mips-elf/4.4.2/libgcc.a(_ucmpdi2.o)
 .mdebug.abi32  0x0000000000000000        0x0 /crosscompiler/bin/../lib/gcc/mips-elf/4.4.2/libgcc.a(_clzsi2.o)
 .mdebug.abi32  0x0000000000000000        0x0 /crosscompiler/bin/../lib/gcc/mips-elf/4.4.2/libgcc.a(_pack_sf.o)
 .mdebug.abi32  0x0000000000000000        0x0 /crosscompiler/bin/../lib/gcc/mips-elf/4.4.2/libgcc.a(_unpack_sf.o)
 .mdebug.abi32  0x0000000000000000        0x0 /crosscompiler/bin/../lib/gcc/mips-elf/4.4.2/libgcc.a(_fpcmp_parts_sf.o)
 .mdebug.abi32  0x0000000000000000        0x0 /crosscompiler/bin/../lib/gcc/mips-elf/4.4.2/libgcc.a(_make_sf.o)
 .mdebug.abi32  0x0000000000000000        0x0 /crosscompiler/bin/../lib/gcc/mips-elf/4.4.2/libgcc.a(_pack_df.o)
 .mdebug.abi32  0x0000000000000000        0x0 /crosscompiler/bin/../lib/gcc/mips-elf/4.4.2/libgcc.a(_unpack_df.o)
 .mdebug.abi32  0x0000000000000000        0x0 /crosscompiler/bin/../lib/gcc/mips-elf/4.4.2/libgcc.a(_fpcmp_parts_df.o)
 .mdebug.abi32  0x0000000000000000        0x0 /crosscompiler/bin/../lib/gcc/mips-elf/4.4.2/libgcc.a(_clz.o)

.comment        0x0000000000000000       0x31
 .comment       0x0000000000000000       0x31 /cygdrive/c/projects/ST86QDLOV/soft/build/sl_app/app/lib/libapp_release.a(sl_app_init.o)
                                         0x32 (size before relaxing)
 .comment       0x0000000000000000       0x32 /cygdrive/c/projects/ST86QDLOV/soft/build/sl_app/app/lib/libapp_release.a(FiFoData.o)
 .comment       0x0000000000000000       0x32 /cygdrive/c/projects/ST86QDLOV/soft/build/sl_app/app/lib/libapp_release.a(GNSS.o)
 .comment       0x0000000000000000       0x32 /cygdrive/c/projects/ST86QDLOV/soft/build/sl_app/app/lib/libapp_release.a(Gprs.o)
 .comment       0x0000000000000000       0x32 /cygdrive/c/projects/ST86QDLOV/soft/build/sl_app/app/lib/libapp_release.a(Led.o)
 .comment       0x0000000000000000       0x32 /cygdrive/c/projects/ST86QDLOV/soft/build/sl_app/app/lib/libapp_release.a(ProData.o)
 .comment       0x0000000000000000       0x32 /cygdrive/c/projects/ST86QDLOV/soft/build/sl_app/app/lib/libapp_release.a(Rtc.o)
 .comment       0x0000000000000000       0x32 /cygdrive/c/projects/ST86QDLOV/soft/build/sl_app/app/lib/libapp_release.a(SysFile.o)
 .comment       0x0000000000000000       0x32 /cygdrive/c/projects/ST86QDLOV/soft/build/sl_app/app/lib/libapp_release.a(SysProcess.o)
 .comment       0x0000000000000000       0x32 /cygdrive/c/projects/ST86QDLOV/soft/build/sl_app/app/lib/libapp_release.a(SysTickTime.o)
 .comment       0x0000000000000000       0x32 /cygdrive/c/projects/ST86QDLOV/soft/build/sl_app/app/lib/libapp_release.a(TcpIPUpload.o)
 .comment       0x0000000000000000       0x32 /cygdrive/c/projects/ST86QDLOV/soft/build/sl_app/app/lib/libapp_release.a(Terminal.o)
 .comment       0x0000000000000000       0x32 /cygdrive/c/projects/ST86QDLOV/soft/build/sl_app/app/lib/libapp_release.a(UART.o)
 .comment       0x0000000000000000       0x32 /cygdrive/c/projects/ST86QDLOV/soft/build/sl_app/app/lib/libapp_release.a(VersionNum.o)
 .comment       0x0000000000000000       0x32 /cygdrive/c/projects/ST86QDLOV/soft/build/sl_app/app/lib/libapp_release.a(sl_app.o)
 .comment       0x0000000000000000       0x32 /cygdrive/c/projects/ST86QDLOV/soft/build/sl_app/app/lib/libapp_release.a(BuildDataPacket.o)
 .comment       0x0000000000000000       0x32 /crosscompiler/bin/../lib/gcc/mips-elf/4.4.2/libgcc.a(_fixunssfsi.o)
 .comment       0x0000000000000000       0x32 /crosscompiler/bin/../lib/gcc/mips-elf/4.4.2/libgcc.a(_fixunsdfsi.o)
 .comment       0x0000000000000000       0x32 /crosscompiler/bin/../lib/gcc/mips-elf/4.4.2/libgcc.a(_addsub_sf.o)
 .comment       0x0000000000000000       0x32 /crosscompiler/bin/../lib/gcc/mips-elf/4.4.2/libgcc.a(_ge_sf.o)
 .comment       0x0000000000000000       0x32 /crosscompiler/bin/../lib/gcc/mips-elf/4.4.2/libgcc.a(_lt_sf.o)
 .comment       0x0000000000000000       0x32 /crosscompiler/bin/../lib/gcc/mips-elf/4.4.2/libgcc.a(_sf_to_si.o)
 .comment       0x0000000000000000       0x32 /crosscompiler/bin/../lib/gcc/mips-elf/4.4.2/libgcc.a(_sf_to_df.o)
 .comment       0x0000000000000000       0x32 /crosscompiler/bin/../lib/gcc/mips-elf/4.4.2/libgcc.a(_thenan_sf.o)
 .comment       0x0000000000000000       0x32 /crosscompiler/bin/../lib/gcc/mips-elf/4.4.2/libgcc.a(_addsub_df.o)
 .comment       0x0000000000000000       0x32 /crosscompiler/bin/../lib/gcc/mips-elf/4.4.2/libgcc.a(_mul_df.o)
 .comment       0x0000000000000000       0x32 /crosscompiler/bin/../lib/gcc/mips-elf/4.4.2/libgcc.a(_div_df.o)
 .comment       0x0000000000000000       0x32 /crosscompiler/bin/../lib/gcc/mips-elf/4.4.2/libgcc.a(_eq_df.o)
 .comment       0x0000000000000000       0x32 /crosscompiler/bin/../lib/gcc/mips-elf/4.4.2/libgcc.a(_gt_df.o)
 .comment       0x0000000000000000       0x32 /crosscompiler/bin/../lib/gcc/mips-elf/4.4.2/libgcc.a(_ge_df.o)
 .comment       0x0000000000000000       0x32 /crosscompiler/bin/../lib/gcc/mips-elf/4.4.2/libgcc.a(_si_to_df.o)
 .comment       0x0000000000000000       0x32 /crosscompiler/bin/../lib/gcc/mips-elf/4.4.2/libgcc.a(_df_to_si.o)
 .comment       0x0000000000000000       0x32 /crosscompiler/bin/../lib/gcc/mips-elf/4.4.2/libgcc.a(_make_df.o)
 .comment       0x0000000000000000       0x32 /crosscompiler/bin/../lib/gcc/mips-elf/4.4.2/libgcc.a(_df_to_sf.o)
 .comment       0x0000000000000000       0x32 /crosscompiler/bin/../lib/gcc/mips-elf/4.4.2/libgcc.a(_thenan_df.o)
 .comment       0x0000000000000000       0x32 /crosscompiler/bin/../lib/gcc/mips-elf/4.4.2/libgcc.a(_usi_to_df.o)
 .comment       0x0000000000000000       0x32 /crosscompiler/bin/../lib/gcc/mips-elf/4.4.2/libgcc.a(_lshrdi3.o)
 .comment       0x0000000000000000       0x32 /crosscompiler/bin/../lib/gcc/mips-elf/4.4.2/libgcc.a(_ashldi3.o)
 .comment       0x0000000000000000       0x32 /crosscompiler/bin/../lib/gcc/mips-elf/4.4.2/libgcc.a(_ucmpdi2.o)
 .comment       0x0000000000000000       0x32 /crosscompiler/bin/../lib/gcc/mips-elf/4.4.2/libgcc.a(_clzsi2.o)
 .comment       0x0000000000000000       0x32 /crosscompiler/bin/../lib/gcc/mips-elf/4.4.2/libgcc.a(_pack_sf.o)
 .comment       0x0000000000000000       0x32 /crosscompiler/bin/../lib/gcc/mips-elf/4.4.2/libgcc.a(_unpack_sf.o)
 .comment       0x0000000000000000       0x32 /crosscompiler/bin/../lib/gcc/mips-elf/4.4.2/libgcc.a(_fpcmp_parts_sf.o)
 .comment       0x0000000000000000       0x32 /crosscompiler/bin/../lib/gcc/mips-elf/4.4.2/libgcc.a(_make_sf.o)
 .comment       0x0000000000000000       0x32 /crosscompiler/bin/../lib/gcc/mips-elf/4.4.2/libgcc.a(_pack_df.o)
 .comment       0x0000000000000000       0x32 /crosscompiler/bin/../lib/gcc/mips-elf/4.4.2/libgcc.a(_unpack_df.o)
 .comment       0x0000000000000000       0x32 /crosscompiler/bin/../lib/gcc/mips-elf/4.4.2/libgcc.a(_fpcmp_parts_df.o)
 .comment       0x0000000000000000       0x32 /crosscompiler/bin/../lib/gcc/mips-elf/4.4.2/libgcc.a(_clz.o)

.gnu.attributes
                0x0000000000000000       0x10
 .gnu.attributes
                0x0000000000000000       0x10 /cygdrive/c/projects/ST86QDLOV/soft/build/sl_app/app/lib/libapp_release.a(sl_app_init.o)
 .gnu.attributes
                0x0000000000000010       0x10 /cygdrive/c/projects/ST86QDLOV/soft/build/sl_app/app/lib/libapp_release.a(FiFoData.o)
 .gnu.attributes
                0x0000000000000020       0x10 /cygdrive/c/projects/ST86QDLOV/soft/build/sl_app/app/lib/libapp_release.a(GNSS.o)
 .gnu.attributes
                0x0000000000000030       0x10 /cygdrive/c/projects/ST86QDLOV/soft/build/sl_app/app/lib/libapp_release.a(Gprs.o)
 .gnu.attributes
                0x0000000000000040       0x10 /cygdrive/c/projects/ST86QDLOV/soft/build/sl_app/app/lib/libapp_release.a(Led.o)
 .gnu.attributes
                0x0000000000000050       0x10 /cygdrive/c/projects/ST86QDLOV/soft/build/sl_app/app/lib/libapp_release.a(ProData.o)
 .gnu.attributes
                0x0000000000000060       0x10 /cygdrive/c/projects/ST86QDLOV/soft/build/sl_app/app/lib/libapp_release.a(Rtc.o)
 .gnu.attributes
                0x0000000000000070       0x10 /cygdrive/c/projects/ST86QDLOV/soft/build/sl_app/app/lib/libapp_release.a(SysFile.o)
 .gnu.attributes
                0x0000000000000080       0x10 /cygdrive/c/projects/ST86QDLOV/soft/build/sl_app/app/lib/libapp_release.a(SysProcess.o)
 .gnu.attributes
                0x0000000000000090       0x10 /cygdrive/c/projects/ST86QDLOV/soft/build/sl_app/app/lib/libapp_release.a(SysTickTime.o)
 .gnu.attributes
                0x00000000000000a0       0x10 /cygdrive/c/projects/ST86QDLOV/soft/build/sl_app/app/lib/libapp_release.a(TcpIPUpload.o)
 .gnu.attributes
                0x00000000000000b0       0x10 /cygdrive/c/projects/ST86QDLOV/soft/build/sl_app/app/lib/libapp_release.a(Terminal.o)
 .gnu.attributes
                0x00000000000000c0       0x10 /cygdrive/c/projects/ST86QDLOV/soft/build/sl_app/app/lib/libapp_release.a(UART.o)
 .gnu.attributes
                0x00000000000000d0       0x10 /cygdrive/c/projects/ST86QDLOV/soft/build/sl_app/app/lib/libapp_release.a(VersionNum.o)
 .gnu.attributes
                0x00000000000000e0       0x10 /cygdrive/c/projects/ST86QDLOV/soft/build/sl_app/app/lib/libapp_release.a(sl_app.o)
 .gnu.attributes
                0x00000000000000f0       0x10 /cygdrive/c/projects/ST86QDLOV/soft/build/sl_app/app/lib/libapp_release.a(BuildDataPacket.o)
 .gnu.attributes
                0x0000000000000100       0x10 /crosscompiler/bin/../lib/gcc/mips-elf/4.4.2/libgcc.a(_fixunssfsi.o)
 .gnu.attributes
                0x0000000000000110       0x10 /crosscompiler/bin/../lib/gcc/mips-elf/4.4.2/libgcc.a(_fixunsdfsi.o)
 .gnu.attributes
                0x0000000000000120       0x10 /crosscompiler/bin/../lib/gcc/mips-elf/4.4.2/libgcc.a(_addsub_sf.o)
 .gnu.attributes
                0x0000000000000130       0x10 /crosscompiler/bin/../lib/gcc/mips-elf/4.4.2/libgcc.a(_ge_sf.o)
 .gnu.attributes
                0x0000000000000140       0x10 /crosscompiler/bin/../lib/gcc/mips-elf/4.4.2/libgcc.a(_lt_sf.o)
 .gnu.attributes
                0x0000000000000150       0x10 /crosscompiler/bin/../lib/gcc/mips-elf/4.4.2/libgcc.a(_sf_to_si.o)
 .gnu.attributes
                0x0000000000000160       0x10 /crosscompiler/bin/../lib/gcc/mips-elf/4.4.2/libgcc.a(_sf_to_df.o)
 .gnu.attributes
                0x0000000000000170       0x10 /crosscompiler/bin/../lib/gcc/mips-elf/4.4.2/libgcc.a(_thenan_sf.o)
 .gnu.attributes
                0x0000000000000180       0x10 /crosscompiler/bin/../lib/gcc/mips-elf/4.4.2/libgcc.a(_addsub_df.o)
 .gnu.attributes
                0x0000000000000190       0x10 /crosscompiler/bin/../lib/gcc/mips-elf/4.4.2/libgcc.a(_mul_df.o)
 .gnu.attributes
                0x00000000000001a0       0x10 /crosscompiler/bin/../lib/gcc/mips-elf/4.4.2/libgcc.a(_div_df.o)
 .gnu.attributes
                0x00000000000001b0       0x10 /crosscompiler/bin/../lib/gcc/mips-elf/4.4.2/libgcc.a(_eq_df.o)
 .gnu.attributes
                0x00000000000001c0       0x10 /crosscompiler/bin/../lib/gcc/mips-elf/4.4.2/libgcc.a(_gt_df.o)
 .gnu.attributes
                0x00000000000001d0       0x10 /crosscompiler/bin/../lib/gcc/mips-elf/4.4.2/libgcc.a(_ge_df.o)
 .gnu.attributes
                0x00000000000001e0       0x10 /crosscompiler/bin/../lib/gcc/mips-elf/4.4.2/libgcc.a(_si_to_df.o)
 .gnu.attributes
                0x00000000000001f0       0x10 /crosscompiler/bin/../lib/gcc/mips-elf/4.4.2/libgcc.a(_df_to_si.o)
 .gnu.attributes
                0x0000000000000200       0x10 /crosscompiler/bin/../lib/gcc/mips-elf/4.4.2/libgcc.a(_make_df.o)
 .gnu.attributes
                0x0000000000000210       0x10 /crosscompiler/bin/../lib/gcc/mips-elf/4.4.2/libgcc.a(_df_to_sf.o)
 .gnu.attributes
                0x0000000000000220       0x10 /crosscompiler/bin/../lib/gcc/mips-elf/4.4.2/libgcc.a(_thenan_df.o)
 .gnu.attributes
                0x0000000000000230       0x10 /crosscompiler/bin/../lib/gcc/mips-elf/4.4.2/libgcc.a(_usi_to_df.o)
 .gnu.attributes
                0x0000000000000240       0x10 /crosscompiler/bin/../lib/gcc/mips-elf/4.4.2/libgcc.a(_lshrdi3.o)
 .gnu.attributes
                0x0000000000000250       0x10 /crosscompiler/bin/../lib/gcc/mips-elf/4.4.2/libgcc.a(_ashldi3.o)
 .gnu.attributes
                0x0000000000000260       0x10 /crosscompiler/bin/../lib/gcc/mips-elf/4.4.2/libgcc.a(_ucmpdi2.o)
 .gnu.attributes
                0x0000000000000270       0x10 /crosscompiler/bin/../lib/gcc/mips-elf/4.4.2/libgcc.a(_clzsi2.o)
 .gnu.attributes
                0x0000000000000280       0x10 /crosscompiler/bin/../lib/gcc/mips-elf/4.4.2/libgcc.a(_pack_sf.o)
 .gnu.attributes
                0x0000000000000290       0x10 /crosscompiler/bin/../lib/gcc/mips-elf/4.4.2/libgcc.a(_unpack_sf.o)
 .gnu.attributes
                0x00000000000002a0       0x10 /crosscompiler/bin/../lib/gcc/mips-elf/4.4.2/libgcc.a(_fpcmp_parts_sf.o)
 .gnu.attributes
                0x00000000000002b0       0x10 /crosscompiler/bin/../lib/gcc/mips-elf/4.4.2/libgcc.a(_make_sf.o)
 .gnu.attributes
                0x00000000000002c0       0x10 /crosscompiler/bin/../lib/gcc/mips-elf/4.4.2/libgcc.a(_pack_df.o)
 .gnu.attributes
                0x00000000000002d0       0x10 /crosscompiler/bin/../lib/gcc/mips-elf/4.4.2/libgcc.a(_unpack_df.o)
 .gnu.attributes
                0x00000000000002e0       0x10 /crosscompiler/bin/../lib/gcc/mips-elf/4.4.2/libgcc.a(_fpcmp_parts_df.o)
 .gnu.attributes
                0x00000000000002f0       0x10 /crosscompiler/bin/../lib/gcc/mips-elf/4.4.2/libgcc.a(_clz.o)

.pdr            0x0000000000000000        0x0
 .pdr           0x0000000000000000        0x0 /cygdrive/c/projects/ST86QDLOV/soft/build/sl_app/app/lib/libapp_release.a(sl_app.o)
 .pdr           0x0000000000000000        0x0 /crosscompiler/bin/../lib/gcc/mips-elf/4.4.2/libgcc.a(_thenan_sf.o)
 .pdr           0x0000000000000000        0x0 /crosscompiler/bin/../lib/gcc/mips-elf/4.4.2/libgcc.a(_thenan_df.o)
 .pdr           0x0000000000000000        0x0 /crosscompiler/bin/../lib/gcc/mips-elf/4.4.2/libgcc.a(_clz.o)

.debug_abbrev   0x0000000000000000     0x4c2d
 .debug_abbrev  0x0000000000000000      0x205 /cygdrive/c/projects/ST86QDLOV/soft/build/sl_app/app/lib/libapp_release.a(sl_app_init.o)
 .debug_abbrev  0x0000000000000205      0x298 /cygdrive/c/projects/ST86QDLOV/soft/build/sl_app/app/lib/libapp_release.a(FiFoData.o)
 .debug_abbrev  0x000000000000049d      0x279 /cygdrive/c/projects/ST86QDLOV/soft/build/sl_app/app/lib/libapp_release.a(GNSS.o)
 .debug_abbrev  0x0000000000000716      0x35f /cygdrive/c/projects/ST86QDLOV/soft/build/sl_app/app/lib/libapp_release.a(Gprs.o)
 .debug_abbrev  0x0000000000000a75      0x226 /cygdrive/c/projects/ST86QDLOV/soft/build/sl_app/app/lib/libapp_release.a(Led.o)
 .debug_abbrev  0x0000000000000c9b      0x357 /cygdrive/c/projects/ST86QDLOV/soft/build/sl_app/app/lib/libapp_release.a(ProData.o)
 .debug_abbrev  0x0000000000000ff2      0x2e2 /cygdrive/c/projects/ST86QDLOV/soft/build/sl_app/app/lib/libapp_release.a(Rtc.o)
 .debug_abbrev  0x00000000000012d4      0x232 /cygdrive/c/projects/ST86QDLOV/soft/build/sl_app/app/lib/libapp_release.a(SysFile.o)
 .debug_abbrev  0x0000000000001506      0x273 /cygdrive/c/projects/ST86QDLOV/soft/build/sl_app/app/lib/libapp_release.a(SysProcess.o)
 .debug_abbrev  0x0000000000001779       0xce /cygdrive/c/projects/ST86QDLOV/soft/build/sl_app/app/lib/libapp_release.a(SysTickTime.o)
 .debug_abbrev  0x0000000000001847      0x1de /cygdrive/c/projects/ST86QDLOV/soft/build/sl_app/app/lib/libapp_release.a(TcpIPUpload.o)
 .debug_abbrev  0x0000000000001a25      0x3bb /cygdrive/c/projects/ST86QDLOV/soft/build/sl_app/app/lib/libapp_release.a(Terminal.o)
 .debug_abbrev  0x0000000000001de0      0x2a9 /cygdrive/c/projects/ST86QDLOV/soft/build/sl_app/app/lib/libapp_release.a(UART.o)
 .debug_abbrev  0x0000000000002089       0x59 /cygdrive/c/projects/ST86QDLOV/soft/build/sl_app/app/lib/libapp_release.a(VersionNum.o)
 .debug_abbrev  0x00000000000020e2      0x18b /cygdrive/c/projects/ST86QDLOV/soft/build/sl_app/app/lib/libapp_release.a(sl_app.o)
 .debug_abbrev  0x000000000000226d      0x218 /cygdrive/c/projects/ST86QDLOV/soft/build/sl_app/app/lib/libapp_release.a(BuildDataPacket.o)
 .debug_abbrev  0x0000000000002485       0x66 /crosscompiler/bin/../lib/gcc/mips-elf/4.4.2/libgcc.a(_fixunssfsi.o)
 .debug_abbrev  0x00000000000024eb       0x66 /crosscompiler/bin/../lib/gcc/mips-elf/4.4.2/libgcc.a(_fixunsdfsi.o)
 .debug_abbrev  0x0000000000002551      0x1db /crosscompiler/bin/../lib/gcc/mips-elf/4.4.2/libgcc.a(_addsub_sf.o)
 .debug_abbrev  0x000000000000272c      0x15a /crosscompiler/bin/../lib/gcc/mips-elf/4.4.2/libgcc.a(_ge_sf.o)
 .debug_abbrev  0x0000000000002886      0x15a /crosscompiler/bin/../lib/gcc/mips-elf/4.4.2/libgcc.a(_lt_sf.o)
 .debug_abbrev  0x00000000000029e0      0x17f /crosscompiler/bin/../lib/gcc/mips-elf/4.4.2/libgcc.a(_sf_to_si.o)
 .debug_abbrev  0x0000000000002b5f      0x131 /crosscompiler/bin/../lib/gcc/mips-elf/4.4.2/libgcc.a(_sf_to_df.o)
 .debug_abbrev  0x0000000000002c90       0xc3 /crosscompiler/bin/../lib/gcc/mips-elf/4.4.2/libgcc.a(_thenan_sf.o)
 .debug_abbrev  0x0000000000002d53      0x1ea /crosscompiler/bin/../lib/gcc/mips-elf/4.4.2/libgcc.a(_addsub_df.o)
 .debug_abbrev  0x0000000000002f3d      0x200 /crosscompiler/bin/../lib/gcc/mips-elf/4.4.2/libgcc.a(_mul_df.o)
 .debug_abbrev  0x000000000000313d      0x1dc /crosscompiler/bin/../lib/gcc/mips-elf/4.4.2/libgcc.a(_div_df.o)
 .debug_abbrev  0x0000000000003319      0x15a /crosscompiler/bin/../lib/gcc/mips-elf/4.4.2/libgcc.a(_eq_df.o)
 .debug_abbrev  0x0000000000003473      0x15a /crosscompiler/bin/../lib/gcc/mips-elf/4.4.2/libgcc.a(_gt_df.o)
 .debug_abbrev  0x00000000000035cd      0x15a /crosscompiler/bin/../lib/gcc/mips-elf/4.4.2/libgcc.a(_ge_df.o)
 .debug_abbrev  0x0000000000003727      0x148 /crosscompiler/bin/../lib/gcc/mips-elf/4.4.2/libgcc.a(_si_to_df.o)
 .debug_abbrev  0x000000000000386f      0x17f /crosscompiler/bin/../lib/gcc/mips-elf/4.4.2/libgcc.a(_df_to_si.o)
 .debug_abbrev  0x00000000000039ee      0x109 /crosscompiler/bin/../lib/gcc/mips-elf/4.4.2/libgcc.a(_make_df.o)
 .debug_abbrev  0x0000000000003af7      0x140 /crosscompiler/bin/../lib/gcc/mips-elf/4.4.2/libgcc.a(_df_to_sf.o)
 .debug_abbrev  0x0000000000003c37       0xc3 /crosscompiler/bin/../lib/gcc/mips-elf/4.4.2/libgcc.a(_thenan_df.o)
 .debug_abbrev  0x0000000000003cfa      0x157 /crosscompiler/bin/../lib/gcc/mips-elf/4.4.2/libgcc.a(_usi_to_df.o)
 .debug_abbrev  0x0000000000003e51      0x104 /crosscompiler/bin/../lib/gcc/mips-elf/4.4.2/libgcc.a(_lshrdi3.o)
 .debug_abbrev  0x0000000000003f55       0xf7 /crosscompiler/bin/../lib/gcc/mips-elf/4.4.2/libgcc.a(_ashldi3.o)
 .debug_abbrev  0x000000000000404c       0xd0 /crosscompiler/bin/../lib/gcc/mips-elf/4.4.2/libgcc.a(_ucmpdi2.o)
 .debug_abbrev  0x000000000000411c       0xc4 /crosscompiler/bin/../lib/gcc/mips-elf/4.4.2/libgcc.a(_clzsi2.o)
 .debug_abbrev  0x00000000000041e0      0x1c0 /crosscompiler/bin/../lib/gcc/mips-elf/4.4.2/libgcc.a(_pack_sf.o)
 .debug_abbrev  0x00000000000043a0      0x163 /crosscompiler/bin/../lib/gcc/mips-elf/4.4.2/libgcc.a(_unpack_sf.o)
 .debug_abbrev  0x0000000000004503      0x14a /crosscompiler/bin/../lib/gcc/mips-elf/4.4.2/libgcc.a(_fpcmp_parts_sf.o)
 .debug_abbrev  0x000000000000464d      0x109 /crosscompiler/bin/../lib/gcc/mips-elf/4.4.2/libgcc.a(_make_sf.o)
 .debug_abbrev  0x0000000000004756      0x1c0 /crosscompiler/bin/../lib/gcc/mips-elf/4.4.2/libgcc.a(_pack_df.o)
 .debug_abbrev  0x0000000000004916      0x163 /crosscompiler/bin/../lib/gcc/mips-elf/4.4.2/libgcc.a(_unpack_df.o)
 .debug_abbrev  0x0000000000004a79      0x14a /crosscompiler/bin/../lib/gcc/mips-elf/4.4.2/libgcc.a(_fpcmp_parts_df.o)
 .debug_abbrev  0x0000000000004bc3       0x6a /crosscompiler/bin/../lib/gcc/mips-elf/4.4.2/libgcc.a(_clz.o)

.debug_info     0x0000000000000000    0x45b41
 .debug_info    0x0000000000000000     0x4494 /cygdrive/c/projects/ST86QDLOV/soft/build/sl_app/app/lib/libapp_release.a(sl_app_init.o)
 .debug_info    0x0000000000004494     0x469e /cygdrive/c/projects/ST86QDLOV/soft/build/sl_app/app/lib/libapp_release.a(FiFoData.o)
 .debug_info    0x0000000000008b32     0x487c /cygdrive/c/projects/ST86QDLOV/soft/build/sl_app/app/lib/libapp_release.a(GNSS.o)
 .debug_info    0x000000000000d3ae     0x57af /cygdrive/c/projects/ST86QDLOV/soft/build/sl_app/app/lib/libapp_release.a(Gprs.o)
 .debug_info    0x0000000000012b5d     0x49ab /cygdrive/c/projects/ST86QDLOV/soft/build/sl_app/app/lib/libapp_release.a(Led.o)
 .debug_info    0x0000000000017508     0x498d /cygdrive/c/projects/ST86QDLOV/soft/build/sl_app/app/lib/libapp_release.a(ProData.o)
 .debug_info    0x000000000001be95     0x48b3 /cygdrive/c/projects/ST86QDLOV/soft/build/sl_app/app/lib/libapp_release.a(Rtc.o)
 .debug_info    0x0000000000020748     0x45c5 /cygdrive/c/projects/ST86QDLOV/soft/build/sl_app/app/lib/libapp_release.a(SysFile.o)
 .debug_info    0x0000000000024d0d     0x4b92 /cygdrive/c/projects/ST86QDLOV/soft/build/sl_app/app/lib/libapp_release.a(SysProcess.o)
 .debug_info    0x000000000002989f      0x19b /cygdrive/c/projects/ST86QDLOV/soft/build/sl_app/app/lib/libapp_release.a(SysTickTime.o)
 .debug_info    0x0000000000029a3a     0x439b /cygdrive/c/projects/ST86QDLOV/soft/build/sl_app/app/lib/libapp_release.a(TcpIPUpload.o)
 .debug_info    0x000000000002ddd5     0x5590 /cygdrive/c/projects/ST86QDLOV/soft/build/sl_app/app/lib/libapp_release.a(Terminal.o)
 .debug_info    0x0000000000033365     0x45d0 /cygdrive/c/projects/ST86QDLOV/soft/build/sl_app/app/lib/libapp_release.a(UART.o)
 .debug_info    0x0000000000037935       0xaa /cygdrive/c/projects/ST86QDLOV/soft/build/sl_app/app/lib/libapp_release.a(VersionNum.o)
 .debug_info    0x00000000000379df     0x42b4 /cygdrive/c/projects/ST86QDLOV/soft/build/sl_app/app/lib/libapp_release.a(sl_app.o)
 .debug_info    0x000000000003bc93     0x54d7 /cygdrive/c/projects/ST86QDLOV/soft/build/sl_app/app/lib/libapp_release.a(BuildDataPacket.o)
 .debug_info    0x000000000004116a       0xd1 /crosscompiler/bin/../lib/gcc/mips-elf/4.4.2/libgcc.a(_fixunssfsi.o)
 .debug_info    0x000000000004123b       0xd1 /crosscompiler/bin/../lib/gcc/mips-elf/4.4.2/libgcc.a(_fixunsdfsi.o)
 .debug_info    0x000000000004130c      0x483 /crosscompiler/bin/../lib/gcc/mips-elf/4.4.2/libgcc.a(_addsub_sf.o)
 .debug_info    0x000000000004178f      0x28c /crosscompiler/bin/../lib/gcc/mips-elf/4.4.2/libgcc.a(_ge_sf.o)
 .debug_info    0x0000000000041a1b      0x28c /crosscompiler/bin/../lib/gcc/mips-elf/4.4.2/libgcc.a(_lt_sf.o)
 .debug_info    0x0000000000041ca7      0x2bd /crosscompiler/bin/../lib/gcc/mips-elf/4.4.2/libgcc.a(_sf_to_si.o)
 .debug_info    0x0000000000041f64      0x241 /crosscompiler/bin/../lib/gcc/mips-elf/4.4.2/libgcc.a(_sf_to_df.o)
 .debug_info    0x00000000000421a5      0x160 /crosscompiler/bin/../lib/gcc/mips-elf/4.4.2/libgcc.a(_thenan_sf.o)
 .debug_info    0x0000000000042305      0x48e /crosscompiler/bin/../lib/gcc/mips-elf/4.4.2/libgcc.a(_addsub_df.o)
 .debug_info    0x0000000000042793      0x47e /crosscompiler/bin/../lib/gcc/mips-elf/4.4.2/libgcc.a(_mul_df.o)
 .debug_info    0x0000000000042c11      0x39e /crosscompiler/bin/../lib/gcc/mips-elf/4.4.2/libgcc.a(_div_df.o)
 .debug_info    0x0000000000042faf      0x29a /crosscompiler/bin/../lib/gcc/mips-elf/4.4.2/libgcc.a(_eq_df.o)
 .debug_info    0x0000000000043249      0x29a /crosscompiler/bin/../lib/gcc/mips-elf/4.4.2/libgcc.a(_gt_df.o)
 .debug_info    0x00000000000434e3      0x29a /crosscompiler/bin/../lib/gcc/mips-elf/4.4.2/libgcc.a(_ge_df.o)
 .debug_info    0x000000000004377d      0x214 /crosscompiler/bin/../lib/gcc/mips-elf/4.4.2/libgcc.a(_si_to_df.o)
 .debug_info    0x0000000000043991      0x2c9 /crosscompiler/bin/../lib/gcc/mips-elf/4.4.2/libgcc.a(_df_to_si.o)
 .debug_info    0x0000000000043c5a      0x1d3 /crosscompiler/bin/../lib/gcc/mips-elf/4.4.2/libgcc.a(_make_df.o)
 .debug_info    0x0000000000043e2d      0x25d /crosscompiler/bin/../lib/gcc/mips-elf/4.4.2/libgcc.a(_df_to_sf.o)
 .debug_info    0x000000000004408a      0x160 /crosscompiler/bin/../lib/gcc/mips-elf/4.4.2/libgcc.a(_thenan_df.o)
 .debug_info    0x00000000000441ea      0x213 /crosscompiler/bin/../lib/gcc/mips-elf/4.4.2/libgcc.a(_usi_to_df.o)
 .debug_info    0x00000000000443fd      0x19b /crosscompiler/bin/../lib/gcc/mips-elf/4.4.2/libgcc.a(_lshrdi3.o)
 .debug_info    0x0000000000044598      0x19f /crosscompiler/bin/../lib/gcc/mips-elf/4.4.2/libgcc.a(_ashldi3.o)
 .debug_info    0x0000000000044737      0x160 /crosscompiler/bin/../lib/gcc/mips-elf/4.4.2/libgcc.a(_ucmpdi2.o)
 .debug_info    0x0000000000044897      0x132 /crosscompiler/bin/../lib/gcc/mips-elf/4.4.2/libgcc.a(_clzsi2.o)
 .debug_info    0x00000000000449c9      0x2ea /crosscompiler/bin/../lib/gcc/mips-elf/4.4.2/libgcc.a(_pack_sf.o)
 .debug_info    0x0000000000044cb3      0x25a /crosscompiler/bin/../lib/gcc/mips-elf/4.4.2/libgcc.a(_unpack_sf.o)
 .debug_info    0x0000000000044f0d      0x21f /crosscompiler/bin/../lib/gcc/mips-elf/4.4.2/libgcc.a(_fpcmp_parts_sf.o)
 .debug_info    0x000000000004512c      0x1d3 /crosscompiler/bin/../lib/gcc/mips-elf/4.4.2/libgcc.a(_make_sf.o)
 .debug_info    0x00000000000452ff      0x2f8 /crosscompiler/bin/../lib/gcc/mips-elf/4.4.2/libgcc.a(_pack_df.o)
 .debug_info    0x00000000000455f7      0x266 /crosscompiler/bin/../lib/gcc/mips-elf/4.4.2/libgcc.a(_unpack_df.o)
 .debug_info    0x000000000004585d      0x21f /crosscompiler/bin/../lib/gcc/mips-elf/4.4.2/libgcc.a(_fpcmp_parts_df.o)
 .debug_info    0x0000000000045a7c       0xc5 /crosscompiler/bin/../lib/gcc/mips-elf/4.4.2/libgcc.a(_clz.o)

.debug_line     0x0000000000000000     0x453d
 .debug_line    0x0000000000000000      0x23f /cygdrive/c/projects/ST86QDLOV/soft/build/sl_app/app/lib/libapp_release.a(sl_app_init.o)
 .debug_line    0x000000000000023f      0x2f7 /cygdrive/c/projects/ST86QDLOV/soft/build/sl_app/app/lib/libapp_release.a(FiFoData.o)
 .debug_line    0x0000000000000536      0x3a1 /cygdrive/c/projects/ST86QDLOV/soft/build/sl_app/app/lib/libapp_release.a(GNSS.o)
 .debug_line    0x00000000000008d7      0x7ca /cygdrive/c/projects/ST86QDLOV/soft/build/sl_app/app/lib/libapp_release.a(Gprs.o)
 .debug_line    0x00000000000010a1      0x29a /cygdrive/c/projects/ST86QDLOV/soft/build/sl_app/app/lib/libapp_release.a(Led.o)
 .debug_line    0x000000000000133b      0x42b /cygdrive/c/projects/ST86QDLOV/soft/build/sl_app/app/lib/libapp_release.a(ProData.o)
 .debug_line    0x0000000000001766      0x3a1 /cygdrive/c/projects/ST86QDLOV/soft/build/sl_app/app/lib/libapp_release.a(Rtc.o)
 .debug_line    0x0000000000001b07      0x27e /cygdrive/c/projects/ST86QDLOV/soft/build/sl_app/app/lib/libapp_release.a(SysFile.o)
 .debug_line    0x0000000000001d85      0x2d9 /cygdrive/c/projects/ST86QDLOV/soft/build/sl_app/app/lib/libapp_release.a(SysProcess.o)