Archive member included because of file (symbol)

/cygdrive/c/projects/ST86QDLOV0616/soft/build/sl_app/app/lib/libapp_release.a(sl_app_init.o)
                              (SL_Entry)
/cygdrive/c/projects/ST86QDLOV0616/soft/build/sl_app/app/lib/libapp_release.a(FiFoData.o)
                              /cygdrive/c/projects/ST86QDLOV0616/soft/build/sl_app/app/lib/libapp_release.a(sl_app_init.o) (LoadSendQueue)
/cygdrive/c/projects/ST86QDLOV0616/soft/build/sl_app/app/lib/libapp_release.a(GNSS.o)
                              /cygdrive/c/projects/ST86QDLOV0616/soft/build/sl_app/app/lib/libapp_release.a(sl_app_init.o) (GnssDataParse)
/cygdrive/c/projects/ST86QDLOV0616/soft/build/sl_app/app/lib/libapp_release.a(Gprs.o)
                              /cygdrive/c/projects/ST86QDLOV0616/soft/build/sl_app/app/lib/libapp_release.a(sl_app_init.o) (InitTcpIp)
/cygdrive/c/projects/ST86QDLOV0616/soft/build/sl_app/app/lib/libapp_release.a(Led.o)
                              /cygdrive/c/projects/ST86QDLOV0616/soft/build/sl_app/app/lib/libapp_release.a(sl_app_init.o) (Init_Led)
/cygdrive/c/projects/ST86QDLOV0616/soft/build/sl_app/app/lib/libapp_release.a(ProData.o)
                              /cygdrive/c/projects/ST86QDLOV0616/soft/build/sl_app/app/lib/libapp_release.a(GNSS.o) (LookForStr)
/cygdrive/c/projects/ST86QDLOV0616/soft/build/sl_app/app/lib/libapp_release.a(Rtc.o)
                              /cygdrive/c/projects/ST86QDLOV0616/soft/build/sl_app/app/lib/libapp_release.a(GNSS.o) (CalendarToUnix)
/cygdrive/c/projects/ST86QDLOV0616/soft/build/sl_app/app/lib/libapp_release.a(SysFile.o)
                              /cygdrive/c/projects/ST86QDLOV0616/soft/build/sl_app/app/lib/libapp_release.a(Gprs.o) (GetSysCfgSpace)
/cygdrive/c/projects/ST86QDLOV0616/soft/build/sl_app/app/lib/libapp_release.a(SysProcess.o)
                              /cygdrive/c/projects/ST86QDLOV0616/soft/build/sl_app/app/lib/libapp_release.a(GNSS.o) (ResetNextTime)
/cygdrive/c/projects/ST86QDLOV0616/soft/build/sl_app/app/lib/libapp_release.a(SysTickTime.o)
                              /cygdrive/c/projects/ST86QDLOV0616/soft/build/sl_app/app/lib/libapp_release.a(GNSS.o) (init_stopwatch16)
/cygdrive/c/projects/ST86QDLOV0616/soft/build/sl_app/app/lib/libapp_release.a(TcpIPUpload.o)
                              /cygdrive/c/projects/ST86QDLOV0616/soft/build/sl_app/app/lib/libapp_release.a(Gprs.o) (ResetHeatSw)
/cygdrive/c/projects/ST86QDLOV0616/soft/build/sl_app/app/lib/libapp_release.a(Terminal.o)
                              /cygdrive/c/projects/ST86QDLOV0616/soft/build/sl_app/app/lib/libapp_release.a(SysProcess.o) (GetTerStateDataSpace)
/cygdrive/c/projects/ST86QDLOV0616/soft/build/sl_app/app/lib/libapp_release.a(UART.o)
                              /cygdrive/c/projects/ST86QDLOV0616/soft/build/sl_app/app/lib/libapp_release.a(sl_app_init.o) (UART1_Init)
/cygdrive/c/projects/ST86QDLOV0616/soft/build/sl_app/app/lib/libapp_release.a(VersionNum.o)
                              /cygdrive/c/projects/ST86QDLOV0616/soft/build/sl_app/app/lib/libapp_release.a(Terminal.o) (GetVerNum)
/cygdrive/c/projects/ST86QDLOV0616/soft/build/sl_app/app/lib/libapp_release.a(sl_app.o)
                              /cygdrive/c/projects/ST86QDLOV0616/soft/build/sl_app/app/lib/libapp_release.a(sl_app_init.o) (AA)
/cygdrive/c/projects/ST86QDLOV0616/soft/build/sl_app/app/lib/libapp_release.a(BuildDataPacket.o)
                              /cygdrive/c/projects/ST86QDLOV0616/soft/build/sl_app/app/lib/libapp_release.a(Gprs.o) (BuildCompletePacket)
/crosscompiler/bin/../lib/gcc/mips-elf/4.4.2/libgcc.a(_fixunssfsi.o)
                              /cygdrive/c/projects/ST86QDLOV0616/soft/build/sl_app/app/lib/libapp_release.a(BuildDataPacket.o) (__fixunssfsi)
/crosscompiler/bin/../lib/gcc/mips-elf/4.4.2/libgcc.a(_fixunsdfsi.o)
                              /cygdrive/c/projects/ST86QDLOV0616/soft/build/sl_app/app/lib/libapp_release.a(GNSS.o) (__fixunsdfsi)
/crosscompiler/bin/../lib/gcc/mips-elf/4.4.2/libgcc.a(_addsub_sf.o)
                              /crosscompiler/bin/../lib/gcc/mips-elf/4.4.2/libgcc.a(_fixunssfsi.o) (__subsf3)
/crosscompiler/bin/../lib/gcc/mips-elf/4.4.2/libgcc.a(_ge_sf.o)
                              /crosscompiler/bin/../lib/gcc/mips-elf/4.4.2/libgcc.a(_fixunssfsi.o) (__gesf2)
/crosscompiler/bin/../lib/gcc/mips-elf/4.4.2/libgcc.a(_lt_sf.o)
                              /cygdrive/c/projects/ST86QDLOV0616/soft/build/sl_app/app/lib/libapp_release.a(SysProcess.o) (__ltsf2)
/crosscompiler/bin/../lib/gcc/mips-elf/4.4.2/libgcc.a(_sf_to_si.o)
                              /crosscompiler/bin/../lib/gcc/mips-elf/4.4.2/libgcc.a(_fixunssfsi.o) (__fixsfsi)
/crosscompiler/bin/../lib/gcc/mips-elf/4.4.2/libgcc.a(_sf_to_df.o)
                              /cygdrive/c/projects/ST86QDLOV0616/soft/build/sl_app/app/lib/libapp_release.a(GNSS.o) (__extendsfdf2)
/crosscompiler/bin/../lib/gcc/mips-elf/4.4.2/libgcc.a(_thenan_sf.o)
[...]
Memory Configuration

Name             Origin             Length             Attributes
*default*        0x0000000000000000 0xffffffffffffffff

Linker script and memory map

LOAD /cygdrive/c/projects/ST86QDLOV0616/soft/lib/mem_bridge_rom_CHIP.elf
                0xffffffff82500000                . = 0xffffffff82500000
                0xffffffff82500000                _ram_start = .
                0xffffffff82500000                _ram_functab_start = 0xffffffff82500000

.functab        0xffffffff82500000      0x520
 *(.functab)
 .functab       0xffffffff82500000      0x518 /cygdrive/c/projects/ST86QDLOV0616/soft/build/sl_app/app/lib/libapp_release.a(sl_app.o)
                0xffffffff82500000                AA
                0xffffffff82500520                . = ALIGN (0x10)
 *fill*         0xffffffff82500518        0x8 00
                0xffffffff82500520                _ram_functab_end = .
                0x0000000000000520                _ram_functab_size = (_ram_functab_end - _ram_functab_start)
                0x0000000000000001                ASSERT ((0xffffffff82500800 > ABSOLUTE (_ram_functab_end)), Functab on External RAM overflow !)
                0xffffffff82500800                . = 0xffffffff82500800

.rotext         0xffffffff82500800      0x2d0
 *(.app_entry)
 .app_entry     0xffffffff82500800      0x2c4 /cygdrive/c/projects/ST86QDLOV0616/soft/build/sl_app/app/lib/libapp_release.a(sl_app_init.o)
                0xffffffff82500801                SL_Entry
 *(.rotext)
                0xffffffff82500ad0                . = ALIGN (0x10)
 *fill*         0xffffffff82500ac4        0xc 00
                0xffffffff82500ae0                . = ALIGN (0x20)

.rodata         0xffffffff82500ae0      0x140
 *(.rodata)
 .rodata        0xffffffff82500ae0       0x10 /crosscompiler/bin/../lib/gcc/mips-elf/4.4.2/libgcc.a(_thenan_sf.o)
                0xffffffff82500ae0                __thenan_sf
 .rodata        0xffffffff82500af0       0x18 /crosscompiler/bin/../lib/gcc/mips-elf/4.4.2/libgcc.a(_thenan_df.o)
                0xffffffff82500af0                __thenan_df
 .rodata        0xffffffff82500b08      0x100 /crosscompiler/bin/../lib/gcc/mips-elf/4.4.2/libgcc.a(_clz.o)
                0xffffffff82500b08                __clz_tab
                0xffffffff82500c20                . = ALIGN (0x20)
 *fill*         0xffffffff82500c08       0x18 00

.ram            0xffffffff82500c20        0x0
                0xffffffff82500c20                _ram_special_cached_start = .
                0xffffffff82500c20                _ram_txt_start = .
 *(.ram)
                0xffffffff82500c20                . = ALIGN (0x10)
                0xffffffff82500c20                _ram_special_cached_end = .
                0x0000000000000000                _ram_special_cached_size = (_ram_special_cached_end - _ram_special_cached_start)

.ramtext        0xffffffff82500c20     0x7f80
                0xffffffff82500c20                _ram_cached_txt_start = .
 *(.text .text.* .stub .gnu.linkonce.t.*)
 .text.SL_AppSendMsg
                0xffffffff82500c20       0x40 /cygdrive/c/projects/ST86QDLOV0616/soft/build/sl_app/app/lib/libapp_release.a(sl_app_init.o)
                0xffffffff82500c21                SL_AppSendMsg
 .text.GetSendQueueSpace
                0xffffffff82500c60        0xc /cygdrive/c/projects/ST86QDLOV0616/soft/build/sl_app/app/lib/libapp_release.a(FiFoData.o)
                0xffffffff82500c61                GetSendQueueSpace
 .text.WriteSendQueue
                0xffffffff82500c6c       0xfc /cygdrive/c/projects/ST86QDLOV0616/soft/build/sl_app/app/lib/libapp_release.a(FiFoData.o)
                0xffffffff82500c6d                WriteSendQueue
 .text.ClearSendQueue
                0xffffffff82500d68       0x38 /cygdrive/c/projects/ST86QDLOV0616/soft/build/sl_app/app/lib/libapp_release.a(FiFoData.o)
                0xffffffff82500d69                ClearSendQueue
 .text.WriteCmdDataBuf
                0xffffffff82500da0       0x40 /cygdrive/c/projects/ST86QDLOV0616/soft/build/sl_app/app/lib/libapp_release.a(FiFoData.o)
                0xffffffff82500da1                WriteCmdDataBuf
 .text.ReadCmdDataBuf
                0xffffffff82500de0       0x30 /cygdrive/c/projects/ST86QDLOV0616/soft/build/sl_app/app/lib/libapp_release.a(FiFoData.o)
                0xffffffff82500de1                ReadCmdDataBuf
 .text.ClearCmdData
                0xffffffff82500e10       0x10 /cygdrive/c/projects/ST86QDLOV0616/soft/build/sl_app/app/lib/libapp_release.a(FiFoData.o)
                0xffffffff82500e11                ClearCmdData
 .text.LoadSendQueue
                0xffffffff82500e20       0xa8 /cygdrive/c/projects/ST86QDLOV0616/soft/build/sl_app/app/lib/libapp_release.a(FiFoData.o)
                0xffffffff82500e21                LoadSendQueue
 .text.SaveSendQueue
                0xffffffff82500ec8       0xac /cygdrive/c/projects/ST86QDLOV0616/soft/build/sl_app/app/lib/libapp_release.a(FiFoData.o)
                0xffffffff82500ec9                SaveSendQueue
 .text.ReadSendQueue
                0xffffffff82500f74       0xdc /cygdrive/c/projects/ST86QDLOV0616/soft/build/sl_app/app/lib/libapp_release.a(FiFoData.o)
                0xffffffff82500f75                ReadSendQueue
 .text.GetComma
                0xffffffff82501050       0x34 /cygdrive/c/projects/ST86QDLOV0616/soft/build/sl_app/app/lib/libapp_release.a(GNSS.o)
                0xffffffff82501051                GetComma
 *fill*         0xffffffff82501084        0x4 00000000
 .text.StrToDouble
                0xffffffff82501088      0x180 /cygdrive/c/projects/ST86QDLOV0616/soft/build/sl_app/app/lib/libapp_release.a(GNSS.o)
                0xffffffff82501089                StrToDouble
 .text.GetDataStr
                0xffffffff82501208       0x68 /cygdrive/c/projects/ST86QDLOV0616/soft/build/sl_app/app/lib/libapp_release.a(GNSS.o)
                0xffffffff82501209                GetDataStr
 .text.GetGnssDataSpace
                0xffffffff82501270        0xc /cygdrive/c/projects/ST86QDLOV0616/soft/build/sl_app/app/lib/libapp_release.a(GNSS.o)
                0xffffffff82501271                GetGnssDataSpace
 .text.GnssDataVerfy
                0xffffffff8250127c       0x58 /cygdrive/c/projects/ST86QDLOV0616/soft/build/sl_app/app/lib/libapp_release.a(GNSS.o)
 *fill*         0xffffffff825012d4        0x4 00000000
 .text.GnssDataFilter
                0xffffffff825012d8       0x78 /cygdrive/c/projects/ST86QDLOV0616/soft/build/sl_app/app/lib/libapp_release.a(GNSS.o)
 .text.GnssDataParse
                0xffffffff82501350      0x6d8 /cygdrive/c/projects/ST86QDLOV0616/soft/build/sl_app/app/lib/libapp_release.a(GNSS.o)
                0xffffffff82501351                GnssDataParse
 .text.GetTcpIpSocketSpce
                0xffffffff82501a28        0xc /cygdrive/c/projects/ST86QDLOV0616/soft/build/sl_app/app/lib/libapp_release.a(Gprs.o)
                0xffffffff82501a29                GetTcpIpSocketSpce
 .text.AppGprsNetActRsp
                0xffffffff82501a34       0x54 /cygdrive/c/projects/ST86QDLOV0616/soft/build/sl_app/app/lib/libapp_release.a(Gprs.o)
                0xffffffff82501a35                AppGprsNetActRsp
 .text.AppGprsNetDeactRsp
                0xffffffff82501a88       0x40 /cygdrive/c/projects/ST86QDLOV0616/soft/build/sl_app/app/lib/libapp_release.a(Gprs.o)
                0xffffffff82501a89                AppGprsNetDeactRsp
 .text.AppTcpipConnRsp
                0xffffffff82501ac8       0x1c /cygdrive/c/projects/ST86QDLOV0616/soft/build/sl_app/app/lib/libapp_release.a(Gprs.o)
                0xffffffff82501ac9                AppTcpipConnRsp
 .text.AppTcpipSendRsp
                0xffffffff82501ae4       0x4c /cygdrive/c/projects/ST86QDLOV0616/soft/build/sl_app/app/lib/libapp_release.a(Gprs.o)
                0xffffffff82501ae5                AppTcpipSendRsp
 .text.AppTcpipCloseRsp
                0xffffffff82501b30       0x50 /cygdrive/c/projects/ST86QDLOV0616/soft/build/sl_app/app/lib/libapp_release.a(Gprs.o)
                0xffffffff82501b31                AppTcpipCloseRsp
 .text.InitTcpIp
                0xffffffff82501b80       0x60 /cygdrive/c/projects/ST86QDLOV0616/soft/build/sl_app/app/lib/libapp_release.a(Gprs.o)
                0xffffffff82501b81                InitTcpIp
 .text.AppFtpOpenCB
                0xffffffff82501be0       0x14 /cygdrive/c/projects/ST86QDLOV0616/soft/build/sl_app/app/lib/libapp_release.a(Gprs.o)
                0xffffffff82501be1                AppFtpOpenCB
 .text.AppFtpDownloadCB
                0xffffffff82501bf4       0x5c /cygdrive/c/projects/ST86QDLOV0616/soft/build/sl_app/app/lib/libapp_release.a(Gprs.o)
                0xffffffff82501bf5                AppFtpDownloadCB
 .text.AppFtpOpen
                0xffffffff82501c50       0x64 /cygdrive/c/projects/ST86QDLOV0616/soft/build/sl_app/app/lib/libapp_release.a(Gprs.o)
 .text.AppSendTcpIpSocket
                0xffffffff82501cb4       0x44 /cygdrive/c/projects/ST86QDLOV0616/soft/build/sl_app/app/lib/libapp_release.a(Gprs.o)
                0xffffffff82501cb5                AppSendTcpIpSocket
 .text.ReadSendState
                0xffffffff82501cf8       0x28 /cygdrive/c/projects/ST86QDLOV0616/soft/build/sl_app/app/lib/libapp_release.a(Gprs.o)
                0xffffffff82501cf9                ReadSendState
 .text.AppGetICCId
                0xffffffff82501d20       0x4c /cygdrive/c/projects/ST86QDLOV0616/soft/build/sl_app/app/lib/libapp_release.a(Gprs.o)
                0xffffffff82501d21                AppGetICCId
 .text.AppGetHostIpByNameCb
                0xffffffff82501d6c       0x7c /cygdrive/c/projects/ST86QDLOV0616/soft/build/sl_app/app/lib/libapp_release.a(Gprs.o)
                0xffffffff82501d6d                AppGetHostIpByNameCb
 .text.AppSmsFullCb
                0xffffffff82501de8       0x1c /cygdrive/c/projects/ST86QDLOV0616/soft/build/sl_app/app/lib/libapp_release.a(Gprs.o)
                0xffffffff82501de9                AppSmsFullCb
 .text.InitSms  0xffffffff82501e04       0x4c /cygdrive/c/projects/ST86QDLOV0616/soft/build/sl_app/app/lib/libapp_release.a(Gprs.o)
                0xffffffff82501e05                InitSms
 .text.ProcessSMSRecv
                0xffffffff82501e50      0x244 /cygdrive/c/projects/ST86QDLOV0616/soft/build/sl_app/app/lib/libapp_release.a(Gprs.o)
                0xffffffff82501e51                ProcessSMSRecv
 .text.AppSmsRcvCb
                0xffffffff82502094       0x90 /cygdrive/c/projects/ST86QDLOV0616/soft/build/sl_app/app/lib/libapp_release.a(Gprs.o)
                0xffffffff82502095                AppSmsRcvCb
 .text.AppTcpipRcvRsp
                0xffffffff82502124       0x6c /cygdrive/c/projects/ST86QDLOV0616/soft/build/sl_app/app/lib/libapp_release.a(Gprs.o)
                0xffffffff82502125                AppTcpipRcvRsp
 .text.ProcessCmd
                0xffffffff82502190      0x8d0 /cygdrive/c/projects/ST86QDLOV0616/soft/build/sl_app/app/lib/libapp_release.a(Gprs.o)
                0xffffffff82502191                ProcessCmd
 .text.ProcessGprsRecv
                0xffffffff82502a60      0x570 /cygdrive/c/projects/ST86QDLOV0616/soft/build/sl_app/app/lib/libapp_release.a(Gprs.o)
                0xffffffff82502a61                ProcessGprsRecv
 .text.SaveIpAddrBack
                0xffffffff82502fd0       0x38 /cygdrive/c/projects/ST86QDLOV0616/soft/build/sl_app/app/lib/libapp_release.a(Gprs.o)
                0xffffffff82502fd1                SaveIpAddrBack
 .text.ProcessSocketClient
                0xffffffff82503008      0x878 /cygdrive/c/projects/ST86QDLOV0616/soft/build/sl_app/app/lib/libapp_release.a(Gprs.o)
                0xffffffff82503009                ProcessSocketClient
 .text.ReadIpAddrBack
                0xffffffff82503880       0x38 /cygdrive/c/projects/ST86QDLOV0616/soft/build/sl_app/app/lib/libapp_release.a(Gprs.o)
                0xffffffff82503881                ReadIpAddrBack
 .text.AppFtpCloseCB
                0xffffffff825038b8       0x84 /cygdrive/c/projects/ST86QDLOV0616/soft/build/sl_app/app/lib/libapp_release.a(Gprs.o)
                0xffffffff825038b9                AppFtpCloseCB
 .text.Init_Led
                0xffffffff8250393c       0x48 /cygdrive/c/projects/ST86QDLOV0616/soft/build/sl_app/app/lib/libapp_release.a(Led.o)
                0xffffffff8250393d                Init_Led
 .text.GnssLedOn
                0xffffffff82503984       0x1c /cygdrive/c/projects/ST86QDLOV0616/soft/build/sl_app/app/lib/libapp_release.a(Led.o)
                0xffffffff82503985                GnssLedOn
 .text.GnssLedOff
                0xffffffff825039a0       0x1c /cygdrive/c/projects/ST86QDLOV0616/soft/build/sl_app/app/lib/libapp_release.a(Led.o)
                0xffffffff825039a1                GnssLedOff
 .text.GsmLedOn
                0xffffffff825039bc       0x1c /cygdrive/c/projects/ST86QDLOV0616/soft/build/sl_app/app/lib/libapp_release.a(Led.o)
 .text.ProcessGnssLed
                0xffffffff825039d8      0x100 /cygdrive/c/projects/ST86QDLOV0616/soft/build/sl_app/app/lib/libapp_release.a(Led.o)
                0xffffffff825039d9                ProcessGnssLed
 .text.ProcessGsmLed
                0xffffffff82503ad8       0xd8 /cygdrive/c/projects/ST86QDLOV0616/soft/build/sl_app/app/lib/libapp_release.a(Led.o)
                0xffffffff82503ad9                ProcessGsmLed
 .text.LookForStr
                0xffffffff82503bb0       0x4c /cygdrive/c/projects/ST86QDLOV0616/soft/build/sl_app/app/lib/libapp_release.a(ProData.o)
                0xffffffff82503bb1                LookForStr
 .text.CalcCrc8
                0xffffffff82503bfc       0x54 /cygdrive/c/projects/ST86QDLOV0616/soft/build/sl_app/app/lib/libapp_release.a(ProData.o)
                0xffffffff82503bfd                CalcCrc8
 .text.BccVerify
                0xffffffff82503c50       0x1c /cygdrive/c/projects/ST86QDLOV0616/soft/build/sl_app/app/lib/libapp_release.a(ProData.o)
                0xffffffff82503c51                BccVerify
 .text.VerfySum
                0xffffffff82503c6c       0x24 /cygdrive/c/projects/ST86QDLOV0616/soft/build/sl_app/app/lib/libapp_release.a(ProData.o)
                0xffffffff82503c6d                VerfySum
 .text.CheckSum16
                0xffffffff82503c90       0x20 /cygdrive/c/projects/ST86QDLOV0616/soft/build/sl_app/app/lib/libapp_release.a(ProData.o)
                0xffffffff82503c91                CheckSum16
 .text.AsciiToHex
                0xffffffff82503cb0       0x68 /cygdrive/c/projects/ST86QDLOV0616/soft/build/sl_app/app/lib/libapp_release.a(ProData.o)
                0xffffffff82503cb1                AsciiToHex
 .text.Rad      0xffffffff82503d18       0x30 /cygdrive/c/projects/ST86QDLOV0616/soft/build/sl_app/app/lib/libapp_release.a(ProData.o)
                0xffffffff82503d19                Rad
 .text.PowTow   0xffffffff82503d48       0x14 /cygdrive/c/projects/ST86QDLOV0616/soft/build/sl_app/app/lib/libapp_release.a(ProData.o)
                0xffffffff82503d49                PowTow
 *fill*         0xffffffff82503d5c        0x4 00000000
 .text.ComputeDistance
                0xffffffff82503d60      0x128 /cygdrive/c/projects/ST86QDLOV0616/soft/build/sl_app/app/lib/libapp_release.a(ProData.o)
                0xffffffff82503d61                ComputeDistance
 .text.CharToStr
                0xffffffff82503e88       0x28 /cygdrive/c/projects/ST86QDLOV0616/soft/build/sl_app/app/lib/libapp_release.a(ProData.o)
                0xffffffff82503e89                CharToStr
 .text.UInt32ToStr
                0xffffffff82503eb0       0x54 /cygdrive/c/projects/ST86QDLOV0616/soft/build/sl_app/app/lib/libapp_release.a(ProData.o)
                0xffffffff82503eb1                UInt32ToStr
 .text.CheckServerAddr
                0xffffffff82503f04      0x1c4 /cygdrive/c/projects/ST86QDLOV0616/soft/build/sl_app/app/lib/libapp_release.a(ProData.o)
                0xffffffff82503f05                CheckServerAddr
 .text.CharToStrB
                0xffffffff825040c8       0x5c /cygdrive/c/projects/ST86QDLOV0616/soft/build/sl_app/app/lib/libapp_release.a(ProData.o)
 .text.IpAddrToStr
                0xffffffff82504124       0xf0 /cygdrive/c/projects/ST86QDLOV0616/soft/build/sl_app/app/lib/libapp_release.a(ProData.o)
                0xffffffff82504125                IpAddrToStr
 .text.StrCompare
                0xffffffff82504214       0x2c /cygdrive/c/projects/ST86QDLOV0616/soft/build/sl_app/app/lib/libapp_release.a(ProData.o)
                0xffffffff82504215                StrCompare
 .text.GetWarningValue
                0xffffffff82504240        0xc /cygdrive/c/projects/ST86QDLOV0616/soft/build/sl_app/app/lib/libapp_release.a(Rtc.o)
                0xffffffff82504241                GetWarningValue
 .text.WriteDeviceAlram
                0xffffffff8250424c       0x2c /cygdrive/c/projects/ST86QDLOV0616/soft/build/sl_app/app/lib/libapp_release.a(Rtc.o)
                0xffffffff8250424d                WriteDeviceAlram
 .text.UnixToCalendar
                0xffffffff82504278      0x14c /cygdrive/c/projects/ST86QDLOV0616/soft/build/sl_app/app/lib/libapp_release.a(Rtc.o)
                0xffffffff82504279                UnixToCalendar
 .text.CalendarToUnix
                0xffffffff825043c4      0x128 /cygdrive/c/projects/ST86QDLOV0616/soft/build/sl_app/app/lib/libapp_release.a(Rtc.o)
                0xffffffff825043c5                CalendarToUnix
 .text.GetSysTimeSpace
                0xffffffff825044ec        0xc /cygdrive/c/projects/ST86QDLOV0616/soft/build/sl_app/app/lib/libapp_release.a(Rtc.o)
                0xffffffff825044ed                GetSysTimeSpace
 .text.GetSetTimeSpace
                0xffffffff825044f8        0xc /cygdrive/c/projects/ST86QDLOV0616/soft/build/sl_app/app/lib/libapp_release.a(Rtc.o)
                0xffffffff825044f9                GetSetTimeSpace
 .text.WriteSleepStatus
                0xffffffff82504504        0xc /cygdrive/c/projects/ST86QDLOV0616/soft/build/sl_app/app/lib/libapp_release.a(Rtc.o)
                0xffffffff82504505                WriteSleepStatus
 .text.ProcessRtc
                0xffffffff82504510      0x1fc /cygdrive/c/projects/ST86QDLOV0616/soft/build/sl_app/app/lib/libapp_release.a(Rtc.o)
                0xffffffff82504511                ProcessRtc
 .text.ProcessSysSleep
                0xffffffff8250470c       0xb8 /cygdrive/c/projects/ST86QDLOV0616/soft/build/sl_app/app/lib/libapp_release.a(Rtc.o)
                0xffffffff8250470d                ProcessSysSleep
 .text.GetSysCfgSpace
                0xffffffff825047c4        0xc /cygdrive/c/projects/ST86QDLOV0616/soft/build/sl_app/app/lib/libapp_release.a(SysFile.o)
                0xffffffff825047c5                GetSysCfgSpace
 .text.FileCheckOrGreate
                0xffffffff825047d0       0xc4 /cygdrive/c/projects/ST86QDLOV0616/soft/build/sl_app/app/lib/libapp_release.a(SysFile.o)
                0xffffffff825047d1                FileCheckOrGreate
 .text.ReadSysCfg
                0xffffffff82504894       0x38 /cygdrive/c/projects/ST86QDLOV0616/soft/build/sl_app/app/lib/libapp_release.a(SysFile.o)
                0xffffffff82504895                ReadSysCfg
 .text.SaveSysCfg
                0xffffffff825048cc       0x38 /cygdrive/c/projects/ST86QDLOV0616/soft/build/sl_app/app/lib/libapp_release.a(SysFile.o)
                0xffffffff825048cd                SaveSysCfg
 .text.InitSysTimer
                0xffffffff82504904       0x58 /cygdrive/c/projects/ST86QDLOV0616/soft/build/sl_app/app/lib/libapp_release.a(SysFile.o)
                0xffffffff82504905                InitSysTimer
 .text.InitSysConfig
                0xffffffff8250495c       0xc8 /cygdrive/c/projects/ST86QDLOV0616/soft/build/sl_app/app/lib/libapp_release.a(SysFile.o)
                0xffffffff8250495d                InitSysConfig
 .text.ResetNextTime
                0xffffffff82504a24       0x14 /cygdrive/c/projects/ST86QDLOV0616/soft/build/sl_app/app/lib/libapp_release.a(SysProcess.o)
                0xffffffff82504a25                ResetNextTime
 .text.GetSysRunDataSpace
                0xffffffff82504a38        0xc /cygdrive/c/projects/ST86QDLOV0616/soft/build/sl_app/app/lib/libapp_release.a(SysProcess.o)
                0xffffffff82504a39                GetSysRunDataSpace
 .text.SysProcess
                0xffffffff82504a44      0x190 /cygdrive/c/projects/ST86QDLOV0616/soft/build/sl_app/app/lib/libapp_release.a(SysProcess.o)
                0xffffffff82504a45                SysProcess
 .text.ReadSysRunData
                0xffffffff82504bd4       0xe0 /cygdrive/c/projects/ST86QDLOV0616/soft/build/sl_app/app/lib/libapp_release.a(SysProcess.o)
                0xffffffff82504bd5                ReadSysRunData
 .text.SaveSysRunData
                0xffffffff82504cb4       0xf4 /cygdrive/c/projects/ST86QDLOV0616/soft/build/sl_app/app/lib/libapp_release.a(SysProcess.o)
                0xffffffff82504cb5                SaveSysRunData
 .text.ProcessRunData
                0xffffffff82504da8      0x108 /cygdrive/c/projects/ST86QDLOV0616/soft/build/sl_app/app/lib/libapp_release.a(SysProcess.o)
                0xffffffff82504da9                ProcessRunData
 .text.init_stopwatch16
                0xffffffff82504eb0        0xc /cygdrive/c/projects/ST86QDLOV0616/soft/build/sl_app/app/lib/libapp_release.a(SysTickTime.o)
                0xffffffff82504eb1                init_stopwatch16
 .text.read_stopwatch16_value
                0xffffffff82504ebc       0x14 /cygdrive/c/projects/ST86QDLOV0616/soft/build/sl_app/app/lib/libapp_release.a(SysTickTime.o)
                0xffffffff82504ebd                read_stopwatch16_value
 .text.TickAdd  0xffffffff82504ed0       0x10 /cygdrive/c/projects/ST86QDLOV0616/soft/build/sl_app/app/lib/libapp_release.a(SysTickTime.o)
                0xffffffff82504ed1                TickAdd
 .text.ResetHeatSw
                0xffffffff82504ee0       0x18 /cygdrive/c/projects/ST86QDLOV0616/soft/build/sl_app/app/lib/libapp_release.a(TcpIPUpload.o)
                0xffffffff82504ee1                ResetHeatSw
 .text.ProcessTcpIpUpLoad
                0xffffffff82504ef8      0x150 /cygdrive/c/projects/ST86QDLOV0616/soft/build/sl_app/app/lib/libapp_release.a(TcpIPUpload.o)
                0xffffffff82504ef9                ProcessTcpIpUpLoad
 .text.GetCanDataSpace
                0xffffffff82505048        0xc /cygdrive/c/projects/ST86QDLOV0616/soft/build/sl_app/app/lib/libapp_release.a(Terminal.o)
                0xffffffff82505049                GetCanDataSpace
 .text.GetTerStateDataSpace
                0xffffffff82505054        0xc /cygdrive/c/projects/ST86QDLOV0616/soft/build/sl_app/app/lib/libapp_release.a(Terminal.o)
                0xffffffff82505055                GetTerStateDataSpace
 .text.GetTerTimeSpace
                0xffffffff82505060        0xc /cygdrive/c/projects/ST86QDLOV0616/soft/build/sl_app/app/lib/libapp_release.a(Terminal.o)
                0xffffffff82505061                GetTerTimeSpace
 .text.GetLockCarSpace
                0xffffffff8250506c        0xc /cygdrive/c/projects/ST86QDLOV0616/soft/build/sl_app/app/lib/libapp_release.a(Terminal.o)
                0xffffffff8250506d                GetLockCarSpace
 .text.GetUpgradeDataSpace
                0xffffffff82505078        0xc /cygdrive/c/projects/ST86QDLOV0616/soft/build/sl_app/app/lib/libapp_release.a(Terminal.o)
                0xffffffff82505079                GetUpgradeDataSpace
 .text.ReadRunMode
                0xffffffff82505084        0xc /cygdrive/c/projects/ST86QDLOV0616/soft/build/sl_app/app/lib/libapp_release.a(Terminal.o)
                0xffffffff82505085                ReadRunMode
 .text.WriteRunMode
                0xffffffff82505090       0x18 /cygdrive/c/projects/ST86QDLOV0616/soft/build/sl_app/app/lib/libapp_release.a(Terminal.o)
                0xffffffff82505091                WriteRunMode
 .text.GetBinFile
                0xffffffff825050a8       0x64 /cygdrive/c/projects/ST86QDLOV0616/soft/build/sl_app/app/lib/libapp_release.a(Terminal.o)
                0xffffffff825050a9                GetBinFile
 .text.SetTerCanProNum
                0xffffffff8250510c       0xe0 /cygdrive/c/projects/ST86QDLOV0616/soft/build/sl_app/app/lib/libapp_release.a(Terminal.o)
                0xffffffff8250510d                SetTerCanProNum
 .text.SendVerifyTimeCmd
                0xffffffff825051ec       0x70 /cygdrive/c/projects/ST86QDLOV0616/soft/build/sl_app/app/lib/libapp_release.a(Terminal.o)
                0xffffffff825051ed                SendVerifyTimeCmd
 .text.SendGetStatusCmd
                0xffffffff8250525c       0x80 /cygdrive/c/projects/ST86QDLOV0616/soft/build/sl_app/app/lib/libapp_release.a(Terminal.o)
                0xffffffff8250525d                SendGetStatusCmd
 *fill*         0xffffffff825052dc        0x4 00000000
 .text.SendTerminalInfo
                0xffffffff825052e0      0x838 /cygdrive/c/projects/ST86QDLOV0616/soft/build/sl_app/app/lib/libapp_release.a(Terminal.o)
                0xffffffff825052e1                SendTerminalInfo
 .text.ReadAccState
                0xffffffff82505b18       0x2c /cygdrive/c/projects/ST86QDLOV0616/soft/build/sl_app/app/lib/libapp_release.a(Terminal.o)
                0xffffffff82505b19                ReadAccState
 .text.T.56     0xffffffff82505b44      0x290 /cygdrive/c/projects/ST86QDLOV0616/soft/build/sl_app/app/lib/libapp_release.a(Terminal.o)
 .text.ProTermRecvData
                0xffffffff82505dd4      0x59c /cygdrive/c/projects/ST86QDLOV0616/soft/build/sl_app/app/lib/libapp_release.a(Terminal.o)
                0xffffffff82505dd5                ProTermRecvData
 .text.ProTerminalData
                0xffffffff82506370      0xaa8 /cygdrive/c/projects/ST86QDLOV0616/soft/build/sl_app/app/lib/libapp_release.a(Terminal.o)
                0xffffffff82506371                ProTerminalData
 .text.UART1_Init
                0xffffffff82506e18       0x40 /cygdrive/c/projects/ST86QDLOV0616/soft/build/sl_app/app/lib/libapp_release.a(UART.o)
                0xffffffff82506e19                UART1_Init
 .text.UART2_Init
                0xffffffff82506e58       0x44 /cygdrive/c/projects/ST86QDLOV0616/soft/build/sl_app/app/lib/libapp_release.a(UART.o)
                0xffffffff82506e59                UART2_Init
 .text.clear_com
                0xffffffff82506e9c       0x48 /cygdrive/c/projects/ST86QDLOV0616/soft/build/sl_app/app/lib/libapp_release.a(UART.o)
                0xffffffff82506e9d                clear_com
 .text.new_data_in_com
                0xffffffff82506ee4       0x34 /cygdrive/c/projects/ST86QDLOV0616/soft/build/sl_app/app/lib/libapp_release.a(UART.o)
                0xffffffff82506ee5                new_data_in_com
 .text.datasize_in_com
                0xffffffff82506f18       0x28 /cygdrive/c/projects/ST86QDLOV0616/soft/build/sl_app/app/lib/libapp_release.a(UART.o)
                0xffffffff82506f19                datasize_in_com
 .text.read_com_buf
                0xffffffff82506f40       0xac /cygdrive/c/projects/ST86QDLOV0616/soft/build/sl_app/app/lib/libapp_release.a(UART.o)
                0xffffffff82506f41                read_com_buf
 .text.UART1_Recv_Data
                0xffffffff82506fec       0x8c /cygdrive/c/projects/ST86QDLOV0616/soft/build/sl_app/app/lib/libapp_release.a(UART.o)
                0xffffffff82506fed                UART1_Recv_Data
 .text.UART2_Recv_Data
                0xffffffff82507078       0x8c /cygdrive/c/projects/ST86QDLOV0616/soft/build/sl_app/app/lib/libapp_release.a(UART.o)
                0xffffffff82507079                UART2_Recv_Data
 .text.ReadComPkt
                0xffffffff82507104       0xb4 /cygdrive/c/projects/ST86QDLOV0616/soft/build/sl_app/app/lib/libapp_release.a(UART.o)
                0xffffffff82507105                ReadComPkt
 .text.GetVerNum
                0xffffffff825071b8        0x4 /cygdrive/c/projects/ST86QDLOV0616/soft/build/sl_app/app/lib/libapp_release.a(VersionNum.o)
                0xffffffff825071b9                GetVerNum
 *fill*         0xffffffff825071bc        0x4 00000000
 .text.BuildCompletePacket
                0xffffffff825071c0      0x890 /cygdrive/c/projects/ST86QDLOV0616/soft/build/sl_app/app/lib/libapp_release.a(BuildDataPacket.o)
                0xffffffff825071c1                BuildCompletePacket
 .text          0xffffffff82507a50       0x3c /crosscompiler/bin/../lib/gcc/mips-elf/4.4.2/libgcc.a(_fixunssfsi.o)
                0xffffffff82507a51                __fixunssfsi
 *fill*         0xffffffff82507a8c        0x4 00000000
 .text          0xffffffff82507a90       0x50 /crosscompiler/bin/../lib/gcc/mips-elf/4.4.2/libgcc.a(_fixunsdfsi.o)
                0xffffffff82507a91                __fixunsdfsi
 .text          0xffffffff82507ae0      0x1c0 /crosscompiler/bin/../lib/gcc/mips-elf/4.4.2/libgcc.a(_addsub_sf.o)
                0xffffffff82507c21                __subsf3
                0xffffffff82507c65                __addsf3
 .text          0xffffffff82507ca0       0x44 /crosscompiler/bin/../lib/gcc/mips-elf/4.4.2/libgcc.a(_ge_sf.o)
                0xffffffff82507ca1                __gesf2
 .text          0xffffffff82507ce4       0x44 /crosscompiler/bin/../lib/gcc/mips-elf/4.4.2/libgcc.a(_lt_sf.o)
                0xffffffff82507ce5                __ltsf2
 .text          0xffffffff82507d28       0x58 /crosscompiler/bin/../lib/gcc/mips-elf/4.4.2/libgcc.a(_sf_to_si.o)
                0xffffffff82507d29                __fixsfsi
 .text          0xffffffff82507d80       0x2c /crosscompiler/bin/../lib/gcc/mips-elf/4.4.2/libgcc.a(_sf_to_df.o)
                0xffffffff82507d81                __extendsfdf2
 .text          0xffffffff82507dac      0x2f0 /crosscompiler/bin/../lib/gcc/mips-elf/4.4.2/libgcc.a(_addsub_df.o)
                0xffffffff82508015                __subdf3
                0xffffffff8250805d                __adddf3
 *fill*         0xffffffff8250809c        0x4 00000000
 .text          0xffffffff825080a0      0x1b8 /crosscompiler/bin/../lib/gcc/mips-elf/4.4.2/libgcc.a(_mul_df.o)
                0xffffffff825080a1                __muldf3
 .text          0xffffffff82508258      0x138 /crosscompiler/bin/../lib/gcc/mips-elf/4.4.2/libgcc.a(_div_df.o)
                0xffffffff82508259                __divdf3
 .text          0xffffffff82508390       0x48 /crosscompiler/bin/../lib/gcc/mips-elf/4.4.2/libgcc.a(_eq_df.o)
                0xffffffff82508391                __eqdf2
 .text          0xffffffff825083d8       0x48 /crosscompiler/bin/../lib/gcc/mips-elf/4.4.2/libgcc.a(_gt_df.o)
                0xffffffff825083d9                __gtdf2
 .text          0xffffffff82508420       0x48 /crosscompiler/bin/../lib/gcc/mips-elf/4.4.2/libgcc.a(_ge_df.o)
                0xffffffff82508421                __gedf2
 .text          0xffffffff82508468       0x78 /crosscompiler/bin/../lib/gcc/mips-elf/4.4.2/libgcc.a(_si_to_df.o)
                0xffffffff82508469                __floatsidf
 .text          0xffffffff825084e0       0x64 /crosscompiler/bin/../lib/gcc/mips-elf/4.4.2/libgcc.a(_df_to_si.o)
                0xffffffff825084e1                __fixdfsi
 .text          0xffffffff82508544       0x20 /crosscompiler/bin/../lib/gcc/mips-elf/4.4.2/libgcc.a(_make_df.o)
                0xffffffff82508545                __make_dp
 .text          0xffffffff82508564       0x3c /crosscompiler/bin/../lib/gcc/mips-elf/4.4.2/libgcc.a(_df_to_sf.o)
                0xffffffff82508565                __truncdfsf2
 .text          0xffffffff825085a0       0x98 /crosscompiler/bin/../lib/gcc/mips-elf/4.4.2/libgcc.a(_usi_to_df.o)
                0xffffffff825085a1                __floatunsidf
 .text          0xffffffff82508638       0x3c /crosscompiler/bin/../lib/gcc/mips-elf/4.4.2/libgcc.a(_lshrdi3.o)
                0xffffffff82508639                __lshrdi3
 .text          0xffffffff82508674       0x3c /crosscompiler/bin/../lib/gcc/mips-elf/4.4.2/libgcc.a(_ashldi3.o)
                0xffffffff82508675                __ashldi3
 .text          0xffffffff825086b0       0x28 /crosscompiler/bin/../lib/gcc/mips-elf/4.4.2/libgcc.a(_ucmpdi2.o)
                0xffffffff825086b1                __ucmpdi2
 .text          0xffffffff825086d8       0x3c /crosscompiler/bin/../lib/gcc/mips-elf/4.4.2/libgcc.a(_clzsi2.o)
                0xffffffff825086d9                __clzsi2
 .text          0xffffffff82508714       0xc4 /crosscompiler/bin/../lib/gcc/mips-elf/4.4.2/libgcc.a(_pack_sf.o)
                0xffffffff82508715                __pack_f
 .text          0xffffffff825087d8       0x7c /crosscompiler/bin/../lib/gcc/mips-elf/4.4.2/libgcc.a(_unpack_sf.o)
                0xffffffff825087d9                __unpack_f
 .text          0xffffffff82508854       0x64 /crosscompiler/bin/../lib/gcc/mips-elf/4.4.2/libgcc.a(_fpcmp_parts_sf.o)
                0xffffffff82508855                __fpcmp_parts_f
 .text          0xffffffff825088b8       0x18 /crosscompiler/bin/../lib/gcc/mips-elf/4.4.2/libgcc.a(_make_sf.o)
                0xffffffff825088b9                __make_fp
 .text          0xffffffff825088d0      0x1a4 /crosscompiler/bin/../lib/gcc/mips-elf/4.4.2/libgcc.a(_pack_df.o)
                0xffffffff825088d1                __pack_d
 .text          0xffffffff82508a74       0xac /crosscompiler/bin/../lib/gcc/mips-elf/4.4.2/libgcc.a(_unpack_df.o)
                0xffffffff82508a75                __unpack_d
 .text          0xffffffff82508b20       0x78 /crosscompiler/bin/../lib/gcc/mips-elf/4.4.2/libgcc.a(_fpcmp_parts_df.o)
                0xffffffff82508b21                __fpcmp_parts_d
                0xffffffff82508ba0                . = ALIGN (0x10)
 *fill*         0xffffffff82508b98        0x8 00000000
                0xffffffff82508ba0                _ram_cached_txt_end = .
                0x0000000000007f80                ram_cached_txt_size = (_ram_cached_txt_end - _ram_cached_txt_start)
                0xffffffff82508ba0                _ram_txt_end = .
                0xffffffffa2508ba0                . = (. + 0x20000000)

.ucdata         0xffffffffa2508ba0        0x0
                0xffffffffa2508ba0                _ram_uncached_data_start = .
 *(.ucdata)
 *(*.globalvars.uc)
                0xffffffffa2508ba0                . = ALIGN (0x10)
                0xffffffffa2508ba0                _ram_uncached_data_end = .
                0x0000000000000000                _ram_uncached_data_size = (_ram_uncached_data_end - _ram_uncached_data_start)
                0xffffffff82508ba0                . = (. - 0x20000000)

.data           0xffffffff82508ba0      0xd50
                0xffffffff82508ba0                _ram_cached_data_start = .
 *(.rdata)
 *(.rodata .rodata.* .gnu.linkonce.r.*)
 .rodata.str1.4
                0xffffffff82508ba0      0x141 /cygdrive/c/projects/ST86QDLOV0616/soft/build/sl_app/app/lib/libapp_release.a(sl_app_init.o)
                                        0x144 (size before relaxing)
 *fill*         0xffffffff82508ce1        0x3 00
 .rodata.str1.4
                0xffffffff82508ce4       0xf4 /cygdrive/c/projects/ST86QDLOV0616/soft/build/sl_app/app/lib/libapp_release.a(FiFoData.o)
 .rodata.str1.4
                0xffffffff82508dd8       0x1e /cygdrive/c/projects/ST86QDLOV0616/soft/build/sl_app/app/lib/libapp_release.a(GNSS.o)
                                         0x20 (size before relaxing)
 *fill*         0xffffffff82508df6        0x2 00
 .rodata.str1.4
                0xffffffff82508df8      0x779 /cygdrive/c/projects/ST86QDLOV0616/soft/build/sl_app/app/lib/libapp_release.a(Gprs.o)
                                        0x780 (size before relaxing)
 *fill*         0xffffffff82509571        0x3 00
 .rodata.str1.4
                0xffffffff82509574       0x4d /cygdrive/c/projects/ST86QDLOV0616/soft/build/sl_app/app/lib/libapp_release.a(Rtc.o)
                                         0x50 (size before relaxing)
 *fill*         0xffffffff825095c1        0x3 00
 .rodata.str1.4
                0xffffffff825095c4       0x76 /cygdrive/c/projects/ST86QDLOV0616/soft/build/sl_app/app/lib/libapp_release.a(SysFile.o)
                                         0x8c (size before relaxing)
 *fill*         0xffffffff8250963a        0x2 00
 .rodata.str1.4
                0xffffffff8250963c       0x7e /cygdrive/c/projects/ST86QDLOV0616/soft/build/sl_app/app/lib/libapp_release.a(SysProcess.o)
                                         0x80 (size before relaxing)
 *fill*         0xffffffff825096ba        0x2 00
 .rodata.str1.4
                0xffffffff825096bc       0x8b /cygdrive/c/projects/ST86QDLOV0616/soft/build/sl_app/app/lib/libapp_release.a(TcpIPUpload.o)
                                         0x8c (size before relaxing)
 *fill*         0xffffffff82509747        0x1 00
 .rodata.str1.4
                0xffffffff82509748      0x161 /cygdrive/c/projects/ST86QDLOV0616/soft/build/sl_app/app/lib/libapp_release.a(Terminal.o)
                                        0x208 (size before relaxing)
 *fill*         0xffffffff825098a9        0x3 00
 .rodata.str1.4
                0xffffffff825098ac       0x1c /cygdrive/c/projects/ST86QDLOV0616/soft/build/sl_app/app/lib/libapp_release.a(BuildDataPacket.o)
 *(.rodata1)
 *(.ctors)
                0xffffffff825098d0                . = ALIGN (0x10)
 *fill*         0xffffffff825098c8        0x8 00
 *(*.globalvars.c *.globalvars.c.*)
 *(EXCLUDE_FILE(*.oo gcj_*.o) .data)
 *(EXCLUDE_FILE(*.oo gcj_*.o) .data.*)
 .data.GnssStatusBack
                0xffffffff825098d0        0x1 /cygdrive/c/projects/ST86QDLOV0616/soft/build/sl_app/app/lib/libapp_release.a(GNSS.o)
 *fill*         0xffffffff825098d1        0x1 00
 .data.CyclOff.4257
                0xffffffff825098d2        0x2 /cygdrive/c/projects/ST86QDLOV0616/soft/build/sl_app/app/lib/libapp_release.a(Led.o)
 .data.CyclOn.4256
                0xffffffff825098d4        0x2 /cygdrive/c/projects/ST86QDLOV0616/soft/build/sl_app/app/lib/libapp_release.a(Led.o)
 *fill*         0xffffffff825098d6        0x2 00
 .data.HeartBeat
                0xffffffff825098d8        0x4 /cygdrive/c/projects/ST86QDLOV0616/soft/build/sl_app/app/lib/libapp_release.a(TcpIPUpload.o)
 .data.rear_com2_recv_buf
                0xffffffff825098dc        0x4 /cygdrive/c/projects/ST86QDLOV0616/soft/build/sl_app/app/lib/libapp_release.a(UART.o)
 .data.front_com2_recv_buf
                0xffffffff825098e0        0x4 /cygdrive/c/projects/ST86QDLOV0616/soft/build/sl_app/app/lib/libapp_release.a(UART.o)
 .data.rear_com1_recv_buf
                0xffffffff825098e4        0x4 /cygdrive/c/projects/ST86QDLOV0616/soft/build/sl_app/app/lib/libapp_release.a(UART.o)
 .data.front_com1_recv_buf
                0xffffffff825098e8        0x4 /cygdrive/c/projects/ST86QDLOV0616/soft/build/sl_app/app/lib/libapp_release.a(UART.o)
 *(EXCLUDE_FILE(*.oo gcj_*.o) .gnu.linkonce.d.*)
 *(.data1)
                0xffffffff825118e0                _gp = (ALIGN (0x10) + 0x7ff0)
 *(.sdata .sdata.* .gnu.linkonce.s.*)
 *(.sdata2 .sdata2.* .gnu.linkonce.s2.*)
 *(.lit8)
 *(.lit4)
                0xffffffff825098ec                . = ALIGN (0x4)
                0xffffffff825098f0                . = ALIGN (0x10)
 *fill*         0xffffffff825098ec        0x4 00
                0xffffffff825098f0                _ram_cached_data_end = .
                0x0000000000000d50                _ram_cached_data_size = (_ram_cached_data_end - _ram_cached_data_start)
                0xffffffff825098f0                _ram_end = .
                0x00000000000098f0                _ram_size = (_ram_end - _ram_start)

.internal_rom   0xffffffff82509900     0x4a30
 .internal_rom  0xffffffff82509900     0x4a30 /cygdrive/c/projects/ST86QDLOV0616/soft/lib/mem_bridge_rom_CHIP.elf
                0xffffffff82509900                __xcpu_start
                0xffffffff82509a80                _boot_IrqHandler
                0xffffffff82509bc0                boot_HstMonitorX
                0xffffffff82509c20                boot_DbgExlTrigFunction0
                0xffffffff82509d7c                monitor_entry
                0xffffffff82509d80                initial_stack_top_var
                0xffffffff82509d84                boot_FlushCache
                0xffffffff82509da8                boot_DisableInterrupt
                0xffffffff82509e01                boot_MonitorDoMonitoring
                0xffffffff82509f41                boot_Monitor
                0xffffffff82509f81                boot_UartMonitorGetBaudRate
                0xffffffff82509f95                boot_UartMonitorSend
                0xffffffff82509ff9                boot_UartMonitorGet
                0xffffffff8250a05d                boot_UartMonitorOpen
                0xffffffff8250a095                boot_UartMonitorClose
                0xffffffff8250a0a5                boot_UartMonitorAck
                0xffffffff8250a131                boot_UartMonitorTimeOut
                0xffffffff8250a159                boot_UartMonitorWriteProcess
                0xffffffff8250a2a1                boot_UartMonitorRpcProcess
                0xffffffff8250a3e9                boot_UartMonitorReadProcess
                0xffffffff8250a5a9                boot_UartMonitorExitProcess
                0xffffffff8250a5fd                boot_UartMonitorProcess
                0xffffffff8250a6a5                boot_UartMonitor
                0xffffffff8250a8fc                g_BootHostUsbFixPtr
                0xffffffff8250a901                boot_IrqDispatch
                0xffffffff8250a931                mon_Event
                0xffffffff8250a969                boot_HstCmdBasicHandler
                0xffffffff8250a9c9                boot_HstMonitor
                0xffffffff8250aa35                boot_IspiGetRomedCfg
                0xffffffff8250aac1                boot_IspiOpen
                0xffffffff8250aba9                boot_IspiFlushFifos
                0xffffffff8250abb9                boot_IspiClearRxDmaDone
                0xffffffff8250abc9                boot_IspiClearTxDmaDone
                0xffffffff8250abd9                boot_IspiClose
                0xffffffff8250ac1d                boot_IspiRxIfcChannelRelease
                0xffffffff8250ac35                boot_IspiTxIfcChannelRelease
                0xffffffff8250ac4d                boot_IspiSendData
                0xffffffff8250aca9                boot_IspiSendDataBuffer
                0xffffffff8250ad15                boot_IspiTxFifoAvail
                0xffffffff8250ad31                boot_IspiTxDmaDone
                0xffffffff8250ad61                boot_IspiTxFinished
                0xffffffff8250ad8d                boot_IspiGetData
                0xffffffff8250adbd                boot_IspiGetDataBuffer
                0xffffffff8250ae29                boot_IspiRxFifoLevel
                0xffffffff8250ae41                boot_IspiRxDmaDone
                0xffffffff8250ae71                boot_IspiForcePin
                0xffffffff8250af05                boot_IspiGetRxIfcTc
                0xffffffff8250af1c                g_bootIspiRomedCfg
                0xffffffff8250af81                boot_UsbResetTransfert
                0xffffffff8250afa9                boot_UsbStartTransfert
                0xffffffff8250b0a9                boot_UsbCancelTransfert
                0xffffffff8250b0d1                boot_UsbContinueTransfert
                0xffffffff8250b639                boot_UsbInitVar
                0xffffffff8250b661                boot_UsbOpen
                0xffffffff8250b681                boot_UsbEpStall
                0xffffffff8250b709                boot_UsbRecv
                0xffffffff8250b751                boot_UsbSend
                0xffffffff8250b7d5                boot_UsbCompletedCommand
                0xffffffff8250b81d                boot_UsbEpEnableInterrupt
                0xffffffff8250b86d                boot_UsbEpRxTransferedSize
                0xffffffff8250b889                boot_UsbEpTransfertDone
                0xffffffff8250b945                boot_UsbClose
                0xffffffff8250b981                boot_UsbReset
                0xffffffff8250c109                boot_UsbIrqHandler
                0xffffffff8250c3d5                boot_HostUsbDeviceCallback
                0xffffffff8250c3e1                boot_HostUsbClockEnable
                0xffffffff8250c419                boot_HostUsbClose
                0xffffffff8250c429                boot_HostUsbSend
                0xffffffff8250c585                boot_HostUsbEvent
                0xffffffff8250ca15                boot_HostUsbRecv
                0xffffffff8250caad                boot_HostUsbInit
                0xffffffff8250cb25                boot_HostUsbOpen
                0xffffffff8250cb94                boot_HostUsbInterface
                0xffffffff8250cc14                boot_romCsString
                0xffffffff8250cc44                boot_romDT
                0xffffffff8250cc54                MutedFrame_AMR
                0xffffffff8250cc5c                MutedFrame_HR
                0xffffffff8250cc6c                MutedFrame_EFR
                0xffffffff8250cc8c                MutedFrame_FR
                0xffffffff8250ccb1                atoi
                0xffffffff8250ccf1                bsearch
                0xffffffff8250cd50                _ctype
                0xffffffff8250ce51                memchr
                0xffffffff8250ce91                memcmp
                0xffffffff8250cec1                memcpy
                0xffffffff8250d091                memmove
                0xffffffff8250d1d1                memscan
                0xffffffff8250d1f1                memset
                0xffffffff8250d531                qsort
                0xffffffff8250d561                strcat
                0xffffffff8250d581                strchr
                0xffffffff8250d5b1                strrchr
                0xffffffff8250d5d1                strcmp
                0xffffffff8250d611                strcpy
                0xffffffff8250d631                strcspn
                0xffffffff8250d671                strlen
                0xffffffff8250d691                strnlen
                0xffffffff8250d6f1                strncmp
                0xffffffff8250d731                strncpy
                0xffffffff8250d771                strnicmp
                0xffffffff8250d7f1                strsep
                0xffffffff8250d831                strspn
                0xffffffff8250d861                strstr
                0xffffffff8250d8c1                strtok_r
                0xffffffff8250d941                strtok
                0xffffffff8250d961                strtol
                0xffffffff8250db21                strtoul
                0xffffffff8250de81                vsnprintf
                0xffffffff8250e2b1                vsprintf
                0xffffffff8250e2d1                snprintf
                0xffffffff8250e2f1                sprintf

.backup         0xffffffff8250e330        0x0
 *(.backup)
                0xffffffff8250e330                . = ALIGN (0x10)
                0xffffffff8250e330                _ram_bss_start = .
                0xffffffffa250e330                . = (. + 0x20000000)

.ucbss          0xffffffffa250e330        0x0
 *(.ucbss)
 *(.ramucbss)
                0xffffffffa250e330                . = ALIGN (0x10)
                0xffffffff8250e330                . = (. - 0x20000000)

.bss            0xffffffff8250e330    0x1ae70
 *(.sbss .sbss.* .gnu.linkonce.sb.*)
 *(.sbss2 .sbss2.* .gnu.linkonce.sb2.*)
 *(.scommon)
 .scommon       0xffffffff8250e330        0x4 /cygdrive/c/projects/ST86QDLOV0616/soft/build/sl_app/app/lib/libapp_release.a(sl_app_init.o)
                0xffffffff8250e330                SysAppEnterTask
 .scommon       0xffffffff8250e334        0x4 /cygdrive/c/projects/ST86QDLOV0616/soft/build/sl_app/app/lib/libapp_release.a(Terminal.o)
                0xffffffff8250e334                pUpgradeST86File
 *(.dynbss)
 *(.bss .bss.* .gnu.linkonce.b.*)
 .bss.SendQueue
                0xffffffff8250e338    0x18e78 /cygdrive/c/projects/ST86QDLOV0616/soft/build/sl_app/app/lib/libapp_release.a(FiFoData.o)
 .bss.CmdData   0xffffffff825271b0       0xcc /cygdrive/c/projects/ST86QDLOV0616/soft/build/sl_app/app/lib/libapp_release.a(FiFoData.o)
 .bss.step1.4366
                0xffffffff8252727c        0x1 /cygdrive/c/projects/ST86QDLOV0616/soft/build/sl_app/app/lib/libapp_release.a(GNSS.o)
 *fill*         0xffffffff8252727d        0x3 00
 .bss.sw.4365   0xffffffff82527280        0x4 /cygdrive/c/projects/ST86QDLOV0616/soft/build/sl_app/app/lib/libapp_release.a(GNSS.o)
 .bss.counter.4364
                0xffffffff82527284        0x1 /cygdrive/c/projects/ST86QDLOV0616/soft/build/sl_app/app/lib/libapp_release.a(GNSS.o)
 .bss.step.4363
                0xffffffff82527285        0x1 /cygdrive/c/projects/ST86QDLOV0616/soft/build/sl_app/app/lib/libapp_release.a(GNSS.o)
 *fill*         0xffffffff82527286        0x2 00
 .bss.GnssDataBuf
                0xffffffff82527288      0x3e8 /cygdrive/c/projects/ST86QDLOV0616/soft/build/sl_app/app/lib/libapp_release.a(GNSS.o)
 .bss.GnssData  0xffffffff82527670       0x30 /cygdrive/c/projects/ST86QDLOV0616/soft/build/sl_app/app/lib/libapp_release.a(GNSS.o)
 .bss.GnssDataErro
                0xffffffff825276a0        0x1 /cygdrive/c/projects/ST86QDLOV0616/soft/build/sl_app/app/lib/libapp_release.a(GNSS.o)
 *fill*         0xffffffff825276a1        0x7 00
 .bss.TempLatitude
                0xffffffff825276a8        0x8 /cygdrive/c/projects/ST86QDLOV0616/soft/build/sl_app/app/lib/libapp_release.a(GNSS.o)
 .bss.TempLongitude
                0xffffffff825276b0        0x8 /cygdrive/c/projects/ST86QDLOV0616/soft/build/sl_app/app/lib/libapp_release.a(GNSS.o)
 .bss.TempGnssData
                0xffffffff825276b8       0x30 /cygdrive/c/projects/ST86QDLOV0616/soft/build/sl_app/app/lib/libapp_release.a(GNSS.o)
 .bss.TempBuf   0xffffffff825276e8       0x14 /cygdrive/c/projects/ST86QDLOV0616/soft/build/sl_app/app/lib/libapp_release.a(GNSS.o)
 .bss.Counter.4900
                0xffffffff825276fc        0x1 /cygdrive/c/projects/ST86QDLOV0616/soft/build/sl_app/app/lib/libapp_release.a(Gprs.o)
 .bss.SendCounter.4450
                0xffffffff825276fd        0x1 /cygdrive/c/projects/ST86QDLOV0616/soft/build/sl_app/app/lib/libapp_release.a(Gprs.o)
 .bss.erro_code.4449
                0xffffffff825276fe        0x1 /cygdrive/c/projects/ST86QDLOV0616/soft/build/sl_app/app/lib/libapp_release.a(Gprs.o)
 *fill*         0xffffffff825276ff        0x1 00
 .bss.counter.4448
                0xffffffff82527700        0x4 /cygdrive/c/projects/ST86QDLOV0616/soft/build/sl_app/app/lib/libapp_release.a(Gprs.o)
 .bss.step.4447
                0xffffffff82527704        0x1 /cygdrive/c/projects/ST86QDLOV0616/soft/build/sl_app/app/lib/libapp_release.a(Gprs.o)
 *fill*         0xffffffff82527705        0x3 00
 .bss.TcpIpSocket
                0xffffffff82527708       0xf8 /cygdrive/c/projects/ST86QDLOV0616/soft/build/sl_app/app/lib/libapp_release.a(Gprs.o)
 .bss.IpAddrBack
                0xffffffff82527800       0x34 /cygdrive/c/projects/ST86QDLOV0616/soft/build/sl_app/app/lib/libapp_release.a(Gprs.o)
 .bss.GprsRecvBuf
                0xffffffff82527834       0x64 /cygdrive/c/projects/ST86QDLOV0616/soft/build/sl_app/app/lib/libapp_release.a(Gprs.o)
 .bss.SMSRecvBuf
                0xffffffff82527898       0xc8 /cygdrive/c/projects/ST86QDLOV0616/soft/build/sl_app/app/lib/libapp_release.a(Gprs.o)
 .bss.SMSRecvNum
                0xffffffff82527960       0x14 /cygdrive/c/projects/ST86QDLOV0616/soft/build/sl_app/app/lib/libapp_release.a(Gprs.o)
 .bss.GprsRecvLen
                0xffffffff82527974        0x2 /cygdrive/c/projects/ST86QDLOV0616/soft/build/sl_app/app/lib/libapp_release.a(Gprs.o)
 *fill*         0xffffffff82527976        0x2 00
 .bss.ComCmdRes
                0xffffffff82527978       0x18 /cygdrive/c/projects/ST86QDLOV0616/soft/build/sl_app/app/lib/libapp_release.a(Gprs.o)
 .bss.SetArgID  0xffffffff82527990        0x1 /cygdrive/c/projects/ST86QDLOV0616/soft/build/sl_app/app/lib/libapp_release.a(Gprs.o)
 *fill*         0xffffffff82527991        0x1 00
 .bss.SMSRecvLen
                0xffffffff82527992        0x2 /cygdrive/c/projects/ST86QDLOV0616/soft/build/sl_app/app/lib/libapp_release.a(Gprs.o)
 .bss.Off.4293  0xffffffff82527994        0x1 /cygdrive/c/projects/ST86QDLOV0616/soft/build/sl_app/app/lib/libapp_release.a(Led.o)
 .bss.On.4292   0xffffffff82527995        0x1 /cygdrive/c/projects/ST86QDLOV0616/soft/build/sl_app/app/lib/libapp_release.a(Led.o)
 *fill*         0xffffffff82527996        0x2 00
 .bss.sw.4291   0xffffffff82527998        0x4 /cygdrive/c/projects/ST86QDLOV0616/soft/build/sl_app/app/lib/libapp_release.a(Led.o)
 .bss.step.4290
                0xffffffff8252799c        0x1 /cygdrive/c/projects/ST86QDLOV0616/soft/build/sl_app/app/lib/libapp_release.a(Led.o)
 *fill*         0xffffffff8252799d        0x3 00
 .bss.sw.4255   0xffffffff825279a0        0x4 /cygdrive/c/projects/ST86QDLOV0616/soft/build/sl_app/app/lib/libapp_release.a(Led.o)
 .bss.step.4254
                0xffffffff825279a4        0x1 /cygdrive/c/projects/ST86QDLOV0616/soft/build/sl_app/app/lib/libapp_release.a(Led.o)
 .bss.counter.4424
                0xffffffff825279a5        0x1 /cygdrive/c/projects/ST86QDLOV0616/soft/build/sl_app/app/lib/libapp_release.a(Rtc.o)
 *fill*         0xffffffff825279a6        0x2 00
 .bss.sw.4423   0xffffffff825279a8        0x4 /cygdrive/c/projects/ST86QDLOV0616/soft/build/sl_app/app/lib/libapp_release.a(Rtc.o)
 .bss.step.4422
                0xffffffff825279ac        0x1 /cygdrive/c/projects/ST86QDLOV0616/soft/build/sl_app/app/lib/libapp_release.a(Rtc.o)
 *fill*         0xffffffff825279ad        0x3 00
 .bss.counter.4395
                0xffffffff825279b0        0x4 /cygdrive/c/projects/ST86QDLOV0616/soft/build/sl_app/app/lib/libapp_release.a(Rtc.o)
 .bss.step.4394
                0xffffffff825279b4        0x1 /cygdrive/c/projects/ST86QDLOV0616/soft/build/sl_app/app/lib/libapp_release.a(Rtc.o)
 *fill*         0xffffffff825279b5        0x3 00
 .bss.SysTime   0xffffffff825279b8       0x10 /cygdrive/c/projects/ST86QDLOV0616/soft/build/sl_app/app/lib/libapp_release.a(Rtc.o)
 .bss.SetTime   0xffffffff825279c8       0x10 /cygdrive/c/projects/ST86QDLOV0616/soft/build/sl_app/app/lib/libapp_release.a(Rtc.o)
 .bss.SleepStatus
                0xffffffff825279d8        0x1 /cygdrive/c/projects/ST86QDLOV0616/soft/build/sl_app/app/lib/libapp_release.a(Rtc.o)
 *fill*         0xffffffff825279d9        0x3 00
 .bss.WarningValue
                0xffffffff825279dc        0x4 /cygdrive/c/projects/ST86QDLOV0616/soft/build/sl_app/app/lib/libapp_release.a(Rtc.o)
 .bss.SysCfg    0xffffffff825279e0       0xd8 /cygdrive/c/projects/ST86QDLOV0616/soft/build/sl_app/app/lib/libapp_release.a(SysFile.o)
 .bss.step2.4402
                0xffffffff82527ab8        0x1 /cygdrive/c/projects/ST86QDLOV0616/soft/build/sl_app/app/lib/libapp_release.a(SysProcess.o)
 *fill*         0xffffffff82527ab9        0x3 00
 .bss.NextTime  0xffffffff82527abc        0x4 /cygdrive/c/projects/ST86QDLOV0616/soft/build/sl_app/app/lib/libapp_release.a(SysProcess.o)
 .bss.NextTime1
                0xffffffff82527ac0        0x4 /cygdrive/c/projects/ST86QDLOV0616/soft/build/sl_app/app/lib/libapp_release.a(SysProcess.o)
 .bss.AccStateBack
                0xffffffff82527ac4        0x1 /cygdrive/c/projects/ST86QDLOV0616/soft/build/sl_app/app/lib/libapp_release.a(SysProcess.o)
 .bss.ShellStateBack
                0xffffffff82527ac5        0x1 /cygdrive/c/projects/ST86QDLOV0616/soft/build/sl_app/app/lib/libapp_release.a(SysProcess.o)
 *fill*         0xffffffff82527ac6        0x2 00
 .bss.sw1.4323  0xffffffff82527ac8        0x4 /cygdrive/c/projects/ST86QDLOV0616/soft/build/sl_app/app/lib/libapp_release.a(SysProcess.o)
 .bss.sw.4322   0xffffffff82527acc        0x4 /cygdrive/c/projects/ST86QDLOV0616/soft/build/sl_app/app/lib/libapp_release.a(SysProcess.o)
 .bss.step2.4321
                0xffffffff82527ad0        0x1 /cygdrive/c/projects/ST86QDLOV0616/soft/build/sl_app/app/lib/libapp_release.a(SysProcess.o)
 .bss.step1.4320
                0xffffffff82527ad1        0x1 /cygdrive/c/projects/ST86QDLOV0616/soft/build/sl_app/app/lib/libapp_release.a(SysProcess.o)
 .bss.step.4319
                0xffffffff82527ad2        0x1 /cygdrive/c/projects/ST86QDLOV0616/soft/build/sl_app/app/lib/libapp_release.a(SysProcess.o)
 *fill*         0xffffffff82527ad3        0x1 00
 .bss.counter.4247
                0xffffffff82527ad4        0x2 /cygdrive/c/projects/ST86QDLOV0616/soft/build/sl_app/app/lib/libapp_release.a(SysProcess.o)
 *fill*         0xffffffff82527ad6        0x2 00
 .bss.DataPacketBuf
                0xffffffff82527ad8      0x200 /cygdrive/c/projects/ST86QDLOV0616/soft/build/sl_app/app/lib/libapp_release.a(SysProcess.o)
 .bss.SysRunData
                0xffffffff82527cd8       0x44 /cygdrive/c/projects/ST86QDLOV0616/soft/build/sl_app/app/lib/libapp_release.a(SysProcess.o)
 *fill*         0xffffffff82527d1c        0x4 00
 .bss.DistancePro
                0xffffffff82527d20       0x30 /cygdrive/c/projects/ST86QDLOV0616/soft/build/sl_app/app/lib/libapp_release.a(SysProcess.o)
 .bss.ticks     0xffffffff82527d50        0x4 /cygdrive/c/projects/ST86QDLOV0616/soft/build/sl_app/app/lib/libapp_release.a(SysTickTime.o)
                0xffffffff82527d50                ticks
 .bss.step1.4241
                0xffffffff82527d54        0x1 /cygdrive/c/projects/ST86QDLOV0616/soft/build/sl_app/app/lib/libapp_release.a(TcpIPUpload.o)
 .bss.step.4240
                0xffffffff82527d55        0x1 /cygdrive/c/projects/ST86QDLOV0616/soft/build/sl_app/app/lib/libapp_release.a(TcpIPUpload.o)
 *fill*         0xffffffff82527d56        0x2 00
 .bss.UpLoadBuf
                0xffffffff82527d58      0x200 /cygdrive/c/projects/ST86QDLOV0616/soft/build/sl_app/app/lib/libapp_release.a(TcpIPUpload.o)
 .bss.DataBig   0xffffffff82527f58        0x1 /cygdrive/c/projects/ST86QDLOV0616/soft/build/sl_app/app/lib/libapp_release.a(TcpIPUpload.o)
 *fill*         0xffffffff82527f59        0x3 00
 .bss.HeatSw    0xffffffff82527f5c        0x4 /cygdrive/c/projects/ST86QDLOV0616/soft/build/sl_app/app/lib/libapp_release.a(TcpIPUpload.o)
 .bss.CanProNumSendBig
                0xffffffff82527f60        0x1 /cygdrive/c/projects/ST86QDLOV0616/soft/build/sl_app/app/lib/libapp_release.a(Terminal.o)
 .bss.GetStatusBig
                0xffffffff82527f61        0x1 /cygdrive/c/projects/ST86QDLOV0616/soft/build/sl_app/app/lib/libapp_release.a(Terminal.o)
 *fill*         0xffffffff82527f62        0x2 00
 .bss.sw1.4844  0xffffffff82527f64        0x4 /cygdrive/c/projects/ST86QDLOV0616/soft/build/sl_app/app/lib/libapp_release.a(Terminal.o)
 .bss.sw.4843   0xffffffff82527f68        0x4 /cygdrive/c/projects/ST86QDLOV0616/soft/build/sl_app/app/lib/libapp_release.a(Terminal.o)
 .bss.step2.4842
                0xffffffff82527f6c        0x1 /cygdrive/c/projects/ST86QDLOV0616/soft/build/sl_app/app/lib/libapp_release.a(Terminal.o)
 .bss.step1.4841
                0xffffffff82527f6d        0x1 /cygdrive/c/projects/ST86QDLOV0616/soft/build/sl_app/app/lib/libapp_release.a(Terminal.o)
 .bss.step.4840
                0xffffffff82527f6e        0x1 /cygdrive/c/projects/ST86QDLOV0616/soft/build/sl_app/app/lib/libapp_release.a(Terminal.o)
 .bss.MonstateTmp
                0xffffffff82527f6f        0x1 /cygdrive/c/projects/ST86QDLOV0616/soft/build/sl_app/app/lib/libapp_release.a(Terminal.o)
 .bss.sw.4510   0xffffffff82527f70        0x4 /cygdrive/c/projects/ST86QDLOV0616/soft/build/sl_app/app/lib/libapp_release.a(Terminal.o)
 .bss.step.4509
                0xffffffff82527f74        0x1 /cygdrive/c/projects/ST86QDLOV0616/soft/build/sl_app/app/lib/libapp_release.a(Terminal.o)
 *fill*         0xffffffff82527f75        0x3 00
 .bss.UpgradeStatus
                0xffffffff82527f78        0x4 /cygdrive/c/projects/ST86QDLOV0616/soft/build/sl_app/app/lib/libapp_release.a(Terminal.o)
 .bss.UpgradeData
                0xffffffff82527f7c        0x4 /cygdrive/c/projects/ST86QDLOV0616/soft/build/sl_app/app/lib/libapp_release.a(Terminal.o)
 .bss.pUpgradeST86
                0xffffffff82527f80        0x4 /cygdrive/c/projects/ST86QDLOV0616/soft/build/sl_app/app/lib/libapp_release.a(Terminal.o)
 .bss.TerRecvBuf
                0xffffffff82527f84      0x400 /cygdrive/c/projects/ST86QDLOV0616/soft/build/sl_app/app/lib/libapp_release.a(Terminal.o)
 .bss.TerSendBuf
                0xffffffff82528384      0x4b0 /cygdrive/c/projects/ST86QDLOV0616/soft/build/sl_app/app/lib/libapp_release.a(Terminal.o)
 .bss.RunMode   0xffffffff82528834        0x1 /cygdrive/c/projects/ST86QDLOV0616/soft/build/sl_app/app/lib/libapp_release.a(Terminal.o)
 .bss.McuStatus
                0xffffffff82528835        0x1 /cygdrive/c/projects/ST86QDLOV0616/soft/build/sl_app/app/lib/libapp_release.a(Terminal.o)
 .bss.ConfigFlag
                0xffffffff82528836        0x1 /cygdrive/c/projects/ST86QDLOV0616/soft/build/sl_app/app/lib/libapp_release.a(Terminal.o)
 *fill*         0xffffffff82528837        0x1 00
 .bss.CanData   0xffffffff82528838       0x3c /cygdrive/c/projects/ST86QDLOV0616/soft/build/sl_app/app/lib/libapp_release.a(Terminal.o)
 .bss.TerStateData
                0xffffffff82528874       0x20 /cygdrive/c/projects/ST86QDLOV0616/soft/build/sl_app/app/lib/libapp_release.a(Terminal.o)
 .bss.TerTime   0xffffffff82528894       0x10 /cygdrive/c/projects/ST86QDLOV0616/soft/build/sl_app/app/lib/libapp_release.a(Terminal.o)
 .bss.LockCar   0xffffffff825288a4       0x10 /cygdrive/c/projects/ST86QDLOV0616/soft/build/sl_app/app/lib/libapp_release.a(Terminal.o)
 .bss.stopwatch.4334
                0xffffffff825288b4        0x4 /cygdrive/c/projects/ST86QDLOV0616/soft/build/sl_app/app/lib/libapp_release.a(UART.o)
 .bss.step.4332
                0xffffffff825288b8        0x4 /cygdrive/c/projects/ST86QDLOV0616/soft/build/sl_app/app/lib/libapp_release.a(UART.o)
 .bss.com1_new_data
                0xffffffff825288bc        0x1 /cygdrive/c/projects/ST86QDLOV0616/soft/build/sl_app/app/lib/libapp_release.a(UART.o)
 *fill*         0xffffffff825288bd        0x3 00
 .bss.com1_recv_size
                0xffffffff825288c0        0x4 /cygdrive/c/projects/ST86QDLOV0616/soft/build/sl_app/app/lib/libapp_release.a(UART.o)
 .bss.com1_recv_buf
                0xffffffff825288c4      0x400 /cygdrive/c/projects/ST86QDLOV0616/soft/build/sl_app/app/lib/libapp_release.a(UART.o)
 .bss.com2_new_data
                0xffffffff82528cc4        0x1 /cygdrive/c/projects/ST86QDLOV0616/soft/build/sl_app/app/lib/libapp_release.a(UART.o)
 *fill*         0xffffffff82528cc5        0x3 00
 .bss.com2_recv_size
                0xffffffff82528cc8        0x4 /cygdrive/c/projects/ST86QDLOV0616/soft/build/sl_app/app/lib/libapp_release.a(UART.o)
 .bss.com2_recv_buf
                0xffffffff82528ccc      0x400 /cygdrive/c/projects/ST86QDLOV0616/soft/build/sl_app/app/lib/libapp_release.a(UART.o)
 .bss.DataLen.4235
                0xffffffff825290cc        0x2 /cygdrive/c/projects/ST86QDLOV0616/soft/build/sl_app/app/lib/libapp_release.a(BuildDataPacket.o)
 *fill*         0xffffffff825290ce        0x2 00
 .bss.TmpBuf    0xffffffff825290d0       0xc8 /cygdrive/c/projects/ST86QDLOV0616/soft/build/sl_app/app/lib/libapp_release.a(BuildDataPacket.o)
 *(COMMON)
 *(.rambss)
                0xffffffff825291a0                . = ALIGN (0x10)
 *fill*         0xffffffff82529198        0x8 00
                0xffffffff825291a0                _ram_bss_end = .
                0x000000000001ae70                _ram_bss_size = (_ram_bss_end - _ram_bss_start)
                0xffffffff825a0800                _ram_top = 0xffffffff825a0800
                0x0000000000077660                _heap_size = (_ram_top - _ram_bss_end)
                0xffffffff825291a0                _heap_start = _ram_bss_end
                0xffffffff825a0800                _heap_end = (_ram_bss_end + _heap_size)
                0x0000000000000001                ASSERT ((ABSOLUTE (_ram_top) > ABSOLUTE (_ram_bss_end)), APP External RAM overflow !)
START GROUP
LOAD /cygdrive/c/projects/ST86QDLOV0616/soft/build/sl_app/app/lib/libapp_release.a
END GROUP
LOAD /crosscompiler/bin/../lib/gcc/mips-elf/4.4.2/libgcc.a
OUTPUT(/cygdrive/c/projects/ST86QDLOV0616/soft/build/sl_app/8809/sl_app_S80_20200726_release.elf elf32-littlemips)

.reginfo        0x0000000000000000       0x18
 .reginfo       0x0000000000000000       0x18 /cygdrive/c/projects/ST86QDLOV0616/soft/build/sl_app/app/lib/libapp_release.a(sl_app_init.o)

.mdebug.abi32   0x0000000000000000        0x0
 .mdebug.abi32  0x0000000000000000        0x0 /cygdrive/c/projects/ST86QDLOV0616/soft/build/sl_app/app/lib/libapp_release.a(sl_app_init.o)
 .mdebug.abi32  0x0000000000000000        0x0 /cygdrive/c/projects/ST86QDLOV0616/soft/build/sl_app/app/lib/libapp_release.a(FiFoData.o)
 .mdebug.abi32  0x0000000000000000        0x0 /cygdrive/c/projects/ST86QDLOV0616/soft/build/sl_app/app/lib/libapp_release.a(GNSS.o)
 .mdebug.abi32  0x0000000000000000        0x0 /cygdrive/c/projects/ST86QDLOV0616/soft/build/sl_app/app/lib/libapp_release.a(Gprs.o)
 .mdebug.abi32  0x0000000000000000        0x0 /cygdrive/c/projects/ST86QDLOV0616/soft/build/sl_app/app/lib/libapp_release.a(Led.o)
 .mdebug.abi32  0x0000000000000000        0x0 /cygdrive/c/projects/ST86QDLOV0616/soft/build/sl_app/app/lib/libapp_release.a(ProData.o)
 .mdebug.abi32  0x0000000000000000        0x0 /cygdrive/c/projects/ST86QDLOV0616/soft/build/sl_app/app/lib/libapp_release.a(Rtc.o)
 .mdebug.abi32  0x0000000000000000        0x0 /cygdrive/c/projects/ST86QDLOV0616/soft/build/sl_app/app/lib/libapp_release.a(SysFile.o)
 .mdebug.abi32  0x0000000000000000        0x0 /cygdrive/c/projects/ST86QDLOV0616/soft/build/sl_app/app/lib/libapp_release.a(SysProcess.o)
 .mdebug.abi32  0x0000000000000000        0x0 /cygdrive/c/projects/ST86QDLOV0616/soft/build/sl_app/app/lib/libapp_release.a(SysTickTime.o)
 .mdebug.abi32  0x0000000000000000        0x0 /cygdrive/c/projects/ST86QDLOV0616/soft/build/sl_app/app/lib/libapp_release.a(TcpIPUpload.o)
 .mdebug.abi32  0x0000000000000000        0x0 /cygdrive/c/projects/ST86QDLOV0616/soft/build/sl_app/app/lib/libapp_release.a(Terminal.o)
 .mdebug.abi32  0x0000000000000000        0x0 /cygdrive/c/projects/ST86QDLOV0616/soft/build/sl_app/app/lib/libapp_release.a(UART.o)
 .mdebug.abi32  0x0000000000000000        0x0 /cygdrive/c/projects/ST86QDLOV0616/soft/build/sl_app/app/lib/libapp_release.a(VersionNum.o)
 .mdebug.abi32  0x0000000000000000        0x0 /cygdrive/c/projects/ST86QDLOV0616/soft/build/sl_app/app/lib/libapp_release.a(sl_app.o)
 .mdebug.abi32  0x0000000000000000        0x0 /cygdrive/c/projects/ST86QDLOV0616/soft/build/sl_app/app/lib/libapp_release.a(BuildDataPacket.o)
 .mdebug.abi32  0x0000000000000000        0x0 /crosscompiler/bin/../lib/gcc/mips-elf/4.4.2/libgcc.a(_fixunssfsi.o)
 .mdebug.abi32  0x0000000000000000        0x0 /crosscompiler/bin/../lib/gcc/mips-elf/4.4.2/libgcc.a(_fixunsdfsi.o)
 .mdebug.abi32  0x0000000000000000        0x0 /crosscompiler/bin/../lib/gcc/mips-elf/4.4.2/libgcc.a(_addsub_sf.o)
 .mdebug.abi32  0x0000000000000000        0x0 /crosscompiler/bin/../lib/gcc/mips-elf/4.4.2/libgcc.a(_ge_sf.o)
 .mdebug.abi32  0x0000000000000000        0x0 /crosscompiler/bin/../lib/gcc/mips-elf/4.4.2/libgcc.a(_lt_sf.o)
 .mdebug.abi32  0x0000000000000000        0x0 /crosscompiler/bin/../lib/gcc/mips-elf/4.4.2/libgcc.a(_sf_to_si.o)
 .mdebug.abi32  0x0000000000000000        0x0 /crosscompiler/bin/../lib/gcc/mips-elf/4.4.2/libgcc.a(_sf_to_df.o)
 .mdebug.abi32  0x0000000000000000        0x0 /crosscompiler/bin/../lib/gcc/mips-elf/4.4.2/libgcc.a(_thenan_sf.o)
 .mdebug.abi32  0x0000000000000000        0x0 /crosscompiler/bin/../lib/gcc/mips-elf/4.4.2/libgcc.a(_addsub_df.o)
 .mdebug.abi32  0x0000000000000000        0x0 /crosscompiler/bin/../lib/gcc/mips-elf/4.4.2/libgcc.a(_mul_df.o)
 .mdebug.abi32  0x0000000000000000        0x0 /crosscompiler/bin/../lib/gcc/mips-elf/4.4.2/libgcc.a(_div_df.o)
 .mdebug.abi32  0x0000000000000000        0x0 /crosscompiler/bin/../lib/gcc/mips-elf/4.4.2/libgcc.a(_eq_df.o)
 .mdebug.abi32  0x0000000000000000        0x0 /crosscompiler/bin/../lib/gcc/mips-elf/4.4.2/libgcc.a(_gt_df.o)
 .mdebug.abi32  0x0000000000000000        0x0 /crosscompiler/bin/../lib/gcc/mips-elf/4.4.2/libgcc.a(_ge_df.o)
 .mdebug.abi32  0x0000000000000000        0x0 /crosscompiler/bin/../lib/gcc/mips-elf/4.4.2/libgcc.a(_si_to_df.o)
 .mdebug.abi32  0x0000000000000000        0x0 /crosscompiler/bin/../lib/gcc/mips-elf/4.4.2/libgcc.a(_df_to_si.o)
 .mdebug.abi32  0x0000000000000000        0x0 /crosscompiler/bin/../lib/gcc/mips-elf/4.4.2/libgcc.a(_make_df.o)
 .mdebug.abi32  0x0000000000000000        0x0 /crosscompiler/bin/../lib/gcc/mips-elf/4.4.2/libgcc.a(_df_to_sf.o)
 .mdebug.abi32  0x0000000000000000        0x0 /crosscompiler/bin/../lib/gcc/mips-elf/4.4.2/libgcc.a(_thenan_df.o)
 .mdebug.abi32  0x0000000000000000        0x0 /crosscompiler/bin/../lib/gcc/mips-elf/4.4.2/libgcc.a(_usi_to_df.o)
 .mdebug.abi32  0x0000000000000000        0x0 /crosscompiler/bin/../lib/gcc/mips-elf/4.4.2/libgcc.a(_lshrdi3.o)
 .mdebug.abi32  0x0000000000000000        0x0 /crosscompiler/bin/../lib/gcc/mips-elf/4.4.2/libgcc.a(_ashldi3.o)
 .mdebug.abi32  0x0000000000000000        0x0 /crosscompiler/bin/../lib/gcc/mips-elf/4.4.2/libgcc.a(_ucmpdi2.o)
 .mdebug.abi32  0x0000000000000000        0x0 /crosscompiler/bin/../lib/gcc/mips-elf/4.4.2/libgcc.a(_clzsi2.o)
 .mdebug.abi32  0x0000000000000000        0x0 /crosscompiler/bin/../lib/gcc/mips-elf/4.4.2/libgcc.a(_pack_sf.o)
 .mdebug.abi32  0x0000000000000000        0x0 /crosscompiler/bin/../lib/gcc/mips-elf/4.4.2/libgcc.a(_unpack_sf.o)
 .mdebug.abi32  0x0000000000000000        0x0 /crosscompiler/bin/../lib/gcc/mips-elf/4.4.2/libgcc.a(_fpcmp_parts_sf.o)
 .mdebug.abi32  0x0000000000000000        0x0 /crosscompiler/bin/../lib/gcc/mips-elf/4.4.2/libgcc.a(_make_sf.o)
 .mdebug.abi32  0x0000000000000000        0x0 /crosscompiler/bin/../lib/gcc/mips-elf/4.4.2/libgcc.a(_pack_df.o)
 .mdebug.abi32  0x0000000000000000        0x0 /crosscompiler/bin/../lib/gcc/mips-elf/4.4.2/libgcc.a(_unpack_df.o)
 .mdebug.abi32  0x0000000000000000        0x0 /crosscompiler/bin/../lib/gcc/mips-elf/4.4.2/libgcc.a(_fpcmp_parts_df.o)
 .mdebug.abi32  0x0000000000000000        0x0 /crosscompiler/bin/../lib/gcc/mips-elf/4.4.2/libgcc.a(_clz.o)

.comment        0x0000000000000000       0x31
 .comment       0x0000000000000000       0x31 /cygdrive/c/projects/ST86QDLOV0616/soft/build/sl_app/app/lib/libapp_release.a(sl_app_init.o)
                                         0x32 (size before relaxing)
 .comment       0x0000000000000000       0x32 /cygdrive/c/projects/ST86QDLOV0616/soft/build/sl_app/app/lib/libapp_release.a(FiFoData.o)
 .comment       0x0000000000000000       0x32 /cygdrive/c/projects/ST86QDLOV0616/soft/build/sl_app/app/lib/libapp_release.a(GNSS.o)
 .comment       0x0000000000000000       0x32 /cygdrive/c/projects/ST86QDLOV0616/soft/build/sl_app/app/lib/libapp_release.a(Gprs.o)
 .comment       0x0000000000000000       0x32 /cygdrive/c/projects/ST86QDLOV0616/soft/build/sl_app/app/lib/libapp_release.a(Led.o)
 .comment       0x0000000000000000       0x32 /cygdrive/c/projects/ST86QDLOV0616/soft/build/sl_app/app/lib/libapp_release.a(ProData.o)
 .comment       0x0000000000000000       0x32 /cygdrive/c/projects/ST86QDLOV0616/soft/build/sl_app/app/lib/libapp_release.a(Rtc.o)
 .comment       0x0000000000000000       0x32 /cygdrive/c/projects/ST86QDLOV0616/soft/build/sl_app/app/lib/libapp_release.a(SysFile.o)
 .comment       0x0000000000000000       0x32 /cygdrive/c/projects/ST86QDLOV0616/soft/build/sl_app/app/lib/libapp_release.a(SysProcess.o)
 .comment       0x0000000000000000       0x32 /cygdrive/c/projects/ST86QDLOV0616/soft/build/sl_app/app/lib/libapp_release.a(SysTickTime.o)
 .comment       0x0000000000000000       0x32 /cygdrive/c/projects/ST86QDLOV0616/soft/build/sl_app/app/lib/libapp_release.a(TcpIPUpload.o)
 .comment       0x0000000000000000       0x32 /cygdrive/c/projects/ST86QDLOV0616/soft/build/sl_app/app/lib/libapp_release.a(Terminal.o)
 .comment       0x0000000000000000       0x32 /cygdrive/c/projects/ST86QDLOV0616/soft/build/sl_app/app/lib/libapp_release.a(UART.o)
 .comment       0x0000000000000000       0x32 /cygdrive/c/projects/ST86QDLOV0616/soft/build/sl_app/app/lib/libapp_release.a(VersionNum.o)
 .comment       0x0000000000000000       0x32 /cygdrive/c/projects/ST86QDLOV0616/soft/build/sl_app/app/lib/libapp_release.a(sl_app.o)
 .comment       0x0000000000000000       0x32 /cygdrive/c/projects/ST86QDLOV0616/soft/build/sl_app/app/lib/libapp_release.a(BuildDataPacket.o)
 .comment       0x0000000000000000       0x32 /crosscompiler/bin/../lib/gcc/mips-elf/4.4.2/libgcc.a(_fixunssfsi.o)
 .comment       0x0000000000000000       0x32 /crosscompiler/bin/../lib/gcc/mips-elf/4.4.2/libgcc.a(_fixunsdfsi.o)
 .comment       0x0000000000000000       0x32 /crosscompiler/bin/../lib/gcc/mips-elf/4.4.2/libgcc.a(_addsub_sf.o)
 .comment       0x0000000000000000       0x32 /crosscompiler/bin/../lib/gcc/mips-elf/4.4.2/libgcc.a(_ge_sf.o)
 .comment       0x0000000000000000       0x32 /crosscompiler/bin/../lib/gcc/mips-elf/4.4.2/libgcc.a(_lt_sf.o)
 .comment       0x0000000000000000       0x32 /crosscompiler/bin/../lib/gcc/mips-elf/4.4.2/libgcc.a(_sf_to_si.o)
 .comment       0x0000000000000000       0x32 /crosscompiler/bin/../lib/gcc/mips-elf/4.4.2/libgcc.a(_sf_to_df.o)
 .comment       0x0000000000000000       0x32 /crosscompiler/bin/../lib/gcc/mips-elf/4.4.2/libgcc.a(_thenan_sf.o)
 .comment       0x0000000000000000       0x32 /crosscompiler/bin/../lib/gcc/mips-elf/4.4.2/libgcc.a(_addsub_df.o)
 .comment       0x0000000000000000       0x32 /crosscompiler/bin/../lib/gcc/mips-elf/4.4.2/libgcc.a(_mul_df.o)
 .comment       0x0000000000000000       0x32 /crosscompiler/bin/../lib/gcc/mips-elf/4.4.2/libgcc.a(_div_df.o)
 .comment       0x0000000000000000       0x32 /crosscompiler/bin/../lib/gcc/mips-elf/4.4.2/libgcc.a(_eq_df.o)
 .comment       0x0000000000000000       0x32 /crosscompiler/bin/../lib/gcc/mips-elf/4.4.2/libgcc.a(_gt_df.o)
 .comment       0x0000000000000000       0x32 /crosscompiler/bin/../lib/gcc/mips-elf/4.4.2/libgcc.a(_ge_df.o)
 .comment       0x0000000000000000       0x32 /crosscompiler/bin/../lib/gcc/mips-elf/4.4.2/libgcc.a(_si_to_df.o)
 .comment       0x0000000000000000       0x32 /crosscompiler/bin/../lib/gcc/mips-elf/4.4.2/libgcc.a(_df_to_si.o)
 .comment       0x0000000000000000       0x32 /crosscompiler/bin/../lib/gcc/mips-elf/4.4.2/libgcc.a(_make_df.o)
 .comment       0x0000000000000000       0x32 /crosscompiler/bin/../lib/gcc/mips-elf/4.4.2/libgcc.a(_df_to_sf.o)
 .comment       0x0000000000000000       0x32 /crosscompiler/bin/../lib/gcc/mips-elf/4.4.2/libgcc.a(_thenan_df.o)
 .comment       0x0000000000000000       0x32 /crosscompiler/bin/../lib/gcc/mips-elf/4.4.2/libgcc.a(_usi_to_df.o)
 .comment       0x0000000000000000       0x32 /crosscompiler/bin/../lib/gcc/mips-elf/4.4.2/libgcc.a(_lshrdi3.o)
 .comment       0x0000000000000000       0x32 /crosscompiler/bin/../lib/gcc/mips-elf/4.4.2/libgcc.a(_ashldi3.o)
 .comment       0x0000000000000000       0x32 /crosscompiler/bin/../lib/gcc/mips-elf/4.4.2/libgcc.a(_ucmpdi2.o)
 .comment       0x0000000000000000       0x32 /crosscompiler/bin/../lib/gcc/mips-elf/4.4.2/libgcc.a(_clzsi2.o)
 .comment       0x0000000000000000       0x32 /crosscompiler/bin/../lib/gcc/mips-elf/4.4.2/libgcc.a(_pack_sf.o)
 .comment       0x0000000000000000       0x32 /crosscompiler/bin/../lib/gcc/mips-elf/4.4.2/libgcc.a(_unpack_sf.o)
 .comment       0x0000000000000000       0x32 /crosscompiler/bin/../lib/gcc/mips-elf/4.4.2/libgcc.a(_fpcmp_parts_sf.o)
 .comment       0x0000000000000000       0x32 /crosscompiler/bin/../lib/gcc/mips-elf/4.4.2/libgcc.a(_make_sf.o)
 .comment       0x0000000000000000       0x32 /crosscompiler/bin/../lib/gcc/mips-elf/4.4.2/libgcc.a(_pack_df.o)
 .comment       0x0000000000000000       0x32 /crosscompiler/bin/../lib/gcc/mips-elf/4.4.2/libgcc.a(_unpack_df.o)
 .comment       0x0000000000000000       0x32 /crosscompiler/bin/../lib/gcc/mips-elf/4.4.2/libgcc.a(_fpcmp_parts_df.o)
 .comment       0x0000000000000000       0x32 /crosscompiler/bin/../lib/gcc/mips-elf/4.4.2/libgcc.a(_clz.o)

.gnu.attributes
                0x0000000000000000       0x10
 .gnu.attributes
                0x0000000000000000       0x10 /cygdrive/c/projects/ST86QDLOV0616/soft/build/sl_app/app/lib/libapp_release.a(sl_app_init.o)
 .gnu.attributes
                0x0000000000000010       0x10 /cygdrive/c/projects/ST86QDLOV0616/soft/build/sl_app/app/lib/libapp_release.a(FiFoData.o)
 .gnu.attributes
                0x0000000000000020       0x10 /cygdrive/c/projects/ST86QDLOV0616/soft/build/sl_app/app/lib/libapp_release.a(GNSS.o)
 .gnu.attributes
                0x0000000000000030       0x10 /cygdrive/c/projects/ST86QDLOV0616/soft/build/sl_app/app/lib/libapp_release.a(Gprs.o)
 .gnu.attributes
                0x0000000000000040       0x10 /cygdrive/c/projects/ST86QDLOV0616/soft/build/sl_app/app/lib/libapp_release.a(Led.o)
 .gnu.attributes
                0x0000000000000050       0x10 /cygdrive/c/projects/ST86QDLOV0616/soft/build/sl_app/app/lib/libapp_release.a(ProData.o)
 .gnu.attributes
                0x0000000000000060       0x10 /cygdrive/c/projects/ST86QDLOV0616/soft/build/sl_app/app/lib/libapp_release.a(Rtc.o)
 .gnu.attributes
                0x0000000000000070       0x10 /cygdrive/c/projects/ST86QDLOV0616/soft/build/sl_app/app/lib/libapp_release.a(SysFile.o)
 .gnu.attributes
                0x0000000000000080       0x10 /cygdrive/c/projects/ST86QDLOV0616/soft/build/sl_app/app/lib/libapp_release.a(SysProcess.o)
 .gnu.attributes
                0x0000000000000090       0x10 /cygdrive/c/projects/ST86QDLOV0616/soft/build/sl_app/app/lib/libapp_release.a(SysTickTime.o)
 .gnu.attributes
                0x00000000000000a0       0x10 /cygdrive/c/projects/ST86QDLOV0616/soft/build/sl_app/app/lib/libapp_release.a(TcpIPUpload.o)
 .gnu.attributes
                0x00000000000000b0       0x10 /cygdrive/c/projects/ST86QDLOV0616/soft/build/sl_app/app/lib/libapp_release.a(Terminal.o)
 .gnu.attributes
                0x00000000000000c0       0x10 /cygdrive/c/projects/ST86QDLOV0616/soft/build/sl_app/app/lib/libapp_release.a(UART.o)
 .gnu.attributes
                0x00000000000000d0       0x10 /cygdrive/c/projects/ST86QDLOV0616/soft/build/sl_app/app/lib/libapp_release.a(VersionNum.o)
 .gnu.attributes
                0x00000000000000e0       0x10 /cygdrive/c/projects/ST86QDLOV0616/soft/build/sl_app/app/lib/libapp_release.a(sl_app.o)
 .gnu.attributes
                0x00000000000000f0       0x10 /cygdrive/c/projects/ST86QDLOV0616/soft/build/sl_app/app/lib/libapp_release.a(BuildDataPacket.o)
 .gnu.attributes
                0x0000000000000100       0x10 /crosscompiler/bin/../lib/gcc/mips-elf/4.4.2/libgcc.a(_fixunssfsi.o)
 .gnu.attributes
                0x0000000000000110       0x10 /crosscompiler/bin/../lib/gcc/mips-elf/4.4.2/libgcc.a(_fixunsdfsi.o)
 .gnu.attributes
                0x0000000000000120       0x10 /crosscompiler/bin/../lib/gcc/mips-elf/4.4.2/libgcc.a(_addsub_sf.o)
 .gnu.attributes
                0x0000000000000130       0x10 /crosscompiler/bin/../lib/gcc/mips-elf/4.4.2/libgcc.a(_ge_sf.o)
 .gnu.attributes
                0x0000000000000140       0x10 /crosscompiler/bin/../lib/gcc/mips-elf/4.4.2/libgcc.a(_lt_sf.o)
 .gnu.attributes
                0x0000000000000150       0x10 /crosscompiler/bin/../lib/gcc/mips-elf/4.4.2/libgcc.a(_sf_to_si.o)
 .gnu.attributes
                0x0000000000000160       0x10 /crosscompiler/bin/../lib/gcc/mips-elf/4.4.2/libgcc.a(_sf_to_df.o)
 .gnu.attributes
                0x0000000000000170       0x10 /crosscompiler/bin/../lib/gcc/mips-elf/4.4.2/libgcc.a(_thenan_sf.o)
 .gnu.attributes
                0x0000000000000180       0x10 /crosscompiler/bin/../lib/gcc/mips-elf/4.4.2/libgcc.a(_addsub_df.o)
 .gnu.attributes
                0x0000000000000190       0x10 /crosscompiler/bin/../lib/gcc/mips-elf/4.4.2/libgcc.a(_mul_df.o)
 .gnu.attributes
                0x00000000000001a0       0x10 /crosscompiler/bin/../lib/gcc/mips-elf/4.4.2/libgcc.a(_div_df.o)
 .gnu.attributes
                0x00000000000001b0       0x10 /crosscompiler/bin/../lib/gcc/mips-elf/4.4.2/libgcc.a(_eq_df.o)
 .gnu.attributes
                0x00000000000001c0       0x10 /crosscompiler/bin/../lib/gcc/mips-elf/4.4.2/libgcc.a(_gt_df.o)
 .gnu.attributes
                0x00000000000001d0       0x10 /crosscompiler/bin/../lib/gcc/mips-elf/4.4.2/libgcc.a(_ge_df.o)
 .gnu.attributes
                0x00000000000001e0       0x10 /crosscompiler/bin/../lib/gcc/mips-elf/4.4.2/libgcc.a(_si_to_df.o)
 .gnu.attributes
                0x00000000000001f0       0x10 /crosscompiler/bin/../lib/gcc/mips-elf/4.4.2/libgcc.a(_df_to_si.o)
 .gnu.attributes
                0x0000000000000200       0x10 /crosscompiler/bin/../lib/gcc/mips-elf/4.4.2/libgcc.a(_make_df.o)
 .gnu.attributes
                0x0000000000000210       0x10 /crosscompiler/bin/../lib/gcc/mips-elf/4.4.2/libgcc.a(_df_to_sf.o)
 .gnu.attributes
                0x0000000000000220       0x10 /crosscompiler/bin/../lib/gcc/mips-elf/4.4.2/libgcc.a(_thenan_df.o)
 .gnu.attributes
                0x0000000000000230       0x10 /crosscompiler/bin/../lib/gcc/mips-elf/4.4.2/libgcc.a(_usi_to_df.o)
 .gnu.attributes
                0x0000000000000240       0x10 /crosscompiler/bin/../lib/gcc/mips-elf/4.4.2/libgcc.a(_lshrdi3.o)
 .gnu.attributes
                0x0000000000000250       0x10 /crosscompiler/bin/../lib/gcc/mips-elf/4.4.2/libgcc.a(_ashldi3.o)
 .gnu.attributes
                0x0000000000000260       0x10 /crosscompiler/bin/../lib/gcc/mips-elf/4.4.2/libgcc.a(_ucmpdi2.o)
 .gnu.attributes
                0x0000000000000270       0x10 /crosscompiler/bin/../lib/gcc/mips-elf/4.4.2/libgcc.a(_clzsi2.o)
 .gnu.attributes
                0x0000000000000280       0x10 /crosscompiler/bin/../lib/gcc/mips-elf/4.4.2/libgcc.a(_pack_sf.o)
 .gnu.attributes
                0x0000000000000290       0x10 /crosscompiler/bin/../lib/gcc/mips-elf/4.4.2/libgcc.a(_unpack_sf.o)
 .gnu.attributes
                0x00000000000002a0       0x10 /crosscompiler/bin/../lib/gcc/mips-elf/4.4.2/libgcc.a(_fpcmp_parts_sf.o)
 .gnu.attributes
                0x00000000000002b0       0x10 /crosscompiler/bin/../lib/gcc/mips-elf/4.4.2/libgcc.a(_make_sf.o)
 .gnu.attributes
                0x00000000000002c0       0x10 /crosscompiler/bin/../lib/gcc/mips-elf/4.4.2/libgcc.a(_pack_df.o)
 .gnu.attributes
                0x00000000000002d0       0x10 /crosscompiler/bin/../lib/gcc/mips-elf/4.4.2/libgcc.a(_unpack_df.o)
 .gnu.attributes
                0x00000000000002e0       0x10 /crosscompiler/bin/../lib/gcc/mips-elf/4.4.2/libgcc.a(_fpcmp_parts_df.o)
 .gnu.attributes
                0x00000000000002f0       0x10 /crosscompiler/bin/../lib/gcc/mips-elf/4.4.2/libgcc.a(_clz.o)

.pdr            0x0000000000000000        0x0
 .pdr           0x0000000000000000        0x0 /cygdrive/c/projects/ST86QDLOV0616/soft/build/sl_app/app/lib/libapp_release.a(sl_app.o)
 .pdr           0x0000000000000000        0x0 /crosscompiler/bin/../lib/gcc/mips-elf/4.4.2/libgcc.a(_thenan_sf.o)
 .pdr           0x0000000000000000        0x0 /crosscompiler/bin/../lib/gcc/mips-elf/4.4.2/libgcc.a(_thenan_df.o)
 .pdr           0x0000000000000000        0x0 /crosscompiler/bin/../lib/gcc/mips-elf/4.4.2/libgcc.a(_clz.o)

.debug_abbrev   0x0000000000000000     0x4c43
 .debug_abbrev  0x0000000000000000      0x205 /cygdrive/c/projects/ST86QDLOV0616/soft/build/sl_app/app/lib/libapp_release.a(sl_app_init.o)
 .debug_abbrev  0x0000000000000205      0x2ae /cygdrive/c/projects/ST86QDLOV0616/soft/build/sl_app/app/lib/libapp_release.a(FiFoData.o)
 .debug_abbrev  0x00000000000004b3      0x279 /cygdrive/c/projects/ST86QDLOV0616/soft/build/sl_app/app/lib/libapp_release.a(GNSS.o)
 .debug_abbrev  0x000000000000072c      0x35f /cygdrive/c/projects/ST86QDLOV0616/soft/build/sl_app/app/lib/libapp_release.a(Gprs.o)
 .debug_abbrev  0x0000000000000a8b      0x226 /cygdrive/c/projects/ST86QDLOV0616/soft/build/sl_app/app/lib/libapp_release.a(Led.o)
 .debug_abbrev  0x0000000000000cb1      0x357 /cygdrive/c/projects/ST86QDLOV0616/soft/build/sl_app/app/lib/libapp_release.a(ProData.o)
 .debug_abbrev  0x0000000000001008      0x2e2 /cygdrive/c/projects/ST86QDLOV0616/soft/build/sl_app/app/lib/libapp_release.a(Rtc.o)
 .debug_abbrev  0x00000000000012ea      0x232 /cygdrive/c/projects/ST86QDLOV0616/soft/build/sl_app/app/lib/libapp_release.a(SysFile.o)
 .debug_abbrev  0x000000000000151c      0x273 /cygdrive/c/projects/ST86QDLOV0616/soft/build/sl_app/app/lib/libapp_release.a(SysProcess.o)
 .debug_abbrev  0x000000000000178f       0xce /cygdrive/c/projects/ST86QDLOV0616/soft/build/sl_app/app/lib/libapp_release.a(SysTickTime.o)
 .debug_abbrev  0x000000000000185d      0x1de /cygdrive/c/projects/ST86QDLOV0616/soft/build/sl_app/app/lib/libapp_release.a(TcpIPUpload.o)
 .debug_abbrev  0x0000000000001a3b      0x3bb /cygdrive/c/projects/ST86QDLOV0616/soft/build/sl_app/app/lib/libapp_release.a(Terminal.o)
 .debug_abbrev  0x0000000000001df6      0x2a9 /cygdrive/c/projects/ST86QDLOV0616/soft/build/sl_app/app/lib/libapp_release.a(UART.o)
 .debug_abbrev  0x000000000000209f       0x59 /cygdrive/c/projects/ST86QDLOV0616/soft/build/sl_app/app/lib/libapp_release.a(VersionNum.o)
 .debug_abbrev  0x00000000000020f8      0x18b /cygdrive/c/projects/ST86QDLOV0616/soft/build/sl_app/app/lib/libapp_release.a(sl_app.o)
 .debug_abbrev  0x0000000000002283      0x218 /cygdrive/c/projects/ST86QDLOV0616/soft/build/sl_app/app/lib/libapp_release.a(BuildDataPacket.o)
 .debug_abbrev  0x000000000000249b       0x66 /crosscompiler/bin/../lib/gcc/mips-elf/4.4.2/libgcc.a(_fixunssfsi.o)
 .debug_abbrev  0x0000000000002501       0x66 /crosscompiler/bin/../lib/gcc/mips-elf/4.4.2/libgcc.a(_fixunsdfsi.o)
 .debug_abbrev  0x0000000000002567      0x1db /crosscompiler/bin/../lib/gcc/mips-elf/4.4.2/libgcc.a(_addsub_sf.o)
 .debug_abbrev  0x0000000000002742      0x15a /crosscompiler/bin/../lib/gcc/mips-elf/4.4.2/libgcc.a(_ge_sf.o)
 .debug_abbrev  0x000000000000289c      0x15a /crosscompiler/bin/../lib/gcc/mips-elf/4.4.2/libgcc.a(_lt_sf.o)
 .debug_abbrev  0x00000000000029f6      0x17f /crosscompiler/bin/../lib/gcc/mips-elf/4.4.2/libgcc.a(_sf_to_si.o)
 .debug_abbrev  0x0000000000002b75      0x131 /crosscompiler/bin/../lib/gcc/mips-elf/4.4.2/libgcc.a(_sf_to_df.o)
 .debug_abbrev  0x0000000000002ca6       0xc3 /crosscompiler/bin/../lib/gcc/mips-elf/4.4.2/libgcc.a(_thenan_sf.o)
 .debug_abbrev  0x0000000000002d69      0x1ea /crosscompiler/bin/../lib/gcc/mips-elf/4.4.2/libgcc.a(_addsub_df.o)
 .debug_abbrev  0x0000000000002f53      0x200 /crosscompiler/bin/../lib/gcc/mips-elf/4.4.2/libgcc.a(_mul_df.o)
 .debug_abbrev  0x0000000000003153      0x1dc /crosscompiler/bin/../lib/gcc/mips-elf/4.4.2/libgcc.a(_div_df.o)
 .debug_abbrev  0x000000000000332f      0x15a /crosscompiler/bin/../lib/gcc/mips-elf/4.4.2/libgcc.a(_eq_df.o)
 .debug_abbrev  0x0000000000003489      0x15a /crosscompiler/bin/../lib/gcc/mips-elf/4.4.2/libgcc.a(_gt_df.o)
 .debug_abbrev  0x00000000000035e3      0x15a /crosscompiler/bin/../lib/gcc/mips-elf/4.4.2/libgcc.a(_ge_df.o)
 .debug_abbrev  0x000000000000373d      0x148 /crosscompiler/bin/../lib/gcc/mips-elf/4.4.2/libgcc.a(_si_to_df.o)
 .debug_abbrev  0x0000000000003885      0x17f /crosscompiler/bin/../lib/gcc/mips-elf/4.4.2/libgcc.a(_df_to_si.o)
 .debug_abbrev  0x0000000000003a04      0x109 /crosscompiler/bin/../lib/gcc/mips-elf/4.4.2/libgcc.a(_make_df.o)
 .debug_abbrev  0x0000000000003b0d      0x140 /crosscompiler/bin/../lib/gcc/mips-elf/4.4.2/libgcc.a(_df_to_sf.o)
 .debug_abbrev  0x0000000000003c4d       0xc3 /crosscompiler/bin/../lib/gcc/mips-elf/4.4.2/libgcc.a(_thenan_df.o)
 .debug_abbrev  0x0000000000003d10      0x157 /crosscompiler/bin/../lib/gcc/mips-elf/4.4.2/libgcc.a(_usi_to_df.o)
 .debug_abbrev  0x0000000000003e67      0x104 /crosscompiler/bin/../lib/gcc/mips-elf/4.4.2/libgcc.a(_lshrdi3.o)
 .debug_abbrev  0x0000000000003f6b       0xf7 /crosscompiler/bin/../lib/gcc/mips-elf/4.4.2/libgcc.a(_ashldi3.o)
 .debug_abbrev  0x0000000000004062       0xd0 /crosscompiler/bin/../lib/gcc/mips-elf/4.4.2/libgcc.a(_ucmpdi2.o)
 .debug_abbrev  0x0000000000004132       0xc4 /crosscompiler/bin/../lib/gcc/mips-elf/4.4.2/libgcc.a(_clzsi2.o)
 .debug_abbrev  0x00000000000041f6      0x1c0 /crosscompiler/bin/../lib/gcc/mips-elf/4.4.2/libgcc.a(_pack_sf.o)
 .debug_abbrev  0x00000000000043b6      0x163 /crosscompiler/bin/../lib/gcc/mips-elf/4.4.2/libgcc.a(_unpack_sf.o)
 .debug_abbrev  0x0000000000004519      0x14a /crosscompiler/bin/../lib/gcc/mips-elf/4.4.2/libgcc.a(_fpcmp_parts_sf.o)
 .debug_abbrev  0x0000000000004663      0x109 /crosscompiler/bin/../lib/gcc/mips-elf/4.4.2/libgcc.a(_make_sf.o)
 .debug_abbrev  0x000000000000476c      0x1c0 /crosscompiler/bin/../lib/gcc/mips-elf/4.4.2/libgcc.a(_pack_df.o)
 .debug_abbrev  0x000000000000492c      0x163 /crosscompiler/bin/../lib/gcc/mips-elf/4.4.2/libgcc.a(_unpack_df.o)
 .debug_abbrev  0x0000000000004a8f      0x14a /crosscompiler/bin/../lib/gcc/mips-elf/4.4.2/libgcc.a(_fpcmp_parts_df.o)
 .debug_abbrev  0x0000000000004bd9       0x6a /crosscompiler/bin/../lib/gcc/mips-elf/4.4.2/libgcc.a(_clz.o)

.debug_info     0x0000000000000000    0x45b3d
 .debug_info    0x0000000000000000     0x4494 /cygdrive/c/projects/ST86QDLOV0616/soft/build/sl_app/app/lib/libapp_release.a(sl_app_init.o)
 .debug_info    0x0000000000004494     0x46a1 /cygdrive/c/projects/ST86QDLOV0616/soft/build/sl_app/app/lib/libapp_release.a(FiFoData.o)
 .debug_info    0x0000000000008b35     0x487c /cygdrive/c/projects/ST86QDLOV0616/soft/build/sl_app/app/lib/libapp_release.a(GNSS.o)
 .debug_info    0x000000000000d3b1     0x57af /cygdrive/c/projects/ST86QDLOV0616/soft/build/sl_app/app/lib/libapp_release.a(Gprs.o)
 .debug_info    0x0000000000012b60     0x49ab /cygdrive/c/projects/ST86QDLOV0616/soft/build/sl_app/app/lib/libapp_release.a(Led.o)
 .debug_info    0x000000000001750b     0x498d /cygdrive/c/projects/ST86QDLOV0616/soft/build/sl_app/app/lib/libapp_release.a(ProData.o)
 .debug_info    0x000000000001be98     0x48b3 /cygdrive/c/projects/ST86QDLOV0616/soft/build/sl_app/app/lib/libapp_release.a(Rtc.o)
 .debug_info    0x000000000002074b     0x45c5 /cygdrive/c/projects/ST86QDLOV0616/soft/build/sl_app/app/lib/libapp_release.a(SysFile.o)
 .debug_info    0x0000000000024d10     0x4b92 /cygdrive/c/projects/ST86QDLOV0616/soft/build/sl_app/app/lib/libapp_release.a(SysProcess.o)
 .debug_info    0x00000000000298a2      0x19b /cygdrive/c/projects/ST86QDLOV0616/soft/build/sl_app/app/lib/libapp_release.a(SysTickTime.o)
 .debug_info    0x0000000000029a3d     0x439b /cygdrive/c/projects/ST86QDLOV0616/soft/build/sl_app/app/lib/libapp_release.a(TcpIPUpload.o)
 .debug_info    0x000000000002ddd8     0x558d /cygdrive/c/projects/ST86QDLOV0616/soft/build/sl_app/app/lib/libapp_release.a(Terminal.o)
 .debug_info    0x0000000000033365     0x45d0 /cygdrive/c/projects/ST86QDLOV0616/soft/build/sl_app/app/lib/libapp_release.a(UART.o)
 .debug_info    0x0000000000037935       0xaa /cygdrive/c/projects/ST86QDLOV0616/soft/build/sl_app/app/lib/libapp_release.a(VersionNum.o)
 .debug_info    0x00000000000379df     0x42b4 /cygdrive/c/projects/ST86QDLOV0616/soft/build/sl_app/app/lib/libapp_release.a(sl_app.o)
 .debug_info    0x000000000003bc93     0x54d3 /cygdrive/c/projects/ST86QDLOV0616/soft/build/sl_app/app/lib/libapp_release.a(BuildDataPacket.o)
 .debug_info    0x0000000000041166       0xd1 /crosscompiler/bin/../lib/gcc/mips-elf/4.4.2/libgcc.a(_fixunssfsi.o)
 .debug_info    0x0000000000041237       0xd1 /crosscompiler/bin/../lib/gcc/mips-elf/4.4.2/libgcc.a(_fixunsdfsi.o)
 .debug_info    0x0000000000041308      0x483 /crosscompiler/bin/../lib/gcc/mips-elf/4.4.2/libgcc.a(_addsub_sf.o)
 .debug_info    0x000000000004178b      0x28c /crosscompiler/bin/../lib/gcc/mips-elf/4.4.2/libgcc.a(_ge_sf.o)
 .debug_info    0x0000000000041a17      0x28c /crosscompiler/bin/../lib/gcc/mips-elf/4.4.2/libgcc.a(_lt_sf.o)
 .debug_info    0x0000000000041ca3      0x2bd /crosscompiler/bin/../lib/gcc/mips-elf/4.4.2/libgcc.a(_sf_to_si.o)
 .debug_info    0x0000000000041f60      0x241 /crosscompiler/bin/../lib/gcc/mips-elf/4.4.2/libgcc.a(_sf_to_df.o)
 .debug_info    0x00000000000421a1      0x160 /crosscompiler/bin/../lib/gcc/mips-elf/4.4.2/libgcc.a(_thenan_sf.o)
 .debug_info    0x0000000000042301      0x48e /crosscompiler/bin/../lib/gcc/mips-elf/4.4.2/libgcc.a(_addsub_df.o)
 .debug_info    0x000000000004278f      0x47e /crosscompiler/bin/../lib/gcc/mips-elf/4.4.2/libgcc.a(_mul_df.o)
 .debug_info    0x0000000000042c0d      0x39e /crosscompiler/bin/../lib/gcc/mips-elf/4.4.2/libgcc.a(_div_df.o)
 .debug_info    0x0000000000042fab      0x29a /crosscompiler/bin/../lib/gcc/mips-elf/4.4.2/libgcc.a(_eq_df.o)
 .debug_info    0x0000000000043245      0x29a /crosscompiler/bin/../lib/gcc/mips-elf/4.4.2/libgcc.a(_gt_df.o)
 .debug_info    0x00000000000434df      0x29a /crosscompiler/bin/../lib/gcc/mips-elf/4.4.2/libgcc.a(_ge_df.o)
 .debug_info    0x0000000000043779      0x214 /crosscompiler/bin/../lib/gcc/mips-elf/4.4.2/libgcc.a(_si_to_df.o)
 .debug_info    0x000000000004398d      0x2c9 /crosscompiler/bin/../lib/gcc/mips-elf/4.4.2/libgcc.a(_df_to_si.o)
 .debug_info    0x0000000000043c56      0x1d3 /crosscompiler/bin/../lib/gcc/mips-elf/4.4.2/libgcc.a(_make_df.o)
 .debug_info    0x0000000000043e29      0x25d /crosscompiler/bin/../lib/gcc/mips-elf/4.4.2/libgcc.a(_df_to_sf.o)
 .debug_info    0x0000000000044086      0x160 /crosscompiler/bin/../lib/gcc/mips-elf/4.4.2/libgcc.a(_thenan_df.o)
 .debug_info    0x00000000000441e6      0x213 /crosscompiler/bin/../lib/gcc/mips-elf/4.4.2/libgcc.a(_usi_to_df.o)
 .debug_info    0x00000000000443f9      0x19b /crosscompiler/bin/../lib/gcc/mips-elf/4.4.2/libgcc.a(_lshrdi3.o)
 .debug_info    0x0000000000044594      0x19f /crosscompiler/bin/../lib/gcc/mips-elf/4.4.2/libgcc.a(_ashldi3.o)
 .debug_info    0x0000000000044733      0x160 /crosscompiler/bin/../lib/gcc/mips-elf/4.4.2/libgcc.a(_ucmpdi2.o)
 .debug_info    0x0000000000044893      0x132 /crosscompiler/bin/../lib/gcc/mips-elf/4.4.2/libgcc.a(_clzsi2.o)
 .debug_info    0x00000000000449c5      0x2ea /crosscompiler/bin/../lib/gcc/mips-elf/4.4.2/libgcc.a(_pack_sf.o)
 .debug_info    0x0000000000044caf      0x25a /crosscompiler/bin/../lib/gcc/mips-elf/4.4.2/libgcc.a(_unpack_sf.o)
 .debug_info    0x0000000000044f09      0x21f /crosscompiler/bin/../lib/gcc/mips-elf/4.4.2/libgcc.a(_fpcmp_parts_sf.o)
 .debug_info    0x0000000000045128      0x1d3 /crosscompiler/bin/../lib/gcc/mips-elf/4.4.2/libgcc.a(_make_sf.o)
 .debug_info    0x00000000000452fb      0x2f8 /crosscompiler/bin/../lib/gcc/mips-elf/4.4.2/libgcc.a(_pack_df.o)
 .debug_info    0x00000000000455f3      0x266 /crosscompiler/bin/../lib/gcc/mips-elf/4.4.2/libgcc.a(_unpack_df.o)