Archive member included because of file (symbol)

/cygdrive/c/projects/ST86QDLOV/soft/build/sl_app/app/lib/libapp_release.a(sl_app_init.o)
                              (SL_Entry)
/cygdrive/c/projects/ST86QDLOV/soft/build/sl_app/app/lib/libapp_release.a(FiFoData.o)
                              /cygdrive/c/projects/ST86QDLOV/soft/build/sl_app/app/lib/libapp_release.a(sl_app_init.o) (LoadSendQueue)
/cygdrive/c/projects/ST86QDLOV/soft/build/sl_app/app/lib/libapp_release.a(GNSS.o)
                              /cygdrive/c/projects/ST86QDLOV/soft/build/sl_app/app/lib/libapp_release.a(sl_app_init.o) (GnssDataParse)
/cygdrive/c/projects/ST86QDLOV/soft/build/sl_app/app/lib/libapp_release.a(Gprs.o)
                              /cygdrive/c/projects/ST86QDLOV/soft/build/sl_app/app/lib/libapp_release.a(sl_app_init.o) (InitTcpIp)
/cygdrive/c/projects/ST86QDLOV/soft/build/sl_app/app/lib/libapp_release.a(Led.o)
                              /cygdrive/c/projects/ST86QDLOV/soft/build/sl_app/app/lib/libapp_release.a(sl_app_init.o) (Init_Led)
/cygdrive/c/projects/ST86QDLOV/soft/build/sl_app/app/lib/libapp_release.a(ProData.o)
                              /cygdrive/c/projects/ST86QDLOV/soft/build/sl_app/app/lib/libapp_release.a(GNSS.o) (LookForStr)
/cygdrive/c/projects/ST86QDLOV/soft/build/sl_app/app/lib/libapp_release.a(Rtc.o)
                              /cygdrive/c/projects/ST86QDLOV/soft/build/sl_app/app/lib/libapp_release.a(GNSS.o) (CalendarToUnix)
/cygdrive/c/projects/ST86QDLOV/soft/build/sl_app/app/lib/libapp_release.a(SysFile.o)
                              /cygdrive/c/projects/ST86QDLOV/soft/build/sl_app/app/lib/libapp_release.a(Gprs.o) (GetSysCfgSpace)
/cygdrive/c/projects/ST86QDLOV/soft/build/sl_app/app/lib/libapp_release.a(SysProcess.o)
                              /cygdrive/c/projects/ST86QDLOV/soft/build/sl_app/app/lib/libapp_release.a(GNSS.o) (ResetNextTime)
/cygdrive/c/projects/ST86QDLOV/soft/build/sl_app/app/lib/libapp_release.a(SysTickTime.o)
                              /cygdrive/c/projects/ST86QDLOV/soft/build/sl_app/app/lib/libapp_release.a(GNSS.o) (init_stopwatch16)
/cygdrive/c/projects/ST86QDLOV/soft/build/sl_app/app/lib/libapp_release.a(TcpIPUpload.o)
                              /cygdrive/c/projects/ST86QDLOV/soft/build/sl_app/app/lib/libapp_release.a(Gprs.o) (ResetHeatSw)
/cygdrive/c/projects/ST86QDLOV/soft/build/sl_app/app/lib/libapp_release.a(Terminal.o)
                              /cygdrive/c/projects/ST86QDLOV/soft/build/sl_app/app/lib/libapp_release.a(SysProcess.o) (GetTerStateDataSpace)
/cygdrive/c/projects/ST86QDLOV/soft/build/sl_app/app/lib/libapp_release.a(UART.o)
                              /cygdrive/c/projects/ST86QDLOV/soft/build/sl_app/app/lib/libapp_release.a(sl_app_init.o) (UART1_Init)
/cygdrive/c/projects/ST86QDLOV/soft/build/sl_app/app/lib/libapp_release.a(VersionNum.o)
                              /cygdrive/c/projects/ST86QDLOV/soft/build/sl_app/app/lib/libapp_release.a(Terminal.o) (GetVerNum)
/cygdrive/c/projects/ST86QDLOV/soft/build/sl_app/app/lib/libapp_release.a(sl_app.o)
                              /cygdrive/c/projects/ST86QDLOV/soft/build/sl_app/app/lib/libapp_release.a(sl_app_init.o) (AA)
/cygdrive/c/projects/ST86QDLOV/soft/build/sl_app/app/lib/libapp_release.a(BuildDataPacket.o)
                              /cygdrive/c/projects/ST86QDLOV/soft/build/sl_app/app/lib/libapp_release.a(Gprs.o) (BuildCompletePacket)
/crosscompiler/bin/../lib/gcc/mips-elf/4.4.2/libgcc.a(_fixunssfsi.o)
                              /cygdrive/c/projects/ST86QDLOV/soft/build/sl_app/app/lib/libapp_release.a(BuildDataPacket.o) (__fixunssfsi)
/crosscompiler/bin/../lib/gcc/mips-elf/4.4.2/libgcc.a(_fixunsdfsi.o)
                              /cygdrive/c/projects/ST86QDLOV/soft/build/sl_app/app/lib/libapp_release.a(GNSS.o) (__fixunsdfsi)
/crosscompiler/bin/../lib/gcc/mips-elf/4.4.2/libgcc.a(_addsub_sf.o)
                              /crosscompiler/bin/../lib/gcc/mips-elf/4.4.2/libgcc.a(_fixunssfsi.o) (__subsf3)
/crosscompiler/bin/../lib/gcc/mips-elf/4.4.2/libgcc.a(_ge_sf.o)
                              /crosscompiler/bin/../lib/gcc/mips-elf/4.4.2/libgcc.a(_fixunssfsi.o) (__gesf2)
/crosscompiler/bin/../lib/gcc/mips-elf/4.4.2/libgcc.a(_lt_sf.o)
                              /cygdrive/c/projects/ST86QDLOV/soft/build/sl_app/app/lib/libapp_release.a(SysProcess.o) (__ltsf2)
/crosscompiler/bin/../lib/gcc/mips-elf/4.4.2/libgcc.a(_sf_to_si.o)
                              /crosscompiler/bin/../lib/gcc/mips-elf/4.4.2/libgcc.a(_fixunssfsi.o) (__fixsfsi)
/crosscompiler/bin/../lib/gcc/mips-elf/4.4.2/libgcc.a(_sf_to_df.o)
                              /cygdrive/c/projects/ST86QDLOV/soft/build/sl_app/app/lib/libapp_release.a(GNSS.o) (__extendsfdf2)
/crosscompiler/bin/../lib/gcc/mips-elf/4.4.2/libgcc.a(_thenan_sf.o)
                              /crosscompiler/bin/../lib/gcc/mips-elf/4.4.2/libgcc.a(_addsub_sf.o) (__thenan_sf)
/crosscompiler/bin/../lib/gcc/mips-elf/4.4.2/libgcc.a(_addsub_df.o)
[...]
Memory Configuration

Name             Origin             Length             Attributes
*default*        0x0000000000000000 0xffffffffffffffff

Linker script and memory map

LOAD /cygdrive/c/projects/ST86QDLOV/soft/lib/mem_bridge_rom_CHIP.elf
                0xffffffff82500000                . = 0xffffffff82500000
                0xffffffff82500000                _ram_start = .
                0xffffffff82500000                _ram_functab_start = 0xffffffff82500000

.functab        0xffffffff82500000      0x520
 *(.functab)
 .functab       0xffffffff82500000      0x518 /cygdrive/c/projects/ST86QDLOV/soft/build/sl_app/app/lib/libapp_release.a(sl_app.o)
                0xffffffff82500000                AA
                0xffffffff82500520                . = ALIGN (0x10)
 *fill*         0xffffffff82500518        0x8 00
                0xffffffff82500520                _ram_functab_end = .
                0x0000000000000520                _ram_functab_size = (_ram_functab_end - _ram_functab_start)
                0x0000000000000001                ASSERT ((0xffffffff82500800 > ABSOLUTE (_ram_functab_end)), Functab on External RAM overflow !)
                0xffffffff82500800                . = 0xffffffff82500800

.rotext         0xffffffff82500800      0x2d0
 *(.app_entry)
 .app_entry     0xffffffff82500800      0x2c4 /cygdrive/c/projects/ST86QDLOV/soft/build/sl_app/app/lib/libapp_release.a(sl_app_init.o)
                0xffffffff82500801                SL_Entry
 *(.rotext)
                0xffffffff82500ad0                . = ALIGN (0x10)
 *fill*         0xffffffff82500ac4        0xc 00
                0xffffffff82500ae0                . = ALIGN (0x20)

.rodata         0xffffffff82500ae0      0x140
 *(.rodata)
 .rodata        0xffffffff82500ae0       0x10 /crosscompiler/bin/../lib/gcc/mips-elf/4.4.2/libgcc.a(_thenan_sf.o)
                0xffffffff82500ae0                __thenan_sf
 .rodata        0xffffffff82500af0       0x18 /crosscompiler/bin/../lib/gcc/mips-elf/4.4.2/libgcc.a(_thenan_df.o)
                0xffffffff82500af0                __thenan_df
 .rodata        0xffffffff82500b08      0x100 /crosscompiler/bin/../lib/gcc/mips-elf/4.4.2/libgcc.a(_clz.o)
                0xffffffff82500b08                __clz_tab
                0xffffffff82500c20                . = ALIGN (0x20)
 *fill*         0xffffffff82500c08       0x18 00

.ram            0xffffffff82500c20        0x0
                0xffffffff82500c20                _ram_special_cached_start = .
                0xffffffff82500c20                _ram_txt_start = .
 *(.ram)
                0xffffffff82500c20                . = ALIGN (0x10)
                0xffffffff82500c20                _ram_special_cached_end = .
                0x0000000000000000                _ram_special_cached_size = (_ram_special_cached_end - _ram_special_cached_start)

.ramtext        0xffffffff82500c20     0x7e70
                0xffffffff82500c20                _ram_cached_txt_start = .
 *(.text .text.* .stub .gnu.linkonce.t.*)
 .text.SL_AppSendMsg
                0xffffffff82500c20       0x40 /cygdrive/c/projects/ST86QDLOV/soft/build/sl_app/app/lib/libapp_release.a(sl_app_init.o)
                0xffffffff82500c21                SL_AppSendMsg
 .text.GetSendQueueSpace
                0xffffffff82500c60        0xc /cygdrive/c/projects/ST86QDLOV/soft/build/sl_app/app/lib/libapp_release.a(FiFoData.o)
                0xffffffff82500c61                GetSendQueueSpace
 .text.WriteSendQueue
                0xffffffff82500c6c       0xf8 /cygdrive/c/projects/ST86QDLOV/soft/build/sl_app/app/lib/libapp_release.a(FiFoData.o)
                0xffffffff82500c6d                WriteSendQueue
 .text.ClearSendQueue
                0xffffffff82500d64       0x38 /cygdrive/c/projects/ST86QDLOV/soft/build/sl_app/app/lib/libapp_release.a(FiFoData.o)
                0xffffffff82500d65                ClearSendQueue
 .text.WriteCmdDataBuf
                0xffffffff82500d9c       0x40 /cygdrive/c/projects/ST86QDLOV/soft/build/sl_app/app/lib/libapp_release.a(FiFoData.o)
                0xffffffff82500d9d                WriteCmdDataBuf
 .text.ReadCmdDataBuf
                0xffffffff82500ddc       0x30 /cygdrive/c/projects/ST86QDLOV/soft/build/sl_app/app/lib/libapp_release.a(FiFoData.o)
                0xffffffff82500ddd                ReadCmdDataBuf
 .text.ClearCmdData
                0xffffffff82500e0c       0x10 /cygdrive/c/projects/ST86QDLOV/soft/build/sl_app/app/lib/libapp_release.a(FiFoData.o)
                0xffffffff82500e0d                ClearCmdData
 .text.LoadSendQueue
                0xffffffff82500e1c       0xa4 /cygdrive/c/projects/ST86QDLOV/soft/build/sl_app/app/lib/libapp_release.a(FiFoData.o)
                0xffffffff82500e1d                LoadSendQueue
 .text.SaveSendQueue
                0xffffffff82500ec0       0xa8 /cygdrive/c/projects/ST86QDLOV/soft/build/sl_app/app/lib/libapp_release.a(FiFoData.o)
                0xffffffff82500ec1                SaveSendQueue
 .text.ReadSendQueue
                0xffffffff82500f68       0xdc /cygdrive/c/projects/ST86QDLOV/soft/build/sl_app/app/lib/libapp_release.a(FiFoData.o)
                0xffffffff82500f69                ReadSendQueue
 .text.GetComma
                0xffffffff82501044       0x34 /cygdrive/c/projects/ST86QDLOV/soft/build/sl_app/app/lib/libapp_release.a(GNSS.o)
                0xffffffff82501045                GetComma
 .text.StrToDouble
                0xffffffff82501078      0x180 /cygdrive/c/projects/ST86QDLOV/soft/build/sl_app/app/lib/libapp_release.a(GNSS.o)
                0xffffffff82501079                StrToDouble
 .text.GetDataStr
                0xffffffff825011f8       0x68 /cygdrive/c/projects/ST86QDLOV/soft/build/sl_app/app/lib/libapp_release.a(GNSS.o)
                0xffffffff825011f9                GetDataStr
 .text.GetGnssDataSpace
                0xffffffff82501260        0xc /cygdrive/c/projects/ST86QDLOV/soft/build/sl_app/app/lib/libapp_release.a(GNSS.o)
                0xffffffff82501261                GetGnssDataSpace
 .text.GnssDataVerfy
                0xffffffff8250126c       0x58 /cygdrive/c/projects/ST86QDLOV/soft/build/sl_app/app/lib/libapp_release.a(GNSS.o)
 *fill*         0xffffffff825012c4        0x4 00000000
 .text.GnssDataFilter
                0xffffffff825012c8       0x78 /cygdrive/c/projects/ST86QDLOV/soft/build/sl_app/app/lib/libapp_release.a(GNSS.o)
 .text.GnssDataParse
                0xffffffff82501340      0x6d8 /cygdrive/c/projects/ST86QDLOV/soft/build/sl_app/app/lib/libapp_release.a(GNSS.o)
                0xffffffff82501341                GnssDataParse
 .text.GetTcpIpSocketSpce
                0xffffffff82501a18        0xc /cygdrive/c/projects/ST86QDLOV/soft/build/sl_app/app/lib/libapp_release.a(Gprs.o)
                0xffffffff82501a19                GetTcpIpSocketSpce
 .text.AppGprsNetActRsp
                0xffffffff82501a24       0x54 /cygdrive/c/projects/ST86QDLOV/soft/build/sl_app/app/lib/libapp_release.a(Gprs.o)
                0xffffffff82501a25                AppGprsNetActRsp
 .text.AppGprsNetDeactRsp
                0xffffffff82501a78       0x40 /cygdrive/c/projects/ST86QDLOV/soft/build/sl_app/app/lib/libapp_release.a(Gprs.o)
                0xffffffff82501a79                AppGprsNetDeactRsp
 .text.AppTcpipConnRsp
                0xffffffff82501ab8       0x1c /cygdrive/c/projects/ST86QDLOV/soft/build/sl_app/app/lib/libapp_release.a(Gprs.o)
                0xffffffff82501ab9                AppTcpipConnRsp
 .text.AppTcpipSendRsp
                0xffffffff82501ad4       0x4c /cygdrive/c/projects/ST86QDLOV/soft/build/sl_app/app/lib/libapp_release.a(Gprs.o)
                0xffffffff82501ad5                AppTcpipSendRsp
 .text.AppTcpipCloseRsp
                0xffffffff82501b20       0x50 /cygdrive/c/projects/ST86QDLOV/soft/build/sl_app/app/lib/libapp_release.a(Gprs.o)
                0xffffffff82501b21                AppTcpipCloseRsp
 .text.InitTcpIp
                0xffffffff82501b70       0x60 /cygdrive/c/projects/ST86QDLOV/soft/build/sl_app/app/lib/libapp_release.a(Gprs.o)
                0xffffffff82501b71                InitTcpIp
 .text.AppFtpOpenCB
                0xffffffff82501bd0       0x14 /cygdrive/c/projects/ST86QDLOV/soft/build/sl_app/app/lib/libapp_release.a(Gprs.o)
                0xffffffff82501bd1                AppFtpOpenCB
 .text.AppFtpDownloadCB
                0xffffffff82501be4       0x5c /cygdrive/c/projects/ST86QDLOV/soft/build/sl_app/app/lib/libapp_release.a(Gprs.o)
                0xffffffff82501be5                AppFtpDownloadCB
 .text.AppFtpOpen
                0xffffffff82501c40       0x64 /cygdrive/c/projects/ST86QDLOV/soft/build/sl_app/app/lib/libapp_release.a(Gprs.o)
 .text.AppSendTcpIpSocket
                0xffffffff82501ca4       0x44 /cygdrive/c/projects/ST86QDLOV/soft/build/sl_app/app/lib/libapp_release.a(Gprs.o)
                0xffffffff82501ca5                AppSendTcpIpSocket
 .text.ReadSendState
                0xffffffff82501ce8       0x28 /cygdrive/c/projects/ST86QDLOV/soft/build/sl_app/app/lib/libapp_release.a(Gprs.o)
                0xffffffff82501ce9                ReadSendState
 .text.AppGetICCId
                0xffffffff82501d10       0x4c /cygdrive/c/projects/ST86QDLOV/soft/build/sl_app/app/lib/libapp_release.a(Gprs.o)
                0xffffffff82501d11                AppGetICCId
 .text.AppGetHostIpByNameCb
                0xffffffff82501d5c       0x7c /cygdrive/c/projects/ST86QDLOV/soft/build/sl_app/app/lib/libapp_release.a(Gprs.o)
                0xffffffff82501d5d                AppGetHostIpByNameCb
 .text.AppSmsFullCb
                0xffffffff82501dd8       0x1c /cygdrive/c/projects/ST86QDLOV/soft/build/sl_app/app/lib/libapp_release.a(Gprs.o)
                0xffffffff82501dd9                AppSmsFullCb
 .text.InitSms  0xffffffff82501df4       0x4c /cygdrive/c/projects/ST86QDLOV/soft/build/sl_app/app/lib/libapp_release.a(Gprs.o)
                0xffffffff82501df5                InitSms
 .text.ProcessSMSRecv
                0xffffffff82501e40      0x244 /cygdrive/c/projects/ST86QDLOV/soft/build/sl_app/app/lib/libapp_release.a(Gprs.o)
                0xffffffff82501e41                ProcessSMSRecv
 .text.AppSmsRcvCb
                0xffffffff82502084       0x90 /cygdrive/c/projects/ST86QDLOV/soft/build/sl_app/app/lib/libapp_release.a(Gprs.o)
                0xffffffff82502085                AppSmsRcvCb
 .text.AppTcpipRcvRsp
                0xffffffff82502114       0x6c /cygdrive/c/projects/ST86QDLOV/soft/build/sl_app/app/lib/libapp_release.a(Gprs.o)
                0xffffffff82502115                AppTcpipRcvRsp
 .text.ProcessCmd
                0xffffffff82502180      0x8e0 /cygdrive/c/projects/ST86QDLOV/soft/build/sl_app/app/lib/libapp_release.a(Gprs.o)
                0xffffffff82502181                ProcessCmd
 .text.ProcessGprsRecv
                0xffffffff82502a60      0x558 /cygdrive/c/projects/ST86QDLOV/soft/build/sl_app/app/lib/libapp_release.a(Gprs.o)
                0xffffffff82502a61                ProcessGprsRecv
 .text.SaveIpAddrBack
                0xffffffff82502fb8       0x38 /cygdrive/c/projects/ST86QDLOV/soft/build/sl_app/app/lib/libapp_release.a(Gprs.o)
                0xffffffff82502fb9                SaveIpAddrBack
 .text.ProcessSocketClient
                0xffffffff82502ff0      0x878 /cygdrive/c/projects/ST86QDLOV/soft/build/sl_app/app/lib/libapp_release.a(Gprs.o)
                0xffffffff82502ff1                ProcessSocketClient
 .text.ReadIpAddrBack
                0xffffffff82503868       0x38 /cygdrive/c/projects/ST86QDLOV/soft/build/sl_app/app/lib/libapp_release.a(Gprs.o)
                0xffffffff82503869                ReadIpAddrBack
 .text.AppFtpCloseCB
                0xffffffff825038a0       0x84 /cygdrive/c/projects/ST86QDLOV/soft/build/sl_app/app/lib/libapp_release.a(Gprs.o)
                0xffffffff825038a1                AppFtpCloseCB
 .text.Init_Led
                0xffffffff82503924       0x48 /cygdrive/c/projects/ST86QDLOV/soft/build/sl_app/app/lib/libapp_release.a(Led.o)
                0xffffffff82503925                Init_Led
 .text.GnssLedOn
                0xffffffff8250396c       0x1c /cygdrive/c/projects/ST86QDLOV/soft/build/sl_app/app/lib/libapp_release.a(Led.o)
                0xffffffff8250396d                GnssLedOn
 .text.GnssLedOff
                0xffffffff82503988       0x1c /cygdrive/c/projects/ST86QDLOV/soft/build/sl_app/app/lib/libapp_release.a(Led.o)
                0xffffffff82503989                GnssLedOff
 .text.GsmLedOn
                0xffffffff825039a4       0x1c /cygdrive/c/projects/ST86QDLOV/soft/build/sl_app/app/lib/libapp_release.a(Led.o)
 .text.ProcessGnssLed
                0xffffffff825039c0      0x100 /cygdrive/c/projects/ST86QDLOV/soft/build/sl_app/app/lib/libapp_release.a(Led.o)
                0xffffffff825039c1                ProcessGnssLed
 .text.ProcessGsmLed
                0xffffffff82503ac0       0xd8 /cygdrive/c/projects/ST86QDLOV/soft/build/sl_app/app/lib/libapp_release.a(Led.o)
                0xffffffff82503ac1                ProcessGsmLed
 .text.LookForStr
                0xffffffff82503b98       0x4c /cygdrive/c/projects/ST86QDLOV/soft/build/sl_app/app/lib/libapp_release.a(ProData.o)
                0xffffffff82503b99                LookForStr
 .text.CalcCrc8
                0xffffffff82503be4       0x54 /cygdrive/c/projects/ST86QDLOV/soft/build/sl_app/app/lib/libapp_release.a(ProData.o)
                0xffffffff82503be5                CalcCrc8
 .text.BccVerify
                0xffffffff82503c38       0x1c /cygdrive/c/projects/ST86QDLOV/soft/build/sl_app/app/lib/libapp_release.a(ProData.o)
                0xffffffff82503c39                BccVerify
 .text.VerfySum
                0xffffffff82503c54       0x24 /cygdrive/c/projects/ST86QDLOV/soft/build/sl_app/app/lib/libapp_release.a(ProData.o)
                0xffffffff82503c55                VerfySum
 .text.CheckSum16
                0xffffffff82503c78       0x20 /cygdrive/c/projects/ST86QDLOV/soft/build/sl_app/app/lib/libapp_release.a(ProData.o)
                0xffffffff82503c79                CheckSum16
 .text.AsciiToHex
                0xffffffff82503c98       0x68 /cygdrive/c/projects/ST86QDLOV/soft/build/sl_app/app/lib/libapp_release.a(ProData.o)
                0xffffffff82503c99                AsciiToHex
 .text.Rad      0xffffffff82503d00       0x30 /cygdrive/c/projects/ST86QDLOV/soft/build/sl_app/app/lib/libapp_release.a(ProData.o)
                0xffffffff82503d01                Rad
 .text.PowTow   0xffffffff82503d30       0x14 /cygdrive/c/projects/ST86QDLOV/soft/build/sl_app/app/lib/libapp_release.a(ProData.o)
                0xffffffff82503d31                PowTow
 *fill*         0xffffffff82503d44        0x4 00000000
 .text.ComputeDistance
                0xffffffff82503d48      0x128 /cygdrive/c/projects/ST86QDLOV/soft/build/sl_app/app/lib/libapp_release.a(ProData.o)
                0xffffffff82503d49                ComputeDistance
 .text.CharToStr
                0xffffffff82503e70       0x28 /cygdrive/c/projects/ST86QDLOV/soft/build/sl_app/app/lib/libapp_release.a(ProData.o)
                0xffffffff82503e71                CharToStr
 .text.UInt32ToStr
                0xffffffff82503e98       0x54 /cygdrive/c/projects/ST86QDLOV/soft/build/sl_app/app/lib/libapp_release.a(ProData.o)
                0xffffffff82503e99                UInt32ToStr
 .text.CheckServerAddr
                0xffffffff82503eec      0x1c4 /cygdrive/c/projects/ST86QDLOV/soft/build/sl_app/app/lib/libapp_release.a(ProData.o)
                0xffffffff82503eed                CheckServerAddr
 .text.CharToStrB
                0xffffffff825040b0       0x5c /cygdrive/c/projects/ST86QDLOV/soft/build/sl_app/app/lib/libapp_release.a(ProData.o)
 .text.IpAddrToStr
                0xffffffff8250410c       0xf0 /cygdrive/c/projects/ST86QDLOV/soft/build/sl_app/app/lib/libapp_release.a(ProData.o)
                0xffffffff8250410d                IpAddrToStr
 .text.GetWarningValue
                0xffffffff825041fc        0xc /cygdrive/c/projects/ST86QDLOV/soft/build/sl_app/app/lib/libapp_release.a(Rtc.o)
                0xffffffff825041fd                GetWarningValue
 .text.WriteDeviceAlram
                0xffffffff82504208       0x2c /cygdrive/c/projects/ST86QDLOV/soft/build/sl_app/app/lib/libapp_release.a(Rtc.o)
                0xffffffff82504209                WriteDeviceAlram
 .text.UnixToCalendar
                0xffffffff82504234      0x14c /cygdrive/c/projects/ST86QDLOV/soft/build/sl_app/app/lib/libapp_release.a(Rtc.o)
                0xffffffff82504235                UnixToCalendar
 .text.CalendarToUnix
                0xffffffff82504380      0x128 /cygdrive/c/projects/ST86QDLOV/soft/build/sl_app/app/lib/libapp_release.a(Rtc.o)
                0xffffffff82504381                CalendarToUnix
 .text.GetSysTimeSpace
                0xffffffff825044a8        0xc /cygdrive/c/projects/ST86QDLOV/soft/build/sl_app/app/lib/libapp_release.a(Rtc.o)
                0xffffffff825044a9                GetSysTimeSpace
 .text.GetSetTimeSpace
                0xffffffff825044b4        0xc /cygdrive/c/projects/ST86QDLOV/soft/build/sl_app/app/lib/libapp_release.a(Rtc.o)
                0xffffffff825044b5                GetSetTimeSpace
 .text.WriteSleepStatus
                0xffffffff825044c0        0xc /cygdrive/c/projects/ST86QDLOV/soft/build/sl_app/app/lib/libapp_release.a(Rtc.o)
                0xffffffff825044c1                WriteSleepStatus
 .text.ProcessRtc
                0xffffffff825044cc      0x1fc /cygdrive/c/projects/ST86QDLOV/soft/build/sl_app/app/lib/libapp_release.a(Rtc.o)
                0xffffffff825044cd                ProcessRtc
 .text.ProcessSysSleep
                0xffffffff825046c8       0xb8 /cygdrive/c/projects/ST86QDLOV/soft/build/sl_app/app/lib/libapp_release.a(Rtc.o)
                0xffffffff825046c9                ProcessSysSleep
 .text.GetSysCfgSpace
                0xffffffff82504780        0xc /cygdrive/c/projects/ST86QDLOV/soft/build/sl_app/app/lib/libapp_release.a(SysFile.o)
                0xffffffff82504781                GetSysCfgSpace
 .text.FileCheckOrGreate
                0xffffffff8250478c       0xc4 /cygdrive/c/projects/ST86QDLOV/soft/build/sl_app/app/lib/libapp_release.a(SysFile.o)
                0xffffffff8250478d                FileCheckOrGreate
 .text.ReadSysCfg
                0xffffffff82504850       0x38 /cygdrive/c/projects/ST86QDLOV/soft/build/sl_app/app/lib/libapp_release.a(SysFile.o)
                0xffffffff82504851                ReadSysCfg
 .text.SaveSysCfg
                0xffffffff82504888       0x38 /cygdrive/c/projects/ST86QDLOV/soft/build/sl_app/app/lib/libapp_release.a(SysFile.o)
                0xffffffff82504889                SaveSysCfg
 .text.InitSysTimer
                0xffffffff825048c0       0x58 /cygdrive/c/projects/ST86QDLOV/soft/build/sl_app/app/lib/libapp_release.a(SysFile.o)
                0xffffffff825048c1                InitSysTimer
 .text.InitSysConfig
                0xffffffff82504918       0xc8 /cygdrive/c/projects/ST86QDLOV/soft/build/sl_app/app/lib/libapp_release.a(SysFile.o)
                0xffffffff82504919                InitSysConfig
 .text.ResetNextTime
                0xffffffff825049e0       0x14 /cygdrive/c/projects/ST86QDLOV/soft/build/sl_app/app/lib/libapp_release.a(SysProcess.o)
                0xffffffff825049e1                ResetNextTime
 .text.GetSysRunDataSpace
                0xffffffff825049f4        0xc /cygdrive/c/projects/ST86QDLOV/soft/build/sl_app/app/lib/libapp_release.a(SysProcess.o)
                0xffffffff825049f5                GetSysRunDataSpace
 .text.SysProcess
                0xffffffff82504a00      0x190 /cygdrive/c/projects/ST86QDLOV/soft/build/sl_app/app/lib/libapp_release.a(SysProcess.o)
                0xffffffff82504a01                SysProcess
 .text.ReadSysRunData
                0xffffffff82504b90       0xe0 /cygdrive/c/projects/ST86QDLOV/soft/build/sl_app/app/lib/libapp_release.a(SysProcess.o)
                0xffffffff82504b91                ReadSysRunData
 .text.SaveSysRunData
                0xffffffff82504c70       0xf4 /cygdrive/c/projects/ST86QDLOV/soft/build/sl_app/app/lib/libapp_release.a(SysProcess.o)
                0xffffffff82504c71                SaveSysRunData
 *fill*         0xffffffff82504d64        0x4 00000000
 .text.ProcessRunData
                0xffffffff82504d68      0x108 /cygdrive/c/projects/ST86QDLOV/soft/build/sl_app/app/lib/libapp_release.a(SysProcess.o)
                0xffffffff82504d69                ProcessRunData
 .text.init_stopwatch16
                0xffffffff82504e70        0xc /cygdrive/c/projects/ST86QDLOV/soft/build/sl_app/app/lib/libapp_release.a(SysTickTime.o)
                0xffffffff82504e71                init_stopwatch16
 .text.read_stopwatch16_value
                0xffffffff82504e7c       0x14 /cygdrive/c/projects/ST86QDLOV/soft/build/sl_app/app/lib/libapp_release.a(SysTickTime.o)
                0xffffffff82504e7d                read_stopwatch16_value
 .text.TickAdd  0xffffffff82504e90       0x10 /cygdrive/c/projects/ST86QDLOV/soft/build/sl_app/app/lib/libapp_release.a(SysTickTime.o)
                0xffffffff82504e91                TickAdd
 .text.ResetHeatSw
                0xffffffff82504ea0       0x18 /cygdrive/c/projects/ST86QDLOV/soft/build/sl_app/app/lib/libapp_release.a(TcpIPUpload.o)
                0xffffffff82504ea1                ResetHeatSw
 .text.ProcessTcpIpUpLoad
                0xffffffff82504eb8      0x150 /cygdrive/c/projects/ST86QDLOV/soft/build/sl_app/app/lib/libapp_release.a(TcpIPUpload.o)
                0xffffffff82504eb9                ProcessTcpIpUpLoad
 .text.GetCanDataSpace
                0xffffffff82505008        0xc /cygdrive/c/projects/ST86QDLOV/soft/build/sl_app/app/lib/libapp_release.a(Terminal.o)
                0xffffffff82505009                GetCanDataSpace
 .text.GetTerStateDataSpace
                0xffffffff82505014        0xc /cygdrive/c/projects/ST86QDLOV/soft/build/sl_app/app/lib/libapp_release.a(Terminal.o)
                0xffffffff82505015                GetTerStateDataSpace
 .text.GetTerTimeSpace
                0xffffffff82505020        0xc /cygdrive/c/projects/ST86QDLOV/soft/build/sl_app/app/lib/libapp_release.a(Terminal.o)
                0xffffffff82505021                GetTerTimeSpace
 .text.GetLockCarSpace
                0xffffffff8250502c        0xc /cygdrive/c/projects/ST86QDLOV/soft/build/sl_app/app/lib/libapp_release.a(Terminal.o)
                0xffffffff8250502d                GetLockCarSpace
 .text.GetUpgradeDataSpace
                0xffffffff82505038        0xc /cygdrive/c/projects/ST86QDLOV/soft/build/sl_app/app/lib/libapp_release.a(Terminal.o)
                0xffffffff82505039                GetUpgradeDataSpace
 .text.ReadRunMode
                0xffffffff82505044        0xc /cygdrive/c/projects/ST86QDLOV/soft/build/sl_app/app/lib/libapp_release.a(Terminal.o)
                0xffffffff82505045                ReadRunMode
 .text.WriteRunMode
                0xffffffff82505050       0x18 /cygdrive/c/projects/ST86QDLOV/soft/build/sl_app/app/lib/libapp_release.a(Terminal.o)
                0xffffffff82505051                WriteRunMode
 .text.GetBinFile
                0xffffffff82505068       0x64 /cygdrive/c/projects/ST86QDLOV/soft/build/sl_app/app/lib/libapp_release.a(Terminal.o)
                0xffffffff82505069                GetBinFile
 .text.SetTerCanProNum
                0xffffffff825050cc       0xb4 /cygdrive/c/projects/ST86QDLOV/soft/build/sl_app/app/lib/libapp_release.a(Terminal.o)
                0xffffffff825050cd                SetTerCanProNum
 .text.SendVerifyTimeCmd
                0xffffffff82505180       0x70 /cygdrive/c/projects/ST86QDLOV/soft/build/sl_app/app/lib/libapp_release.a(Terminal.o)
                0xffffffff82505181                SendVerifyTimeCmd
 .text.SendGetStatusCmd
                0xffffffff825051f0       0x80 /cygdrive/c/projects/ST86QDLOV/soft/build/sl_app/app/lib/libapp_release.a(Terminal.o)
                0xffffffff825051f1                SendGetStatusCmd
 .text.SendTerminalInfo
                0xffffffff82505270      0x838 /cygdrive/c/projects/ST86QDLOV/soft/build/sl_app/app/lib/libapp_release.a(Terminal.o)
                0xffffffff82505271                SendTerminalInfo
 .text.ReadAccState
                0xffffffff82505aa8       0x2c /cygdrive/c/projects/ST86QDLOV/soft/build/sl_app/app/lib/libapp_release.a(Terminal.o)
                0xffffffff82505aa9                ReadAccState
 .text.T.56     0xffffffff82505ad4      0x28c /cygdrive/c/projects/ST86QDLOV/soft/build/sl_app/app/lib/libapp_release.a(Terminal.o)
 .text.ProTermRecvData
                0xffffffff82505d60      0x558 /cygdrive/c/projects/ST86QDLOV/soft/build/sl_app/app/lib/libapp_release.a(Terminal.o)
                0xffffffff82505d61                ProTermRecvData
 .text.ProTerminalData
                0xffffffff825062b8      0xa98 /cygdrive/c/projects/ST86QDLOV/soft/build/sl_app/app/lib/libapp_release.a(Terminal.o)
                0xffffffff825062b9                ProTerminalData
 .text.UART1_Init
                0xffffffff82506d50       0x40 /cygdrive/c/projects/ST86QDLOV/soft/build/sl_app/app/lib/libapp_release.a(UART.o)
                0xffffffff82506d51                UART1_Init
 .text.UART2_Init
                0xffffffff82506d90       0x44 /cygdrive/c/projects/ST86QDLOV/soft/build/sl_app/app/lib/libapp_release.a(UART.o)
                0xffffffff82506d91                UART2_Init
 .text.clear_com
                0xffffffff82506dd4       0x48 /cygdrive/c/projects/ST86QDLOV/soft/build/sl_app/app/lib/libapp_release.a(UART.o)
                0xffffffff82506dd5                clear_com
 .text.new_data_in_com
                0xffffffff82506e1c       0x34 /cygdrive/c/projects/ST86QDLOV/soft/build/sl_app/app/lib/libapp_release.a(UART.o)
                0xffffffff82506e1d                new_data_in_com
 .text.datasize_in_com
                0xffffffff82506e50       0x28 /cygdrive/c/projects/ST86QDLOV/soft/build/sl_app/app/lib/libapp_release.a(UART.o)
                0xffffffff82506e51                datasize_in_com
 .text.read_com_buf
                0xffffffff82506e78       0xac /cygdrive/c/projects/ST86QDLOV/soft/build/sl_app/app/lib/libapp_release.a(UART.o)
                0xffffffff82506e79                read_com_buf
 .text.UART1_Recv_Data
                0xffffffff82506f24       0x8c /cygdrive/c/projects/ST86QDLOV/soft/build/sl_app/app/lib/libapp_release.a(UART.o)
                0xffffffff82506f25                UART1_Recv_Data
 .text.UART2_Recv_Data
                0xffffffff82506fb0       0x8c /cygdrive/c/projects/ST86QDLOV/soft/build/sl_app/app/lib/libapp_release.a(UART.o)
                0xffffffff82506fb1                UART2_Recv_Data
 .text.ReadComPkt
                0xffffffff8250703c       0xb4 /cygdrive/c/projects/ST86QDLOV/soft/build/sl_app/app/lib/libapp_release.a(UART.o)
                0xffffffff8250703d                ReadComPkt
 .text.GetVerNum
                0xffffffff825070f0        0x4 /cygdrive/c/projects/ST86QDLOV/soft/build/sl_app/app/lib/libapp_release.a(VersionNum.o)
                0xffffffff825070f1                GetVerNum
 *fill*         0xffffffff825070f4        0x4 00000000
 .text.BuildCompletePacket
                0xffffffff825070f8      0x850 /cygdrive/c/projects/ST86QDLOV/soft/build/sl_app/app/lib/libapp_release.a(BuildDataPacket.o)
                0xffffffff825070f9                BuildCompletePacket
 .text          0xffffffff82507948       0x3c /crosscompiler/bin/../lib/gcc/mips-elf/4.4.2/libgcc.a(_fixunssfsi.o)
                0xffffffff82507949                __fixunssfsi
 *fill*         0xffffffff82507984        0x4 00000000
 .text          0xffffffff82507988       0x50 /crosscompiler/bin/../lib/gcc/mips-elf/4.4.2/libgcc.a(_fixunsdfsi.o)
                0xffffffff82507989                __fixunsdfsi
 .text          0xffffffff825079d8      0x1c0 /crosscompiler/bin/../lib/gcc/mips-elf/4.4.2/libgcc.a(_addsub_sf.o)
                0xffffffff82507b19                __subsf3
                0xffffffff82507b5d                __addsf3
 .text          0xffffffff82507b98       0x44 /crosscompiler/bin/../lib/gcc/mips-elf/4.4.2/libgcc.a(_ge_sf.o)
                0xffffffff82507b99                __gesf2
 .text          0xffffffff82507bdc       0x44 /crosscompiler/bin/../lib/gcc/mips-elf/4.4.2/libgcc.a(_lt_sf.o)
                0xffffffff82507bdd                __ltsf2
 .text          0xffffffff82507c20       0x58 /crosscompiler/bin/../lib/gcc/mips-elf/4.4.2/libgcc.a(_sf_to_si.o)
                0xffffffff82507c21                __fixsfsi
 .text          0xffffffff82507c78       0x2c /crosscompiler/bin/../lib/gcc/mips-elf/4.4.2/libgcc.a(_sf_to_df.o)
                0xffffffff82507c79                __extendsfdf2
 .text          0xffffffff82507ca4      0x2f0 /crosscompiler/bin/../lib/gcc/mips-elf/4.4.2/libgcc.a(_addsub_df.o)
                0xffffffff82507f0d                __subdf3
                0xffffffff82507f55                __adddf3
 *fill*         0xffffffff82507f94        0x4 00000000
 .text          0xffffffff82507f98      0x1b8 /crosscompiler/bin/../lib/gcc/mips-elf/4.4.2/libgcc.a(_mul_df.o)
                0xffffffff82507f99                __muldf3
 .text          0xffffffff82508150      0x138 /crosscompiler/bin/../lib/gcc/mips-elf/4.4.2/libgcc.a(_div_df.o)
                0xffffffff82508151                __divdf3
 .text          0xffffffff82508288       0x48 /crosscompiler/bin/../lib/gcc/mips-elf/4.4.2/libgcc.a(_eq_df.o)
                0xffffffff82508289                __eqdf2
 .text          0xffffffff825082d0       0x48 /crosscompiler/bin/../lib/gcc/mips-elf/4.4.2/libgcc.a(_gt_df.o)
                0xffffffff825082d1                __gtdf2
 .text          0xffffffff82508318       0x48 /crosscompiler/bin/../lib/gcc/mips-elf/4.4.2/libgcc.a(_ge_df.o)
                0xffffffff82508319                __gedf2
 .text          0xffffffff82508360       0x78 /crosscompiler/bin/../lib/gcc/mips-elf/4.4.2/libgcc.a(_si_to_df.o)
                0xffffffff82508361                __floatsidf
 .text          0xffffffff825083d8       0x64 /crosscompiler/bin/../lib/gcc/mips-elf/4.4.2/libgcc.a(_df_to_si.o)
                0xffffffff825083d9                __fixdfsi
 .text          0xffffffff8250843c       0x20 /crosscompiler/bin/../lib/gcc/mips-elf/4.4.2/libgcc.a(_make_df.o)
                0xffffffff8250843d                __make_dp
 .text          0xffffffff8250845c       0x3c /crosscompiler/bin/../lib/gcc/mips-elf/4.4.2/libgcc.a(_df_to_sf.o)
                0xffffffff8250845d                __truncdfsf2
 .text          0xffffffff82508498       0x98 /crosscompiler/bin/../lib/gcc/mips-elf/4.4.2/libgcc.a(_usi_to_df.o)
                0xffffffff82508499                __floatunsidf
 .text          0xffffffff82508530       0x3c /crosscompiler/bin/../lib/gcc/mips-elf/4.4.2/libgcc.a(_lshrdi3.o)
                0xffffffff82508531                __lshrdi3
 .text          0xffffffff8250856c       0x3c /crosscompiler/bin/../lib/gcc/mips-elf/4.4.2/libgcc.a(_ashldi3.o)
                0xffffffff8250856d                __ashldi3
 .text          0xffffffff825085a8       0x28 /crosscompiler/bin/../lib/gcc/mips-elf/4.4.2/libgcc.a(_ucmpdi2.o)
                0xffffffff825085a9                __ucmpdi2
 .text          0xffffffff825085d0       0x3c /crosscompiler/bin/../lib/gcc/mips-elf/4.4.2/libgcc.a(_clzsi2.o)
                0xffffffff825085d1                __clzsi2
 .text          0xffffffff8250860c       0xc4 /crosscompiler/bin/../lib/gcc/mips-elf/4.4.2/libgcc.a(_pack_sf.o)
                0xffffffff8250860d                __pack_f
 .text          0xffffffff825086d0       0x7c /crosscompiler/bin/../lib/gcc/mips-elf/4.4.2/libgcc.a(_unpack_sf.o)
                0xffffffff825086d1                __unpack_f
 .text          0xffffffff8250874c       0x64 /crosscompiler/bin/../lib/gcc/mips-elf/4.4.2/libgcc.a(_fpcmp_parts_sf.o)
                0xffffffff8250874d                __fpcmp_parts_f
 .text          0xffffffff825087b0       0x18 /crosscompiler/bin/../lib/gcc/mips-elf/4.4.2/libgcc.a(_make_sf.o)
                0xffffffff825087b1                __make_fp
 .text          0xffffffff825087c8      0x1a4 /crosscompiler/bin/../lib/gcc/mips-elf/4.4.2/libgcc.a(_pack_df.o)
                0xffffffff825087c9                __pack_d
 .text          0xffffffff8250896c       0xac /crosscompiler/bin/../lib/gcc/mips-elf/4.4.2/libgcc.a(_unpack_df.o)
                0xffffffff8250896d                __unpack_d
 .text          0xffffffff82508a18       0x78 /crosscompiler/bin/../lib/gcc/mips-elf/4.4.2/libgcc.a(_fpcmp_parts_df.o)
                0xffffffff82508a19                __fpcmp_parts_d
                0xffffffff82508a90                . = ALIGN (0x10)
                0xffffffff82508a90                _ram_cached_txt_end = .
                0x0000000000007e70                ram_cached_txt_size = (_ram_cached_txt_end - _ram_cached_txt_start)
                0xffffffff82508a90                _ram_txt_end = .
                0xffffffffa2508a90                . = (. + 0x20000000)

.ucdata         0xffffffffa2508a90        0x0
                0xffffffffa2508a90                _ram_uncached_data_start = .
 *(.ucdata)
 *(*.globalvars.uc)
                0xffffffffa2508a90                . = ALIGN (0x10)
                0xffffffffa2508a90                _ram_uncached_data_end = .
                0x0000000000000000                _ram_uncached_data_size = (_ram_uncached_data_end - _ram_uncached_data_start)
                0xffffffff82508a90                . = (. - 0x20000000)

.data           0xffffffff82508a90      0xd40
                0xffffffff82508a90                _ram_cached_data_start = .
 *(.rdata)
 *(.rodata .rodata.* .gnu.linkonce.r.*)
 .rodata.str1.4
                0xffffffff82508a90      0x141 /cygdrive/c/projects/ST86QDLOV/soft/build/sl_app/app/lib/libapp_release.a(sl_app_init.o)
                                        0x144 (size before relaxing)
 *fill*         0xffffffff82508bd1        0x3 00
 .rodata.str1.4
                0xffffffff82508bd4       0xf4 /cygdrive/c/projects/ST86QDLOV/soft/build/sl_app/app/lib/libapp_release.a(FiFoData.o)
 .rodata.str1.4
                0xffffffff82508cc8       0x1e /cygdrive/c/projects/ST86QDLOV/soft/build/sl_app/app/lib/libapp_release.a(GNSS.o)
                                         0x20 (size before relaxing)
 *fill*         0xffffffff82508ce6        0x2 00
 .rodata.str1.4
                0xffffffff82508ce8      0x785 /cygdrive/c/projects/ST86QDLOV/soft/build/sl_app/app/lib/libapp_release.a(Gprs.o)
                                        0x78c (size before relaxing)
 *fill*         0xffffffff8250946d        0x3 00
 .rodata.str1.4
                0xffffffff82509470       0x4d /cygdrive/c/projects/ST86QDLOV/soft/build/sl_app/app/lib/libapp_release.a(Rtc.o)
                                         0x50 (size before relaxing)
 *fill*         0xffffffff825094bd        0x3 00
 .rodata.str1.4
                0xffffffff825094c0       0x76 /cygdrive/c/projects/ST86QDLOV/soft/build/sl_app/app/lib/libapp_release.a(SysFile.o)
                                         0x8c (size before relaxing)
 *fill*         0xffffffff82509536        0x2 00
 .rodata.str1.4
                0xffffffff82509538       0x7e /cygdrive/c/projects/ST86QDLOV/soft/build/sl_app/app/lib/libapp_release.a(SysProcess.o)
                                         0x80 (size before relaxing)
 *fill*         0xffffffff825095b6        0x2 00
 .rodata.str1.4
                0xffffffff825095b8       0x8b /cygdrive/c/projects/ST86QDLOV/soft/build/sl_app/app/lib/libapp_release.a(TcpIPUpload.o)
                                         0x8c (size before relaxing)
 *fill*         0xffffffff82509643        0x1 00
 .rodata.str1.4
                0xffffffff82509644      0x141 /cygdrive/c/projects/ST86QDLOV/soft/build/sl_app/app/lib/libapp_release.a(Terminal.o)
                                        0x1e8 (size before relaxing)
 *fill*         0xffffffff82509785        0x3 00
 .rodata.str1.4
                0xffffffff82509788       0x1c /cygdrive/c/projects/ST86QDLOV/soft/build/sl_app/app/lib/libapp_release.a(BuildDataPacket.o)
 *(.rodata1)
 *(.ctors)
                0xffffffff825097b0                . = ALIGN (0x10)
 *fill*         0xffffffff825097a4        0xc 00
 *(*.globalvars.c *.globalvars.c.*)
 *(EXCLUDE_FILE(*.oo gcj_*.o) .data)
 *(EXCLUDE_FILE(*.oo gcj_*.o) .data.*)
 .data.GnssStatusBack
                0xffffffff825097b0        0x1 /cygdrive/c/projects/ST86QDLOV/soft/build/sl_app/app/lib/libapp_release.a(GNSS.o)
 *fill*         0xffffffff825097b1        0x1 00
 .data.CyclOff.4252
                0xffffffff825097b2        0x2 /cygdrive/c/projects/ST86QDLOV/soft/build/sl_app/app/lib/libapp_release.a(Led.o)
 .data.CyclOn.4251
                0xffffffff825097b4        0x2 /cygdrive/c/projects/ST86QDLOV/soft/build/sl_app/app/lib/libapp_release.a(Led.o)
 *fill*         0xffffffff825097b6        0x2 00
 .data.HeartBeat
                0xffffffff825097b8        0x4 /cygdrive/c/projects/ST86QDLOV/soft/build/sl_app/app/lib/libapp_release.a(TcpIPUpload.o)
 .data.rear_com2_recv_buf
                0xffffffff825097bc        0x4 /cygdrive/c/projects/ST86QDLOV/soft/build/sl_app/app/lib/libapp_release.a(UART.o)
 .data.front_com2_recv_buf
                0xffffffff825097c0        0x4 /cygdrive/c/projects/ST86QDLOV/soft/build/sl_app/app/lib/libapp_release.a(UART.o)
 .data.rear_com1_recv_buf
                0xffffffff825097c4        0x4 /cygdrive/c/projects/ST86QDLOV/soft/build/sl_app/app/lib/libapp_release.a(UART.o)
 .data.front_com1_recv_buf
                0xffffffff825097c8        0x4 /cygdrive/c/projects/ST86QDLOV/soft/build/sl_app/app/lib/libapp_release.a(UART.o)
 *(EXCLUDE_FILE(*.oo gcj_*.o) .gnu.linkonce.d.*)
 *(.data1)
                0xffffffff825117c0                _gp = (ALIGN (0x10) + 0x7ff0)
 *(.sdata .sdata.* .gnu.linkonce.s.*)
 *(.sdata2 .sdata2.* .gnu.linkonce.s2.*)
 *(.lit8)
 *(.lit4)
                0xffffffff825097cc                . = ALIGN (0x4)
                0xffffffff825097d0                . = ALIGN (0x10)
 *fill*         0xffffffff825097cc        0x4 00
                0xffffffff825097d0                _ram_cached_data_end = .
                0x0000000000000d40                _ram_cached_data_size = (_ram_cached_data_end - _ram_cached_data_start)
                0xffffffff825097d0                _ram_end = .
                0x00000000000097d0                _ram_size = (_ram_end - _ram_start)

.internal_rom   0xffffffff82509800     0x4a30
 .internal_rom  0xffffffff82509800     0x4a30 /cygdrive/c/projects/ST86QDLOV/soft/lib/mem_bridge_rom_CHIP.elf
                0xffffffff82509800                __xcpu_start
                0xffffffff82509980                _boot_IrqHandler
                0xffffffff82509ac0                boot_HstMonitorX
                0xffffffff82509b20                boot_DbgExlTrigFunction0
                0xffffffff82509c7c                monitor_entry
                0xffffffff82509c80                initial_stack_top_var
                0xffffffff82509c84                boot_FlushCache
                0xffffffff82509ca8                boot_DisableInterrupt
                0xffffffff82509d01                boot_MonitorDoMonitoring
                0xffffffff82509e41                boot_Monitor
                0xffffffff82509e81                boot_UartMonitorGetBaudRate
                0xffffffff82509e95                boot_UartMonitorSend
                0xffffffff82509ef9                boot_UartMonitorGet
                0xffffffff82509f5d                boot_UartMonitorOpen
                0xffffffff82509f95                boot_UartMonitorClose
                0xffffffff82509fa5                boot_UartMonitorAck
                0xffffffff8250a031                boot_UartMonitorTimeOut
                0xffffffff8250a059                boot_UartMonitorWriteProcess
                0xffffffff8250a1a1                boot_UartMonitorRpcProcess
                0xffffffff8250a2e9                boot_UartMonitorReadProcess
                0xffffffff8250a4a9                boot_UartMonitorExitProcess
                0xffffffff8250a4fd                boot_UartMonitorProcess
                0xffffffff8250a5a5                boot_UartMonitor
                0xffffffff8250a7fc                g_BootHostUsbFixPtr
                0xffffffff8250a801                boot_IrqDispatch
                0xffffffff8250a831                mon_Event
                0xffffffff8250a869                boot_HstCmdBasicHandler
                0xffffffff8250a8c9                boot_HstMonitor
                0xffffffff8250a935                boot_IspiGetRomedCfg
                0xffffffff8250a9c1                boot_IspiOpen
                0xffffffff8250aaa9                boot_IspiFlushFifos
                0xffffffff8250aab9                boot_IspiClearRxDmaDone
                0xffffffff8250aac9                boot_IspiClearTxDmaDone
                0xffffffff8250aad9                boot_IspiClose
                0xffffffff8250ab1d                boot_IspiRxIfcChannelRelease
                0xffffffff8250ab35                boot_IspiTxIfcChannelRelease
                0xffffffff8250ab4d                boot_IspiSendData
                0xffffffff8250aba9                boot_IspiSendDataBuffer
                0xffffffff8250ac15                boot_IspiTxFifoAvail
                0xffffffff8250ac31                boot_IspiTxDmaDone
                0xffffffff8250ac61                boot_IspiTxFinished
                0xffffffff8250ac8d                boot_IspiGetData
                0xffffffff8250acbd                boot_IspiGetDataBuffer
                0xffffffff8250ad29                boot_IspiRxFifoLevel
                0xffffffff8250ad41                boot_IspiRxDmaDone
                0xffffffff8250ad71                boot_IspiForcePin
                0xffffffff8250ae05                boot_IspiGetRxIfcTc
                0xffffffff8250ae1c                g_bootIspiRomedCfg
                0xffffffff8250ae81                boot_UsbResetTransfert
                0xffffffff8250aea9                boot_UsbStartTransfert
                0xffffffff8250afa9                boot_UsbCancelTransfert
                0xffffffff8250afd1                boot_UsbContinueTransfert
                0xffffffff8250b539                boot_UsbInitVar
                0xffffffff8250b561                boot_UsbOpen
                0xffffffff8250b581                boot_UsbEpStall
                0xffffffff8250b609                boot_UsbRecv
                0xffffffff8250b651                boot_UsbSend
                0xffffffff8250b6d5                boot_UsbCompletedCommand
                0xffffffff8250b71d                boot_UsbEpEnableInterrupt
                0xffffffff8250b76d                boot_UsbEpRxTransferedSize
                0xffffffff8250b789                boot_UsbEpTransfertDone
                0xffffffff8250b845                boot_UsbClose
                0xffffffff8250b881                boot_UsbReset
                0xffffffff8250c009                boot_UsbIrqHandler
                0xffffffff8250c2d5                boot_HostUsbDeviceCallback
                0xffffffff8250c2e1                boot_HostUsbClockEnable
                0xffffffff8250c319                boot_HostUsbClose
                0xffffffff8250c329                boot_HostUsbSend
                0xffffffff8250c485                boot_HostUsbEvent
                0xffffffff8250c915                boot_HostUsbRecv
                0xffffffff8250c9ad                boot_HostUsbInit
                0xffffffff8250ca25                boot_HostUsbOpen
                0xffffffff8250ca94                boot_HostUsbInterface
                0xffffffff8250cb14                boot_romCsString
                0xffffffff8250cb44                boot_romDT
                0xffffffff8250cb54                MutedFrame_AMR
                0xffffffff8250cb5c                MutedFrame_HR
                0xffffffff8250cb6c                MutedFrame_EFR
                0xffffffff8250cb8c                MutedFrame_FR
                0xffffffff8250cbb1                atoi
                0xffffffff8250cbf1                bsearch
                0xffffffff8250cc50                _ctype
                0xffffffff8250cd51                memchr
                0xffffffff8250cd91                memcmp
                0xffffffff8250cdc1                memcpy
                0xffffffff8250cf91                memmove
                0xffffffff8250d0d1                memscan
                0xffffffff8250d0f1                memset
                0xffffffff8250d431                qsort
                0xffffffff8250d461                strcat
                0xffffffff8250d481                strchr
                0xffffffff8250d4b1                strrchr
                0xffffffff8250d4d1                strcmp
                0xffffffff8250d511                strcpy
                0xffffffff8250d531                strcspn
                0xffffffff8250d571                strlen
                0xffffffff8250d591                strnlen
                0xffffffff8250d5f1                strncmp
                0xffffffff8250d631                strncpy
                0xffffffff8250d671                strnicmp
                0xffffffff8250d6f1                strsep
                0xffffffff8250d731                strspn
                0xffffffff8250d761                strstr
                0xffffffff8250d7c1                strtok_r
                0xffffffff8250d841                strtok
                0xffffffff8250d861                strtol
                0xffffffff8250da21                strtoul
                0xffffffff8250dd81                vsnprintf
                0xffffffff8250e1b1                vsprintf
                0xffffffff8250e1d1                snprintf
                0xffffffff8250e1f1                sprintf

.backup         0xffffffff8250e230        0x0
 *(.backup)
                0xffffffff8250e230                . = ALIGN (0x10)
                0xffffffff8250e230                _ram_bss_start = .
                0xffffffffa250e230                . = (. + 0x20000000)

.ucbss          0xffffffffa250e230        0x0
 *(.ucbss)
 *(.ramucbss)
                0xffffffffa250e230                . = ALIGN (0x10)
                0xffffffff8250e230                . = (. - 0x20000000)

.bss            0xffffffff8250e230     0xbf90
 *(.sbss .sbss.* .gnu.linkonce.sb.*)
 *(.sbss2 .sbss2.* .gnu.linkonce.sb2.*)
 *(.scommon)
 .scommon       0xffffffff8250e230        0x4 /cygdrive/c/projects/ST86QDLOV/soft/build/sl_app/app/lib/libapp_release.a(sl_app_init.o)
                0xffffffff8250e230                SysAppEnterTask
 .scommon       0xffffffff8250e234        0x4 /cygdrive/c/projects/ST86QDLOV/soft/build/sl_app/app/lib/libapp_release.a(Terminal.o)
                0xffffffff8250e234                pUpgradeST86File
 *(.dynbss)
 *(.bss .bss.* .gnu.linkonce.b.*)
 .bss.SendQueue
                0xffffffff8250e238     0x9f68 /cygdrive/c/projects/ST86QDLOV/soft/build/sl_app/app/lib/libapp_release.a(FiFoData.o)
 .bss.CmdData   0xffffffff825181a0       0xcc /cygdrive/c/projects/ST86QDLOV/soft/build/sl_app/app/lib/libapp_release.a(FiFoData.o)
 .bss.step1.4361
                0xffffffff8251826c        0x1 /cygdrive/c/projects/ST86QDLOV/soft/build/sl_app/app/lib/libapp_release.a(GNSS.o)
 *fill*         0xffffffff8251826d        0x3 00
 .bss.sw.4360   0xffffffff82518270        0x4 /cygdrive/c/projects/ST86QDLOV/soft/build/sl_app/app/lib/libapp_release.a(GNSS.o)
 .bss.counter.4359
                0xffffffff82518274        0x1 /cygdrive/c/projects/ST86QDLOV/soft/build/sl_app/app/lib/libapp_release.a(GNSS.o)
 .bss.step.4358
                0xffffffff82518275        0x1 /cygdrive/c/projects/ST86QDLOV/soft/build/sl_app/app/lib/libapp_release.a(GNSS.o)
 *fill*         0xffffffff82518276        0x2 00
 .bss.GnssDataBuf
                0xffffffff82518278      0x3e8 /cygdrive/c/projects/ST86QDLOV/soft/build/sl_app/app/lib/libapp_release.a(GNSS.o)
 .bss.GnssData  0xffffffff82518660       0x30 /cygdrive/c/projects/ST86QDLOV/soft/build/sl_app/app/lib/libapp_release.a(GNSS.o)
 .bss.GnssDataErro
                0xffffffff82518690        0x1 /cygdrive/c/projects/ST86QDLOV/soft/build/sl_app/app/lib/libapp_release.a(GNSS.o)
 *fill*         0xffffffff82518691        0x7 00
 .bss.TempLatitude
                0xffffffff82518698        0x8 /cygdrive/c/projects/ST86QDLOV/soft/build/sl_app/app/lib/libapp_release.a(GNSS.o)
 .bss.TempLongitude
                0xffffffff825186a0        0x8 /cygdrive/c/projects/ST86QDLOV/soft/build/sl_app/app/lib/libapp_release.a(GNSS.o)
 .bss.TempGnssData
                0xffffffff825186a8       0x30 /cygdrive/c/projects/ST86QDLOV/soft/build/sl_app/app/lib/libapp_release.a(GNSS.o)
 .bss.TempBuf   0xffffffff825186d8       0x14 /cygdrive/c/projects/ST86QDLOV/soft/build/sl_app/app/lib/libapp_release.a(GNSS.o)
 .bss.Counter.4891
                0xffffffff825186ec        0x1 /cygdrive/c/projects/ST86QDLOV/soft/build/sl_app/app/lib/libapp_release.a(Gprs.o)
 .bss.SendCounter.4447
                0xffffffff825186ed        0x1 /cygdrive/c/projects/ST86QDLOV/soft/build/sl_app/app/lib/libapp_release.a(Gprs.o)
 .bss.erro_code.4446
                0xffffffff825186ee        0x1 /cygdrive/c/projects/ST86QDLOV/soft/build/sl_app/app/lib/libapp_release.a(Gprs.o)
 *fill*         0xffffffff825186ef        0x1 00
 .bss.counter.4445
                0xffffffff825186f0        0x4 /cygdrive/c/projects/ST86QDLOV/soft/build/sl_app/app/lib/libapp_release.a(Gprs.o)
 .bss.step.4444
                0xffffffff825186f4        0x1 /cygdrive/c/projects/ST86QDLOV/soft/build/sl_app/app/lib/libapp_release.a(Gprs.o)
 *fill*         0xffffffff825186f5        0x3 00
 .bss.TcpIpSocket
                0xffffffff825186f8       0xf4 /cygdrive/c/projects/ST86QDLOV/soft/build/sl_app/app/lib/libapp_release.a(Gprs.o)
 .bss.IpAddrBack
                0xffffffff825187ec       0x34 /cygdrive/c/projects/ST86QDLOV/soft/build/sl_app/app/lib/libapp_release.a(Gprs.o)
 .bss.GprsRecvBuf
                0xffffffff82518820       0x64 /cygdrive/c/projects/ST86QDLOV/soft/build/sl_app/app/lib/libapp_release.a(Gprs.o)
 .bss.SMSRecvBuf
                0xffffffff82518884       0xc8 /cygdrive/c/projects/ST86QDLOV/soft/build/sl_app/app/lib/libapp_release.a(Gprs.o)
 .bss.SMSRecvNum
                0xffffffff8251894c       0x14 /cygdrive/c/projects/ST86QDLOV/soft/build/sl_app/app/lib/libapp_release.a(Gprs.o)
 .bss.GprsRecvLen
                0xffffffff82518960        0x2 /cygdrive/c/projects/ST86QDLOV/soft/build/sl_app/app/lib/libapp_release.a(Gprs.o)
 *fill*         0xffffffff82518962        0x2 00
 .bss.ComCmdRes
                0xffffffff82518964       0x18 /cygdrive/c/projects/ST86QDLOV/soft/build/sl_app/app/lib/libapp_release.a(Gprs.o)
 .bss.SetArgID  0xffffffff8251897c        0x1 /cygdrive/c/projects/ST86QDLOV/soft/build/sl_app/app/lib/libapp_release.a(Gprs.o)
 *fill*         0xffffffff8251897d        0x1 00
 .bss.SMSRecvLen
                0xffffffff8251897e        0x2 /cygdrive/c/projects/ST86QDLOV/soft/build/sl_app/app/lib/libapp_release.a(Gprs.o)
 .bss.Off.4288  0xffffffff82518980        0x1 /cygdrive/c/projects/ST86QDLOV/soft/build/sl_app/app/lib/libapp_release.a(Led.o)
 .bss.On.4287   0xffffffff82518981        0x1 /cygdrive/c/projects/ST86QDLOV/soft/build/sl_app/app/lib/libapp_release.a(Led.o)
 *fill*         0xffffffff82518982        0x2 00
 .bss.sw.4286   0xffffffff82518984        0x4 /cygdrive/c/projects/ST86QDLOV/soft/build/sl_app/app/lib/libapp_release.a(Led.o)
 .bss.step.4285
                0xffffffff82518988        0x1 /cygdrive/c/projects/ST86QDLOV/soft/build/sl_app/app/lib/libapp_release.a(Led.o)
 *fill*         0xffffffff82518989        0x3 00
 .bss.sw.4250   0xffffffff8251898c        0x4 /cygdrive/c/projects/ST86QDLOV/soft/build/sl_app/app/lib/libapp_release.a(Led.o)
 .bss.step.4249
                0xffffffff82518990        0x1 /cygdrive/c/projects/ST86QDLOV/soft/build/sl_app/app/lib/libapp_release.a(Led.o)
 .bss.counter.4419
                0xffffffff82518991        0x1 /cygdrive/c/projects/ST86QDLOV/soft/build/sl_app/app/lib/libapp_release.a(Rtc.o)
 *fill*         0xffffffff82518992        0x2 00
 .bss.sw.4418   0xffffffff82518994        0x4 /cygdrive/c/projects/ST86QDLOV/soft/build/sl_app/app/lib/libapp_release.a(Rtc.o)
 .bss.step.4417
                0xffffffff82518998        0x1 /cygdrive/c/projects/ST86QDLOV/soft/build/sl_app/app/lib/libapp_release.a(Rtc.o)
 *fill*         0xffffffff82518999        0x3 00
 .bss.counter.4390
                0xffffffff8251899c        0x4 /cygdrive/c/projects/ST86QDLOV/soft/build/sl_app/app/lib/libapp_release.a(Rtc.o)
 .bss.step.4389
                0xffffffff825189a0        0x1 /cygdrive/c/projects/ST86QDLOV/soft/build/sl_app/app/lib/libapp_release.a(Rtc.o)
 *fill*         0xffffffff825189a1        0x3 00
 .bss.SysTime   0xffffffff825189a4       0x10 /cygdrive/c/projects/ST86QDLOV/soft/build/sl_app/app/lib/libapp_release.a(Rtc.o)
 .bss.SetTime   0xffffffff825189b4       0x10 /cygdrive/c/projects/ST86QDLOV/soft/build/sl_app/app/lib/libapp_release.a(Rtc.o)
 .bss.SleepStatus
                0xffffffff825189c4        0x1 /cygdrive/c/projects/ST86QDLOV/soft/build/sl_app/app/lib/libapp_release.a(Rtc.o)
 *fill*         0xffffffff825189c5        0x3 00
 .bss.WarningValue
                0xffffffff825189c8        0x4 /cygdrive/c/projects/ST86QDLOV/soft/build/sl_app/app/lib/libapp_release.a(Rtc.o)
 .bss.SysCfg    0xffffffff825189cc       0xd8 /cygdrive/c/projects/ST86QDLOV/soft/build/sl_app/app/lib/libapp_release.a(SysFile.o)
 .bss.step2.4397
                0xffffffff82518aa4        0x1 /cygdrive/c/projects/ST86QDLOV/soft/build/sl_app/app/lib/libapp_release.a(SysProcess.o)
 *fill*         0xffffffff82518aa5        0x3 00
 .bss.NextTime  0xffffffff82518aa8        0x4 /cygdrive/c/projects/ST86QDLOV/soft/build/sl_app/app/lib/libapp_release.a(SysProcess.o)
 .bss.NextTime1
                0xffffffff82518aac        0x4 /cygdrive/c/projects/ST86QDLOV/soft/build/sl_app/app/lib/libapp_release.a(SysProcess.o)
 .bss.AccStateBack
                0xffffffff82518ab0        0x1 /cygdrive/c/projects/ST86QDLOV/soft/build/sl_app/app/lib/libapp_release.a(SysProcess.o)
 .bss.ShellStateBack
                0xffffffff82518ab1        0x1 /cygdrive/c/projects/ST86QDLOV/soft/build/sl_app/app/lib/libapp_release.a(SysProcess.o)
 *fill*         0xffffffff82518ab2        0x2 00
 .bss.sw1.4318  0xffffffff82518ab4        0x4 /cygdrive/c/projects/ST86QDLOV/soft/build/sl_app/app/lib/libapp_release.a(SysProcess.o)
 .bss.sw.4317   0xffffffff82518ab8        0x4 /cygdrive/c/projects/ST86QDLOV/soft/build/sl_app/app/lib/libapp_release.a(SysProcess.o)
 .bss.step2.4316
                0xffffffff82518abc        0x1 /cygdrive/c/projects/ST86QDLOV/soft/build/sl_app/app/lib/libapp_release.a(SysProcess.o)
 .bss.step1.4315
                0xffffffff82518abd        0x1 /cygdrive/c/projects/ST86QDLOV/soft/build/sl_app/app/lib/libapp_release.a(SysProcess.o)
 .bss.step.4314
                0xffffffff82518abe        0x1 /cygdrive/c/projects/ST86QDLOV/soft/build/sl_app/app/lib/libapp_release.a(SysProcess.o)
 *fill*         0xffffffff82518abf        0x1 00
 .bss.counter.4242
                0xffffffff82518ac0        0x2 /cygdrive/c/projects/ST86QDLOV/soft/build/sl_app/app/lib/libapp_release.a(SysProcess.o)
 *fill*         0xffffffff82518ac2        0x2 00
 .bss.DataPacketBuf
                0xffffffff82518ac4      0x200 /cygdrive/c/projects/ST86QDLOV/soft/build/sl_app/app/lib/libapp_release.a(SysProcess.o)
 .bss.SysRunData
                0xffffffff82518cc4       0x44 /cygdrive/c/projects/ST86QDLOV/soft/build/sl_app/app/lib/libapp_release.a(SysProcess.o)
 .bss.DistancePro
                0xffffffff82518d08       0x30 /cygdrive/c/projects/ST86QDLOV/soft/build/sl_app/app/lib/libapp_release.a(SysProcess.o)
 .bss.ticks     0xffffffff82518d38        0x4 /cygdrive/c/projects/ST86QDLOV/soft/build/sl_app/app/lib/libapp_release.a(SysTickTime.o)
                0xffffffff82518d38                ticks
 .bss.step1.4236
                0xffffffff82518d3c        0x1 /cygdrive/c/projects/ST86QDLOV/soft/build/sl_app/app/lib/libapp_release.a(TcpIPUpload.o)
 .bss.step.4235
                0xffffffff82518d3d        0x1 /cygdrive/c/projects/ST86QDLOV/soft/build/sl_app/app/lib/libapp_release.a(TcpIPUpload.o)
 *fill*         0xffffffff82518d3e        0x2 00
 .bss.UpLoadBuf
                0xffffffff82518d40      0x200 /cygdrive/c/projects/ST86QDLOV/soft/build/sl_app/app/lib/libapp_release.a(TcpIPUpload.o)
 .bss.DataBig   0xffffffff82518f40        0x1 /cygdrive/c/projects/ST86QDLOV/soft/build/sl_app/app/lib/libapp_release.a(TcpIPUpload.o)
 *fill*         0xffffffff82518f41        0x3 00
 .bss.HeatSw    0xffffffff82518f44        0x4 /cygdrive/c/projects/ST86QDLOV/soft/build/sl_app/app/lib/libapp_release.a(TcpIPUpload.o)
 .bss.CanProNumSendBig
                0xffffffff82518f48        0x1 /cygdrive/c/projects/ST86QDLOV/soft/build/sl_app/app/lib/libapp_release.a(Terminal.o)
 .bss.GetStatusBig
                0xffffffff82518f49        0x1 /cygdrive/c/projects/ST86QDLOV/soft/build/sl_app/app/lib/libapp_release.a(Terminal.o)
 *fill*         0xffffffff82518f4a        0x2 00
 .bss.sw1.4832  0xffffffff82518f4c        0x4 /cygdrive/c/projects/ST86QDLOV/soft/build/sl_app/app/lib/libapp_release.a(Terminal.o)
 .bss.sw.4831   0xffffffff82518f50        0x4 /cygdrive/c/projects/ST86QDLOV/soft/build/sl_app/app/lib/libapp_release.a(Terminal.o)
 .bss.step2.4830
                0xffffffff82518f54        0x1 /cygdrive/c/projects/ST86QDLOV/soft/build/sl_app/app/lib/libapp_release.a(Terminal.o)
 .bss.step1.4829
                0xffffffff82518f55        0x1 /cygdrive/c/projects/ST86QDLOV/soft/build/sl_app/app/lib/libapp_release.a(Terminal.o)
 .bss.step.4828
                0xffffffff82518f56        0x1 /cygdrive/c/projects/ST86QDLOV/soft/build/sl_app/app/lib/libapp_release.a(Terminal.o)
 .bss.MonstateTmp
                0xffffffff82518f57        0x1 /cygdrive/c/projects/ST86QDLOV/soft/build/sl_app/app/lib/libapp_release.a(Terminal.o)
 .bss.sw.4502   0xffffffff82518f58        0x4 /cygdrive/c/projects/ST86QDLOV/soft/build/sl_app/app/lib/libapp_release.a(Terminal.o)
 .bss.step.4501
                0xffffffff82518f5c        0x1 /cygdrive/c/projects/ST86QDLOV/soft/build/sl_app/app/lib/libapp_release.a(Terminal.o)
 *fill*         0xffffffff82518f5d        0x3 00
 .bss.UpgradeStatus
                0xffffffff82518f60        0x4 /cygdrive/c/projects/ST86QDLOV/soft/build/sl_app/app/lib/libapp_release.a(Terminal.o)
 .bss.UpgradeData
                0xffffffff82518f64        0x4 /cygdrive/c/projects/ST86QDLOV/soft/build/sl_app/app/lib/libapp_release.a(Terminal.o)
 .bss.pUpgradeST86
                0xffffffff82518f68        0x4 /cygdrive/c/projects/ST86QDLOV/soft/build/sl_app/app/lib/libapp_release.a(Terminal.o)
 .bss.TerRecvBuf
                0xffffffff82518f6c      0x400 /cygdrive/c/projects/ST86QDLOV/soft/build/sl_app/app/lib/libapp_release.a(Terminal.o)
 .bss.TerSendBuf
                0xffffffff8251936c      0x4b0 /cygdrive/c/projects/ST86QDLOV/soft/build/sl_app/app/lib/libapp_release.a(Terminal.o)
 .bss.RunMode   0xffffffff8251981c        0x1 /cygdrive/c/projects/ST86QDLOV/soft/build/sl_app/app/lib/libapp_release.a(Terminal.o)
 .bss.McuStatus
                0xffffffff8251981d        0x1 /cygdrive/c/projects/ST86QDLOV/soft/build/sl_app/app/lib/libapp_release.a(Terminal.o)
 .bss.ConfigFlag
                0xffffffff8251981e        0x1 /cygdrive/c/projects/ST86QDLOV/soft/build/sl_app/app/lib/libapp_release.a(Terminal.o)
 *fill*         0xffffffff8251981f        0x1 00
 .bss.CanData   0xffffffff82519820       0x3c /cygdrive/c/projects/ST86QDLOV/soft/build/sl_app/app/lib/libapp_release.a(Terminal.o)
 .bss.TerStateData
                0xffffffff8251985c       0x20 /cygdrive/c/projects/ST86QDLOV/soft/build/sl_app/app/lib/libapp_release.a(Terminal.o)
 .bss.TerTime   0xffffffff8251987c       0x10 /cygdrive/c/projects/ST86QDLOV/soft/build/sl_app/app/lib/libapp_release.a(Terminal.o)
 .bss.LockCar   0xffffffff8251988c       0x10 /cygdrive/c/projects/ST86QDLOV/soft/build/sl_app/app/lib/libapp_release.a(Terminal.o)
 .bss.stopwatch.4329
                0xffffffff8251989c        0x4 /cygdrive/c/projects/ST86QDLOV/soft/build/sl_app/app/lib/libapp_release.a(UART.o)
 .bss.step.4327
                0xffffffff825198a0        0x4 /cygdrive/c/projects/ST86QDLOV/soft/build/sl_app/app/lib/libapp_release.a(UART.o)
 .bss.com1_new_data
                0xffffffff825198a4        0x1 /cygdrive/c/projects/ST86QDLOV/soft/build/sl_app/app/lib/libapp_release.a(UART.o)
 *fill*         0xffffffff825198a5        0x3 00
 .bss.com1_recv_size
                0xffffffff825198a8        0x4 /cygdrive/c/projects/ST86QDLOV/soft/build/sl_app/app/lib/libapp_release.a(UART.o)
 .bss.com1_recv_buf
                0xffffffff825198ac      0x400 /cygdrive/c/projects/ST86QDLOV/soft/build/sl_app/app/lib/libapp_release.a(UART.o)
 .bss.com2_new_data
                0xffffffff82519cac        0x1 /cygdrive/c/projects/ST86QDLOV/soft/build/sl_app/app/lib/libapp_release.a(UART.o)
 *fill*         0xffffffff82519cad        0x3 00
 .bss.com2_recv_size
                0xffffffff82519cb0        0x4 /cygdrive/c/projects/ST86QDLOV/soft/build/sl_app/app/lib/libapp_release.a(UART.o)
 .bss.com2_recv_buf
                0xffffffff82519cb4      0x400 /cygdrive/c/projects/ST86QDLOV/soft/build/sl_app/app/lib/libapp_release.a(UART.o)
 .bss.DataLen.4230
                0xffffffff8251a0b4        0x2 /cygdrive/c/projects/ST86QDLOV/soft/build/sl_app/app/lib/libapp_release.a(BuildDataPacket.o)
 *fill*         0xffffffff8251a0b6        0x2 00
 .bss.TmpBuf    0xffffffff8251a0b8      0x100 /cygdrive/c/projects/ST86QDLOV/soft/build/sl_app/app/lib/libapp_release.a(BuildDataPacket.o)
 *(COMMON)
 *(.rambss)
                0xffffffff8251a1c0                . = ALIGN (0x10)
 *fill*         0xffffffff8251a1b8        0x8 00
                0xffffffff8251a1c0                _ram_bss_end = .
                0x000000000000bf90                _ram_bss_size = (_ram_bss_end - _ram_bss_start)
                0xffffffff825a0800                _ram_top = 0xffffffff825a0800
                0x0000000000086640                _heap_size = (_ram_top - _ram_bss_end)
                0xffffffff8251a1c0                _heap_start = _ram_bss_end
                0xffffffff825a0800                _heap_end = (_ram_bss_end + _heap_size)
                0x0000000000000001                ASSERT ((ABSOLUTE (_ram_top) > ABSOLUTE (_ram_bss_end)), APP External RAM overflow !)
START GROUP
LOAD /cygdrive/c/projects/ST86QDLOV/soft/build/sl_app/app/lib/libapp_release.a
END GROUP
LOAD /crosscompiler/bin/../lib/gcc/mips-elf/4.4.2/libgcc.a
OUTPUT(/cygdrive/c/projects/ST86QDLOV/soft/build/sl_app/8809/sl_app_S80_20200312_release.elf elf32-littlemips)

.reginfo        0x0000000000000000       0x18
 .reginfo       0x0000000000000000       0x18 /cygdrive/c/projects/ST86QDLOV/soft/build/sl_app/app/lib/libapp_release.a(sl_app_init.o)

.mdebug.abi32   0x0000000000000000        0x0
 .mdebug.abi32  0x0000000000000000        0x0 /cygdrive/c/projects/ST86QDLOV/soft/build/sl_app/app/lib/libapp_release.a(sl_app_init.o)
 .mdebug.abi32  0x0000000000000000        0x0 /cygdrive/c/projects/ST86QDLOV/soft/build/sl_app/app/lib/libapp_release.a(FiFoData.o)
 .mdebug.abi32  0x0000000000000000        0x0 /cygdrive/c/projects/ST86QDLOV/soft/build/sl_app/app/lib/libapp_release.a(GNSS.o)
 .mdebug.abi32  0x0000000000000000        0x0 /cygdrive/c/projects/ST86QDLOV/soft/build/sl_app/app/lib/libapp_release.a(Gprs.o)
 .mdebug.abi32  0x0000000000000000        0x0 /cygdrive/c/projects/ST86QDLOV/soft/build/sl_app/app/lib/libapp_release.a(Led.o)
 .mdebug.abi32  0x0000000000000000        0x0 /cygdrive/c/projects/ST86QDLOV/soft/build/sl_app/app/lib/libapp_release.a(ProData.o)
 .mdebug.abi32  0x0000000000000000        0x0 /cygdrive/c/projects/ST86QDLOV/soft/build/sl_app/app/lib/libapp_release.a(Rtc.o)
 .mdebug.abi32  0x0000000000000000        0x0 /cygdrive/c/projects/ST86QDLOV/soft/build/sl_app/app/lib/libapp_release.a(SysFile.o)
 .mdebug.abi32  0x0000000000000000        0x0 /cygdrive/c/projects/ST86QDLOV/soft/build/sl_app/app/lib/libapp_release.a(SysProcess.o)
 .mdebug.abi32  0x0000000000000000        0x0 /cygdrive/c/projects/ST86QDLOV/soft/build/sl_app/app/lib/libapp_release.a(SysTickTime.o)
 .mdebug.abi32  0x0000000000000000        0x0 /cygdrive/c/projects/ST86QDLOV/soft/build/sl_app/app/lib/libapp_release.a(TcpIPUpload.o)
 .mdebug.abi32  0x0000000000000000        0x0 /cygdrive/c/projects/ST86QDLOV/soft/build/sl_app/app/lib/libapp_release.a(Terminal.o)
 .mdebug.abi32  0x0000000000000000        0x0 /cygdrive/c/projects/ST86QDLOV/soft/build/sl_app/app/lib/libapp_release.a(UART.o)
 .mdebug.abi32  0x0000000000000000        0x0 /cygdrive/c/projects/ST86QDLOV/soft/build/sl_app/app/lib/libapp_release.a(VersionNum.o)
 .mdebug.abi32  0x0000000000000000        0x0 /cygdrive/c/projects/ST86QDLOV/soft/build/sl_app/app/lib/libapp_release.a(sl_app.o)
 .mdebug.abi32  0x0000000000000000        0x0 /cygdrive/c/projects/ST86QDLOV/soft/build/sl_app/app/lib/libapp_release.a(BuildDataPacket.o)
 .mdebug.abi32  0x0000000000000000        0x0 /crosscompiler/bin/../lib/gcc/mips-elf/4.4.2/libgcc.a(_fixunssfsi.o)
 .mdebug.abi32  0x0000000000000000        0x0 /crosscompiler/bin/../lib/gcc/mips-elf/4.4.2/libgcc.a(_fixunsdfsi.o)
 .mdebug.abi32  0x0000000000000000        0x0 /crosscompiler/bin/../lib/gcc/mips-elf/4.4.2/libgcc.a(_addsub_sf.o)
 .mdebug.abi32  0x0000000000000000        0x0 /crosscompiler/bin/../lib/gcc/mips-elf/4.4.2/libgcc.a(_ge_sf.o)
 .mdebug.abi32  0x0000000000000000        0x0 /crosscompiler/bin/../lib/gcc/mips-elf/4.4.2/libgcc.a(_lt_sf.o)
 .mdebug.abi32  0x0000000000000000        0x0 /crosscompiler/bin/../lib/gcc/mips-elf/4.4.2/libgcc.a(_sf_to_si.o)
 .mdebug.abi32  0x0000000000000000        0x0 /crosscompiler/bin/../lib/gcc/mips-elf/4.4.2/libgcc.a(_sf_to_df.o)
 .mdebug.abi32  0x0000000000000000        0x0 /crosscompiler/bin/../lib/gcc/mips-elf/4.4.2/libgcc.a(_thenan_sf.o)
 .mdebug.abi32  0x0000000000000000        0x0 /crosscompiler/bin/../lib/gcc/mips-elf/4.4.2/libgcc.a(_addsub_df.o)
 .mdebug.abi32  0x0000000000000000        0x0 /crosscompiler/bin/../lib/gcc/mips-elf/4.4.2/libgcc.a(_mul_df.o)
 .mdebug.abi32  0x0000000000000000        0x0 /crosscompiler/bin/../lib/gcc/mips-elf/4.4.2/libgcc.a(_div_df.o)
 .mdebug.abi32  0x0000000000000000        0x0 /crosscompiler/bin/../lib/gcc/mips-elf/4.4.2/libgcc.a(_eq_df.o)
 .mdebug.abi32  0x0000000000000000        0x0 /crosscompiler/bin/../lib/gcc/mips-elf/4.4.2/libgcc.a(_gt_df.o)
 .mdebug.abi32  0x0000000000000000        0x0 /crosscompiler/bin/../lib/gcc/mips-elf/4.4.2/libgcc.a(_ge_df.o)
 .mdebug.abi32  0x0000000000000000        0x0 /crosscompiler/bin/../lib/gcc/mips-elf/4.4.2/libgcc.a(_si_to_df.o)
 .mdebug.abi32  0x0000000000000000        0x0 /crosscompiler/bin/../lib/gcc/mips-elf/4.4.2/libgcc.a(_df_to_si.o)
 .mdebug.abi32  0x0000000000000000        0x0 /crosscompiler/bin/../lib/gcc/mips-elf/4.4.2/libgcc.a(_make_df.o)
 .mdebug.abi32  0x0000000000000000        0x0 /crosscompiler/bin/../lib/gcc/mips-elf/4.4.2/libgcc.a(_df_to_sf.o)
 .mdebug.abi32  0x0000000000000000        0x0 /crosscompiler/bin/../lib/gcc/mips-elf/4.4.2/libgcc.a(_thenan_df.o)
 .mdebug.abi32  0x0000000000000000        0x0 /crosscompiler/bin/../lib/gcc/mips-elf/4.4.2/libgcc.a(_usi_to_df.o)
 .mdebug.abi32  0x0000000000000000        0x0 /crosscompiler/bin/../lib/gcc/mips-elf/4.4.2/libgcc.a(_lshrdi3.o)
 .mdebug.abi32  0x0000000000000000        0x0 /crosscompiler/bin/../lib/gcc/mips-elf/4.4.2/libgcc.a(_ashldi3.o)
 .mdebug.abi32  0x0000000000000000        0x0 /crosscompiler/bin/../lib/gcc/mips-elf/4.4.2/libgcc.a(_ucmpdi2.o)
 .mdebug.abi32  0x0000000000000000        0x0 /crosscompiler/bin/../lib/gcc/mips-elf/4.4.2/libgcc.a(_clzsi2.o)
 .mdebug.abi32  0x0000000000000000        0x0 /crosscompiler/bin/../lib/gcc/mips-elf/4.4.2/libgcc.a(_pack_sf.o)
 .mdebug.abi32  0x0000000000000000        0x0 /crosscompiler/bin/../lib/gcc/mips-elf/4.4.2/libgcc.a(_unpack_sf.o)
 .mdebug.abi32  0x0000000000000000        0x0 /crosscompiler/bin/../lib/gcc/mips-elf/4.4.2/libgcc.a(_fpcmp_parts_sf.o)
 .mdebug.abi32  0x0000000000000000        0x0 /crosscompiler/bin/../lib/gcc/mips-elf/4.4.2/libgcc.a(_make_sf.o)
 .mdebug.abi32  0x0000000000000000        0x0 /crosscompiler/bin/../lib/gcc/mips-elf/4.4.2/libgcc.a(_pack_df.o)
 .mdebug.abi32  0x0000000000000000        0x0 /crosscompiler/bin/../lib/gcc/mips-elf/4.4.2/libgcc.a(_unpack_df.o)
 .mdebug.abi32  0x0000000000000000        0x0 /crosscompiler/bin/../lib/gcc/mips-elf/4.4.2/libgcc.a(_fpcmp_parts_df.o)
 .mdebug.abi32  0x0000000000000000        0x0 /crosscompiler/bin/../lib/gcc/mips-elf/4.4.2/libgcc.a(_clz.o)

.comment        0x0000000000000000       0x31
 .comment       0x0000000000000000       0x31 /cygdrive/c/projects/ST86QDLOV/soft/build/sl_app/app/lib/libapp_release.a(sl_app_init.o)
                                         0x32 (size before relaxing)
 .comment       0x0000000000000000       0x32 /cygdrive/c/projects/ST86QDLOV/soft/build/sl_app/app/lib/libapp_release.a(FiFoData.o)
 .comment       0x0000000000000000       0x32 /cygdrive/c/projects/ST86QDLOV/soft/build/sl_app/app/lib/libapp_release.a(GNSS.o)
 .comment       0x0000000000000000       0x32 /cygdrive/c/projects/ST86QDLOV/soft/build/sl_app/app/lib/libapp_release.a(Gprs.o)
 .comment       0x0000000000000000       0x32 /cygdrive/c/projects/ST86QDLOV/soft/build/sl_app/app/lib/libapp_release.a(Led.o)
 .comment       0x0000000000000000       0x32 /cygdrive/c/projects/ST86QDLOV/soft/build/sl_app/app/lib/libapp_release.a(ProData.o)
 .comment       0x0000000000000000       0x32 /cygdrive/c/projects/ST86QDLOV/soft/build/sl_app/app/lib/libapp_release.a(Rtc.o)
 .comment       0x0000000000000000       0x32 /cygdrive/c/projects/ST86QDLOV/soft/build/sl_app/app/lib/libapp_release.a(SysFile.o)
 .comment       0x0000000000000000       0x32 /cygdrive/c/projects/ST86QDLOV/soft/build/sl_app/app/lib/libapp_release.a(SysProcess.o)
 .comment       0x0000000000000000       0x32 /cygdrive/c/projects/ST86QDLOV/soft/build/sl_app/app/lib/libapp_release.a(SysTickTime.o)
 .comment       0x0000000000000000       0x32 /cygdrive/c/projects/ST86QDLOV/soft/build/sl_app/app/lib/libapp_release.a(TcpIPUpload.o)
 .comment       0x0000000000000000       0x32 /cygdrive/c/projects/ST86QDLOV/soft/build/sl_app/app/lib/libapp_release.a(Terminal.o)
 .comment       0x0000000000000000       0x32 /cygdrive/c/projects/ST86QDLOV/soft/build/sl_app/app/lib/libapp_release.a(UART.o)
 .comment       0x0000000000000000       0x32 /cygdrive/c/projects/ST86QDLOV/soft/build/sl_app/app/lib/libapp_release.a(VersionNum.o)
 .comment       0x0000000000000000       0x32 /cygdrive/c/projects/ST86QDLOV/soft/build/sl_app/app/lib/libapp_release.a(sl_app.o)
 .comment       0x0000000000000000       0x32 /cygdrive/c/projects/ST86QDLOV/soft/build/sl_app/app/lib/libapp_release.a(BuildDataPacket.o)
 .comment       0x0000000000000000       0x32 /crosscompiler/bin/../lib/gcc/mips-elf/4.4.2/libgcc.a(_fixunssfsi.o)
 .comment       0x0000000000000000       0x32 /crosscompiler/bin/../lib/gcc/mips-elf/4.4.2/libgcc.a(_fixunsdfsi.o)
 .comment       0x0000000000000000       0x32 /crosscompiler/bin/../lib/gcc/mips-elf/4.4.2/libgcc.a(_addsub_sf.o)
 .comment       0x0000000000000000       0x32 /crosscompiler/bin/../lib/gcc/mips-elf/4.4.2/libgcc.a(_ge_sf.o)
 .comment       0x0000000000000000       0x32 /crosscompiler/bin/../lib/gcc/mips-elf/4.4.2/libgcc.a(_lt_sf.o)
 .comment       0x0000000000000000       0x32 /crosscompiler/bin/../lib/gcc/mips-elf/4.4.2/libgcc.a(_sf_to_si.o)
 .comment       0x0000000000000000       0x32 /crosscompiler/bin/../lib/gcc/mips-elf/4.4.2/libgcc.a(_sf_to_df.o)
 .comment       0x0000000000000000       0x32 /crosscompiler/bin/../lib/gcc/mips-elf/4.4.2/libgcc.a(_thenan_sf.o)
 .comment       0x0000000000000000       0x32 /crosscompiler/bin/../lib/gcc/mips-elf/4.4.2/libgcc.a(_addsub_df.o)
 .comment       0x0000000000000000       0x32 /crosscompiler/bin/../lib/gcc/mips-elf/4.4.2/libgcc.a(_mul_df.o)
 .comment       0x0000000000000000       0x32 /crosscompiler/bin/../lib/gcc/mips-elf/4.4.2/libgcc.a(_div_df.o)
 .comment       0x0000000000000000       0x32 /crosscompiler/bin/../lib/gcc/mips-elf/4.4.2/libgcc.a(_eq_df.o)
 .comment       0x0000000000000000       0x32 /crosscompiler/bin/../lib/gcc/mips-elf/4.4.2/libgcc.a(_gt_df.o)
 .comment       0x0000000000000000       0x32 /crosscompiler/bin/../lib/gcc/mips-elf/4.4.2/libgcc.a(_ge_df.o)
 .comment       0x0000000000000000       0x32 /crosscompiler/bin/../lib/gcc/mips-elf/4.4.2/libgcc.a(_si_to_df.o)
 .comment       0x0000000000000000       0x32 /crosscompiler/bin/../lib/gcc/mips-elf/4.4.2/libgcc.a(_df_to_si.o)
 .comment       0x0000000000000000       0x32 /crosscompiler/bin/../lib/gcc/mips-elf/4.4.2/libgcc.a(_make_df.o)
 .comment       0x0000000000000000       0x32 /crosscompiler/bin/../lib/gcc/mips-elf/4.4.2/libgcc.a(_df_to_sf.o)
 .comment       0x0000000000000000       0x32 /crosscompiler/bin/../lib/gcc/mips-elf/4.4.2/libgcc.a(_thenan_df.o)
 .comment       0x0000000000000000       0x32 /crosscompiler/bin/../lib/gcc/mips-elf/4.4.2/libgcc.a(_usi_to_df.o)
 .comment       0x0000000000000000       0x32 /crosscompiler/bin/../lib/gcc/mips-elf/4.4.2/libgcc.a(_lshrdi3.o)
 .comment       0x0000000000000000       0x32 /crosscompiler/bin/../lib/gcc/mips-elf/4.4.2/libgcc.a(_ashldi3.o)
 .comment       0x0000000000000000       0x32 /crosscompiler/bin/../lib/gcc/mips-elf/4.4.2/libgcc.a(_ucmpdi2.o)
 .comment       0x0000000000000000       0x32 /crosscompiler/bin/../lib/gcc/mips-elf/4.4.2/libgcc.a(_clzsi2.o)
 .comment       0x0000000000000000       0x32 /crosscompiler/bin/../lib/gcc/mips-elf/4.4.2/libgcc.a(_pack_sf.o)
 .comment       0x0000000000000000       0x32 /crosscompiler/bin/../lib/gcc/mips-elf/4.4.2/libgcc.a(_unpack_sf.o)
 .comment       0x0000000000000000       0x32 /crosscompiler/bin/../lib/gcc/mips-elf/4.4.2/libgcc.a(_fpcmp_parts_sf.o)
 .comment       0x0000000000000000       0x32 /crosscompiler/bin/../lib/gcc/mips-elf/4.4.2/libgcc.a(_make_sf.o)
 .comment       0x0000000000000000       0x32 /crosscompiler/bin/../lib/gcc/mips-elf/4.4.2/libgcc.a(_pack_df.o)
 .comment       0x0000000000000000       0x32 /crosscompiler/bin/../lib/gcc/mips-elf/4.4.2/libgcc.a(_unpack_df.o)
 .comment       0x0000000000000000       0x32 /crosscompiler/bin/../lib/gcc/mips-elf/4.4.2/libgcc.a(_fpcmp_parts_df.o)
 .comment       0x0000000000000000       0x32 /crosscompiler/bin/../lib/gcc/mips-elf/4.4.2/libgcc.a(_clz.o)

.gnu.attributes
                0x0000000000000000       0x10
 .gnu.attributes
                0x0000000000000000       0x10 /cygdrive/c/projects/ST86QDLOV/soft/build/sl_app/app/lib/libapp_release.a(sl_app_init.o)
 .gnu.attributes
                0x0000000000000010       0x10 /cygdrive/c/projects/ST86QDLOV/soft/build/sl_app/app/lib/libapp_release.a(FiFoData.o)
 .gnu.attributes
                0x0000000000000020       0x10 /cygdrive/c/projects/ST86QDLOV/soft/build/sl_app/app/lib/libapp_release.a(GNSS.o)
 .gnu.attributes
                0x0000000000000030       0x10 /cygdrive/c/projects/ST86QDLOV/soft/build/sl_app/app/lib/libapp_release.a(Gprs.o)
 .gnu.attributes
                0x0000000000000040       0x10 /cygdrive/c/projects/ST86QDLOV/soft/build/sl_app/app/lib/libapp_release.a(Led.o)
 .gnu.attributes
                0x0000000000000050       0x10 /cygdrive/c/projects/ST86QDLOV/soft/build/sl_app/app/lib/libapp_release.a(ProData.o)
 .gnu.attributes
                0x0000000000000060       0x10 /cygdrive/c/projects/ST86QDLOV/soft/build/sl_app/app/lib/libapp_release.a(Rtc.o)
 .gnu.attributes
                0x0000000000000070       0x10 /cygdrive/c/projects/ST86QDLOV/soft/build/sl_app/app/lib/libapp_release.a(SysFile.o)
 .gnu.attributes
                0x0000000000000080       0x10 /cygdrive/c/projects/ST86QDLOV/soft/build/sl_app/app/lib/libapp_release.a(SysProcess.o)
 .gnu.attributes
                0x0000000000000090       0x10 /cygdrive/c/projects/ST86QDLOV/soft/build/sl_app/app/lib/libapp_release.a(SysTickTime.o)
 .gnu.attributes
                0x00000000000000a0       0x10 /cygdrive/c/projects/ST86QDLOV/soft/build/sl_app/app/lib/libapp_release.a(TcpIPUpload.o)
 .gnu.attributes
                0x00000000000000b0       0x10 /cygdrive/c/projects/ST86QDLOV/soft/build/sl_app/app/lib/libapp_release.a(Terminal.o)
 .gnu.attributes
                0x00000000000000c0       0x10 /cygdrive/c/projects/ST86QDLOV/soft/build/sl_app/app/lib/libapp_release.a(UART.o)
 .gnu.attributes
                0x00000000000000d0       0x10 /cygdrive/c/projects/ST86QDLOV/soft/build/sl_app/app/lib/libapp_release.a(VersionNum.o)
 .gnu.attributes
                0x00000000000000e0       0x10 /cygdrive/c/projects/ST86QDLOV/soft/build/sl_app/app/lib/libapp_release.a(sl_app.o)
 .gnu.attributes
                0x00000000000000f0       0x10 /cygdrive/c/projects/ST86QDLOV/soft/build/sl_app/app/lib/libapp_release.a(BuildDataPacket.o)
 .gnu.attributes
                0x0000000000000100       0x10 /crosscompiler/bin/../lib/gcc/mips-elf/4.4.2/libgcc.a(_fixunssfsi.o)
 .gnu.attributes
                0x0000000000000110       0x10 /crosscompiler/bin/../lib/gcc/mips-elf/4.4.2/libgcc.a(_fixunsdfsi.o)
 .gnu.attributes
                0x0000000000000120       0x10 /crosscompiler/bin/../lib/gcc/mips-elf/4.4.2/libgcc.a(_addsub_sf.o)
 .gnu.attributes
                0x0000000000000130       0x10 /crosscompiler/bin/../lib/gcc/mips-elf/4.4.2/libgcc.a(_ge_sf.o)
 .gnu.attributes
                0x0000000000000140       0x10 /crosscompiler/bin/../lib/gcc/mips-elf/4.4.2/libgcc.a(_lt_sf.o)
 .gnu.attributes
                0x0000000000000150       0x10 /crosscompiler/bin/../lib/gcc/mips-elf/4.4.2/libgcc.a(_sf_to_si.o)
 .gnu.attributes
                0x0000000000000160       0x10 /crosscompiler/bin/../lib/gcc/mips-elf/4.4.2/libgcc.a(_sf_to_df.o)
 .gnu.attributes
                0x0000000000000170       0x10 /crosscompiler/bin/../lib/gcc/mips-elf/4.4.2/libgcc.a(_thenan_sf.o)
 .gnu.attributes
                0x0000000000000180       0x10 /crosscompiler/bin/../lib/gcc/mips-elf/4.4.2/libgcc.a(_addsub_df.o)
 .gnu.attributes
                0x0000000000000190       0x10 /crosscompiler/bin/../lib/gcc/mips-elf/4.4.2/libgcc.a(_mul_df.o)
 .gnu.attributes
                0x00000000000001a0       0x10 /crosscompiler/bin/../lib/gcc/mips-elf/4.4.2/libgcc.a(_div_df.o)
 .gnu.attributes
                0x00000000000001b0       0x10 /crosscompiler/bin/../lib/gcc/mips-elf/4.4.2/libgcc.a(_eq_df.o)
 .gnu.attributes
                0x00000000000001c0       0x10 /crosscompiler/bin/../lib/gcc/mips-elf/4.4.2/libgcc.a(_gt_df.o)
 .gnu.attributes
                0x00000000000001d0       0x10 /crosscompiler/bin/../lib/gcc/mips-elf/4.4.2/libgcc.a(_ge_df.o)
 .gnu.attributes
                0x00000000000001e0       0x10 /crosscompiler/bin/../lib/gcc/mips-elf/4.4.2/libgcc.a(_si_to_df.o)
 .gnu.attributes
                0x00000000000001f0       0x10 /crosscompiler/bin/../lib/gcc/mips-elf/4.4.2/libgcc.a(_df_to_si.o)
 .gnu.attributes
                0x0000000000000200       0x10 /crosscompiler/bin/../lib/gcc/mips-elf/4.4.2/libgcc.a(_make_df.o)
 .gnu.attributes
                0x0000000000000210       0x10 /crosscompiler/bin/../lib/gcc/mips-elf/4.4.2/libgcc.a(_df_to_sf.o)
 .gnu.attributes
                0x0000000000000220       0x10 /crosscompiler/bin/../lib/gcc/mips-elf/4.4.2/libgcc.a(_thenan_df.o)
 .gnu.attributes
                0x0000000000000230       0x10 /crosscompiler/bin/../lib/gcc/mips-elf/4.4.2/libgcc.a(_usi_to_df.o)
 .gnu.attributes
                0x0000000000000240       0x10 /crosscompiler/bin/../lib/gcc/mips-elf/4.4.2/libgcc.a(_lshrdi3.o)
 .gnu.attributes
                0x0000000000000250       0x10 /crosscompiler/bin/../lib/gcc/mips-elf/4.4.2/libgcc.a(_ashldi3.o)
 .gnu.attributes
                0x0000000000000260       0x10 /crosscompiler/bin/../lib/gcc/mips-elf/4.4.2/libgcc.a(_ucmpdi2.o)
 .gnu.attributes
                0x0000000000000270       0x10 /crosscompiler/bin/../lib/gcc/mips-elf/4.4.2/libgcc.a(_clzsi2.o)
 .gnu.attributes
                0x0000000000000280       0x10 /crosscompiler/bin/../lib/gcc/mips-elf/4.4.2/libgcc.a(_pack_sf.o)
 .gnu.attributes
                0x0000000000000290       0x10 /crosscompiler/bin/../lib/gcc/mips-elf/4.4.2/libgcc.a(_unpack_sf.o)
 .gnu.attributes
                0x00000000000002a0       0x10 /crosscompiler/bin/../lib/gcc/mips-elf/4.4.2/libgcc.a(_fpcmp_parts_sf.o)
 .gnu.attributes
                0x00000000000002b0       0x10 /crosscompiler/bin/../lib/gcc/mips-elf/4.4.2/libgcc.a(_make_sf.o)
 .gnu.attributes
                0x00000000000002c0       0x10 /crosscompiler/bin/../lib/gcc/mips-elf/4.4.2/libgcc.a(_pack_df.o)
 .gnu.attributes
                0x00000000000002d0       0x10 /crosscompiler/bin/../lib/gcc/mips-elf/4.4.2/libgcc.a(_unpack_df.o)
 .gnu.attributes
                0x00000000000002e0       0x10 /crosscompiler/bin/../lib/gcc/mips-elf/4.4.2/libgcc.a(_fpcmp_parts_df.o)
 .gnu.attributes
                0x00000000000002f0       0x10 /crosscompiler/bin/../lib/gcc/mips-elf/4.4.2/libgcc.a(_clz.o)

.pdr            0x0000000000000000        0x0
 .pdr           0x0000000000000000        0x0 /cygdrive/c/projects/ST86QDLOV/soft/build/sl_app/app/lib/libapp_release.a(sl_app.o)
 .pdr           0x0000000000000000        0x0 /crosscompiler/bin/../lib/gcc/mips-elf/4.4.2/libgcc.a(_thenan_sf.o)
 .pdr           0x0000000000000000        0x0 /crosscompiler/bin/../lib/gcc/mips-elf/4.4.2/libgcc.a(_thenan_df.o)
 .pdr           0x0000000000000000        0x0 /crosscompiler/bin/../lib/gcc/mips-elf/4.4.2/libgcc.a(_clz.o)

.debug_abbrev   0x0000000000000000     0x4c1e
 .debug_abbrev  0x0000000000000000      0x205 /cygdrive/c/projects/ST86QDLOV/soft/build/sl_app/app/lib/libapp_release.a(sl_app_init.o)
 .debug_abbrev  0x0000000000000205      0x298 /cygdrive/c/projects/ST86QDLOV/soft/build/sl_app/app/lib/libapp_release.a(FiFoData.o)
 .debug_abbrev  0x000000000000049d      0x279 /cygdrive/c/projects/ST86QDLOV/soft/build/sl_app/app/lib/libapp_release.a(GNSS.o)
 .debug_abbrev  0x0000000000000716      0x35f /cygdrive/c/projects/ST86QDLOV/soft/build/sl_app/app/lib/libapp_release.a(Gprs.o)
 .debug_abbrev  0x0000000000000a75      0x226 /cygdrive/c/projects/ST86QDLOV/soft/build/sl_app/app/lib/libapp_release.a(Led.o)
 .debug_abbrev  0x0000000000000c9b      0x348 /cygdrive/c/projects/ST86QDLOV/soft/build/sl_app/app/lib/libapp_release.a(ProData.o)
 .debug_abbrev  0x0000000000000fe3      0x2e2 /cygdrive/c/projects/ST86QDLOV/soft/build/sl_app/app/lib/libapp_release.a(Rtc.o)
 .debug_abbrev  0x00000000000012c5      0x232 /cygdrive/c/projects/ST86QDLOV/soft/build/sl_app/app/lib/libapp_release.a(SysFile.o)
 .debug_abbrev  0x00000000000014f7      0x273 /cygdrive/c/projects/ST86QDLOV/soft/build/sl_app/app/lib/libapp_release.a(SysProcess.o)
 .debug_abbrev  0x000000000000176a       0xce /cygdrive/c/projects/ST86QDLOV/soft/build/sl_app/app/lib/libapp_release.a(SysTickTime.o)
 .debug_abbrev  0x0000000000001838      0x1de /cygdrive/c/projects/ST86QDLOV/soft/build/sl_app/app/lib/libapp_release.a(TcpIPUpload.o)
 .debug_abbrev  0x0000000000001a16      0x3bb /cygdrive/c/projects/ST86QDLOV/soft/build/sl_app/app/lib/libapp_release.a(Terminal.o)
 .debug_abbrev  0x0000000000001dd1      0x2a9 /cygdrive/c/projects/ST86QDLOV/soft/build/sl_app/app/lib/libapp_release.a(UART.o)
 .debug_abbrev  0x000000000000207a       0x59 /cygdrive/c/projects/ST86QDLOV/soft/build/sl_app/app/lib/libapp_release.a(VersionNum.o)
 .debug_abbrev  0x00000000000020d3      0x18b /cygdrive/c/projects/ST86QDLOV/soft/build/sl_app/app/lib/libapp_release.a(sl_app.o)
 .debug_abbrev  0x000000000000225e      0x218 /cygdrive/c/projects/ST86QDLOV/soft/build/sl_app/app/lib/libapp_release.a(BuildDataPacket.o)
 .debug_abbrev  0x0000000000002476       0x66 /crosscompiler/bin/../lib/gcc/mips-elf/4.4.2/libgcc.a(_fixunssfsi.o)
 .debug_abbrev  0x00000000000024dc       0x66 /crosscompiler/bin/../lib/gcc/mips-elf/4.4.2/libgcc.a(_fixunsdfsi.o)
 .debug_abbrev  0x0000000000002542      0x1db /crosscompiler/bin/../lib/gcc/mips-elf/4.4.2/libgcc.a(_addsub_sf.o)
 .debug_abbrev  0x000000000000271d      0x15a /crosscompiler/bin/../lib/gcc/mips-elf/4.4.2/libgcc.a(_ge_sf.o)
 .debug_abbrev  0x0000000000002877      0x15a /crosscompiler/bin/../lib/gcc/mips-elf/4.4.2/libgcc.a(_lt_sf.o)
 .debug_abbrev  0x00000000000029d1      0x17f /crosscompiler/bin/../lib/gcc/mips-elf/4.4.2/libgcc.a(_sf_to_si.o)
 .debug_abbrev  0x0000000000002b50      0x131 /crosscompiler/bin/../lib/gcc/mips-elf/4.4.2/libgcc.a(_sf_to_df.o)
 .debug_abbrev  0x0000000000002c81       0xc3 /crosscompiler/bin/../lib/gcc/mips-elf/4.4.2/libgcc.a(_thenan_sf.o)
 .debug_abbrev  0x0000000000002d44      0x1ea /crosscompiler/bin/../lib/gcc/mips-elf/4.4.2/libgcc.a(_addsub_df.o)
 .debug_abbrev  0x0000000000002f2e      0x200 /crosscompiler/bin/../lib/gcc/mips-elf/4.4.2/libgcc.a(_mul_df.o)
 .debug_abbrev  0x000000000000312e      0x1dc /crosscompiler/bin/../lib/gcc/mips-elf/4.4.2/libgcc.a(_div_df.o)
 .debug_abbrev  0x000000000000330a      0x15a /crosscompiler/bin/../lib/gcc/mips-elf/4.4.2/libgcc.a(_eq_df.o)
 .debug_abbrev  0x0000000000003464      0x15a /crosscompiler/bin/../lib/gcc/mips-elf/4.4.2/libgcc.a(_gt_df.o)
 .debug_abbrev  0x00000000000035be      0x15a /crosscompiler/bin/../lib/gcc/mips-elf/4.4.2/libgcc.a(_ge_df.o)
 .debug_abbrev  0x0000000000003718      0x148 /crosscompiler/bin/../lib/gcc/mips-elf/4.4.2/libgcc.a(_si_to_df.o)
 .debug_abbrev  0x0000000000003860      0x17f /crosscompiler/bin/../lib/gcc/mips-elf/4.4.2/libgcc.a(_df_to_si.o)
 .debug_abbrev  0x00000000000039df      0x109 /crosscompiler/bin/../lib/gcc/mips-elf/4.4.2/libgcc.a(_make_df.o)
 .debug_abbrev  0x0000000000003ae8      0x140 /crosscompiler/bin/../lib/gcc/mips-elf/4.4.2/libgcc.a(_df_to_sf.o)
 .debug_abbrev  0x0000000000003c28       0xc3 /crosscompiler/bin/../lib/gcc/mips-elf/4.4.2/libgcc.a(_thenan_df.o)
 .debug_abbrev  0x0000000000003ceb      0x157 /crosscompiler/bin/../lib/gcc/mips-elf/4.4.2/libgcc.a(_usi_to_df.o)
 .debug_abbrev  0x0000000000003e42      0x104 /crosscompiler/bin/../lib/gcc/mips-elf/4.4.2/libgcc.a(_lshrdi3.o)
 .debug_abbrev  0x0000000000003f46       0xf7 /crosscompiler/bin/../lib/gcc/mips-elf/4.4.2/libgcc.a(_ashldi3.o)
 .debug_abbrev  0x000000000000403d       0xd0 /crosscompiler/bin/../lib/gcc/mips-elf/4.4.2/libgcc.a(_ucmpdi2.o)
 .debug_abbrev  0x000000000000410d       0xc4 /crosscompiler/bin/../lib/gcc/mips-elf/4.4.2/libgcc.a(_clzsi2.o)
 .debug_abbrev  0x00000000000041d1      0x1c0 /crosscompiler/bin/../lib/gcc/mips-elf/4.4.2/libgcc.a(_pack_sf.o)
 .debug_abbrev  0x0000000000004391      0x163 /crosscompiler/bin/../lib/gcc/mips-elf/4.4.2/libgcc.a(_unpack_sf.o)
 .debug_abbrev  0x00000000000044f4      0x14a /crosscompiler/bin/../lib/gcc/mips-elf/4.4.2/libgcc.a(_fpcmp_parts_sf.o)
 .debug_abbrev  0x000000000000463e      0x109 /crosscompiler/bin/../lib/gcc/mips-elf/4.4.2/libgcc.a(_make_sf.o)
 .debug_abbrev  0x0000000000004747      0x1c0 /crosscompiler/bin/../lib/gcc/mips-elf/4.4.2/libgcc.a(_pack_df.o)
 .debug_abbrev  0x0000000000004907      0x163 /crosscompiler/bin/../lib/gcc/mips-elf/4.4.2/libgcc.a(_unpack_df.o)
 .debug_abbrev  0x0000000000004a6a      0x14a /crosscompiler/bin/../lib/gcc/mips-elf/4.4.2/libgcc.a(_fpcmp_parts_df.o)
 .debug_abbrev  0x0000000000004bb4       0x6a /crosscompiler/bin/../lib/gcc/mips-elf/4.4.2/libgcc.a(_clz.o)

.debug_info     0x0000000000000000    0x45aec
 .debug_info    0x0000000000000000     0x4494 /cygdrive/c/projects/ST86QDLOV/soft/build/sl_app/app/lib/libapp_release.a(sl_app_init.o)
 .debug_info    0x0000000000004494     0x469e /cygdrive/c/projects/ST86QDLOV/soft/build/sl_app/app/lib/libapp_release.a(FiFoData.o)
 .debug_info    0x0000000000008b32     0x487c /cygdrive/c/projects/ST86QDLOV/soft/build/sl_app/app/lib/libapp_release.a(GNSS.o)
 .debug_info    0x000000000000d3ae     0x57af /cygdrive/c/projects/ST86QDLOV/soft/build/sl_app/app/lib/libapp_release.a(Gprs.o)
 .debug_info    0x0000000000012b5d     0x49ab /cygdrive/c/projects/ST86QDLOV/soft/build/sl_app/app/lib/libapp_release.a(Led.o)
 .debug_info    0x0000000000017508     0x4938 /cygdrive/c/projects/ST86QDLOV/soft/build/sl_app/app/lib/libapp_release.a(ProData.o)
 .debug_info    0x000000000001be40     0x48b3 /cygdrive/c/projects/ST86QDLOV/soft/build/sl_app/app/lib/libapp_release.a(Rtc.o)
 .debug_info    0x00000000000206f3     0x45c5 /cygdrive/c/projects/ST86QDLOV/soft/build/sl_app/app/lib/libapp_release.a(SysFile.o)
 .debug_info    0x0000000000024cb8     0x4b92 /cygdrive/c/projects/ST86QDLOV/soft/build/sl_app/app/lib/libapp_release.a(SysProcess.o)
 .debug_info    0x000000000002984a      0x19b /cygdrive/c/projects/ST86QDLOV/soft/build/sl_app/app/lib/libapp_release.a(SysTickTime.o)
 .debug_info    0x00000000000299e5     0x439b /cygdrive/c/projects/ST86QDLOV/soft/build/sl_app/app/lib/libapp_release.a(TcpIPUpload.o)
 .debug_info    0x000000000002dd80     0x5590 /cygdrive/c/projects/ST86QDLOV/soft/build/sl_app/app/lib/libapp_release.a(Terminal.o)
 .debug_info    0x0000000000033310     0x45d0 /cygdrive/c/projects/ST86QDLOV/soft/build/sl_app/app/lib/libapp_release.a(UART.o)
 .debug_info    0x00000000000378e0       0xaa /cygdrive/c/projects/ST86QDLOV/soft/build/sl_app/app/lib/libapp_release.a(VersionNum.o)
 .debug_info    0x000000000003798a     0x42b4 /cygdrive/c/projects/ST86QDLOV/soft/build/sl_app/app/lib/libapp_release.a(sl_app.o)
 .debug_info    0x000000000003bc3e     0x54d7 /cygdrive/c/projects/ST86QDLOV/soft/build/sl_app/app/lib/libapp_release.a(BuildDataPacket.o)
 .debug_info    0x0000000000041115       0xd1 /crosscompiler/bin/../lib/gcc/mips-elf/4.4.2/libgcc.a(_fixunssfsi.o)
 .debug_info    0x00000000000411e6       0xd1 /crosscompiler/bin/../lib/gcc/mips-elf/4.4.2/libgcc.a(_fixunsdfsi.o)
 .debug_info    0x00000000000412b7      0x483 /crosscompiler/bin/../lib/gcc/mips-elf/4.4.2/libgcc.a(_addsub_sf.o)
 .debug_info    0x000000000004173a      0x28c /crosscompiler/bin/../lib/gcc/mips-elf/4.4.2/libgcc.a(_ge_sf.o)
 .debug_info    0x00000000000419c6      0x28c /crosscompiler/bin/../lib/gcc/mips-elf/4.4.2/libgcc.a(_lt_sf.o)
 .debug_info    0x0000000000041c52      0x2bd /crosscompiler/bin/../lib/gcc/mips-elf/4.4.2/libgcc.a(_sf_to_si.o)
 .debug_info    0x0000000000041f0f      0x241 /crosscompiler/bin/../lib/gcc/mips-elf/4.4.2/libgcc.a(_sf_to_df.o)
 .debug_info    0x0000000000042150      0x160 /crosscompiler/bin/../lib/gcc/mips-elf/4.4.2/libgcc.a(_thenan_sf.o)
 .debug_info    0x00000000000422b0      0x48e /crosscompiler/bin/../lib/gcc/mips-elf/4.4.2/libgcc.a(_addsub_df.o)
 .debug_info    0x000000000004273e      0x47e /crosscompiler/bin/../lib/gcc/mips-elf/4.4.2/libgcc.a(_mul_df.o)
 .debug_info    0x0000000000042bbc      0x39e /crosscompiler/bin/../lib/gcc/mips-elf/4.4.2/libgcc.a(_div_df.o)
 .debug_info    0x0000000000042f5a      0x29a /crosscompiler/bin/../lib/gcc/mips-elf/4.4.2/libgcc.a(_eq_df.o)
 .debug_info    0x00000000000431f4      0x29a /crosscompiler/bin/../lib/gcc/mips-elf/4.4.2/libgcc.a(_gt_df.o)
 .debug_info    0x000000000004348e      0x29a /crosscompiler/bin/../lib/gcc/mips-elf/4.4.2/libgcc.a(_ge_df.o)
 .debug_info    0x0000000000043728      0x214 /crosscompiler/bin/../lib/gcc/mips-elf/4.4.2/libgcc.a(_si_to_df.o)
 .debug_info    0x000000000004393c      0x2c9 /crosscompiler/bin/../lib/gcc/mips-elf/4.4.2/libgcc.a(_df_to_si.o)
 .debug_info    0x0000000000043c05      0x1d3 /crosscompiler/bin/../lib/gcc/mips-elf/4.4.2/libgcc.a(_make_df.o)
 .debug_info    0x0000000000043dd8      0x25d /crosscompiler/bin/../lib/gcc/mips-elf/4.4.2/libgcc.a(_df_to_sf.o)
 .debug_info    0x0000000000044035      0x160 /crosscompiler/bin/../lib/gcc/mips-elf/4.4.2/libgcc.a(_thenan_df.o)
 .debug_info    0x0000000000044195      0x213 /crosscompiler/bin/../lib/gcc/mips-elf/4.4.2/libgcc.a(_usi_to_df.o)
 .debug_info    0x00000000000443a8      0x19b /crosscompiler/bin/../lib/gcc/mips-elf/4.4.2/libgcc.a(_lshrdi3.o)
 .debug_info    0x0000000000044543      0x19f /crosscompiler/bin/../lib/gcc/mips-elf/4.4.2/libgcc.a(_ashldi3.o)
 .debug_info    0x00000000000446e2      0x160 /crosscompiler/bin/../lib/gcc/mips-elf/4.4.2/libgcc.a(_ucmpdi2.o)
 .debug_info    0x0000000000044842      0x132 /crosscompiler/bin/../lib/gcc/mips-elf/4.4.2/libgcc.a(_clzsi2.o)
 .debug_info    0x0000000000044974      0x2ea /crosscompiler/bin/../lib/gcc/mips-elf/4.4.2/libgcc.a(_pack_sf.o)
 .debug_info    0x0000000000044c5e      0x25a /crosscompiler/bin/../lib/gcc/mips-elf/4.4.2/libgcc.a(_unpack_sf.o)
 .debug_info    0x0000000000044eb8      0x21f /crosscompiler/bin/../lib/gcc/mips-elf/4.4.2/libgcc.a(_fpcmp_parts_sf.o)
 .debug_info    0x00000000000450d7      0x1d3 /crosscompiler/bin/../lib/gcc/mips-elf/4.4.2/libgcc.a(_make_sf.o)
 .debug_info    0x00000000000452aa      0x2f8 /crosscompiler/bin/../lib/gcc/mips-elf/4.4.2/libgcc.a(_pack_df.o)
 .debug_info    0x00000000000455a2      0x266 /crosscompiler/bin/../lib/gcc/mips-elf/4.4.2/libgcc.a(_unpack_df.o)
 .debug_info    0x0000000000045808      0x21f /crosscompiler/bin/../lib/gcc/mips-elf/4.4.2/libgcc.a(_fpcmp_parts_df.o)
 .debug_info    0x0000000000045a27       0xc5 /crosscompiler/bin/../lib/gcc/mips-elf/4.4.2/libgcc.a(_clz.o)

.debug_line     0x0000000000000000     0x4525
 .debug_line    0x0000000000000000      0x23f /cygdrive/c/projects/ST86QDLOV/soft/build/sl_app/app/lib/libapp_release.a(sl_app_init.o)
 .debug_line    0x000000000000023f      0x2f7 /cygdrive/c/projects/ST86QDLOV/soft/build/sl_app/app/lib/libapp_release.a(FiFoData.o)
 .debug_line    0x0000000000000536      0x3a1 /cygdrive/c/projects/ST86QDLOV/soft/build/sl_app/app/lib/libapp_release.a(GNSS.o)
 .debug_line    0x00000000000008d7      0x7c8 /cygdrive/c/projects/ST86QDLOV/soft/build/sl_app/app/lib/libapp_release.a(Gprs.o)
 .debug_line    0x000000000000109f      0x29a /cygdrive/c/projects/ST86QDLOV/soft/build/sl_app/app/lib/libapp_release.a(Led.o)
 .debug_line    0x0000000000001339      0x415 /cygdrive/c/projects/ST86QDLOV/soft/build/sl_app/app/lib/libapp_release.a(ProData.o)
 .debug_line    0x000000000000174e      0x3a1 /cygdrive/c/projects/ST86QDLOV/soft/build/sl_app/app/lib/libapp_release.a(Rtc.o)
 .debug_line    0x0000000000001aef      0x27e /cygdrive/c/projects/ST86QDLOV/soft/build/sl_app/app/lib/libapp_release.a(SysFile.o)
 .debug_line    0x0000000000001d6d      0x2d9 /cygdrive/c/projects/ST86QDLOV/soft/build/sl_app/app/lib/libapp_release.a(SysProcess.o)
 .debug_line    0x0000000000002046       0x9a /cygdrive/c/projects/ST86QDLOV/soft/build/sl_app/app/lib/libapp_release.a(SysTickTime.o)